
=== 2026-08-17T06:21:21Z OMP_NUM_THREADS=2 :: /home/hunter/Desktop/Polyhedral-FEA/build/apps/testlab/polymesh_testlab resume /home/hunter/Desktop/Polyhedral-FEA/bench/campaigns/advisor-batch-1-s4-hunter-pc
campaign advisor-batch-1-s4-hunter-pc: 288 configs, 6 parts, 1 tiers
  max_run_wall_s=45 (override all tiers)
  max_pack_wall_s=86400
tier 0: h_scale=1 keep_frac=1 survivors=48 max_run_wall_s=45
  run cfg-c9778778 part=smoke_bar tier=0 ...
  run cfg-c9778778 part=plate_hole tier=0 ...
  run cfg-c9778778 part=cantilever tier=0 ...
  run cfg-c9778778 part=cylinder tier=0 ...
  run cfg-c9778778 part=sphere tier=0 ...
  run cfg-c9778778 part=icecream_cone tier=0 ...
  run cfg-ac90cb2f part=smoke_bar tier=0 ...
  run cfg-ac90cb2f part=plate_hole tier=0 ...
  run cfg-ac90cb2f part=cantilever tier=0 ...
  run cfg-ac90cb2f part=cylinder tier=0 ...
  run cfg-ac90cb2f part=sphere tier=0 ...
  run cfg-ac90cb2f part=icecream_cone tier=0 ...
  run cfg-cd4d6395 part=smoke_bar tier=0 ...
  run cfg-cd4d6395 part=plate_hole tier=0 ...
  run cfg-cd4d6395 part=cantilever tier=0 ...
  run cfg-cd4d6395 part=cylinder tier=0 ...
  run cfg-cd4d6395 part=sphere tier=0 ...
  run cfg-cd4d6395 part=icecream_cone tier=0 ...
  run cfg-c728703d part=smoke_bar tier=0 ...
  run cfg-c728703d part=plate_hole tier=0 ...
  run cfg-c728703d part=cantilever tier=0 ...
  run cfg-c728703d part=cylinder tier=0 ...
  run cfg-c728703d part=sphere tier=0 ...
  run cfg-c728703d part=icecream_cone tier=0 ...
  run cfg-d7995871 part=smoke_bar tier=0 ...
  run cfg-d7995871 part=plate_hole tier=0 ...
  run cfg-d7995871 part=cantilever tier=0 ...
  run cfg-d7995871 part=cylinder tier=0 ...
  run cfg-d7995871 part=sphere tier=0 ...
  run cfg-d7995871 part=icecream_cone tier=0 ...
  run cfg-7f4628e2 part=smoke_bar tier=0 ...
  run cfg-7f4628e2 part=plate_hole tier=0 ...
  run cfg-7f4628e2 part=cantilever tier=0 ...
  run cfg-7f4628e2 part=cylinder tier=0 ...
  run cfg-7f4628e2 part=sphere tier=0 ...
  run cfg-7f4628e2 part=icecream_cone tier=0 ...
  run cfg-fd1b959a part=smoke_bar tier=0 ...
  run cfg-fd1b959a part=plate_hole tier=0 ...
  run cfg-fd1b959a part=cantilever tier=0 ...
  run cfg-fd1b959a part=cylinder tier=0 ...
  run cfg-fd1b959a part=sphere tier=0 ...
  run cfg-fd1b959a part=icecream_cone tier=0 ...
  run cfg-0cbb0a36 part=smoke_bar tier=0 ...
  run cfg-0cbb0a36 part=plate_hole tier=0 ...
  run cfg-0cbb0a36 part=cantilever tier=0 ...
  run cfg-0cbb0a36 part=cylinder tier=0 ...
  run cfg-0cbb0a36 part=sphere tier=0 ...
  run cfg-0cbb0a36 part=icecream_cone tier=0 ...
  run cfg-339f6d8d part=smoke_bar tier=0 ...
  run cfg-339f6d8d part=plate_hole tier=0 ...
  run cfg-339f6d8d part=cantilever tier=0 ...
  run cfg-339f6d8d part=cylinder tier=0 ...
  run cfg-339f6d8d part=sphere tier=0 ...
  run cfg-339f6d8d part=icecream_cone tier=0 ...
  run cfg-109c1dbe part=smoke_bar tier=0 ...
  run cfg-109c1dbe part=plate_hole tier=0 ...
  run cfg-109c1dbe part=cantilever tier=0 ...
  run cfg-109c1dbe part=cylinder tier=0 ...
  run cfg-109c1dbe part=sphere tier=0 ...
  run cfg-109c1dbe part=icecream_cone tier=0 ...
  run cfg-a91ff0a6 part=smoke_bar tier=0 ...
  run cfg-a91ff0a6 part=plate_hole tier=0 ...
  run cfg-a91ff0a6 part=cantilever tier=0 ...
  run cfg-a91ff0a6 part=cylinder tier=0 ...
  run cfg-a91ff0a6 part=sphere tier=0 ...
  run cfg-a91ff0a6 part=icecream_cone tier=0 ...
  run cfg-23fdaf2a part=smoke_bar tier=0 ...
  run cfg-23fdaf2a part=plate_hole tier=0 ...
  run cfg-23fdaf2a part=cantilever tier=0 ...
  run cfg-23fdaf2a part=cylinder tier=0 ...
  run cfg-23fdaf2a part=sphere tier=0 ...
  run cfg-23fdaf2a part=icecream_cone tier=0 ...
  run cfg-cab1398e part=smoke_bar tier=0 ...
  run cfg-cab1398e part=plate_hole tier=0 ...
  run cfg-cab1398e part=cantilever tier=0 ...
  run cfg-cab1398e part=cylinder tier=0 ...
  run cfg-cab1398e part=sphere tier=0 ...
  run cfg-cab1398e part=icecream_cone tier=0 ...
  run cfg-7b5aee3d part=smoke_bar tier=0 ...
  run cfg-7b5aee3d part=plate_hole tier=0 ...
  run cfg-7b5aee3d part=cantilever tier=0 ...
  run cfg-7b5aee3d part=cylinder tier=0 ...
  run cfg-7b5aee3d part=sphere tier=0 ...
  run cfg-7b5aee3d part=icecream_cone tier=0 ...
  run cfg-c0eb7123 part=smoke_bar tier=0 ...
  run cfg-c0eb7123 part=plate_hole tier=0 ...
  run cfg-c0eb7123 part=cantilever tier=0 ...
  run cfg-c0eb7123 part=cylinder tier=0 ...
  run cfg-c0eb7123 part=sphere tier=0 ...
  run cfg-c0eb7123 part=icecream_cone tier=0 ...
  run cfg-047ce243 part=smoke_bar tier=0 ...
  run cfg-047ce243 part=plate_hole tier=0 ...
  run cfg-047ce243 part=cantilever tier=0 ...
  run cfg-047ce243 part=cylinder tier=0 ...
  run cfg-047ce243 part=sphere tier=0 ...
  run cfg-047ce243 part=icecream_cone tier=0 ...
  run cfg-3ff64c8d part=smoke_bar tier=0 ...
  run cfg-3ff64c8d part=plate_hole tier=0 ...
  run cfg-3ff64c8d part=cantilever tier=0 ...
  run cfg-3ff64c8d part=cylinder tier=0 ...
  run cfg-3ff64c8d part=sphere tier=0 ...
  run cfg-3ff64c8d part=icecream_cone tier=0 ...
  run cfg-f544dcbe part=smoke_bar tier=0 ...
  run cfg-f544dcbe part=plate_hole tier=0 ...
  run cfg-f544dcbe part=cantilever tier=0 ...
  run cfg-f544dcbe part=cylinder tier=0 ...
  run cfg-f544dcbe part=sphere tier=0 ...
  run cfg-f544dcbe part=icecream_cone tier=0 ...
  run cfg-475eb5a6 part=smoke_bar tier=0 ...
  run cfg-475eb5a6 part=plate_hole tier=0 ...
  run cfg-475eb5a6 part=cantilever tier=0 ...
  run cfg-475eb5a6 part=cylinder tier=0 ...
  run cfg-475eb5a6 part=sphere tier=0 ...
  run cfg-475eb5a6 part=icecream_cone tier=0 ...
  run cfg-c23c742a part=smoke_bar tier=0 ...
  run cfg-c23c742a part=plate_hole tier=0 ...
  run cfg-c23c742a part=cantilever tier=0 ...
  run cfg-c23c742a part=cylinder tier=0 ...
  run cfg-c23c742a part=sphere tier=0 ...
  run cfg-c23c742a part=icecream_cone tier=0 ...
  run cfg-c24e268e part=smoke_bar tier=0 ...
  run cfg-c24e268e part=plate_hole tier=0 ...
  run cfg-c24e268e part=cantilever tier=0 ...
  run cfg-c24e268e part=cylinder tier=0 ...
  run cfg-c24e268e part=sphere tier=0 ...
  run cfg-c24e268e part=icecream_cone tier=0 ...
  run cfg-06177b3d part=smoke_bar tier=0 ...
  run cfg-06177b3d part=plate_hole tier=0 ...
  run cfg-06177b3d part=cantilever tier=0 ...
  run cfg-06177b3d part=cylinder tier=0 ...
  run cfg-06177b3d part=sphere tier=0 ...
  run cfg-06177b3d part=icecream_cone tier=0 ...
  run cfg-a5943023 part=smoke_bar tier=0 ...
  run cfg-a5943023 part=plate_hole tier=0 ...
  run cfg-a5943023 part=cantilever tier=0 ...
  run cfg-a5943023 part=cylinder tier=0 ...
  run cfg-a5943023 part=sphere tier=0 ...
  run cfg-a5943023 part=icecream_cone tier=0 ...
  run cfg-e925a143 part=smoke_bar tier=0 ...
  run cfg-e925a143 part=plate_hole tier=0 ...
  run cfg-e925a143 part=cantilever tier=0 ...
  run cfg-e925a143 part=cylinder tier=0 ...
  run cfg-e925a143 part=sphere tier=0 ...
  run cfg-e925a143 part=icecream_cone tier=0 ...
  run cfg-d09ca47d part=smoke_bar tier=0 ...
  run cfg-d09ca47d part=plate_hole tier=0 ...
  run cfg-d09ca47d part=cantilever tier=0 ...
  run cfg-d09ca47d part=cylinder tier=0 ...
  run cfg-d09ca47d part=sphere tier=0 ...
  run cfg-d09ca47d part=icecream_cone tier=0 ...
  run cfg-ca3e1c6e part=smoke_bar tier=0 ...
  run cfg-ca3e1c6e part=plate_hole tier=0 ...
  run cfg-ca3e1c6e part=cantilever tier=0 ...
  run cfg-ca3e1c6e part=cylinder tier=0 ...
  run cfg-ca3e1c6e part=sphere tier=0 ...
  run cfg-ca3e1c6e part=icecream_cone tier=0 ...
  run cfg-5c843d96 part=smoke_bar tier=0 ...
  run cfg-5c843d96 part=plate_hole tier=0 ...
  run cfg-5c843d96 part=cantilever tier=0 ...
  run cfg-5c843d96 part=cylinder tier=0 ...
  run cfg-5c843d96 part=sphere tier=0 ...
  run cfg-5c843d96 part=icecream_cone tier=0 ...
  run cfg-dc15301a part=smoke_bar tier=0 ...
  run cfg-dc15301a part=plate_hole tier=0 ...
  run cfg-dc15301a part=cantilever tier=0 ...
  run cfg-dc15301a part=cylinder tier=0 ...
  run cfg-dc15301a part=sphere tier=0 ...
  run cfg-dc15301a part=icecream_cone tier=0 ...
  run cfg-79113a9e part=smoke_bar tier=0 ...
  run cfg-79113a9e part=plate_hole tier=0 ...
  run cfg-79113a9e part=cantilever tier=0 ...
  run cfg-79113a9e part=cylinder tier=0 ...
  run cfg-79113a9e part=sphere tier=0 ...
  run cfg-79113a9e part=icecream_cone tier=0 ...
  run cfg-7559670d part=smoke_bar tier=0 ...
  run cfg-7559670d part=plate_hole tier=0 ...
  run cfg-7559670d part=cantilever tier=0 ...
  run cfg-7559670d part=cylinder tier=0 ...
  run cfg-7559670d part=sphere tier=0 ...
  run cfg-7559670d part=icecream_cone tier=0 ...
  run cfg-2756f173 part=smoke_bar tier=0 ...
  run cfg-2756f173 part=plate_hole tier=0 ...
  run cfg-2756f173 part=cantilever tier=0 ...
  run cfg-2756f173 part=cylinder tier=0 ...
  run cfg-2756f173 part=sphere tier=0 ...
  run cfg-2756f173 part=icecream_cone tier=0 ...
  run cfg-fa658f93 part=smoke_bar tier=0 ...
  run cfg-fa658f93 part=plate_hole tier=0 ...
  run cfg-fa658f93 part=cantilever tier=0 ...
  run cfg-fa658f93 part=cylinder tier=0 ...
  run cfg-fa658f93 part=sphere tier=0 ...
  run cfg-fa658f93 part=icecream_cone tier=0 ...
  run cfg-bc91db24 part=smoke_bar tier=0 ...
  run cfg-bc91db24 part=plate_hole tier=0 ...
  run cfg-bc91db24 part=cantilever tier=0 ...
  run cfg-bc91db24 part=cylinder tier=0 ...
  run cfg-bc91db24 part=sphere tier=0 ...
  run cfg-bc91db24 part=icecream_cone tier=0 ...
  run cfg-b9bb832b part=smoke_bar tier=0 ...
  run cfg-b9bb832b part=plate_hole tier=0 ...
  run cfg-b9bb832b part=cantilever tier=0 ...
  run cfg-b9bb832b part=cylinder tier=0 ...
  run cfg-b9bb832b part=sphere tier=0 ...
  run cfg-b9bb832b part=icecream_cone tier=0 ...
  run cfg-1db28041 part=smoke_bar tier=0 ...
  run cfg-1db28041 part=plate_hole tier=0 ...
  run cfg-1db28041 part=cantilever tier=0 ...
  run cfg-1db28041 part=cylinder tier=0 ...
  run cfg-1db28041 part=sphere tier=0 ...
  run cfg-1db28041 part=icecream_cone tier=0 ...
  run cfg-fe6fce41 part=smoke_bar tier=0 ...
  run cfg-fe6fce41 part=plate_hole tier=0 ...
  run cfg-fe6fce41 part=cantilever tier=0 ...
  run cfg-fe6fce41 part=cylinder tier=0 ...
  run cfg-fe6fce41 part=sphere tier=0 ...
  run cfg-fe6fce41 part=icecream_cone tier=0 ...
  run cfg-bd9b6ec5 part=smoke_bar tier=0 ...
  run cfg-bd9b6ec5 part=plate_hole tier=0 ...
  run cfg-bd9b6ec5 part=cantilever tier=0 ...
  run cfg-bd9b6ec5 part=cylinder tier=0 ...
  run cfg-bd9b6ec5 part=sphere tier=0 ...
  run cfg-bd9b6ec5 part=icecream_cone tier=0 ...
  run cfg-4a1827a6 part=smoke_bar tier=0 ...
  run cfg-4a1827a6 part=plate_hole tier=0 ...
  run cfg-4a1827a6 part=cantilever tier=0 ...
  run cfg-4a1827a6 part=cylinder tier=0 ...
  run cfg-4a1827a6 part=sphere tier=0 ...
  run cfg-4a1827a6 part=icecream_cone tier=0 ...
  run cfg-a708135e part=smoke_bar tier=0 ...
  run cfg-a708135e part=plate_hole tier=0 ...
  run cfg-a708135e part=cantilever tier=0 ...
  run cfg-a708135e part=cylinder tier=0 ...
  run cfg-a708135e part=sphere tier=0 ...
  run cfg-a708135e part=icecream_cone tier=0 ...
  run cfg-becb4822 part=smoke_bar tier=0 ...
  run cfg-becb4822 part=plate_hole tier=0 ...
  run cfg-becb4822 part=cantilever tier=0 ...
  run cfg-becb4822 part=cylinder tier=0 ...
  run cfg-becb4822 part=sphere tier=0 ...
  run cfg-becb4822 part=icecream_cone tier=0 ...
  run cfg-7ff640d2 part=smoke_bar tier=0 ...
  run cfg-7ff640d2 part=plate_hole tier=0 ...
  run cfg-7ff640d2 part=cantilever tier=0 ...
  run cfg-7ff640d2 part=cylinder tier=0 ...
  run cfg-7ff640d2 part=sphere tier=0 ...
  run cfg-7ff640d2 part=icecream_cone tier=0 ...
  run cfg-01545831 part=smoke_bar tier=0 ...
  run cfg-01545831 part=plate_hole tier=0 ...
  run cfg-01545831 part=cantilever tier=0 ...
  run cfg-01545831 part=cylinder tier=0 ...
  run cfg-01545831 part=sphere tier=0 ...
  run cfg-01545831 part=icecream_cone tier=0 ...
  run cfg-b66e3d67 part=smoke_bar tier=0 ...
  run cfg-b66e3d67 part=plate_hole tier=0 ...
  run cfg-b66e3d67 part=cantilever tier=0 ...
  run cfg-b66e3d67 part=cylinder tier=0 ...
  run cfg-b66e3d67 part=sphere tier=0 ...
  run cfg-b66e3d67 part=icecream_cone tier=0 ...
  run cfg-7503741f part=smoke_bar tier=0 ...
  run cfg-7503741f part=plate_hole tier=0 ...
  run cfg-7503741f part=cantilever tier=0 ...
  run cfg-7503741f part=cylinder tier=0 ...
  run cfg-7503741f part=sphere tier=0 ...
  run cfg-7503741f part=icecream_cone tier=0 ...
  run cfg-0df546d3 part=smoke_bar tier=0 ...
  run cfg-0df546d3 part=plate_hole tier=0 ...
  run cfg-0df546d3 part=cantilever tier=0 ...
  run cfg-0df546d3 part=cylinder tier=0 ...
  run cfg-0df546d3 part=sphere tier=0 ...
  run cfg-0df546d3 part=icecream_cone tier=0 ...
  run cfg-3b3aa35c part=smoke_bar tier=0 ...
  run cfg-3b3aa35c part=plate_hole tier=0 ...
  run cfg-3b3aa35c part=cantilever tier=0 ...
  run cfg-3b3aa35c part=cylinder tier=0 ...
  run cfg-3b3aa35c part=sphere tier=0 ...
  run cfg-3b3aa35c part=icecream_cone tier=0 ...
  run cfg-2c8319fc part=smoke_bar tier=0 ...
  run cfg-2c8319fc part=plate_hole tier=0 ...
  run cfg-2c8319fc part=cantilever tier=0 ...
  run cfg-2c8319fc part=cylinder tier=0 ...
  run cfg-2c8319fc part=sphere tier=0 ...
  run cfg-2c8319fc part=icecream_cone tier=0 ...
  run cfg-7573e330 part=smoke_bar tier=0 ...
  run cfg-7573e330 part=plate_hole tier=0 ...
  run cfg-7573e330 part=cantilever tier=0 ...
  run cfg-7573e330 part=cylinder tier=0 ...
  run cfg-7573e330 part=sphere tier=0 ...
  run cfg-7573e330 part=icecream_cone tier=0 ...
wrote bench/campaigns/advisor-batch-1-s4-hunter-pc/runs/cfg-01545831/cantilever/t0/wire.png
wrote bench/campaigns/advisor-batch-1-s4-hunter-pc/runs/cfg-01545831/cylinder/t0/wire.png
wrote bench/campaigns/advisor-batch-1-s4-hunter-pc/runs/cfg-01545831/plate_hole/t0/wire.png
wrote bench/campaigns/advisor-batch-1-s4-hunter-pc/runs/cfg-01545831/smoke_bar/t0/wire.png
wrote bench/campaigns/advisor-batch-1-s4-hunter-pc/runs/cfg-01545831/sphere/t0/wire.png
wrote bench/campaigns/advisor-batch-1-s4-hunter-pc/runs/cfg-047ce243/cantilever/t0/wire.png
wrote bench/campaigns/advisor-batch-1-s4-hunter-pc/runs/cfg-047ce243/cylinder/t0/wire.png
wrote bench/campaigns/advisor-batch-1-s4-hunter-pc/runs/cfg-047ce243/icecream_cone/t0/wire.png
wrote bench/campaigns/advisor-batch-1-s4-hunter-pc/runs/cfg-047ce243/plate_hole/t0/wire.png
wrote bench/campaigns/advisor-batch-1-s4-hunter-pc/runs/cfg-047ce243/smoke_bar/t0/wire.png
wrote bench/campaigns/advisor-batch-1-s4-hunter-pc/runs/cfg-047ce243/sphere/t0/wire.png
wrote bench/campaigns/advisor-batch-1-s4-hunter-pc/runs/cfg-06177b3d/cantilever/t0/wire.png
wrote bench/campaigns/advisor-batch-1-s4-hunter-pc/runs/cfg-06177b3d/cylinder/t0/wire.png
wrote bench/campaigns/advisor-batch-1-s4-hunter-pc/runs/cfg-06177b3d/plate_hole/t0/wire.png
wrote bench/campaigns/advisor-batch-1-s4-hunter-pc/runs/cfg-06177b3d/smoke_bar/t0/wire.png
wrote bench/campaigns/advisor-batch-1-s4-hunter-pc/runs/cfg-06177b3d/sphere/t0/wire.png
wrote bench/campaigns/advisor-batch-1-s4-hunter-pc/runs/cfg-0cbb0a36/cantilever/t0/wire.png
wrote bench/campaigns/advisor-batch-1-s4-hunter-pc/runs/cfg-0cbb0a36/cylinder/t0/wire.png
wrote bench/campaigns/advisor-batch-1-s4-hunter-pc/runs/cfg-0cbb0a36/plate_hole/t0/wire.png
wrote bench/campaigns/advisor-batch-1-s4-hunter-pc/runs/cfg-0cbb0a36/smoke_bar/t0/wire.png
wrote bench/campaigns/advisor-batch-1-s4-hunter-pc/runs/cfg-0cbb0a36/sphere/t0/wire.png
wrote bench/campaigns/advisor-batch-1-s4-hunter-pc/runs/cfg-0df546d3/cantilever/t0/wire.png
wrote bench/campaigns/advisor-batch-1-s4-hunter-pc/runs/cfg-0df546d3/cylinder/t0/wire.png
wrote bench/campaigns/advisor-batch-1-s4-hunter-pc/runs/cfg-0df546d3/smoke_bar/t0/wire.png
wrote bench/campaigns/advisor-batch-1-s4-hunter-pc/runs/cfg-109c1dbe/cantilever/t0/wire.png
wrote bench/campaigns/advisor-batch-1-s4-hunter-pc/runs/cfg-109c1dbe/cylinder/t0/wire.png
wrote bench/campaigns/advisor-batch-1-s4-hunter-pc/runs/cfg-109c1dbe/icecream_cone/t0/wire.png
wrote bench/campaigns/advisor-batch-1-s4-hunter-pc/runs/cfg-109c1dbe/smoke_bar/t0/wire.png
wrote bench/campaigns/advisor-batch-1-s4-hunter-pc/runs/cfg-109c1dbe/sphere/t0/wire.png
wrote bench/campaigns/advisor-batch-1-s4-hunter-pc/runs/cfg-1db28041/cantilever/t0/wire.png
wrote bench/campaigns/advisor-batch-1-s4-hunter-pc/runs/cfg-1db28041/cylinder/t0/wire.png
wrote bench/campaigns/advisor-batch-1-s4-hunter-pc/runs/cfg-1db28041/icecream_cone/t0/wire.png
wrote bench/campaigns/advisor-batch-1-s4-hunter-pc/runs/cfg-1db28041/plate_hole/t0/wire.png
wrote bench/campaigns/advisor-batch-1-s4-hunter-pc/runs/cfg-1db28041/smoke_bar/t0/wire.png
wrote bench/campaigns/advisor-batch-1-s4-hunter-pc/runs/cfg-1db28041/sphere/t0/wire.png
wrote bench/campaigns/advisor-batch-1-s4-hunter-pc/runs/cfg-23fdaf2a/cantilever/t0/wire.png
wrote bench/campaigns/advisor-batch-1-s4-hunter-pc/runs/cfg-23fdaf2a/cylinder/t0/wire.png
wrote bench/campaigns/advisor-batch-1-s4-hunter-pc/runs/cfg-23fdaf2a/icecream_cone/t0/wire.png
wrote bench/campaigns/advisor-batch-1-s4-hunter-pc/runs/cfg-23fdaf2a/plate_hole/t0/wire.png
wrote bench/campaigns/advisor-batch-1-s4-hunter-pc/runs/cfg-23fdaf2a/smoke_bar/t0/wire.png
wrote bench/campaigns/advisor-batch-1-s4-hunter-pc/runs/cfg-23fdaf2a/sphere/t0/wire.png
wrote bench/campaigns/advisor-batch-1-s4-hunter-pc/runs/cfg-2756f173/cantilever/t0/wire.png
wrote bench/campaigns/advisor-batch-1-s4-hunter-pc/runs/cfg-2756f173/cylinder/t0/wire.png
wrote bench/campaigns/advisor-batch-1-s4-hunter-pc/runs/cfg-2756f173/plate_hole/t0/wire.png
wrote bench/campaigns/advisor-batch-1-s4-hunter-pc/runs/cfg-2756f173/smoke_bar/t0/wire.png
wrote bench/campaigns/advisor-batch-1-s4-hunter-pc/runs/cfg-2756f173/sphere/t0/wire.png
wrote bench/campaigns/advisor-batch-1-s4-hunter-pc/runs/cfg-2c8319fc/cantilever/t0/wire.png
wrote bench/campaigns/advisor-batch-1-s4-hunter-pc/runs/cfg-2c8319fc/cylinder/t0/wire.png
wrote bench/campaigns/advisor-batch-1-s4-hunter-pc/runs/cfg-2c8319fc/plate_hole/t0/wire.png
wrote bench/campaigns/advisor-batch-1-s4-hunter-pc/runs/cfg-2c8319fc/smoke_bar/t0/wire.png
wrote bench/campaigns/advisor-batch-1-s4-hunter-pc/runs/cfg-2c8319fc/sphere/t0/wire.png
wrote bench/campaigns/advisor-batch-1-s4-hunter-pc/runs/cfg-339f6d8d/cantilever/t0/wire.png
wrote bench/campaigns/advisor-batch-1-s4-hunter-pc/runs/cfg-339f6d8d/cylinder/t0/wire.png
wrote bench/campaigns/advisor-batch-1-s4-hunter-pc/runs/cfg-339f6d8d/smoke_bar/t0/wire.png
wrote bench/campaigns/advisor-batch-1-s4-hunter-pc/runs/cfg-3b3aa35c/cantilever/t0/wire.png
wrote bench/campaigns/advisor-batch-1-s4-hunter-pc/runs/cfg-3b3aa35c/cylinder/t0/wire.png
wrote bench/campaigns/advisor-batch-1-s4-hunter-pc/runs/cfg-3b3aa35c/smoke_bar/t0/wire.png
wrote bench/campaigns/advisor-batch-1-s4-hunter-pc/runs/cfg-3b3aa35c/sphere/t0/wire.png
wrote bench/campaigns/advisor-batch-1-s4-hunter-pc/runs/cfg-3ff64c8d/cantilever/t0/wire.png
wrote bench/campaigns/advisor-batch-1-s4-hunter-pc/runs/cfg-3ff64c8d/cylinder/t0/wire.png
wrote bench/campaigns/advisor-batch-1-s4-hunter-pc/runs/cfg-3ff64c8d/smoke_bar/t0/wire.png
wrote bench/campaigns/advisor-batch-1-s4-hunter-pc/runs/cfg-3ff64c8d/sphere/t0/wire.png
wrote bench/campaigns/advisor-batch-1-s4-hunter-pc/runs/cfg-475eb5a6/cantilever/t0/wire.png
wrote bench/campaigns/advisor-batch-1-s4-hunter-pc/runs/cfg-475eb5a6/cylinder/t0/wire.png
wrote bench/campaigns/advisor-batch-1-s4-hunter-pc/runs/cfg-475eb5a6/icecream_cone/t0/wire.png
wrote bench/campaigns/advisor-batch-1-s4-hunter-pc/runs/cfg-475eb5a6/plate_hole/t0/wire.png
wrote bench/campaigns/advisor-batch-1-s4-hunter-pc/runs/cfg-475eb5a6/smoke_bar/t0/wire.png
wrote bench/campaigns/advisor-batch-1-s4-hunter-pc/runs/cfg-475eb5a6/sphere/t0/wire.png
wrote bench/campaigns/advisor-batch-1-s4-hunter-pc/runs/cfg-4a1827a6/cantilever/t0/wire.png
wrote bench/campaigns/advisor-batch-1-s4-hunter-pc/runs/cfg-4a1827a6/cylinder/t0/wire.png
wrote bench/campaigns/advisor-batch-1-s4-hunter-pc/runs/cfg-4a1827a6/plate_hole/t0/wire.png
wrote bench/campaigns/advisor-batch-1-s4-hunter-pc/runs/cfg-4a1827a6/smoke_bar/t0/wire.png
wrote bench/campaigns/advisor-batch-1-s4-hunter-pc/runs/cfg-4a1827a6/sphere/t0/wire.png
wrote bench/campaigns/advisor-batch-1-s4-hunter-pc/runs/cfg-5c843d96/cantilever/t0/wire.png
wrote bench/campaigns/advisor-batch-1-s4-hunter-pc/runs/cfg-5c843d96/cylinder/t0/wire.png
wrote bench/campaigns/advisor-batch-1-s4-hunter-pc/runs/cfg-5c843d96/plate_hole/t0/wire.png
wrote bench/campaigns/advisor-batch-1-s4-hunter-pc/runs/cfg-5c843d96/smoke_bar/t0/wire.png
wrote bench/campaigns/advisor-batch-1-s4-hunter-pc/runs/cfg-5c843d96/sphere/t0/wire.png
wrote bench/campaigns/advisor-batch-1-s4-hunter-pc/runs/cfg-7503741f/cantilever/t0/wire.png
wrote bench/campaigns/advisor-batch-1-s4-hunter-pc/runs/cfg-7503741f/cylinder/t0/wire.png
wrote bench/campaigns/advisor-batch-1-s4-hunter-pc/runs/cfg-7503741f/icecream_cone/t0/wire.png
wrote bench/campaigns/advisor-batch-1-s4-hunter-pc/runs/cfg-7503741f/plate_hole/t0/wire.png
wrote bench/campaigns/advisor-batch-1-s4-hunter-pc/runs/cfg-7503741f/smoke_bar/t0/wire.png
wrote bench/campaigns/advisor-batch-1-s4-hunter-pc/runs/cfg-7503741f/sphere/t0/wire.png
wrote bench/campaigns/advisor-batch-1-s4-hunter-pc/runs/cfg-7559670d/cantilever/t0/wire.png
wrote bench/campaigns/advisor-batch-1-s4-hunter-pc/runs/cfg-7559670d/cylinder/t0/wire.png
wrote bench/campaigns/advisor-batch-1-s4-hunter-pc/runs/cfg-7559670d/smoke_bar/t0/wire.png
wrote bench/campaigns/advisor-batch-1-s4-hunter-pc/runs/cfg-7559670d/sphere/t0/wire.png
wrote bench/campaigns/advisor-batch-1-s4-hunter-pc/runs/cfg-7573e330/cantilever/t0/wire.png
wrote bench/campaigns/advisor-batch-1-s4-hunter-pc/runs/cfg-7573e330/cylinder/t0/wire.png
wrote bench/campaigns/advisor-batch-1-s4-hunter-pc/runs/cfg-7573e330/plate_hole/t0/wire.png
wrote bench/campaigns/advisor-batch-1-s4-hunter-pc/runs/cfg-7573e330/smoke_bar/t0/wire.png
wrote bench/campaigns/advisor-batch-1-s4-hunter-pc/runs/cfg-7573e330/sphere/t0/wire.png
wrote bench/campaigns/advisor-batch-1-s4-hunter-pc/runs/cfg-79113a9e/cantilever/t0/wire.png
wrote bench/campaigns/advisor-batch-1-s4-hunter-pc/runs/cfg-79113a9e/cylinder/t0/wire.png
wrote bench/campaigns/advisor-batch-1-s4-hunter-pc/runs/cfg-79113a9e/smoke_bar/t0/wire.png
wrote bench/campaigns/advisor-batch-1-s4-hunter-pc/runs/cfg-7b5aee3d/cantilever/t0/wire.png
wrote bench/campaigns/advisor-batch-1-s4-hunter-pc/runs/cfg-7b5aee3d/cylinder/t0/wire.png
wrote bench/campaigns/advisor-batch-1-s4-hunter-pc/runs/cfg-7b5aee3d/icecream_cone/t0/wire.png
wrote bench/campaigns/advisor-batch-1-s4-hunter-pc/runs/cfg-7b5aee3d/plate_hole/t0/wire.png
wrote bench/campaigns/advisor-batch-1-s4-hunter-pc/runs/cfg-7b5aee3d/smoke_bar/t0/wire.png
wrote bench/campaigns/advisor-batch-1-s4-hunter-pc/runs/cfg-7b5aee3d/sphere/t0/wire.png
wrote bench/campaigns/advisor-batch-1-s4-hunter-pc/runs/cfg-7f4628e2/cantilever/t0/wire.png
wrote bench/campaigns/advisor-batch-1-s4-hunter-pc/runs/cfg-7f4628e2/cylinder/t0/wire.png
wrote bench/campaigns/advisor-batch-1-s4-hunter-pc/runs/cfg-7f4628e2/smoke_bar/t0/wire.png
wrote bench/campaigns/advisor-batch-1-s4-hunter-pc/runs/cfg-7f4628e2/sphere/t0/wire.png
wrote bench/campaigns/advisor-batch-1-s4-hunter-pc/runs/cfg-7ff640d2/cantilever/t0/wire.png
wrote bench/campaigns/advisor-batch-1-s4-hunter-pc/runs/cfg-7ff640d2/cylinder/t0/wire.png
wrote bench/campaigns/advisor-batch-1-s4-hunter-pc/runs/cfg-7ff640d2/smoke_bar/t0/wire.png
wrote bench/campaigns/advisor-batch-1-s4-hunter-pc/runs/cfg-7ff640d2/sphere/t0/wire.png
wrote bench/campaigns/advisor-batch-1-s4-hunter-pc/runs/cfg-a5943023/cantilever/t0/wire.png
wrote bench/campaigns/advisor-batch-1-s4-hunter-pc/runs/cfg-a5943023/cylinder/t0/wire.png
wrote bench/campaigns/advisor-batch-1-s4-hunter-pc/runs/cfg-a5943023/icecream_cone/t0/wire.png
wrote bench/campaigns/advisor-batch-1-s4-hunter-pc/runs/cfg-a5943023/plate_hole/t0/wire.png
wrote bench/campaigns/advisor-batch-1-s4-hunter-pc/runs/cfg-a5943023/smoke_bar/t0/wire.png
wrote bench/campaigns/advisor-batch-1-s4-hunter-pc/runs/cfg-a5943023/sphere/t0/wire.png
wrote bench/campaigns/advisor-batch-1-s4-hunter-pc/runs/cfg-a708135e/cantilever/t0/wire.png
wrote bench/campaigns/advisor-batch-1-s4-hunter-pc/runs/cfg-a708135e/cylinder/t0/wire.png
wrote bench/campaigns/advisor-batch-1-s4-hunter-pc/runs/cfg-a708135e/plate_hole/t0/wire.png
wrote bench/campaigns/advisor-batch-1-s4-hunter-pc/runs/cfg-a708135e/smoke_bar/t0/wire.png
wrote bench/campaigns/advisor-batch-1-s4-hunter-pc/runs/cfg-a708135e/sphere/t0/wire.png
wrote bench/campaigns/advisor-batch-1-s4-hunter-pc/runs/cfg-a91ff0a6/cantilever/t0/wire.png
wrote bench/campaigns/advisor-batch-1-s4-hunter-pc/runs/cfg-a91ff0a6/cylinder/t0/wire.png
wrote bench/campaigns/advisor-batch-1-s4-hunter-pc/runs/cfg-a91ff0a6/icecream_cone/t0/wire.png
wrote bench/campaigns/advisor-batch-1-s4-hunter-pc/runs/cfg-a91ff0a6/plate_hole/t0/wire.png
wrote bench/campaigns/advisor-batch-1-s4-hunter-pc/runs/cfg-a91ff0a6/smoke_bar/t0/wire.png
wrote bench/campaigns/advisor-batch-1-s4-hunter-pc/runs/cfg-a91ff0a6/sphere/t0/wire.png
wrote bench/campaigns/advisor-batch-1-s4-hunter-pc/runs/cfg-ac90cb2f/cantilever/t0/wire.png
wrote bench/campaigns/advisor-batch-1-s4-hunter-pc/runs/cfg-ac90cb2f/cylinder/t0/wire.png
wrote bench/campaigns/advisor-batch-1-s4-hunter-pc/runs/cfg-ac90cb2f/smoke_bar/t0/wire.png
wrote bench/campaigns/advisor-batch-1-s4-hunter-pc/runs/cfg-ac90cb2f/sphere/t0/wire.png
wrote bench/campaigns/advisor-batch-1-s4-hunter-pc/runs/cfg-b66e3d67/cantilever/t0/wire.png
wrote bench/campaigns/advisor-batch-1-s4-hunter-pc/runs/cfg-b66e3d67/cylinder/t0/wire.png
wrote bench/campaigns/advisor-batch-1-s4-hunter-pc/runs/cfg-b66e3d67/icecream_cone/t0/wire.png
wrote bench/campaigns/advisor-batch-1-s4-hunter-pc/runs/cfg-b66e3d67/plate_hole/t0/wire.png
wrote bench/campaigns/advisor-batch-1-s4-hunter-pc/runs/cfg-b66e3d67/smoke_bar/t0/wire.png
wrote bench/campaigns/advisor-batch-1-s4-hunter-pc/runs/cfg-b66e3d67/sphere/t0/wire.png
wrote bench/campaigns/advisor-batch-1-s4-hunter-pc/runs/cfg-b9bb832b/cantilever/t0/wire.png
wrote bench/campaigns/advisor-batch-1-s4-hunter-pc/runs/cfg-b9bb832b/cylinder/t0/wire.png
wrote bench/campaigns/advisor-batch-1-s4-hunter-pc/runs/cfg-b9bb832b/icecream_cone/t0/wire.png
wrote bench/campaigns/advisor-batch-1-s4-hunter-pc/runs/cfg-b9bb832b/smoke_bar/t0/wire.png
wrote bench/campaigns/advisor-batch-1-s4-hunter-pc/runs/cfg-b9bb832b/sphere/t0/wire.png
wrote bench/campaigns/advisor-batch-1-s4-hunter-pc/runs/cfg-bc91db24/cantilever/t0/wire.png
wrote bench/campaigns/advisor-batch-1-s4-hunter-pc/runs/cfg-bc91db24/cylinder/t0/wire.png
wrote bench/campaigns/advisor-batch-1-s4-hunter-pc/runs/cfg-bc91db24/smoke_bar/t0/wire.png
wrote bench/campaigns/advisor-batch-1-s4-hunter-pc/runs/cfg-bd9b6ec5/cantilever/t0/wire.png
wrote bench/campaigns/advisor-batch-1-s4-hunter-pc/runs/cfg-bd9b6ec5/cylinder/t0/wire.png
wrote bench/campaigns/advisor-batch-1-s4-hunter-pc/runs/cfg-bd9b6ec5/smoke_bar/t0/wire.png
wrote bench/campaigns/advisor-batch-1-s4-hunter-pc/runs/cfg-becb4822/cantilever/t0/wire.png
wrote bench/campaigns/advisor-batch-1-s4-hunter-pc/runs/cfg-becb4822/cylinder/t0/wire.png
wrote bench/campaigns/advisor-batch-1-s4-hunter-pc/runs/cfg-becb4822/plate_hole/t0/wire.png
wrote bench/campaigns/advisor-batch-1-s4-hunter-pc/runs/cfg-becb4822/smoke_bar/t0/wire.png
wrote bench/campaigns/advisor-batch-1-s4-hunter-pc/runs/cfg-becb4822/sphere/t0/wire.png
wrote bench/campaigns/advisor-batch-1-s4-hunter-pc/runs/cfg-c0eb7123/cantilever/t0/wire.png
wrote bench/campaigns/advisor-batch-1-s4-hunter-pc/runs/cfg-c0eb7123/cylinder/t0/wire.png
wrote bench/campaigns/advisor-batch-1-s4-hunter-pc/runs/cfg-c0eb7123/icecream_cone/t0/wire.png
wrote bench/campaigns/advisor-batch-1-s4-hunter-pc/runs/cfg-c0eb7123/plate_hole/t0/wire.png
wrote bench/campaigns/advisor-batch-1-s4-hunter-pc/runs/cfg-c0eb7123/smoke_bar/t0/wire.png
wrote bench/campaigns/advisor-batch-1-s4-hunter-pc/runs/cfg-c0eb7123/sphere/t0/wire.png
wrote bench/campaigns/advisor-batch-1-s4-hunter-pc/runs/cfg-c23c742a/cantilever/t0/wire.png
wrote bench/campaigns/advisor-batch-1-s4-hunter-pc/runs/cfg-c23c742a/cylinder/t0/wire.png
wrote bench/campaigns/advisor-batch-1-s4-hunter-pc/runs/cfg-c23c742a/icecream_cone/t0/wire.png
wrote bench/campaigns/advisor-batch-1-s4-hunter-pc/runs/cfg-c23c742a/plate_hole/t0/wire.png
wrote bench/campaigns/advisor-batch-1-s4-hunter-pc/runs/cfg-c23c742a/smoke_bar/t0/wire.png
wrote bench/campaigns/advisor-batch-1-s4-hunter-pc/runs/cfg-c23c742a/sphere/t0/wire.png
wrote bench/campaigns/advisor-batch-1-s4-hunter-pc/runs/cfg-c24e268e/cantilever/t0/wire.png
wrote bench/campaigns/advisor-batch-1-s4-hunter-pc/runs/cfg-c24e268e/cylinder/t0/wire.png
wrote bench/campaigns/advisor-batch-1-s4-hunter-pc/runs/cfg-c24e268e/smoke_bar/t0/wire.png
wrote bench/campaigns/advisor-batch-1-s4-hunter-pc/runs/cfg-c24e268e/sphere/t0/wire.png
wrote bench/campaigns/advisor-batch-1-s4-hunter-pc/runs/cfg-c728703d/cantilever/t0/wire.png
wrote bench/campaigns/advisor-batch-1-s4-hunter-pc/runs/cfg-c728703d/cylinder/t0/wire.png
wrote bench/campaigns/advisor-batch-1-s4-hunter-pc/runs/cfg-c728703d/plate_hole/t0/wire.png
wrote bench/campaigns/advisor-batch-1-s4-hunter-pc/runs/cfg-c728703d/smoke_bar/t0/wire.png
wrote bench/campaigns/advisor-batch-1-s4-hunter-pc/runs/cfg-c728703d/sphere/t0/wire.png
wrote bench/campaigns/advisor-batch-1-s4-hunter-pc/runs/cfg-c9778778/cantilever/t0/wire.png
wrote bench/campaigns/advisor-batch-1-s4-hunter-pc/runs/cfg-c9778778/cylinder/t0/wire.png
wrote bench/campaigns/advisor-batch-1-s4-hunter-pc/runs/cfg-c9778778/smoke_bar/t0/wire.png
wrote bench/campaigns/advisor-batch-1-s4-hunter-pc/runs/cfg-ca3e1c6e/cantilever/t0/wire.png
wrote bench/campaigns/advisor-batch-1-s4-hunter-pc/runs/cfg-ca3e1c6e/cylinder/t0/wire.png
wrote bench/campaigns/advisor-batch-1-s4-hunter-pc/runs/cfg-ca3e1c6e/smoke_bar/t0/wire.png
wrote bench/campaigns/advisor-batch-1-s4-hunter-pc/runs/cfg-ca3e1c6e/sphere/t0/wire.png
wrote bench/campaigns/advisor-batch-1-s4-hunter-pc/runs/cfg-cab1398e/cantilever/t0/wire.png
wrote bench/campaigns/advisor-batch-1-s4-hunter-pc/runs/cfg-cab1398e/cylinder/t0/wire.png
wrote bench/campaigns/advisor-batch-1-s4-hunter-pc/runs/cfg-cab1398e/smoke_bar/t0/wire.png
wrote bench/campaigns/advisor-batch-1-s4-hunter-pc/runs/cfg-cd4d6395/cantilever/t0/wire.png
wrote bench/campaigns/advisor-batch-1-s4-hunter-pc/runs/cfg-cd4d6395/cylinder/t0/wire.png
wrote bench/campaigns/advisor-batch-1-s4-hunter-pc/runs/cfg-cd4d6395/plate_hole/t0/wire.png
wrote bench/campaigns/advisor-batch-1-s4-hunter-pc/runs/cfg-cd4d6395/smoke_bar/t0/wire.png
wrote bench/campaigns/advisor-batch-1-s4-hunter-pc/runs/cfg-cd4d6395/sphere/t0/wire.png
wrote bench/campaigns/advisor-batch-1-s4-hunter-pc/runs/cfg-d09ca47d/cantilever/t0/wire.png
wrote bench/campaigns/advisor-batch-1-s4-hunter-pc/runs/cfg-d09ca47d/cylinder/t0/wire.png
wrote bench/campaigns/advisor-batch-1-s4-hunter-pc/runs/cfg-d09ca47d/smoke_bar/t0/wire.png
wrote bench/campaigns/advisor-batch-1-s4-hunter-pc/runs/cfg-d7995871/cantilever/t0/wire.png
wrote bench/campaigns/advisor-batch-1-s4-hunter-pc/runs/cfg-d7995871/cylinder/t0/wire.png
wrote bench/campaigns/advisor-batch-1-s4-hunter-pc/runs/cfg-d7995871/smoke_bar/t0/wire.png
wrote bench/campaigns/advisor-batch-1-s4-hunter-pc/runs/cfg-dc15301a/cantilever/t0/wire.png
wrote bench/campaigns/advisor-batch-1-s4-hunter-pc/runs/cfg-dc15301a/cylinder/t0/wire.png
wrote bench/campaigns/advisor-batch-1-s4-hunter-pc/runs/cfg-dc15301a/plate_hole/t0/wire.png
wrote bench/campaigns/advisor-batch-1-s4-hunter-pc/runs/cfg-dc15301a/smoke_bar/t0/wire.png
wrote bench/campaigns/advisor-batch-1-s4-hunter-pc/runs/cfg-dc15301a/sphere/t0/wire.png
wrote bench/campaigns/advisor-batch-1-s4-hunter-pc/runs/cfg-e925a143/cantilever/t0/wire.png
wrote bench/campaigns/advisor-batch-1-s4-hunter-pc/runs/cfg-e925a143/cylinder/t0/wire.png
wrote bench/campaigns/advisor-batch-1-s4-hunter-pc/runs/cfg-e925a143/icecream_cone/t0/wire.png
wrote bench/campaigns/advisor-batch-1-s4-hunter-pc/runs/cfg-e925a143/plate_hole/t0/wire.png
wrote bench/campaigns/advisor-batch-1-s4-hunter-pc/runs/cfg-e925a143/smoke_bar/t0/wire.png
wrote bench/campaigns/advisor-batch-1-s4-hunter-pc/runs/cfg-e925a143/sphere/t0/wire.png
wrote bench/campaigns/advisor-batch-1-s4-hunter-pc/runs/cfg-f544dcbe/cantilever/t0/wire.png
wrote bench/campaigns/advisor-batch-1-s4-hunter-pc/runs/cfg-f544dcbe/cylinder/t0/wire.png
wrote bench/campaigns/advisor-batch-1-s4-hunter-pc/runs/cfg-f544dcbe/plate_hole/t0/wire.png
wrote bench/campaigns/advisor-batch-1-s4-hunter-pc/runs/cfg-f544dcbe/smoke_bar/t0/wire.png
wrote bench/campaigns/advisor-batch-1-s4-hunter-pc/runs/cfg-f544dcbe/sphere/t0/wire.png
wrote bench/campaigns/advisor-batch-1-s4-hunter-pc/runs/cfg-fa658f93/cantilever/t0/wire.png
wrote bench/campaigns/advisor-batch-1-s4-hunter-pc/runs/cfg-fa658f93/cylinder/t0/wire.png
wrote bench/campaigns/advisor-batch-1-s4-hunter-pc/runs/cfg-fa658f93/plate_hole/t0/wire.png
wrote bench/campaigns/advisor-batch-1-s4-hunter-pc/runs/cfg-fa658f93/smoke_bar/t0/wire.png
wrote bench/campaigns/advisor-batch-1-s4-hunter-pc/runs/cfg-fa658f93/sphere/t0/wire.png
wrote bench/campaigns/advisor-batch-1-s4-hunter-pc/runs/cfg-fd1b959a/cantilever/t0/wire.png
wrote bench/campaigns/advisor-batch-1-s4-hunter-pc/runs/cfg-fd1b959a/cylinder/t0/wire.png
wrote bench/campaigns/advisor-batch-1-s4-hunter-pc/runs/cfg-fd1b959a/plate_hole/t0/wire.png
wrote bench/campaigns/advisor-batch-1-s4-hunter-pc/runs/cfg-fd1b959a/smoke_bar/t0/wire.png
wrote bench/campaigns/advisor-batch-1-s4-hunter-pc/runs/cfg-fd1b959a/sphere/t0/wire.png
wrote bench/campaigns/advisor-batch-1-s4-hunter-pc/runs/cfg-fe6fce41/cantilever/t0/wire.png
wrote bench/campaigns/advisor-batch-1-s4-hunter-pc/runs/cfg-fe6fce41/cylinder/t0/wire.png
wrote bench/campaigns/advisor-batch-1-s4-hunter-pc/runs/cfg-fe6fce41/icecream_cone/t0/wire.png
wrote bench/campaigns/advisor-batch-1-s4-hunter-pc/runs/cfg-fe6fce41/plate_hole/t0/wire.png
wrote bench/campaigns/advisor-batch-1-s4-hunter-pc/runs/cfg-fe6fce41/smoke_bar/t0/wire.png
wrote bench/campaigns/advisor-batch-1-s4-hunter-pc/runs/cfg-fe6fce41/sphere/t0/wire.png
warehouse_shots: 227 rendered, 0 skipped (exists), 0 failed (227 mesh.vtu total)
finished: 288 runs → /home/hunter/Desktop/Polyhedral-FEA/bench/campaigns/advisor-batch-1-s4-hunter-pc/results.jsonl
=== exit 0 after 818.8s
