campaign advisor-batch-new-families-spine-s1: 6 configs, 24 parts, 1 tiers
  max_run_wall_s=180 (override all tiers)
  max_pack_wall_s=21600
tier 0: h_scale=1 keep_frac=1 survivors=2 max_run_wall_s=180
  run cfg-98213771 part=tube_s0_c0 tier=0 ...
  run cfg-98213771 part=tube_s0_c1 tier=0 ...
  run cfg-98213771 part=tube_s0_c2 tier=0 ...
  run cfg-98213771 part=tube_s1_c0 tier=0 ...
  run cfg-98213771 part=tube_s1_c1 tier=0 ...
  run cfg-98213771 part=tube_s1_c2 tier=0 ...
  run cfg-98213771 part=tube_s2_c0 tier=0 ...
  run cfg-98213771 part=tube_s2_c1 tier=0 ...
  run cfg-98213771 part=tube_s2_c2 tier=0 ...
  run cfg-98213771 part=tube_s3_c0 tier=0 ...
  run cfg-98213771 part=tube_s3_c1 tier=0 ...
  run cfg-98213771 part=tube_s3_c2 tier=0 ...
  run cfg-98213771 part=perforated_plate_s0_c0 tier=0 ...
  run cfg-98213771 part=perforated_plate_s0_c1 tier=0 ...
  run cfg-98213771 part=perforated_plate_s0_c2 tier=0 ...
  run cfg-98213771 part=perforated_plate_s1_c0 tier=0 ...
  run cfg-98213771 part=perforated_plate_s1_c1 tier=0 ...
  run cfg-98213771 part=perforated_plate_s1_c2 tier=0 ...
  run cfg-98213771 part=perforated_plate_s2_c0 tier=0 ...
  run cfg-98213771 part=perforated_plate_s2_c1 tier=0 ...
  run cfg-98213771 part=perforated_plate_s2_c2 tier=0 ...
  run cfg-98213771 part=perforated_plate_s3_c0 tier=0 ...
  run cfg-98213771 part=perforated_plate_s3_c1 tier=0 ...
  run cfg-98213771 part=perforated_plate_s3_c2 tier=0 ...
  run cfg-0bb3d03f part=tube_s0_c0 tier=0 ...
  run cfg-0bb3d03f part=tube_s0_c1 tier=0 ...
  run cfg-0bb3d03f part=tube_s0_c2 tier=0 ...
  run cfg-0bb3d03f part=tube_s1_c0 tier=0 ...
  run cfg-0bb3d03f part=tube_s1_c1 tier=0 ...
  run cfg-0bb3d03f part=tube_s1_c2 tier=0 ...
  run cfg-0bb3d03f part=tube_s2_c0 tier=0 ...
  run cfg-0bb3d03f part=tube_s2_c1 tier=0 ...
  run cfg-0bb3d03f part=tube_s2_c2 tier=0 ...
  run cfg-0bb3d03f part=tube_s3_c0 tier=0 ...
  run cfg-0bb3d03f part=tube_s3_c1 tier=0 ...
  run cfg-0bb3d03f part=tube_s3_c2 tier=0 ...
  run cfg-0bb3d03f part=perforated_plate_s0_c0 tier=0 ...
  run cfg-0bb3d03f part=perforated_plate_s0_c1 tier=0 ...
  run cfg-0bb3d03f part=perforated_plate_s0_c2 tier=0 ...
  run cfg-0bb3d03f part=perforated_plate_s1_c0 tier=0 ...
  run cfg-0bb3d03f part=perforated_plate_s1_c1 tier=0 ...
  run cfg-0bb3d03f part=perforated_plate_s1_c2 tier=0 ...
  run cfg-0bb3d03f part=perforated_plate_s2_c0 tier=0 ...
  run cfg-0bb3d03f part=perforated_plate_s2_c1 tier=0 ...
  run cfg-0bb3d03f part=perforated_plate_s2_c2 tier=0 ...
  run cfg-0bb3d03f part=perforated_plate_s3_c0 tier=0 ...
  run cfg-0bb3d03f part=perforated_plate_s3_c1 tier=0 ...
  run cfg-0bb3d03f part=perforated_plate_s3_c2 tier=0 ...
Could not find platform independent libraries <prefix>
Traceback (most recent call last):
  File "C:\Users\Yakub\desktop\Polyhedral-FEA\scripts\warehouse_shots.py", line 37, in <module>
    from vtu_wire_png import NO_FEATURE_EXIT  # noqa: E402
    ^^^^^^^^^^^^^^^^^^^^^^^^^^^^^^^^^^^^^^^^
  File "C:\Users\Yakub\Desktop\Polyhedral-FEA\scripts\vtu_wire_png.py", line 23, in <module>
    import figstyle as fs  # noqa: E402
    ^^^^^^^^^^^^^^^^^^^^^
  File "C:\Users\Yakub\Desktop\Polyhedral-FEA\scripts\figstyle.py", line 48, in <module>
    import numpy as np
ModuleNotFoundError: No module named 'numpy'
on_finish warehouse_shots exited 1
finished: 48 runs → bench/campaigns/advisor-batch-new-families-spine-s1\results.jsonl
