
=== 2026-08-18T03:07:58Z OMP_NUM_THREADS=2 :: /home/hunter/Desktop/Polyhedral-FEA/build/apps/testlab/polymesh_testlab resume /home/hunter/Desktop/Polyhedral-FEA/bench/campaigns/advisor-batch-3-s2-hunter-pc
campaign advisor-batch-3-s2-hunter-pc: 16 configs, 36 parts, 1 tiers
  max_run_wall_s=180 (override all tiers)
  max_pack_wall_s=21600
tier 0: h_scale=1 keep_frac=1 survivors=3 max_run_wall_s=180
  run cfg-e04b39c3 part=box_hole_s0_c0 tier=0 ...
  run cfg-e04b39c3 part=box_hole_s0_c1 tier=0 ...
  run cfg-e04b39c3 part=box_hole_s0_c2 tier=0 ...
  run cfg-e04b39c3 part=box_hole_s2_c0 tier=0 ...
  run cfg-e04b39c3 part=box_hole_s2_c1 tier=0 ...
  run cfg-e04b39c3 part=box_hole_s2_c2 tier=0 ...
  run cfg-e04b39c3 part=channel_s0_c0 tier=0 ...
  run cfg-e04b39c3 part=channel_s0_c1 tier=0 ...
  run cfg-e04b39c3 part=channel_s0_c2 tier=0 ...
  run cfg-e04b39c3 part=channel_s2_c0 tier=0 ...
  run cfg-e04b39c3 part=channel_s2_c1 tier=0 ...
  run cfg-e04b39c3 part=channel_s2_c2 tier=0 ...
  run cfg-e04b39c3 part=l_bracket_s0_c0 tier=0 ...
  run cfg-e04b39c3 part=l_bracket_s0_c1 tier=0 ...
  run cfg-e04b39c3 part=l_bracket_s0_c2 tier=0 ...
  run cfg-e04b39c3 part=l_bracket_s2_c0 tier=0 ...
  run cfg-e04b39c3 part=l_bracket_s2_c1 tier=0 ...
  run cfg-e04b39c3 part=l_bracket_s2_c2 tier=0 ...
  run cfg-e04b39c3 part=plate_notch_s0_c0 tier=0 ...
  run cfg-e04b39c3 part=plate_notch_s0_c1 tier=0 ...
  run cfg-e04b39c3 part=plate_notch_s0_c2 tier=0 ...
  run cfg-e04b39c3 part=plate_notch_s2_c0 tier=0 ...
  run cfg-e04b39c3 part=plate_notch_s2_c1 tier=0 ...
  run cfg-e04b39c3 part=plate_notch_s2_c2 tier=0 ...
  run cfg-e04b39c3 part=sphere_box_s0_c0 tier=0 ...
  run cfg-e04b39c3 part=sphere_box_s0_c1 tier=0 ...
  run cfg-e04b39c3 part=sphere_box_s0_c2 tier=0 ...
  run cfg-e04b39c3 part=sphere_box_s2_c0 tier=0 ...
  run cfg-e04b39c3 part=sphere_box_s2_c1 tier=0 ...
  run cfg-e04b39c3 part=sphere_box_s2_c2 tier=0 ...
  run cfg-e04b39c3 part=stepped_shaft_s0_c0 tier=0 ...
  run cfg-e04b39c3 part=stepped_shaft_s0_c1 tier=0 ...
  run cfg-e04b39c3 part=stepped_shaft_s0_c2 tier=0 ...
  run cfg-e04b39c3 part=stepped_shaft_s2_c0 tier=0 ...
  run cfg-e04b39c3 part=stepped_shaft_s2_c1 tier=0 ...
  run cfg-e04b39c3 part=stepped_shaft_s2_c2 tier=0 ...
  run cfg-1a7537a4 part=box_hole_s0_c0 tier=0 ...
  run cfg-1a7537a4 part=box_hole_s0_c1 tier=0 ...
  run cfg-1a7537a4 part=box_hole_s0_c2 tier=0 ...
  run cfg-1a7537a4 part=box_hole_s2_c0 tier=0 ...
  run cfg-1a7537a4 part=box_hole_s2_c1 tier=0 ...
  run cfg-1a7537a4 part=box_hole_s2_c2 tier=0 ...
  run cfg-1a7537a4 part=channel_s0_c0 tier=0 ...
  run cfg-1a7537a4 part=channel_s0_c1 tier=0 ...
  run cfg-1a7537a4 part=channel_s0_c2 tier=0 ...
  run cfg-1a7537a4 part=channel_s2_c0 tier=0 ...
  run cfg-1a7537a4 part=channel_s2_c1 tier=0 ...
  run cfg-1a7537a4 part=channel_s2_c2 tier=0 ...
  run cfg-1a7537a4 part=l_bracket_s0_c0 tier=0 ...
  run cfg-1a7537a4 part=l_bracket_s0_c1 tier=0 ...
  run cfg-1a7537a4 part=l_bracket_s0_c2 tier=0 ...
  run cfg-1a7537a4 part=l_bracket_s2_c0 tier=0 ...
  run cfg-1a7537a4 part=l_bracket_s2_c1 tier=0 ...
  run cfg-1a7537a4 part=l_bracket_s2_c2 tier=0 ...
  run cfg-1a7537a4 part=plate_notch_s0_c0 tier=0 ...
  run cfg-1a7537a4 part=plate_notch_s0_c1 tier=0 ...
  run cfg-1a7537a4 part=plate_notch_s0_c2 tier=0 ...
  run cfg-1a7537a4 part=plate_notch_s2_c0 tier=0 ...
  run cfg-1a7537a4 part=plate_notch_s2_c1 tier=0 ...
  run cfg-1a7537a4 part=plate_notch_s2_c2 tier=0 ...
  run cfg-1a7537a4 part=sphere_box_s0_c0 tier=0 ...
  run cfg-1a7537a4 part=sphere_box_s0_c1 tier=0 ...
  run cfg-1a7537a4 part=sphere_box_s0_c2 tier=0 ...
  run cfg-1a7537a4 part=sphere_box_s2_c0 tier=0 ...
  run cfg-1a7537a4 part=sphere_box_s2_c1 tier=0 ...
  run cfg-1a7537a4 part=sphere_box_s2_c2 tier=0 ...
  run cfg-1a7537a4 part=stepped_shaft_s0_c0 tier=0 ...
  run cfg-1a7537a4 part=stepped_shaft_s0_c1 tier=0 ...
  run cfg-1a7537a4 part=stepped_shaft_s0_c2 tier=0 ...
  run cfg-1a7537a4 part=stepped_shaft_s2_c0 tier=0 ...
  run cfg-1a7537a4 part=stepped_shaft_s2_c1 tier=0 ...
  run cfg-1a7537a4 part=stepped_shaft_s2_c2 tier=0 ...
  run cfg-a1ad5ec9 part=box_hole_s0_c0 tier=0 ...
  run cfg-a1ad5ec9 part=box_hole_s0_c1 tier=0 ...
  run cfg-a1ad5ec9 part=box_hole_s0_c2 tier=0 ...
  run cfg-a1ad5ec9 part=box_hole_s2_c0 tier=0 ...
  run cfg-a1ad5ec9 part=box_hole_s2_c1 tier=0 ...
  run cfg-a1ad5ec9 part=box_hole_s2_c2 tier=0 ...
  run cfg-a1ad5ec9 part=channel_s0_c0 tier=0 ...
  run cfg-a1ad5ec9 part=channel_s0_c1 tier=0 ...
  run cfg-a1ad5ec9 part=channel_s0_c2 tier=0 ...
  run cfg-a1ad5ec9 part=channel_s2_c0 tier=0 ...
  run cfg-a1ad5ec9 part=channel_s2_c1 tier=0 ...
  run cfg-a1ad5ec9 part=channel_s2_c2 tier=0 ...
  run cfg-a1ad5ec9 part=l_bracket_s0_c0 tier=0 ...
  run cfg-a1ad5ec9 part=l_bracket_s0_c1 tier=0 ...
  run cfg-a1ad5ec9 part=l_bracket_s0_c2 tier=0 ...
  run cfg-a1ad5ec9 part=l_bracket_s2_c0 tier=0 ...
  run cfg-a1ad5ec9 part=l_bracket_s2_c1 tier=0 ...
  run cfg-a1ad5ec9 part=l_bracket_s2_c2 tier=0 ...
  run cfg-a1ad5ec9 part=plate_notch_s0_c0 tier=0 ...
  run cfg-a1ad5ec9 part=plate_notch_s0_c1 tier=0 ...
  run cfg-a1ad5ec9 part=plate_notch_s0_c2 tier=0 ...
  run cfg-a1ad5ec9 part=plate_notch_s2_c0 tier=0 ...
  run cfg-a1ad5ec9 part=plate_notch_s2_c1 tier=0 ...
  run cfg-a1ad5ec9 part=plate_notch_s2_c2 tier=0 ...
  run cfg-a1ad5ec9 part=sphere_box_s0_c0 tier=0 ...
  run cfg-a1ad5ec9 part=sphere_box_s0_c1 tier=0 ...
  run cfg-a1ad5ec9 part=sphere_box_s0_c2 tier=0 ...
  run cfg-a1ad5ec9 part=sphere_box_s2_c0 tier=0 ...
  run cfg-a1ad5ec9 part=sphere_box_s2_c1 tier=0 ...
  run cfg-a1ad5ec9 part=sphere_box_s2_c2 tier=0 ...
  run cfg-a1ad5ec9 part=stepped_shaft_s0_c0 tier=0 ...
  run cfg-a1ad5ec9 part=stepped_shaft_s0_c1 tier=0 ...
  run cfg-a1ad5ec9 part=stepped_shaft_s0_c2 tier=0 ...
  run cfg-a1ad5ec9 part=stepped_shaft_s2_c0 tier=0 ...
  run cfg-a1ad5ec9 part=stepped_shaft_s2_c1 tier=0 ...
  run cfg-a1ad5ec9 part=stepped_shaft_s2_c2 tier=0 ...
wrote bench/campaigns/advisor-batch-3-s2-hunter-pc/runs/cfg-1a7537a4/box_hole_s0_c0/t0/wire.png
wrote bench/campaigns/advisor-batch-3-s2-hunter-pc/runs/cfg-1a7537a4/box_hole_s0_c1/t0/wire.png
wrote bench/campaigns/advisor-batch-3-s2-hunter-pc/runs/cfg-1a7537a4/box_hole_s0_c2/t0/wire.png
wrote bench/campaigns/advisor-batch-3-s2-hunter-pc/runs/cfg-1a7537a4/channel_s0_c0/t0/wire.png
wrote bench/campaigns/advisor-batch-3-s2-hunter-pc/runs/cfg-1a7537a4/channel_s0_c1/t0/wire.png
wrote bench/campaigns/advisor-batch-3-s2-hunter-pc/runs/cfg-1a7537a4/channel_s0_c2/t0/wire.png
wrote bench/campaigns/advisor-batch-3-s2-hunter-pc/runs/cfg-1a7537a4/l_bracket_s0_c0/t0/wire.png
wrote bench/campaigns/advisor-batch-3-s2-hunter-pc/runs/cfg-1a7537a4/l_bracket_s0_c1/t0/wire.png
wrote bench/campaigns/advisor-batch-3-s2-hunter-pc/runs/cfg-1a7537a4/l_bracket_s0_c2/t0/wire.png
wrote bench/campaigns/advisor-batch-3-s2-hunter-pc/runs/cfg-1a7537a4/l_bracket_s2_c0/t0/wire.png
wrote bench/campaigns/advisor-batch-3-s2-hunter-pc/runs/cfg-1a7537a4/l_bracket_s2_c1/t0/wire.png
wrote bench/campaigns/advisor-batch-3-s2-hunter-pc/runs/cfg-1a7537a4/l_bracket_s2_c2/t0/wire.png
wrote bench/campaigns/advisor-batch-3-s2-hunter-pc/runs/cfg-1a7537a4/plate_notch_s0_c0/t0/wire.png
wrote bench/campaigns/advisor-batch-3-s2-hunter-pc/runs/cfg-1a7537a4/plate_notch_s0_c1/t0/wire.png
wrote bench/campaigns/advisor-batch-3-s2-hunter-pc/runs/cfg-1a7537a4/plate_notch_s0_c2/t0/wire.png
wrote bench/campaigns/advisor-batch-3-s2-hunter-pc/runs/cfg-1a7537a4/plate_notch_s2_c0/t0/wire.png
wrote bench/campaigns/advisor-batch-3-s2-hunter-pc/runs/cfg-1a7537a4/plate_notch_s2_c1/t0/wire.png
wrote bench/campaigns/advisor-batch-3-s2-hunter-pc/runs/cfg-1a7537a4/plate_notch_s2_c2/t0/wire.png
wrote bench/campaigns/advisor-batch-3-s2-hunter-pc/runs/cfg-1a7537a4/sphere_box_s0_c0/t0/wire.png
wrote bench/campaigns/advisor-batch-3-s2-hunter-pc/runs/cfg-1a7537a4/sphere_box_s0_c1/t0/wire.png
wrote bench/campaigns/advisor-batch-3-s2-hunter-pc/runs/cfg-1a7537a4/sphere_box_s0_c2/t0/wire.png
wrote bench/campaigns/advisor-batch-3-s2-hunter-pc/runs/cfg-1a7537a4/sphere_box_s2_c0/t0/wire.png
wrote bench/campaigns/advisor-batch-3-s2-hunter-pc/runs/cfg-1a7537a4/sphere_box_s2_c1/t0/wire.png
wrote bench/campaigns/advisor-batch-3-s2-hunter-pc/runs/cfg-1a7537a4/sphere_box_s2_c2/t0/wire.png
wrote bench/campaigns/advisor-batch-3-s2-hunter-pc/runs/cfg-a1ad5ec9/box_hole_s0_c0/t0/wire.png
wrote bench/campaigns/advisor-batch-3-s2-hunter-pc/runs/cfg-a1ad5ec9/box_hole_s0_c1/t0/wire.png
wrote bench/campaigns/advisor-batch-3-s2-hunter-pc/runs/cfg-a1ad5ec9/box_hole_s0_c2/t0/wire.png
wrote bench/campaigns/advisor-batch-3-s2-hunter-pc/runs/cfg-a1ad5ec9/channel_s0_c0/t0/wire.png
wrote bench/campaigns/advisor-batch-3-s2-hunter-pc/runs/cfg-a1ad5ec9/channel_s0_c1/t0/wire.png
wrote bench/campaigns/advisor-batch-3-s2-hunter-pc/runs/cfg-a1ad5ec9/channel_s0_c2/t0/wire.png
wrote bench/campaigns/advisor-batch-3-s2-hunter-pc/runs/cfg-a1ad5ec9/l_bracket_s0_c0/t0/wire.png
wrote bench/campaigns/advisor-batch-3-s2-hunter-pc/runs/cfg-a1ad5ec9/l_bracket_s0_c1/t0/wire.png
wrote bench/campaigns/advisor-batch-3-s2-hunter-pc/runs/cfg-a1ad5ec9/l_bracket_s0_c2/t0/wire.png
wrote bench/campaigns/advisor-batch-3-s2-hunter-pc/runs/cfg-a1ad5ec9/l_bracket_s2_c0/t0/wire.png
wrote bench/campaigns/advisor-batch-3-s2-hunter-pc/runs/cfg-a1ad5ec9/l_bracket_s2_c1/t0/wire.png
wrote bench/campaigns/advisor-batch-3-s2-hunter-pc/runs/cfg-a1ad5ec9/l_bracket_s2_c2/t0/wire.png
wrote bench/campaigns/advisor-batch-3-s2-hunter-pc/runs/cfg-a1ad5ec9/plate_notch_s0_c0/t0/wire.png
wrote bench/campaigns/advisor-batch-3-s2-hunter-pc/runs/cfg-a1ad5ec9/plate_notch_s0_c1/t0/wire.png
wrote bench/campaigns/advisor-batch-3-s2-hunter-pc/runs/cfg-a1ad5ec9/plate_notch_s0_c2/t0/wire.png
wrote bench/campaigns/advisor-batch-3-s2-hunter-pc/runs/cfg-a1ad5ec9/plate_notch_s2_c0/t0/wire.png
wrote bench/campaigns/advisor-batch-3-s2-hunter-pc/runs/cfg-a1ad5ec9/plate_notch_s2_c1/t0/wire.png
wrote bench/campaigns/advisor-batch-3-s2-hunter-pc/runs/cfg-a1ad5ec9/plate_notch_s2_c2/t0/wire.png
wrote bench/campaigns/advisor-batch-3-s2-hunter-pc/runs/cfg-a1ad5ec9/sphere_box_s0_c0/t0/wire.png
wrote bench/campaigns/advisor-batch-3-s2-hunter-pc/runs/cfg-a1ad5ec9/sphere_box_s0_c1/t0/wire.png
wrote bench/campaigns/advisor-batch-3-s2-hunter-pc/runs/cfg-a1ad5ec9/sphere_box_s0_c2/t0/wire.png
wrote bench/campaigns/advisor-batch-3-s2-hunter-pc/runs/cfg-a1ad5ec9/sphere_box_s2_c0/t0/wire.png
wrote bench/campaigns/advisor-batch-3-s2-hunter-pc/runs/cfg-a1ad5ec9/sphere_box_s2_c1/t0/wire.png
wrote bench/campaigns/advisor-batch-3-s2-hunter-pc/runs/cfg-a1ad5ec9/sphere_box_s2_c2/t0/wire.png
wrote bench/campaigns/advisor-batch-3-s2-hunter-pc/runs/cfg-e04b39c3/box_hole_s0_c0/t0/wire.png
wrote bench/campaigns/advisor-batch-3-s2-hunter-pc/runs/cfg-e04b39c3/box_hole_s0_c1/t0/wire.png
wrote bench/campaigns/advisor-batch-3-s2-hunter-pc/runs/cfg-e04b39c3/box_hole_s0_c2/t0/wire.png
wrote bench/campaigns/advisor-batch-3-s2-hunter-pc/runs/cfg-e04b39c3/channel_s0_c0/t0/wire.png
wrote bench/campaigns/advisor-batch-3-s2-hunter-pc/runs/cfg-e04b39c3/channel_s0_c1/t0/wire.png
wrote bench/campaigns/advisor-batch-3-s2-hunter-pc/runs/cfg-e04b39c3/channel_s0_c2/t0/wire.png
wrote bench/campaigns/advisor-batch-3-s2-hunter-pc/runs/cfg-e04b39c3/l_bracket_s0_c0/t0/wire.png
wrote bench/campaigns/advisor-batch-3-s2-hunter-pc/runs/cfg-e04b39c3/l_bracket_s0_c1/t0/wire.png
wrote bench/campaigns/advisor-batch-3-s2-hunter-pc/runs/cfg-e04b39c3/l_bracket_s0_c2/t0/wire.png
wrote bench/campaigns/advisor-batch-3-s2-hunter-pc/runs/cfg-e04b39c3/l_bracket_s2_c0/t0/wire.png
wrote bench/campaigns/advisor-batch-3-s2-hunter-pc/runs/cfg-e04b39c3/l_bracket_s2_c1/t0/wire.png
wrote bench/campaigns/advisor-batch-3-s2-hunter-pc/runs/cfg-e04b39c3/l_bracket_s2_c2/t0/wire.png
wrote bench/campaigns/advisor-batch-3-s2-hunter-pc/runs/cfg-e04b39c3/plate_notch_s0_c0/t0/wire.png
wrote bench/campaigns/advisor-batch-3-s2-hunter-pc/runs/cfg-e04b39c3/plate_notch_s0_c1/t0/wire.png
wrote bench/campaigns/advisor-batch-3-s2-hunter-pc/runs/cfg-e04b39c3/plate_notch_s0_c2/t0/wire.png
wrote bench/campaigns/advisor-batch-3-s2-hunter-pc/runs/cfg-e04b39c3/plate_notch_s2_c0/t0/wire.png
wrote bench/campaigns/advisor-batch-3-s2-hunter-pc/runs/cfg-e04b39c3/plate_notch_s2_c1/t0/wire.png
wrote bench/campaigns/advisor-batch-3-s2-hunter-pc/runs/cfg-e04b39c3/plate_notch_s2_c2/t0/wire.png
wrote bench/campaigns/advisor-batch-3-s2-hunter-pc/runs/cfg-e04b39c3/sphere_box_s0_c0/t0/wire.png
wrote bench/campaigns/advisor-batch-3-s2-hunter-pc/runs/cfg-e04b39c3/sphere_box_s0_c1/t0/wire.png
wrote bench/campaigns/advisor-batch-3-s2-hunter-pc/runs/cfg-e04b39c3/sphere_box_s0_c2/t0/wire.png
wrote bench/campaigns/advisor-batch-3-s2-hunter-pc/runs/cfg-e04b39c3/sphere_box_s2_c0/t0/wire.png
wrote bench/campaigns/advisor-batch-3-s2-hunter-pc/runs/cfg-e04b39c3/sphere_box_s2_c1/t0/wire.png
wrote bench/campaigns/advisor-batch-3-s2-hunter-pc/runs/cfg-e04b39c3/sphere_box_s2_c2/t0/wire.png
warehouse_shots: 72 rendered, 0 skipped (exists), 0 failed (72 mesh.vtu total)
finished: 108 runs → /home/hunter/Desktop/Polyhedral-FEA/bench/campaigns/advisor-batch-3-s2-hunter-pc/results.jsonl
=== exit 0 after 490.6s
