
=== 2026-08-17T17:47:46Z OMP_NUM_THREADS=2 :: /home/hunter/Desktop/Polyhedral-FEA/build/apps/testlab/polymesh_testlab resume /home/hunter/Desktop/Polyhedral-FEA/bench/campaigns/advisor-batch-2-s3-hunter-pc
campaign advisor-batch-2-s3-hunter-pc: 32 configs, 36 parts, 1 tiers
  max_run_wall_s=180 (override all tiers)
  max_pack_wall_s=21600
tier 0: h_scale=1 keep_frac=1 survivors=5 max_run_wall_s=180
  run cfg-16df753f part=box_hole_s0_c0 tier=0 ...
  run cfg-16df753f part=box_hole_s0_c1 tier=0 ...
  run cfg-16df753f part=box_hole_s0_c2 tier=0 ...
  run cfg-16df753f part=box_hole_s2_c0 tier=0 ...
  run cfg-16df753f part=box_hole_s2_c1 tier=0 ...
  run cfg-16df753f part=box_hole_s2_c2 tier=0 ...
  run cfg-16df753f part=channel_s0_c0 tier=0 ...
  run cfg-16df753f part=channel_s0_c1 tier=0 ...
  run cfg-16df753f part=channel_s0_c2 tier=0 ...
  run cfg-16df753f part=channel_s2_c0 tier=0 ...
  run cfg-16df753f part=channel_s2_c1 tier=0 ...
  run cfg-16df753f part=channel_s2_c2 tier=0 ...
  run cfg-16df753f part=l_bracket_s0_c0 tier=0 ...
  run cfg-16df753f part=l_bracket_s0_c1 tier=0 ...
  run cfg-16df753f part=l_bracket_s0_c2 tier=0 ...
  run cfg-16df753f part=l_bracket_s2_c0 tier=0 ...
  run cfg-16df753f part=l_bracket_s2_c1 tier=0 ...
  run cfg-16df753f part=l_bracket_s2_c2 tier=0 ...
  run cfg-16df753f part=plate_notch_s0_c0 tier=0 ...
  run cfg-16df753f part=plate_notch_s0_c1 tier=0 ...
  run cfg-16df753f part=plate_notch_s0_c2 tier=0 ...
  run cfg-16df753f part=plate_notch_s2_c0 tier=0 ...
  run cfg-16df753f part=plate_notch_s2_c1 tier=0 ...
  run cfg-16df753f part=plate_notch_s2_c2 tier=0 ...
  run cfg-16df753f part=sphere_box_s0_c0 tier=0 ...
  run cfg-16df753f part=sphere_box_s0_c1 tier=0 ...
  run cfg-16df753f part=sphere_box_s0_c2 tier=0 ...
  run cfg-16df753f part=sphere_box_s2_c0 tier=0 ...
  run cfg-16df753f part=sphere_box_s2_c1 tier=0 ...
  run cfg-16df753f part=sphere_box_s2_c2 tier=0 ...
  run cfg-16df753f part=stepped_shaft_s0_c0 tier=0 ...
  run cfg-16df753f part=stepped_shaft_s0_c1 tier=0 ...
  run cfg-16df753f part=stepped_shaft_s0_c2 tier=0 ...
  run cfg-16df753f part=stepped_shaft_s2_c0 tier=0 ...
  run cfg-16df753f part=stepped_shaft_s2_c1 tier=0 ...
  run cfg-16df753f part=stepped_shaft_s2_c2 tier=0 ...
  run cfg-dadb3b7f part=box_hole_s0_c0 tier=0 ...
  run cfg-dadb3b7f part=box_hole_s0_c1 tier=0 ...
  run cfg-dadb3b7f part=box_hole_s0_c2 tier=0 ...
  run cfg-dadb3b7f part=box_hole_s2_c0 tier=0 ...
  run cfg-dadb3b7f part=box_hole_s2_c1 tier=0 ...
  run cfg-dadb3b7f part=box_hole_s2_c2 tier=0 ...
  run cfg-dadb3b7f part=channel_s0_c0 tier=0 ...
  run cfg-dadb3b7f part=channel_s0_c1 tier=0 ...
  run cfg-dadb3b7f part=channel_s0_c2 tier=0 ...
  run cfg-dadb3b7f part=channel_s2_c0 tier=0 ...
  run cfg-dadb3b7f part=channel_s2_c1 tier=0 ...
  run cfg-dadb3b7f part=channel_s2_c2 tier=0 ...
  run cfg-dadb3b7f part=l_bracket_s0_c0 tier=0 ...
  run cfg-dadb3b7f part=l_bracket_s0_c1 tier=0 ...
  run cfg-dadb3b7f part=l_bracket_s0_c2 tier=0 ...
  run cfg-dadb3b7f part=l_bracket_s2_c0 tier=0 ...
  run cfg-dadb3b7f part=l_bracket_s2_c1 tier=0 ...
  run cfg-dadb3b7f part=l_bracket_s2_c2 tier=0 ...
  run cfg-dadb3b7f part=plate_notch_s0_c0 tier=0 ...
  run cfg-dadb3b7f part=plate_notch_s0_c1 tier=0 ...
  run cfg-dadb3b7f part=plate_notch_s0_c2 tier=0 ...
  run cfg-dadb3b7f part=plate_notch_s2_c0 tier=0 ...
  run cfg-dadb3b7f part=plate_notch_s2_c1 tier=0 ...
  run cfg-dadb3b7f part=plate_notch_s2_c2 tier=0 ...
  run cfg-dadb3b7f part=sphere_box_s0_c0 tier=0 ...
  run cfg-dadb3b7f part=sphere_box_s0_c1 tier=0 ...
  run cfg-dadb3b7f part=sphere_box_s0_c2 tier=0 ...
  run cfg-dadb3b7f part=sphere_box_s2_c0 tier=0 ...
  run cfg-dadb3b7f part=sphere_box_s2_c1 tier=0 ...
  run cfg-dadb3b7f part=sphere_box_s2_c2 tier=0 ...
  run cfg-dadb3b7f part=stepped_shaft_s0_c0 tier=0 ...
  run cfg-dadb3b7f part=stepped_shaft_s0_c1 tier=0 ...
  run cfg-dadb3b7f part=stepped_shaft_s0_c2 tier=0 ...
  run cfg-dadb3b7f part=stepped_shaft_s2_c0 tier=0 ...
  run cfg-dadb3b7f part=stepped_shaft_s2_c1 tier=0 ...
  run cfg-dadb3b7f part=stepped_shaft_s2_c2 tier=0 ...
  run cfg-43de06f6 part=box_hole_s0_c0 tier=0 ...
  run cfg-43de06f6 part=box_hole_s0_c1 tier=0 ...
  run cfg-43de06f6 part=box_hole_s0_c2 tier=0 ...
  run cfg-43de06f6 part=box_hole_s2_c0 tier=0 ...
  run cfg-43de06f6 part=box_hole_s2_c1 tier=0 ...
  run cfg-43de06f6 part=box_hole_s2_c2 tier=0 ...
  run cfg-43de06f6 part=channel_s0_c0 tier=0 ...
  run cfg-43de06f6 part=channel_s0_c1 tier=0 ...
  run cfg-43de06f6 part=channel_s0_c2 tier=0 ...
  run cfg-43de06f6 part=channel_s2_c0 tier=0 ...
  run cfg-43de06f6 part=channel_s2_c1 tier=0 ...
  run cfg-43de06f6 part=channel_s2_c2 tier=0 ...
  run cfg-43de06f6 part=l_bracket_s0_c0 tier=0 ...
  run cfg-43de06f6 part=l_bracket_s0_c1 tier=0 ...
  run cfg-43de06f6 part=l_bracket_s0_c2 tier=0 ...
  run cfg-43de06f6 part=l_bracket_s2_c0 tier=0 ...
  run cfg-43de06f6 part=l_bracket_s2_c1 tier=0 ...
  run cfg-43de06f6 part=l_bracket_s2_c2 tier=0 ...
  run cfg-43de06f6 part=plate_notch_s0_c0 tier=0 ...
  run cfg-43de06f6 part=plate_notch_s0_c1 tier=0 ...
  run cfg-43de06f6 part=plate_notch_s0_c2 tier=0 ...
  run cfg-43de06f6 part=plate_notch_s2_c0 tier=0 ...
  run cfg-43de06f6 part=plate_notch_s2_c1 tier=0 ...
  run cfg-43de06f6 part=plate_notch_s2_c2 tier=0 ...
  run cfg-43de06f6 part=sphere_box_s0_c0 tier=0 ...
  run cfg-43de06f6 part=sphere_box_s0_c1 tier=0 ...
  run cfg-43de06f6 part=sphere_box_s0_c2 tier=0 ...
  run cfg-43de06f6 part=sphere_box_s2_c0 tier=0 ...
  run cfg-43de06f6 part=sphere_box_s2_c1 tier=0 ...
  run cfg-43de06f6 part=sphere_box_s2_c2 tier=0 ...
  run cfg-43de06f6 part=stepped_shaft_s0_c0 tier=0 ...
  run cfg-43de06f6 part=stepped_shaft_s0_c1 tier=0 ...
  run cfg-43de06f6 part=stepped_shaft_s0_c2 tier=0 ...
  run cfg-43de06f6 part=stepped_shaft_s2_c0 tier=0 ...
  run cfg-43de06f6 part=stepped_shaft_s2_c1 tier=0 ...
  run cfg-43de06f6 part=stepped_shaft_s2_c2 tier=0 ...
  run cfg-16b3efb3 part=box_hole_s0_c0 tier=0 ...
  run cfg-16b3efb3 part=box_hole_s0_c1 tier=0 ...
  run cfg-16b3efb3 part=box_hole_s0_c2 tier=0 ...
  run cfg-16b3efb3 part=box_hole_s2_c0 tier=0 ...
  run cfg-16b3efb3 part=box_hole_s2_c1 tier=0 ...
  run cfg-16b3efb3 part=box_hole_s2_c2 tier=0 ...
  run cfg-16b3efb3 part=channel_s0_c0 tier=0 ...
  run cfg-16b3efb3 part=channel_s0_c1 tier=0 ...
  run cfg-16b3efb3 part=channel_s0_c2 tier=0 ...
  run cfg-16b3efb3 part=channel_s2_c0 tier=0 ...
  run cfg-16b3efb3 part=channel_s2_c1 tier=0 ...
  run cfg-16b3efb3 part=channel_s2_c2 tier=0 ...
  run cfg-16b3efb3 part=l_bracket_s0_c0 tier=0 ...
  run cfg-16b3efb3 part=l_bracket_s0_c1 tier=0 ...
  run cfg-16b3efb3 part=l_bracket_s0_c2 tier=0 ...
  run cfg-16b3efb3 part=l_bracket_s2_c0 tier=0 ...
  run cfg-16b3efb3 part=l_bracket_s2_c1 tier=0 ...
  run cfg-16b3efb3 part=l_bracket_s2_c2 tier=0 ...
  run cfg-16b3efb3 part=plate_notch_s0_c0 tier=0 ...
  run cfg-16b3efb3 part=plate_notch_s0_c1 tier=0 ...
  run cfg-16b3efb3 part=plate_notch_s0_c2 tier=0 ...
  run cfg-16b3efb3 part=plate_notch_s2_c0 tier=0 ...
  run cfg-16b3efb3 part=plate_notch_s2_c1 tier=0 ...
  run cfg-16b3efb3 part=plate_notch_s2_c2 tier=0 ...
  run cfg-16b3efb3 part=sphere_box_s0_c0 tier=0 ...
  run cfg-16b3efb3 part=sphere_box_s0_c1 tier=0 ...
  run cfg-16b3efb3 part=sphere_box_s0_c2 tier=0 ...
  run cfg-16b3efb3 part=sphere_box_s2_c0 tier=0 ...
  run cfg-16b3efb3 part=sphere_box_s2_c1 tier=0 ...
  run cfg-16b3efb3 part=sphere_box_s2_c2 tier=0 ...
  run cfg-16b3efb3 part=stepped_shaft_s0_c0 tier=0 ...
  run cfg-16b3efb3 part=stepped_shaft_s0_c1 tier=0 ...
  run cfg-16b3efb3 part=stepped_shaft_s0_c2 tier=0 ...
  run cfg-16b3efb3 part=stepped_shaft_s2_c0 tier=0 ...
  run cfg-16b3efb3 part=stepped_shaft_s2_c1 tier=0 ...
  run cfg-16b3efb3 part=stepped_shaft_s2_c2 tier=0 ...
  run cfg-27719197 part=box_hole_s0_c0 tier=0 ...
  run cfg-27719197 part=box_hole_s0_c1 tier=0 ...
  run cfg-27719197 part=box_hole_s0_c2 tier=0 ...
  run cfg-27719197 part=box_hole_s2_c0 tier=0 ...
  run cfg-27719197 part=box_hole_s2_c1 tier=0 ...
  run cfg-27719197 part=box_hole_s2_c2 tier=0 ...
  run cfg-27719197 part=channel_s0_c0 tier=0 ...
  run cfg-27719197 part=channel_s0_c1 tier=0 ...
  run cfg-27719197 part=channel_s0_c2 tier=0 ...
  run cfg-27719197 part=channel_s2_c0 tier=0 ...
  run cfg-27719197 part=channel_s2_c1 tier=0 ...
  run cfg-27719197 part=channel_s2_c2 tier=0 ...
  run cfg-27719197 part=l_bracket_s0_c0 tier=0 ...
  run cfg-27719197 part=l_bracket_s0_c1 tier=0 ...
  run cfg-27719197 part=l_bracket_s0_c2 tier=0 ...
  run cfg-27719197 part=l_bracket_s2_c0 tier=0 ...
  run cfg-27719197 part=l_bracket_s2_c1 tier=0 ...
  run cfg-27719197 part=l_bracket_s2_c2 tier=0 ...
  run cfg-27719197 part=plate_notch_s0_c0 tier=0 ...
  run cfg-27719197 part=plate_notch_s0_c1 tier=0 ...
  run cfg-27719197 part=plate_notch_s0_c2 tier=0 ...
  run cfg-27719197 part=plate_notch_s2_c0 tier=0 ...
  run cfg-27719197 part=plate_notch_s2_c1 tier=0 ...
  run cfg-27719197 part=plate_notch_s2_c2 tier=0 ...
  run cfg-27719197 part=sphere_box_s0_c0 tier=0 ...
  run cfg-27719197 part=sphere_box_s0_c1 tier=0 ...
  run cfg-27719197 part=sphere_box_s0_c2 tier=0 ...
  run cfg-27719197 part=sphere_box_s2_c0 tier=0 ...
  run cfg-27719197 part=sphere_box_s2_c1 tier=0 ...
  run cfg-27719197 part=sphere_box_s2_c2 tier=0 ...
  run cfg-27719197 part=stepped_shaft_s0_c0 tier=0 ...
  run cfg-27719197 part=stepped_shaft_s0_c1 tier=0 ...
  run cfg-27719197 part=stepped_shaft_s0_c2 tier=0 ...
  run cfg-27719197 part=stepped_shaft_s2_c0 tier=0 ...
  run cfg-27719197 part=stepped_shaft_s2_c1 tier=0 ...
  run cfg-27719197 part=stepped_shaft_s2_c2 tier=0 ...
wrote bench/campaigns/advisor-batch-2-s3-hunter-pc/runs/cfg-16b3efb3/box_hole_s0_c0/t0/wire.png
wrote bench/campaigns/advisor-batch-2-s3-hunter-pc/runs/cfg-16b3efb3/box_hole_s0_c1/t0/wire.png
wrote bench/campaigns/advisor-batch-2-s3-hunter-pc/runs/cfg-16b3efb3/box_hole_s0_c2/t0/wire.png
wrote bench/campaigns/advisor-batch-2-s3-hunter-pc/runs/cfg-16b3efb3/channel_s0_c0/t0/wire.png
wrote bench/campaigns/advisor-batch-2-s3-hunter-pc/runs/cfg-16b3efb3/channel_s0_c1/t0/wire.png
wrote bench/campaigns/advisor-batch-2-s3-hunter-pc/runs/cfg-16b3efb3/channel_s0_c2/t0/wire.png
wrote bench/campaigns/advisor-batch-2-s3-hunter-pc/runs/cfg-16b3efb3/l_bracket_s0_c0/t0/wire.png
wrote bench/campaigns/advisor-batch-2-s3-hunter-pc/runs/cfg-16b3efb3/l_bracket_s0_c1/t0/wire.png
wrote bench/campaigns/advisor-batch-2-s3-hunter-pc/runs/cfg-16b3efb3/l_bracket_s0_c2/t0/wire.png
wrote bench/campaigns/advisor-batch-2-s3-hunter-pc/runs/cfg-16b3efb3/l_bracket_s2_c0/t0/wire.png
wrote bench/campaigns/advisor-batch-2-s3-hunter-pc/runs/cfg-16b3efb3/l_bracket_s2_c1/t0/wire.png
wrote bench/campaigns/advisor-batch-2-s3-hunter-pc/runs/cfg-16b3efb3/l_bracket_s2_c2/t0/wire.png
wrote bench/campaigns/advisor-batch-2-s3-hunter-pc/runs/cfg-16b3efb3/plate_notch_s0_c0/t0/wire.png
wrote bench/campaigns/advisor-batch-2-s3-hunter-pc/runs/cfg-16b3efb3/plate_notch_s0_c1/t0/wire.png
wrote bench/campaigns/advisor-batch-2-s3-hunter-pc/runs/cfg-16b3efb3/plate_notch_s0_c2/t0/wire.png
wrote bench/campaigns/advisor-batch-2-s3-hunter-pc/runs/cfg-16b3efb3/plate_notch_s2_c0/t0/wire.png
wrote bench/campaigns/advisor-batch-2-s3-hunter-pc/runs/cfg-16b3efb3/plate_notch_s2_c1/t0/wire.png
wrote bench/campaigns/advisor-batch-2-s3-hunter-pc/runs/cfg-16b3efb3/plate_notch_s2_c2/t0/wire.png
wrote bench/campaigns/advisor-batch-2-s3-hunter-pc/runs/cfg-16b3efb3/sphere_box_s0_c0/t0/wire.png
wrote bench/campaigns/advisor-batch-2-s3-hunter-pc/runs/cfg-16b3efb3/sphere_box_s0_c1/t0/wire.png
wrote bench/campaigns/advisor-batch-2-s3-hunter-pc/runs/cfg-16b3efb3/sphere_box_s0_c2/t0/wire.png
wrote bench/campaigns/advisor-batch-2-s3-hunter-pc/runs/cfg-16df753f/box_hole_s0_c0/t0/wire.png
wrote bench/campaigns/advisor-batch-2-s3-hunter-pc/runs/cfg-16df753f/box_hole_s0_c1/t0/wire.png
wrote bench/campaigns/advisor-batch-2-s3-hunter-pc/runs/cfg-16df753f/box_hole_s0_c2/t0/wire.png
wrote bench/campaigns/advisor-batch-2-s3-hunter-pc/runs/cfg-16df753f/channel_s0_c0/t0/wire.png
wrote bench/campaigns/advisor-batch-2-s3-hunter-pc/runs/cfg-16df753f/channel_s0_c1/t0/wire.png
wrote bench/campaigns/advisor-batch-2-s3-hunter-pc/runs/cfg-16df753f/channel_s0_c2/t0/wire.png
wrote bench/campaigns/advisor-batch-2-s3-hunter-pc/runs/cfg-16df753f/l_bracket_s0_c0/t0/wire.png
wrote bench/campaigns/advisor-batch-2-s3-hunter-pc/runs/cfg-16df753f/l_bracket_s0_c1/t0/wire.png
wrote bench/campaigns/advisor-batch-2-s3-hunter-pc/runs/cfg-16df753f/l_bracket_s0_c2/t0/wire.png
wrote bench/campaigns/advisor-batch-2-s3-hunter-pc/runs/cfg-16df753f/l_bracket_s2_c0/t0/wire.png
wrote bench/campaigns/advisor-batch-2-s3-hunter-pc/runs/cfg-16df753f/l_bracket_s2_c1/t0/wire.png
wrote bench/campaigns/advisor-batch-2-s3-hunter-pc/runs/cfg-16df753f/l_bracket_s2_c2/t0/wire.png
wrote bench/campaigns/advisor-batch-2-s3-hunter-pc/runs/cfg-16df753f/plate_notch_s0_c0/t0/wire.png
wrote bench/campaigns/advisor-batch-2-s3-hunter-pc/runs/cfg-16df753f/plate_notch_s0_c1/t0/wire.png
wrote bench/campaigns/advisor-batch-2-s3-hunter-pc/runs/cfg-16df753f/plate_notch_s0_c2/t0/wire.png
wrote bench/campaigns/advisor-batch-2-s3-hunter-pc/runs/cfg-16df753f/plate_notch_s2_c0/t0/wire.png
wrote bench/campaigns/advisor-batch-2-s3-hunter-pc/runs/cfg-16df753f/plate_notch_s2_c1/t0/wire.png
wrote bench/campaigns/advisor-batch-2-s3-hunter-pc/runs/cfg-16df753f/plate_notch_s2_c2/t0/wire.png
wrote bench/campaigns/advisor-batch-2-s3-hunter-pc/runs/cfg-16df753f/sphere_box_s0_c0/t0/wire.png
wrote bench/campaigns/advisor-batch-2-s3-hunter-pc/runs/cfg-16df753f/sphere_box_s0_c1/t0/wire.png
wrote bench/campaigns/advisor-batch-2-s3-hunter-pc/runs/cfg-16df753f/sphere_box_s0_c2/t0/wire.png
wrote bench/campaigns/advisor-batch-2-s3-hunter-pc/runs/cfg-16df753f/sphere_box_s2_c0/t0/wire.png
wrote bench/campaigns/advisor-batch-2-s3-hunter-pc/runs/cfg-16df753f/sphere_box_s2_c1/t0/wire.png
wrote bench/campaigns/advisor-batch-2-s3-hunter-pc/runs/cfg-16df753f/sphere_box_s2_c2/t0/wire.png
wrote bench/campaigns/advisor-batch-2-s3-hunter-pc/runs/cfg-27719197/l_bracket_s0_c0/t0/wire.png
wrote bench/campaigns/advisor-batch-2-s3-hunter-pc/runs/cfg-27719197/l_bracket_s0_c1/t0/wire.png
wrote bench/campaigns/advisor-batch-2-s3-hunter-pc/runs/cfg-27719197/l_bracket_s0_c2/t0/wire.png
wrote bench/campaigns/advisor-batch-2-s3-hunter-pc/runs/cfg-27719197/l_bracket_s2_c0/t0/wire.png
wrote bench/campaigns/advisor-batch-2-s3-hunter-pc/runs/cfg-27719197/l_bracket_s2_c1/t0/wire.png
wrote bench/campaigns/advisor-batch-2-s3-hunter-pc/runs/cfg-27719197/l_bracket_s2_c2/t0/wire.png
wrote bench/campaigns/advisor-batch-2-s3-hunter-pc/runs/cfg-27719197/sphere_box_s0_c0/t0/wire.png
wrote bench/campaigns/advisor-batch-2-s3-hunter-pc/runs/cfg-27719197/sphere_box_s0_c1/t0/wire.png
wrote bench/campaigns/advisor-batch-2-s3-hunter-pc/runs/cfg-27719197/sphere_box_s0_c2/t0/wire.png
wrote bench/campaigns/advisor-batch-2-s3-hunter-pc/runs/cfg-27719197/sphere_box_s2_c0/t0/wire.png
wrote bench/campaigns/advisor-batch-2-s3-hunter-pc/runs/cfg-27719197/sphere_box_s2_c1/t0/wire.png
wrote bench/campaigns/advisor-batch-2-s3-hunter-pc/runs/cfg-27719197/sphere_box_s2_c2/t0/wire.png
wrote bench/campaigns/advisor-batch-2-s3-hunter-pc/runs/cfg-43de06f6/box_hole_s0_c0/t0/wire.png
wrote bench/campaigns/advisor-batch-2-s3-hunter-pc/runs/cfg-43de06f6/box_hole_s0_c1/t0/wire.png
wrote bench/campaigns/advisor-batch-2-s3-hunter-pc/runs/cfg-43de06f6/box_hole_s0_c2/t0/wire.png
wrote bench/campaigns/advisor-batch-2-s3-hunter-pc/runs/cfg-43de06f6/channel_s0_c0/t0/wire.png
wrote bench/campaigns/advisor-batch-2-s3-hunter-pc/runs/cfg-43de06f6/channel_s0_c1/t0/wire.png
wrote bench/campaigns/advisor-batch-2-s3-hunter-pc/runs/cfg-43de06f6/channel_s0_c2/t0/wire.png
wrote bench/campaigns/advisor-batch-2-s3-hunter-pc/runs/cfg-43de06f6/l_bracket_s0_c0/t0/wire.png
wrote bench/campaigns/advisor-batch-2-s3-hunter-pc/runs/cfg-43de06f6/l_bracket_s0_c1/t0/wire.png
wrote bench/campaigns/advisor-batch-2-s3-hunter-pc/runs/cfg-43de06f6/l_bracket_s0_c2/t0/wire.png
wrote bench/campaigns/advisor-batch-2-s3-hunter-pc/runs/cfg-43de06f6/l_bracket_s2_c0/t0/wire.png
wrote bench/campaigns/advisor-batch-2-s3-hunter-pc/runs/cfg-43de06f6/l_bracket_s2_c1/t0/wire.png
wrote bench/campaigns/advisor-batch-2-s3-hunter-pc/runs/cfg-43de06f6/l_bracket_s2_c2/t0/wire.png
wrote bench/campaigns/advisor-batch-2-s3-hunter-pc/runs/cfg-43de06f6/plate_notch_s0_c0/t0/wire.png
wrote bench/campaigns/advisor-batch-2-s3-hunter-pc/runs/cfg-43de06f6/plate_notch_s0_c1/t0/wire.png
wrote bench/campaigns/advisor-batch-2-s3-hunter-pc/runs/cfg-43de06f6/plate_notch_s0_c2/t0/wire.png
wrote bench/campaigns/advisor-batch-2-s3-hunter-pc/runs/cfg-43de06f6/plate_notch_s2_c0/t0/wire.png
wrote bench/campaigns/advisor-batch-2-s3-hunter-pc/runs/cfg-43de06f6/plate_notch_s2_c1/t0/wire.png
wrote bench/campaigns/advisor-batch-2-s3-hunter-pc/runs/cfg-43de06f6/plate_notch_s2_c2/t0/wire.png
wrote bench/campaigns/advisor-batch-2-s3-hunter-pc/runs/cfg-43de06f6/sphere_box_s0_c0/t0/wire.png
wrote bench/campaigns/advisor-batch-2-s3-hunter-pc/runs/cfg-43de06f6/sphere_box_s0_c1/t0/wire.png
wrote bench/campaigns/advisor-batch-2-s3-hunter-pc/runs/cfg-43de06f6/sphere_box_s0_c2/t0/wire.png
wrote bench/campaigns/advisor-batch-2-s3-hunter-pc/runs/cfg-43de06f6/sphere_box_s2_c0/t0/wire.png
wrote bench/campaigns/advisor-batch-2-s3-hunter-pc/runs/cfg-43de06f6/sphere_box_s2_c1/t0/wire.png
wrote bench/campaigns/advisor-batch-2-s3-hunter-pc/runs/cfg-43de06f6/sphere_box_s2_c2/t0/wire.png
wrote bench/campaigns/advisor-batch-2-s3-hunter-pc/runs/cfg-dadb3b7f/box_hole_s0_c0/t0/wire.png
wrote bench/campaigns/advisor-batch-2-s3-hunter-pc/runs/cfg-dadb3b7f/box_hole_s0_c1/t0/wire.png
wrote bench/campaigns/advisor-batch-2-s3-hunter-pc/runs/cfg-dadb3b7f/box_hole_s0_c2/t0/wire.png
wrote bench/campaigns/advisor-batch-2-s3-hunter-pc/runs/cfg-dadb3b7f/channel_s0_c0/t0/wire.png
wrote bench/campaigns/advisor-batch-2-s3-hunter-pc/runs/cfg-dadb3b7f/channel_s0_c1/t0/wire.png
wrote bench/campaigns/advisor-batch-2-s3-hunter-pc/runs/cfg-dadb3b7f/channel_s0_c2/t0/wire.png
wrote bench/campaigns/advisor-batch-2-s3-hunter-pc/runs/cfg-dadb3b7f/l_bracket_s0_c0/t0/wire.png
wrote bench/campaigns/advisor-batch-2-s3-hunter-pc/runs/cfg-dadb3b7f/l_bracket_s0_c1/t0/wire.png
wrote bench/campaigns/advisor-batch-2-s3-hunter-pc/runs/cfg-dadb3b7f/l_bracket_s0_c2/t0/wire.png
wrote bench/campaigns/advisor-batch-2-s3-hunter-pc/runs/cfg-dadb3b7f/l_bracket_s2_c0/t0/wire.png
wrote bench/campaigns/advisor-batch-2-s3-hunter-pc/runs/cfg-dadb3b7f/l_bracket_s2_c1/t0/wire.png
wrote bench/campaigns/advisor-batch-2-s3-hunter-pc/runs/cfg-dadb3b7f/l_bracket_s2_c2/t0/wire.png
wrote bench/campaigns/advisor-batch-2-s3-hunter-pc/runs/cfg-dadb3b7f/plate_notch_s0_c0/t0/wire.png
wrote bench/campaigns/advisor-batch-2-s3-hunter-pc/runs/cfg-dadb3b7f/plate_notch_s0_c1/t0/wire.png
wrote bench/campaigns/advisor-batch-2-s3-hunter-pc/runs/cfg-dadb3b7f/plate_notch_s0_c2/t0/wire.png
wrote bench/campaigns/advisor-batch-2-s3-hunter-pc/runs/cfg-dadb3b7f/plate_notch_s2_c0/t0/wire.png
wrote bench/campaigns/advisor-batch-2-s3-hunter-pc/runs/cfg-dadb3b7f/plate_notch_s2_c1/t0/wire.png
wrote bench/campaigns/advisor-batch-2-s3-hunter-pc/runs/cfg-dadb3b7f/plate_notch_s2_c2/t0/wire.png
wrote bench/campaigns/advisor-batch-2-s3-hunter-pc/runs/cfg-dadb3b7f/sphere_box_s0_c0/t0/wire.png
wrote bench/campaigns/advisor-batch-2-s3-hunter-pc/runs/cfg-dadb3b7f/sphere_box_s0_c1/t0/wire.png
wrote bench/campaigns/advisor-batch-2-s3-hunter-pc/runs/cfg-dadb3b7f/sphere_box_s0_c2/t0/wire.png
wrote bench/campaigns/advisor-batch-2-s3-hunter-pc/runs/cfg-dadb3b7f/sphere_box_s2_c0/t0/wire.png
wrote bench/campaigns/advisor-batch-2-s3-hunter-pc/runs/cfg-dadb3b7f/sphere_box_s2_c1/t0/wire.png
wrote bench/campaigns/advisor-batch-2-s3-hunter-pc/runs/cfg-dadb3b7f/sphere_box_s2_c2/t0/wire.png
warehouse_shots: 105 rendered, 0 skipped (exists), 0 failed (105 mesh.vtu total)
finished: 180 runs → /home/hunter/Desktop/Polyhedral-FEA/bench/campaigns/advisor-batch-2-s3-hunter-pc/results.jsonl
=== exit 0 after 234.7s
