
=== 2026-08-17T06:49:09Z OMP_NUM_THREADS=2 :: /home/hunter/Desktop/Polyhedral-FEA/build/apps/testlab/polymesh_testlab resume /home/hunter/Desktop/Polyhedral-FEA/bench/campaigns/advisor-batch-3-s4-hunter-pc
campaign advisor-batch-3-s4-hunter-pc: 16 configs, 36 parts, 1 tiers
  max_run_wall_s=180 (override all tiers)
  max_pack_wall_s=21600
tier 0: h_scale=1 keep_frac=1 survivors=2 max_run_wall_s=180
  run cfg-11fef61e part=box_hole_s0_c0 tier=0 ...
  run cfg-11fef61e part=box_hole_s0_c1 tier=0 ...
  run cfg-11fef61e part=box_hole_s0_c2 tier=0 ...
  run cfg-11fef61e part=box_hole_s2_c0 tier=0 ...
  run cfg-11fef61e part=box_hole_s2_c1 tier=0 ...
  run cfg-11fef61e part=box_hole_s2_c2 tier=0 ...
  run cfg-11fef61e part=channel_s0_c0 tier=0 ...
  run cfg-11fef61e part=channel_s0_c1 tier=0 ...
  run cfg-11fef61e part=channel_s0_c2 tier=0 ...
  run cfg-11fef61e part=channel_s2_c0 tier=0 ...
  run cfg-11fef61e part=channel_s2_c1 tier=0 ...
  run cfg-11fef61e part=channel_s2_c2 tier=0 ...
  run cfg-11fef61e part=l_bracket_s0_c0 tier=0 ...
  run cfg-11fef61e part=l_bracket_s0_c1 tier=0 ...
  run cfg-11fef61e part=l_bracket_s0_c2 tier=0 ...
  run cfg-11fef61e part=l_bracket_s2_c0 tier=0 ...
  run cfg-11fef61e part=l_bracket_s2_c1 tier=0 ...
  run cfg-11fef61e part=l_bracket_s2_c2 tier=0 ...
  run cfg-11fef61e part=plate_notch_s0_c0 tier=0 ...
  run cfg-11fef61e part=plate_notch_s0_c1 tier=0 ...
  run cfg-11fef61e part=plate_notch_s0_c2 tier=0 ...
  run cfg-11fef61e part=plate_notch_s2_c0 tier=0 ...
  run cfg-11fef61e part=plate_notch_s2_c1 tier=0 ...
  run cfg-11fef61e part=plate_notch_s2_c2 tier=0 ...
  run cfg-11fef61e part=sphere_box_s0_c0 tier=0 ...
  run cfg-11fef61e part=sphere_box_s0_c1 tier=0 ...
  run cfg-11fef61e part=sphere_box_s0_c2 tier=0 ...
  run cfg-11fef61e part=sphere_box_s2_c0 tier=0 ...
  run cfg-11fef61e part=sphere_box_s2_c1 tier=0 ...
  run cfg-11fef61e part=sphere_box_s2_c2 tier=0 ...
  run cfg-11fef61e part=stepped_shaft_s0_c0 tier=0 ...
  run cfg-11fef61e part=stepped_shaft_s0_c1 tier=0 ...
  run cfg-11fef61e part=stepped_shaft_s0_c2 tier=0 ...
  run cfg-11fef61e part=stepped_shaft_s2_c0 tier=0 ...
  run cfg-11fef61e part=stepped_shaft_s2_c1 tier=0 ...
  run cfg-11fef61e part=stepped_shaft_s2_c2 tier=0 ...
  run cfg-5ff72b2a part=box_hole_s0_c0 tier=0 ...
  run cfg-5ff72b2a part=box_hole_s0_c1 tier=0 ...
  run cfg-5ff72b2a part=box_hole_s0_c2 tier=0 ...
  run cfg-5ff72b2a part=box_hole_s2_c0 tier=0 ...
  run cfg-5ff72b2a part=box_hole_s2_c1 tier=0 ...
  run cfg-5ff72b2a part=box_hole_s2_c2 tier=0 ...
  run cfg-5ff72b2a part=channel_s0_c0 tier=0 ...
  run cfg-5ff72b2a part=channel_s0_c1 tier=0 ...
  run cfg-5ff72b2a part=channel_s0_c2 tier=0 ...
  run cfg-5ff72b2a part=channel_s2_c0 tier=0 ...
  run cfg-5ff72b2a part=channel_s2_c1 tier=0 ...
  run cfg-5ff72b2a part=channel_s2_c2 tier=0 ...
  run cfg-5ff72b2a part=l_bracket_s0_c0 tier=0 ...
  run cfg-5ff72b2a part=l_bracket_s0_c1 tier=0 ...
  run cfg-5ff72b2a part=l_bracket_s0_c2 tier=0 ...
  run cfg-5ff72b2a part=l_bracket_s2_c0 tier=0 ...
  run cfg-5ff72b2a part=l_bracket_s2_c1 tier=0 ...
  run cfg-5ff72b2a part=l_bracket_s2_c2 tier=0 ...
  run cfg-5ff72b2a part=plate_notch_s0_c0 tier=0 ...
  run cfg-5ff72b2a part=plate_notch_s0_c1 tier=0 ...
  run cfg-5ff72b2a part=plate_notch_s0_c2 tier=0 ...
  run cfg-5ff72b2a part=plate_notch_s2_c0 tier=0 ...
  run cfg-5ff72b2a part=plate_notch_s2_c1 tier=0 ...
  run cfg-5ff72b2a part=plate_notch_s2_c2 tier=0 ...
  run cfg-5ff72b2a part=sphere_box_s0_c0 tier=0 ...
  run cfg-5ff72b2a part=sphere_box_s0_c1 tier=0 ...
  run cfg-5ff72b2a part=sphere_box_s0_c2 tier=0 ...
  run cfg-5ff72b2a part=sphere_box_s2_c0 tier=0 ...
  run cfg-5ff72b2a part=sphere_box_s2_c1 tier=0 ...
  run cfg-5ff72b2a part=sphere_box_s2_c2 tier=0 ...
  run cfg-5ff72b2a part=stepped_shaft_s0_c0 tier=0 ...
  run cfg-5ff72b2a part=stepped_shaft_s0_c1 tier=0 ...
  run cfg-5ff72b2a part=stepped_shaft_s0_c2 tier=0 ...
  run cfg-5ff72b2a part=stepped_shaft_s2_c0 tier=0 ...
  run cfg-5ff72b2a part=stepped_shaft_s2_c1 tier=0 ...
  run cfg-5ff72b2a part=stepped_shaft_s2_c2 tier=0 ...
wrote bench/campaigns/advisor-batch-3-s4-hunter-pc/runs/cfg-11fef61e/box_hole_s0_c0/t0/wire.png
wrote bench/campaigns/advisor-batch-3-s4-hunter-pc/runs/cfg-11fef61e/box_hole_s0_c1/t0/wire.png
wrote bench/campaigns/advisor-batch-3-s4-hunter-pc/runs/cfg-11fef61e/box_hole_s0_c2/t0/wire.png
wrote bench/campaigns/advisor-batch-3-s4-hunter-pc/runs/cfg-11fef61e/channel_s0_c0/t0/wire.png
wrote bench/campaigns/advisor-batch-3-s4-hunter-pc/runs/cfg-11fef61e/channel_s0_c1/t0/wire.png
wrote bench/campaigns/advisor-batch-3-s4-hunter-pc/runs/cfg-11fef61e/channel_s0_c2/t0/wire.png
wrote bench/campaigns/advisor-batch-3-s4-hunter-pc/runs/cfg-11fef61e/l_bracket_s0_c0/t0/wire.png
wrote bench/campaigns/advisor-batch-3-s4-hunter-pc/runs/cfg-11fef61e/l_bracket_s0_c1/t0/wire.png
wrote bench/campaigns/advisor-batch-3-s4-hunter-pc/runs/cfg-11fef61e/l_bracket_s0_c2/t0/wire.png
wrote bench/campaigns/advisor-batch-3-s4-hunter-pc/runs/cfg-11fef61e/l_bracket_s2_c0/t0/wire.png
wrote bench/campaigns/advisor-batch-3-s4-hunter-pc/runs/cfg-11fef61e/l_bracket_s2_c1/t0/wire.png
wrote bench/campaigns/advisor-batch-3-s4-hunter-pc/runs/cfg-11fef61e/l_bracket_s2_c2/t0/wire.png
wrote bench/campaigns/advisor-batch-3-s4-hunter-pc/runs/cfg-11fef61e/plate_notch_s0_c0/t0/wire.png
wrote bench/campaigns/advisor-batch-3-s4-hunter-pc/runs/cfg-11fef61e/plate_notch_s0_c1/t0/wire.png
wrote bench/campaigns/advisor-batch-3-s4-hunter-pc/runs/cfg-11fef61e/plate_notch_s0_c2/t0/wire.png
wrote bench/campaigns/advisor-batch-3-s4-hunter-pc/runs/cfg-11fef61e/plate_notch_s2_c0/t0/wire.png
wrote bench/campaigns/advisor-batch-3-s4-hunter-pc/runs/cfg-11fef61e/plate_notch_s2_c1/t0/wire.png
wrote bench/campaigns/advisor-batch-3-s4-hunter-pc/runs/cfg-11fef61e/plate_notch_s2_c2/t0/wire.png
wrote bench/campaigns/advisor-batch-3-s4-hunter-pc/runs/cfg-11fef61e/sphere_box_s0_c0/t0/wire.png
wrote bench/campaigns/advisor-batch-3-s4-hunter-pc/runs/cfg-11fef61e/sphere_box_s0_c1/t0/wire.png
wrote bench/campaigns/advisor-batch-3-s4-hunter-pc/runs/cfg-11fef61e/sphere_box_s0_c2/t0/wire.png
wrote bench/campaigns/advisor-batch-3-s4-hunter-pc/runs/cfg-11fef61e/sphere_box_s2_c0/t0/wire.png
wrote bench/campaigns/advisor-batch-3-s4-hunter-pc/runs/cfg-11fef61e/sphere_box_s2_c1/t0/wire.png
wrote bench/campaigns/advisor-batch-3-s4-hunter-pc/runs/cfg-11fef61e/sphere_box_s2_c2/t0/wire.png
wrote bench/campaigns/advisor-batch-3-s4-hunter-pc/runs/cfg-5ff72b2a/box_hole_s0_c0/t0/wire.png
wrote bench/campaigns/advisor-batch-3-s4-hunter-pc/runs/cfg-5ff72b2a/box_hole_s0_c1/t0/wire.png
wrote bench/campaigns/advisor-batch-3-s4-hunter-pc/runs/cfg-5ff72b2a/box_hole_s0_c2/t0/wire.png
wrote bench/campaigns/advisor-batch-3-s4-hunter-pc/runs/cfg-5ff72b2a/channel_s0_c0/t0/wire.png
wrote bench/campaigns/advisor-batch-3-s4-hunter-pc/runs/cfg-5ff72b2a/channel_s0_c1/t0/wire.png
wrote bench/campaigns/advisor-batch-3-s4-hunter-pc/runs/cfg-5ff72b2a/channel_s0_c2/t0/wire.png
wrote bench/campaigns/advisor-batch-3-s4-hunter-pc/runs/cfg-5ff72b2a/l_bracket_s0_c0/t0/wire.png
wrote bench/campaigns/advisor-batch-3-s4-hunter-pc/runs/cfg-5ff72b2a/l_bracket_s0_c1/t0/wire.png
wrote bench/campaigns/advisor-batch-3-s4-hunter-pc/runs/cfg-5ff72b2a/l_bracket_s0_c2/t0/wire.png
wrote bench/campaigns/advisor-batch-3-s4-hunter-pc/runs/cfg-5ff72b2a/l_bracket_s2_c0/t0/wire.png
wrote bench/campaigns/advisor-batch-3-s4-hunter-pc/runs/cfg-5ff72b2a/l_bracket_s2_c1/t0/wire.png
wrote bench/campaigns/advisor-batch-3-s4-hunter-pc/runs/cfg-5ff72b2a/l_bracket_s2_c2/t0/wire.png
wrote bench/campaigns/advisor-batch-3-s4-hunter-pc/runs/cfg-5ff72b2a/plate_notch_s0_c0/t0/wire.png
wrote bench/campaigns/advisor-batch-3-s4-hunter-pc/runs/cfg-5ff72b2a/plate_notch_s0_c1/t0/wire.png
wrote bench/campaigns/advisor-batch-3-s4-hunter-pc/runs/cfg-5ff72b2a/plate_notch_s0_c2/t0/wire.png
wrote bench/campaigns/advisor-batch-3-s4-hunter-pc/runs/cfg-5ff72b2a/plate_notch_s2_c0/t0/wire.png
wrote bench/campaigns/advisor-batch-3-s4-hunter-pc/runs/cfg-5ff72b2a/plate_notch_s2_c1/t0/wire.png
wrote bench/campaigns/advisor-batch-3-s4-hunter-pc/runs/cfg-5ff72b2a/plate_notch_s2_c2/t0/wire.png
wrote bench/campaigns/advisor-batch-3-s4-hunter-pc/runs/cfg-5ff72b2a/sphere_box_s0_c0/t0/wire.png
wrote bench/campaigns/advisor-batch-3-s4-hunter-pc/runs/cfg-5ff72b2a/sphere_box_s0_c1/t0/wire.png
wrote bench/campaigns/advisor-batch-3-s4-hunter-pc/runs/cfg-5ff72b2a/sphere_box_s0_c2/t0/wire.png
wrote bench/campaigns/advisor-batch-3-s4-hunter-pc/runs/cfg-5ff72b2a/sphere_box_s2_c0/t0/wire.png
wrote bench/campaigns/advisor-batch-3-s4-hunter-pc/runs/cfg-5ff72b2a/sphere_box_s2_c1/t0/wire.png
wrote bench/campaigns/advisor-batch-3-s4-hunter-pc/runs/cfg-5ff72b2a/sphere_box_s2_c2/t0/wire.png
warehouse_shots: 48 rendered, 0 skipped (exists), 0 failed (48 mesh.vtu total)
finished: 72 runs → /home/hunter/Desktop/Polyhedral-FEA/bench/campaigns/advisor-batch-3-s4-hunter-pc/results.jsonl
=== exit 0 after 210.8s
