
=== 2026-08-14T10:13:06Z OMP_NUM_THREADS=2 :: C:\Users\Yakub\Desktop\Polyhedral-FEA\build\apps\testlab\polymesh_testlab.exe resume C:\Users\Yakub\Desktop\Polyhedral-FEA\bench\campaigns\advisor-batch-1-s2
campaign advisor-batch-1-s2: 288 configs, 6 parts, 1 tiers
  max_run_wall_s=45 (override all tiers)
  max_pack_wall_s=86400
tier 0: h_scale=1 keep_frac=1 survivors=72 max_run_wall_s=45
  run cfg-5abc7708 part=smoke_bar tier=0 ...
  run cfg-5abc7708 part=plate_hole tier=0 ...
  run cfg-5abc7708 part=cantilever tier=0 ...
  run cfg-5abc7708 part=cylinder tier=0 ...
  run cfg-5abc7708 part=sphere tier=0 ...
  run cfg-5abc7708 part=icecream_cone tier=0 ...
  run cfg-acb9e0a6 part=smoke_bar tier=0 ...
  run cfg-acb9e0a6 part=plate_hole tier=0 ...
  run cfg-acb9e0a6 part=cantilever tier=0 ...
  run cfg-acb9e0a6 part=cylinder tier=0 ...
  run cfg-acb9e0a6 part=sphere tier=0 ...
  run cfg-acb9e0a6 part=icecream_cone tier=0 ...
  run cfg-ac90cb2f part=smoke_bar tier=0 ...
  run cfg-ac90cb2f part=plate_hole tier=0 ...
  run cfg-ac90cb2f part=cantilever tier=0 ...
  run cfg-ac90cb2f part=cylinder tier=0 ...
  run cfg-ac90cb2f part=sphere tier=0 ...
  run cfg-ac90cb2f part=icecream_cone tier=0 ...
  run cfg-12f8e97d part=smoke_bar tier=0 ...
  run cfg-12f8e97d part=plate_hole tier=0 ...
  run cfg-12f8e97d part=cantilever tier=0 ...
  run cfg-12f8e97d part=cylinder tier=0 ...
  run cfg-12f8e97d part=sphere tier=0 ...
  run cfg-12f8e97d part=icecream_cone tier=0 ...
  run cfg-433e08ef part=smoke_bar tier=0 ...
  run cfg-433e08ef part=plate_hole tier=0 ...
  run cfg-433e08ef part=cantilever tier=0 ...
  run cfg-433e08ef part=cylinder tier=0 ...
  run cfg-433e08ef part=sphere tier=0 ...
  run cfg-433e08ef part=icecream_cone tier=0 ...
  run cfg-c728703d part=smoke_bar tier=0 ...
  run cfg-c728703d part=plate_hole tier=0 ...
  run cfg-c728703d part=cantilever tier=0 ...
  run cfg-c728703d part=cylinder tier=0 ...
  run cfg-c728703d part=sphere tier=0 ...
  run cfg-c728703d part=icecream_cone tier=0 ...
  run cfg-ecfce6bf part=smoke_bar tier=0 ...
  run cfg-ecfce6bf part=plate_hole tier=0 ...
  run cfg-ecfce6bf part=cantilever tier=0 ...
  run cfg-ecfce6bf part=cylinder tier=0 ...
  run cfg-ecfce6bf part=sphere tier=0 ...
  run cfg-ecfce6bf part=icecream_cone tier=0 ...
  run cfg-31eab50d part=smoke_bar tier=0 ...
  run cfg-31eab50d part=plate_hole tier=0 ...
  run cfg-31eab50d part=cantilever tier=0 ...
  run cfg-31eab50d part=cylinder tier=0 ...
  run cfg-31eab50d part=sphere tier=0 ...
  run cfg-31eab50d part=icecream_cone tier=0 ...
  run cfg-7f4628e2 part=smoke_bar tier=0 ...
  run cfg-7f4628e2 part=plate_hole tier=0 ...
  run cfg-7f4628e2 part=cantilever tier=0 ...
  run cfg-7f4628e2 part=cylinder tier=0 ...
  run cfg-7f4628e2 part=sphere tier=0 ...
  run cfg-7f4628e2 part=icecream_cone tier=0 ...
  run cfg-2a095f54 part=smoke_bar tier=0 ...
  run cfg-2a095f54 part=plate_hole tier=0 ...
  run cfg-2a095f54 part=cantilever tier=0 ...
  run cfg-2a095f54 part=cylinder tier=0 ...
  run cfg-2a095f54 part=sphere tier=0 ...
  run cfg-2a095f54 part=icecream_cone tier=0 ...
  run cfg-b3a8f358 part=smoke_bar tier=0 ...
  run cfg-b3a8f358 part=plate_hole tier=0 ...
  run cfg-b3a8f358 part=cantilever tier=0 ...
  run cfg-b3a8f358 part=cylinder tier=0 ...
  run cfg-b3a8f358 part=sphere tier=0 ...
  run cfg-b3a8f358 part=icecream_cone tier=0 ...
  run cfg-0cbb0a36 part=smoke_bar tier=0 ...
  run cfg-0cbb0a36 part=plate_hole tier=0 ...
  run cfg-0cbb0a36 part=cantilever tier=0 ...
  run cfg-0cbb0a36 part=cylinder tier=0 ...
  run cfg-0cbb0a36 part=sphere tier=0 ...
  run cfg-0cbb0a36 part=icecream_cone tier=0 ...
  run cfg-ab5b5a5b part=smoke_bar tier=0 ...
  run cfg-ab5b5a5b part=plate_hole tier=0 ...
  run cfg-ab5b5a5b part=cantilever tier=0 ...
  run cfg-ab5b5a5b part=cylinder tier=0 ...
  run cfg-ab5b5a5b part=sphere tier=0 ...
  run cfg-ab5b5a5b part=icecream_cone tier=0 ...
  run cfg-f11ec541 part=smoke_bar tier=0 ...
  run cfg-f11ec541 part=plate_hole tier=0 ...
  run cfg-f11ec541 part=cantilever tier=0 ...
  run cfg-f11ec541 part=cylinder tier=0 ...
  run cfg-f11ec541 part=sphere tier=0 ...
  run cfg-f11ec541 part=icecream_cone tier=0 ...
  run cfg-109c1dbe part=smoke_bar tier=0 ...
  run cfg-109c1dbe part=plate_hole tier=0 ...
  run cfg-109c1dbe part=cantilever tier=0 ...
  run cfg-109c1dbe part=cylinder tier=0 ...
  run cfg-109c1dbe part=sphere tier=0 ...
  run cfg-109c1dbe part=icecream_cone tier=0 ...
  run cfg-62a8c888 part=smoke_bar tier=0 ...
  run cfg-62a8c888 part=plate_hole tier=0 ...
  run cfg-62a8c888 part=cantilever tier=0 ...
  run cfg-62a8c888 part=cylinder tier=0 ...
  run cfg-62a8c888 part=sphere tier=0 ...
  run cfg-62a8c888 part=icecream_cone tier=0 ...
  run cfg-904b4dc4 part=smoke_bar tier=0 ...
  run cfg-904b4dc4 part=plate_hole tier=0 ...
  run cfg-904b4dc4 part=cantilever tier=0 ...
  run cfg-904b4dc4 part=cylinder tier=0 ...
  run cfg-904b4dc4 part=sphere tier=0 ...
  run cfg-904b4dc4 part=icecream_cone tier=0 ...
  run cfg-23fdaf2a part=smoke_bar tier=0 ...
  run cfg-23fdaf2a part=plate_hole tier=0 ...
  run cfg-23fdaf2a part=cantilever tier=0 ...
  run cfg-23fdaf2a part=cylinder tier=0 ...
  run cfg-23fdaf2a part=sphere tier=0 ...
  run cfg-23fdaf2a part=icecream_cone tier=0 ...
  run cfg-bce718be part=smoke_bar tier=0 ...
  run cfg-bce718be part=plate_hole tier=0 ...
  run cfg-bce718be part=cantilever tier=0 ...
  run cfg-bce718be part=cylinder tier=0 ...
  run cfg-bce718be part=sphere tier=0 ...
  run cfg-bce718be part=icecream_cone tier=0 ...
  run cfg-0ef3c388 part=smoke_bar tier=0 ...
  run cfg-0ef3c388 part=plate_hole tier=0 ...
  run cfg-0ef3c388 part=cantilever tier=0 ...
  run cfg-0ef3c388 part=cylinder tier=0 ...
  run cfg-0ef3c388 part=sphere tier=0 ...
  run cfg-0ef3c388 part=icecream_cone tier=0 ...
  run cfg-7b5aee3d part=smoke_bar tier=0 ...
  run cfg-7b5aee3d part=plate_hole tier=0 ...
  run cfg-7b5aee3d part=cantilever tier=0 ...
  run cfg-7b5aee3d part=cylinder tier=0 ...
  run cfg-7b5aee3d part=sphere tier=0 ...
  run cfg-7b5aee3d part=icecream_cone tier=0 ...
  run cfg-8b59c7c7 part=smoke_bar tier=0 ...
  run cfg-8b59c7c7 part=plate_hole tier=0 ...
  run cfg-8b59c7c7 part=cantilever tier=0 ...
  run cfg-8b59c7c7 part=cylinder tier=0 ...
  run cfg-8b59c7c7 part=sphere tier=0 ...
  run cfg-8b59c7c7 part=icecream_cone tier=0 ...
  run cfg-dfe61061 part=smoke_bar tier=0 ...
  run cfg-dfe61061 part=plate_hole tier=0 ...
  run cfg-dfe61061 part=cantilever tier=0 ...
  run cfg-dfe61061 part=cylinder tier=0 ...
  run cfg-dfe61061 part=sphere tier=0 ...
  run cfg-dfe61061 part=icecream_cone tier=0 ...
  run cfg-047ce243 part=smoke_bar tier=0 ...
  run cfg-047ce243 part=plate_hole tier=0 ...
  run cfg-047ce243 part=cantilever tier=0 ...
  run cfg-047ce243 part=cylinder tier=0 ...
  run cfg-047ce243 part=sphere tier=0 ...
  run cfg-047ce243 part=icecream_cone tier=0 ...
  run cfg-499a1f5b part=smoke_bar tier=0 ...
  run cfg-499a1f5b part=plate_hole tier=0 ...
  run cfg-499a1f5b part=cantilever tier=0 ...
  run cfg-499a1f5b part=cylinder tier=0 ...
  run cfg-499a1f5b part=sphere tier=0 ...
  run cfg-499a1f5b part=icecream_cone tier=0 ...
  run cfg-8f5d8a41 part=smoke_bar tier=0 ...
  run cfg-8f5d8a41 part=plate_hole tier=0 ...
  run cfg-8f5d8a41 part=cantilever tier=0 ...
  run cfg-8f5d8a41 part=cylinder tier=0 ...
  run cfg-8f5d8a41 part=sphere tier=0 ...
  run cfg-8f5d8a41 part=icecream_cone tier=0 ...
  run cfg-f544dcbe part=smoke_bar tier=0 ...
  run cfg-f544dcbe part=plate_hole tier=0 ...
  run cfg-f544dcbe part=cantilever tier=0 ...
  run cfg-f544dcbe part=cylinder tier=0 ...
  run cfg-f544dcbe part=sphere tier=0 ...
  run cfg-f544dcbe part=icecream_cone tier=0 ...
  run cfg-47518788 part=smoke_bar tier=0 ...
  run cfg-47518788 part=plate_hole tier=0 ...
  run cfg-47518788 part=cantilever tier=0 ...
  run cfg-47518788 part=cylinder tier=0 ...
  run cfg-47518788 part=sphere tier=0 ...
  run cfg-47518788 part=icecream_cone tier=0 ...
  run cfg-2e8a12c4 part=smoke_bar tier=0 ...
  run cfg-2e8a12c4 part=plate_hole tier=0 ...
  run cfg-2e8a12c4 part=cantilever tier=0 ...
  run cfg-2e8a12c4 part=cylinder tier=0 ...
  run cfg-2e8a12c4 part=sphere tier=0 ...
  run cfg-2e8a12c4 part=icecream_cone tier=0 ...
  run cfg-c23c742a part=smoke_bar tier=0 ...
  run cfg-c23c742a part=plate_hole tier=0 ...
  run cfg-c23c742a part=cantilever tier=0 ...
  run cfg-c23c742a part=cylinder tier=0 ...
  run cfg-c23c742a part=sphere tier=0 ...
  run cfg-c23c742a part=icecream_cone tier=0 ...
  run cfg-a18fd7be part=smoke_bar tier=0 ...
  run cfg-a18fd7be part=plate_hole tier=0 ...
  run cfg-a18fd7be part=cantilever tier=0 ...
  run cfg-a18fd7be part=cylinder tier=0 ...
  run cfg-a18fd7be part=sphere tier=0 ...
  run cfg-a18fd7be part=icecream_cone tier=0 ...
  run cfg-f39c8288 part=smoke_bar tier=0 ...
  run cfg-f39c8288 part=plate_hole tier=0 ...
  run cfg-f39c8288 part=cantilever tier=0 ...
  run cfg-f39c8288 part=cylinder tier=0 ...
  run cfg-f39c8288 part=sphere tier=0 ...
  run cfg-f39c8288 part=icecream_cone tier=0 ...
  run cfg-06177b3d part=smoke_bar tier=0 ...
  run cfg-06177b3d part=plate_hole tier=0 ...
  run cfg-06177b3d part=cantilever tier=0 ...
  run cfg-06177b3d part=cylinder tier=0 ...
  run cfg-06177b3d part=sphere tier=0 ...
  run cfg-06177b3d part=icecream_cone tier=0 ...
  run cfg-161654c7 part=smoke_bar tier=0 ...
  run cfg-161654c7 part=plate_hole tier=0 ...
  run cfg-161654c7 part=cantilever tier=0 ...
  run cfg-161654c7 part=cylinder tier=0 ...
  run cfg-161654c7 part=sphere tier=0 ...
  run cfg-161654c7 part=icecream_cone tier=0 ...
  run cfg-c48ecf61 part=smoke_bar tier=0 ...
  run cfg-c48ecf61 part=plate_hole tier=0 ...
  run cfg-c48ecf61 part=cantilever tier=0 ...
  run cfg-c48ecf61 part=cylinder tier=0 ...
  run cfg-c48ecf61 part=sphere tier=0 ...
  run cfg-c48ecf61 part=icecream_cone tier=0 ...
  run cfg-e925a143 part=smoke_bar tier=0 ...
  run cfg-e925a143 part=plate_hole tier=0 ...
  run cfg-e925a143 part=cantilever tier=0 ...
  run cfg-e925a143 part=cylinder tier=0 ...
  run cfg-e925a143 part=sphere tier=0 ...
  run cfg-e925a143 part=icecream_cone tier=0 ...
  run cfg-70616bcb part=smoke_bar tier=0 ...
  run cfg-70616bcb part=plate_hole tier=0 ...
  run cfg-70616bcb part=cantilever tier=0 ...
  run cfg-70616bcb part=cylinder tier=0 ...
  run cfg-70616bcb part=sphere tier=0 ...
  run cfg-70616bcb part=icecream_cone tier=0 ...
  run cfg-7ef81b71 part=smoke_bar tier=0 ...
  run cfg-7ef81b71 part=plate_hole tier=0 ...
  run cfg-7ef81b71 part=cantilever tier=0 ...
  run cfg-7ef81b71 part=cylinder tier=0 ...
  run cfg-7ef81b71 part=sphere tier=0 ...
  run cfg-7ef81b71 part=icecream_cone tier=0 ...
  run cfg-ca3e1c6e part=smoke_bar tier=0 ...
  run cfg-ca3e1c6e part=plate_hole tier=0 ...
  run cfg-ca3e1c6e part=cantilever tier=0 ...
  run cfg-ca3e1c6e part=cylinder tier=0 ...
  run cfg-ca3e1c6e part=sphere tier=0 ...
  run cfg-ca3e1c6e part=icecream_cone tier=0 ...
  run cfg-939be278 part=smoke_bar tier=0 ...
  run cfg-939be278 part=plate_hole tier=0 ...
  run cfg-939be278 part=cantilever tier=0 ...
  run cfg-939be278 part=cylinder tier=0 ...
  run cfg-939be278 part=sphere tier=0 ...
  run cfg-939be278 part=icecream_cone tier=0 ...
  run cfg-3f6e0d74 part=smoke_bar tier=0 ...
  run cfg-3f6e0d74 part=plate_hole tier=0 ...
  run cfg-3f6e0d74 part=cantilever tier=0 ...
  run cfg-3f6e0d74 part=cylinder tier=0 ...
  run cfg-3f6e0d74 part=sphere tier=0 ...
  run cfg-3f6e0d74 part=icecream_cone tier=0 ...
  run cfg-dc15301a part=smoke_bar tier=0 ...
  run cfg-dc15301a part=plate_hole tier=0 ...
  run cfg-dc15301a part=cantilever tier=0 ...
  run cfg-dc15301a part=cylinder tier=0 ...
  run cfg-dc15301a part=sphere tier=0 ...
  run cfg-dc15301a part=icecream_cone tier=0 ...
  run cfg-18c4744e part=smoke_bar tier=0 ...
  run cfg-18c4744e part=plate_hole tier=0 ...
  run cfg-18c4744e part=cantilever tier=0 ...
  run cfg-18c4744e part=cylinder tier=0 ...
  run cfg-18c4744e part=sphere tier=0 ...
  run cfg-18c4744e part=icecream_cone tier=0 ...
  run cfg-5960ba58 part=smoke_bar tier=0 ...
  run cfg-5960ba58 part=plate_hole tier=0 ...
  run cfg-5960ba58 part=cantilever tier=0 ...
  run cfg-5960ba58 part=cylinder tier=0 ...
  run cfg-5960ba58 part=sphere tier=0 ...
  run cfg-5960ba58 part=icecream_cone tier=0 ...
  run cfg-7559670d part=smoke_bar tier=0 ...
  run cfg-7559670d part=plate_hole tier=0 ...
  run cfg-7559670d part=cantilever tier=0 ...
  run cfg-7559670d part=cylinder tier=0 ...
  run cfg-7559670d part=sphere tier=0 ...
  run cfg-7559670d part=icecream_cone tier=0 ...
  run cfg-ea224697 part=smoke_bar tier=0 ...
  run cfg-ea224697 part=plate_hole tier=0 ...
  run cfg-ea224697 part=cantilever tier=0 ...
  run cfg-ea224697 part=cylinder tier=0 ...
  run cfg-ea224697 part=sphere tier=0 ...
  run cfg-ea224697 part=icecream_cone tier=0 ...
  run cfg-e30475f1 part=smoke_bar tier=0 ...
  run cfg-e30475f1 part=plate_hole tier=0 ...
  run cfg-e30475f1 part=cantilever tier=0 ...
  run cfg-e30475f1 part=cylinder tier=0 ...
  run cfg-e30475f1 part=sphere tier=0 ...
  run cfg-e30475f1 part=icecream_cone tier=0 ...
  run cfg-fa658f93 part=smoke_bar tier=0 ...
  run cfg-fa658f93 part=plate_hole tier=0 ...
  run cfg-fa658f93 part=cantilever tier=0 ...
  run cfg-fa658f93 part=cylinder tier=0 ...
  run cfg-fa658f93 part=sphere tier=0 ...
  run cfg-fa658f93 part=icecream_cone tier=0 ...
  run cfg-9d9c56c4 part=smoke_bar tier=0 ...
  run cfg-9d9c56c4 part=plate_hole tier=0 ...
  run cfg-9d9c56c4 part=cantilever tier=0 ...
  run cfg-9d9c56c4 part=cylinder tier=0 ...
  run cfg-9d9c56c4 part=sphere tier=0 ...
  run cfg-9d9c56c4 part=icecream_cone tier=0 ...
  run cfg-314eb82a part=smoke_bar tier=0 ...
  run cfg-314eb82a part=plate_hole tier=0 ...
  run cfg-314eb82a part=cantilever tier=0 ...
  run cfg-314eb82a part=cylinder tier=0 ...
  run cfg-314eb82a part=sphere tier=0 ...
  run cfg-314eb82a part=icecream_cone tier=0 ...
  run cfg-b9bb832b part=smoke_bar tier=0 ...
  run cfg-b9bb832b part=plate_hole tier=0 ...
  run cfg-b9bb832b part=cantilever tier=0 ...
  run cfg-b9bb832b part=cylinder tier=0 ...
  run cfg-b9bb832b part=sphere tier=0 ...
  run cfg-b9bb832b part=icecream_cone tier=0 ...
  run cfg-e7f14d51 part=smoke_bar tier=0 ...
  run cfg-e7f14d51 part=plate_hole tier=0 ...
  run cfg-e7f14d51 part=cantilever tier=0 ...
  run cfg-e7f14d51 part=cylinder tier=0 ...
  run cfg-e7f14d51 part=sphere tier=0 ...
  run cfg-e7f14d51 part=icecream_cone tier=0 ...
  run cfg-b8ac635b part=smoke_bar tier=0 ...
  run cfg-b8ac635b part=plate_hole tier=0 ...
  run cfg-b8ac635b part=cantilever tier=0 ...
  run cfg-b8ac635b part=cylinder tier=0 ...
  run cfg-b8ac635b part=sphere tier=0 ...
  run cfg-b8ac635b part=icecream_cone tier=0 ...
  run cfg-fe6fce41 part=smoke_bar tier=0 ...
  run cfg-fe6fce41 part=plate_hole tier=0 ...
  run cfg-fe6fce41 part=cantilever tier=0 ...
  run cfg-fe6fce41 part=cylinder tier=0 ...
  run cfg-fe6fce41 part=sphere tier=0 ...
  run cfg-fe6fce41 part=icecream_cone tier=0 ...
  run cfg-b1b11a33 part=smoke_bar tier=0 ...
  run cfg-b1b11a33 part=plate_hole tier=0 ...
  run cfg-b1b11a33 part=cantilever tier=0 ...
  run cfg-b1b11a33 part=cylinder tier=0 ...
  run cfg-b1b11a33 part=sphere tier=0 ...
  run cfg-b1b11a33 part=icecream_cone tier=0 ...
  run cfg-b93f2819 part=smoke_bar tier=0 ...
  run cfg-b93f2819 part=plate_hole tier=0 ...
  run cfg-b93f2819 part=cantilever tier=0 ...
  run cfg-b93f2819 part=cylinder tier=0 ...
  run cfg-b93f2819 part=sphere tier=0 ...
  run cfg-b93f2819 part=icecream_cone tier=0 ...
  run cfg-4a1827a6 part=smoke_bar tier=0 ...
  run cfg-4a1827a6 part=plate_hole tier=0 ...
  run cfg-4a1827a6 part=cantilever tier=0 ...
  run cfg-4a1827a6 part=cylinder tier=0 ...
  run cfg-4a1827a6 part=sphere tier=0 ...
  run cfg-4a1827a6 part=icecream_cone tier=0 ...
  run cfg-27949710 part=smoke_bar tier=0 ...
  run cfg-27949710 part=plate_hole tier=0 ...
  run cfg-27949710 part=cantilever tier=0 ...
  run cfg-27949710 part=cylinder tier=0 ...
  run cfg-27949710 part=sphere tier=0 ...
  run cfg-27949710 part=icecream_cone tier=0 ...
  run cfg-9c14b37c part=smoke_bar tier=0 ...
  run cfg-9c14b37c part=plate_hole tier=0 ...
  run cfg-9c14b37c part=cantilever tier=0 ...
  run cfg-9c14b37c part=cylinder tier=0 ...
  run cfg-9c14b37c part=sphere tier=0 ...
  run cfg-9c14b37c part=icecream_cone tier=0 ...
  run cfg-becb4822 part=smoke_bar tier=0 ...
  run cfg-becb4822 part=plate_hole tier=0 ...
  run cfg-becb4822 part=cantilever tier=0 ...
  run cfg-becb4822 part=cylinder tier=0 ...
  run cfg-becb4822 part=sphere tier=0 ...
  run cfg-becb4822 part=icecream_cone tier=0 ...
  run cfg-4ae9c9a2 part=smoke_bar tier=0 ...
  run cfg-4ae9c9a2 part=plate_hole tier=0 ...
  run cfg-4ae9c9a2 part=cantilever tier=0 ...
  run cfg-4ae9c9a2 part=cylinder tier=0 ...
  run cfg-4ae9c9a2 part=sphere tier=0 ...
  run cfg-4ae9c9a2 part=icecream_cone tier=0 ...
  run cfg-d4266a14 part=smoke_bar tier=0 ...
  run cfg-d4266a14 part=plate_hole tier=0 ...
  run cfg-d4266a14 part=cantilever tier=0 ...
  run cfg-d4266a14 part=cylinder tier=0 ...
  run cfg-d4266a14 part=sphere tier=0 ...
  run cfg-d4266a14 part=icecream_cone tier=0 ...
  run cfg-01545831 part=smoke_bar tier=0 ...
  run cfg-01545831 part=plate_hole tier=0 ...
  run cfg-01545831 part=cantilever tier=0 ...
  run cfg-01545831 part=cylinder tier=0 ...
  run cfg-01545831 part=sphere tier=0 ...
  run cfg-01545831 part=icecream_cone tier=0 ...
  run cfg-af99ddd3 part=smoke_bar tier=0 ...
  run cfg-af99ddd3 part=plate_hole tier=0 ...
  run cfg-af99ddd3 part=cantilever tier=0 ...
  run cfg-af99ddd3 part=cylinder tier=0 ...
  run cfg-af99ddd3 part=sphere tier=0 ...
  run cfg-af99ddd3 part=icecream_cone tier=0 ...
  run cfg-3e5968b5 part=smoke_bar tier=0 ...
  run cfg-3e5968b5 part=plate_hole tier=0 ...
  run cfg-3e5968b5 part=cantilever tier=0 ...
  run cfg-3e5968b5 part=cylinder tier=0 ...
  run cfg-3e5968b5 part=sphere tier=0 ...
  run cfg-3e5968b5 part=icecream_cone tier=0 ...
  run cfg-7503741f part=smoke_bar tier=0 ...
  run cfg-7503741f part=plate_hole tier=0 ...
  run cfg-7503741f part=cantilever tier=0 ...
  run cfg-7503741f part=cylinder tier=0 ...
  run cfg-7503741f part=sphere tier=0 ...
  run cfg-7503741f part=icecream_cone tier=0 ...
  run cfg-97fdde29 part=smoke_bar tier=0 ...
  run cfg-97fdde29 part=plate_hole tier=0 ...
  run cfg-97fdde29 part=cantilever tier=0 ...
  run cfg-97fdde29 part=cylinder tier=0 ...
  run cfg-97fdde29 part=sphere tier=0 ...
  run cfg-97fdde29 part=icecream_cone tier=0 ...
  run cfg-e8fb408b part=smoke_bar tier=0 ...
  run cfg-e8fb408b part=plate_hole tier=0 ...
  run cfg-e8fb408b part=cantilever tier=0 ...
  run cfg-e8fb408b part=cylinder tier=0 ...
  run cfg-e8fb408b part=sphere tier=0 ...
  run cfg-e8fb408b part=icecream_cone tier=0 ...
  run cfg-3b3aa35c part=smoke_bar tier=0 ...
  run cfg-3b3aa35c part=plate_hole tier=0 ...
  run cfg-3b3aa35c part=cantilever tier=0 ...
  run cfg-3b3aa35c part=cylinder tier=0 ...
  run cfg-3b3aa35c part=sphere tier=0 ...
  run cfg-3b3aa35c part=icecream_cone tier=0 ...
  run cfg-85ac4502 part=smoke_bar tier=0 ...
  run cfg-85ac4502 part=plate_hole tier=0 ...
  run cfg-85ac4502 part=cantilever tier=0 ...
  run cfg-85ac4502 part=cylinder tier=0 ...
  run cfg-85ac4502 part=sphere tier=0 ...
  run cfg-85ac4502 part=icecream_cone tier=0 ...
  run cfg-b32107c6 part=smoke_bar tier=0 ...
  run cfg-b32107c6 part=plate_hole tier=0 ...
  run cfg-b32107c6 part=cantilever tier=0 ...
  run cfg-b32107c6 part=cylinder tier=0 ...
  run cfg-b32107c6 part=sphere tier=0 ...
  run cfg-b32107c6 part=icecream_cone tier=0 ...
  run cfg-7573e330 part=smoke_bar tier=0 ...
  run cfg-7573e330 part=plate_hole tier=0 ...
  run cfg-7573e330 part=cantilever tier=0 ...
  run cfg-7573e330 part=cylinder tier=0 ...
  run cfg-7573e330 part=sphere tier=0 ...
  run cfg-7573e330 part=icecream_cone tier=0 ...
wrote bench\campaigns\advisor-batch-1-s2\runs\cfg-01545831\cantilever\t0\wire.png
wrote bench\campaigns\advisor-batch-1-s2\runs\cfg-01545831\cylinder\t0\wire.png
wrote bench\campaigns\advisor-batch-1-s2\runs\cfg-01545831\plate_hole\t0\wire.png
wrote bench\campaigns\advisor-batch-1-s2\runs\cfg-01545831\smoke_bar\t0\wire.png
wrote bench\campaigns\advisor-batch-1-s2\runs\cfg-01545831\sphere\t0\wire.png
wrote bench\campaigns\advisor-batch-1-s2\runs\cfg-047ce243\cantilever\t0\wire.png
wrote bench\campaigns\advisor-batch-1-s2\runs\cfg-047ce243\cylinder\t0\wire.png
wrote bench\campaigns\advisor-batch-1-s2\runs\cfg-047ce243\icecream_cone\t0\wire.png
wrote bench\campaigns\advisor-batch-1-s2\runs\cfg-047ce243\plate_hole\t0\wire.png
wrote bench\campaigns\advisor-batch-1-s2\runs\cfg-047ce243\smoke_bar\t0\wire.png
wrote bench\campaigns\advisor-batch-1-s2\runs\cfg-047ce243\sphere\t0\wire.png
wrote bench\campaigns\advisor-batch-1-s2\runs\cfg-06177b3d\cantilever\t0\wire.png
wrote bench\campaigns\advisor-batch-1-s2\runs\cfg-06177b3d\cylinder\t0\wire.png
wrote bench\campaigns\advisor-batch-1-s2\runs\cfg-06177b3d\plate_hole\t0\wire.png
wrote bench\campaigns\advisor-batch-1-s2\runs\cfg-06177b3d\smoke_bar\t0\wire.png
wrote bench\campaigns\advisor-batch-1-s2\runs\cfg-06177b3d\sphere\t0\wire.png
wrote bench\campaigns\advisor-batch-1-s2\runs\cfg-0cbb0a36\cantilever\t0\wire.png
wrote bench\campaigns\advisor-batch-1-s2\runs\cfg-0cbb0a36\cylinder\t0\wire.png
wrote bench\campaigns\advisor-batch-1-s2\runs\cfg-0cbb0a36\plate_hole\t0\wire.png
wrote bench\campaigns\advisor-batch-1-s2\runs\cfg-0cbb0a36\smoke_bar\t0\wire.png
wrote bench\campaigns\advisor-batch-1-s2\runs\cfg-0cbb0a36\sphere\t0\wire.png
wrote bench\campaigns\advisor-batch-1-s2\runs\cfg-0ef3c388\cantilever\t0\wire.png
wrote bench\campaigns\advisor-batch-1-s2\runs\cfg-0ef3c388\cylinder\t0\wire.png
wrote bench\campaigns\advisor-batch-1-s2\runs\cfg-0ef3c388\smoke_bar\t0\wire.png
wrote bench\campaigns\advisor-batch-1-s2\runs\cfg-0ef3c388\sphere\t0\wire.png
wrote bench\campaigns\advisor-batch-1-s2\runs\cfg-109c1dbe\cantilever\t0\wire.png
wrote bench\campaigns\advisor-batch-1-s2\runs\cfg-109c1dbe\cylinder\t0\wire.png
wrote bench\campaigns\advisor-batch-1-s2\runs\cfg-109c1dbe\icecream_cone\t0\wire.png
wrote bench\campaigns\advisor-batch-1-s2\runs\cfg-109c1dbe\plate_hole\t0\wire.png
wrote bench\campaigns\advisor-batch-1-s2\runs\cfg-109c1dbe\smoke_bar\t0\wire.png
wrote bench\campaigns\advisor-batch-1-s2\runs\cfg-109c1dbe\sphere\t0\wire.png
wrote bench\campaigns\advisor-batch-1-s2\runs\cfg-12f8e97d\cantilever\t0\wire.png
wrote bench\campaigns\advisor-batch-1-s2\runs\cfg-12f8e97d\cylinder\t0\wire.png
wrote bench\campaigns\advisor-batch-1-s2\runs\cfg-12f8e97d\plate_hole\t0\wire.png
wrote bench\campaigns\advisor-batch-1-s2\runs\cfg-12f8e97d\smoke_bar\t0\wire.png
wrote bench\campaigns\advisor-batch-1-s2\runs\cfg-12f8e97d\sphere\t0\wire.png
wrote bench\campaigns\advisor-batch-1-s2\runs\cfg-161654c7\cantilever\t0\wire.png
wrote bench\campaigns\advisor-batch-1-s2\runs\cfg-161654c7\cylinder\t0\wire.png
wrote bench\campaigns\advisor-batch-1-s2\runs\cfg-161654c7\plate_hole\t0\wire.png
wrote bench\campaigns\advisor-batch-1-s2\runs\cfg-161654c7\smoke_bar\t0\wire.png
wrote bench\campaigns\advisor-batch-1-s2\runs\cfg-161654c7\sphere\t0\wire.png
wrote bench\campaigns\advisor-batch-1-s2\runs\cfg-18c4744e\cantilever\t0\wire.png
wrote bench\campaigns\advisor-batch-1-s2\runs\cfg-18c4744e\cylinder\t0\wire.png
wrote bench\campaigns\advisor-batch-1-s2\runs\cfg-18c4744e\plate_hole\t0\wire.png
wrote bench\campaigns\advisor-batch-1-s2\runs\cfg-18c4744e\smoke_bar\t0\wire.png
wrote bench\campaigns\advisor-batch-1-s2\runs\cfg-23fdaf2a\cantilever\t0\wire.png
wrote bench\campaigns\advisor-batch-1-s2\runs\cfg-23fdaf2a\cylinder\t0\wire.png
wrote bench\campaigns\advisor-batch-1-s2\runs\cfg-23fdaf2a\icecream_cone\t0\wire.png
wrote bench\campaigns\advisor-batch-1-s2\runs\cfg-23fdaf2a\plate_hole\t0\wire.png
wrote bench\campaigns\advisor-batch-1-s2\runs\cfg-23fdaf2a\smoke_bar\t0\wire.png
wrote bench\campaigns\advisor-batch-1-s2\runs\cfg-23fdaf2a\sphere\t0\wire.png
wrote bench\campaigns\advisor-batch-1-s2\runs\cfg-27949710\cantilever\t0\wire.png
wrote bench\campaigns\advisor-batch-1-s2\runs\cfg-27949710\cylinder\t0\wire.png
wrote bench\campaigns\advisor-batch-1-s2\runs\cfg-27949710\smoke_bar\t0\wire.png
wrote bench\campaigns\advisor-batch-1-s2\runs\cfg-27949710\sphere\t0\wire.png
wrote bench\campaigns\advisor-batch-1-s2\runs\cfg-2a095f54\cantilever\t0\wire.png
wrote bench\campaigns\advisor-batch-1-s2\runs\cfg-2a095f54\cylinder\t0\wire.png
wrote bench\campaigns\advisor-batch-1-s2\runs\cfg-2a095f54\plate_hole\t0\wire.png
wrote bench\campaigns\advisor-batch-1-s2\runs\cfg-2a095f54\smoke_bar\t0\wire.png
wrote bench\campaigns\advisor-batch-1-s2\runs\cfg-2a095f54\sphere\t0\wire.png
wrote bench\campaigns\advisor-batch-1-s2\runs\cfg-2e8a12c4\cantilever\t0\wire.png
wrote bench\campaigns\advisor-batch-1-s2\runs\cfg-2e8a12c4\cylinder\t0\wire.png
wrote bench\campaigns\advisor-batch-1-s2\runs\cfg-2e8a12c4\icecream_cone\t0\wire.png
wrote bench\campaigns\advisor-batch-1-s2\runs\cfg-2e8a12c4\plate_hole\t0\wire.png
wrote bench\campaigns\advisor-batch-1-s2\runs\cfg-2e8a12c4\smoke_bar\t0\wire.png
wrote bench\campaigns\advisor-batch-1-s2\runs\cfg-2e8a12c4\sphere\t0\wire.png
wrote bench\campaigns\advisor-batch-1-s2\runs\cfg-314eb82a\cantilever\t0\wire.png
wrote bench\campaigns\advisor-batch-1-s2\runs\cfg-314eb82a\cylinder\t0\wire.png
wrote bench\campaigns\advisor-batch-1-s2\runs\cfg-314eb82a\smoke_bar\t0\wire.png
wrote bench\campaigns\advisor-batch-1-s2\runs\cfg-314eb82a\sphere\t0\wire.png
wrote bench\campaigns\advisor-batch-1-s2\runs\cfg-31eab50d\cantilever\t0\wire.png
wrote bench\campaigns\advisor-batch-1-s2\runs\cfg-31eab50d\cylinder\t0\wire.png
wrote bench\campaigns\advisor-batch-1-s2\runs\cfg-31eab50d\plate_hole\t0\wire.png
wrote bench\campaigns\advisor-batch-1-s2\runs\cfg-31eab50d\smoke_bar\t0\wire.png
wrote bench\campaigns\advisor-batch-1-s2\runs\cfg-3b3aa35c\cantilever\t0\wire.png
wrote bench\campaigns\advisor-batch-1-s2\runs\cfg-3b3aa35c\cylinder\t0\wire.png
wrote bench\campaigns\advisor-batch-1-s2\runs\cfg-3b3aa35c\smoke_bar\t0\wire.png
wrote bench\campaigns\advisor-batch-1-s2\runs\cfg-3b3aa35c\sphere\t0\wire.png
wrote bench\campaigns\advisor-batch-1-s2\runs\cfg-3e5968b5\cantilever\t0\wire.png
wrote bench\campaigns\advisor-batch-1-s2\runs\cfg-3e5968b5\cylinder\t0\wire.png
wrote bench\campaigns\advisor-batch-1-s2\runs\cfg-3e5968b5\icecream_cone\t0\wire.png
wrote bench\campaigns\advisor-batch-1-s2\runs\cfg-3e5968b5\plate_hole\t0\wire.png
wrote bench\campaigns\advisor-batch-1-s2\runs\cfg-3e5968b5\smoke_bar\t0\wire.png
wrote bench\campaigns\advisor-batch-1-s2\runs\cfg-3e5968b5\sphere\t0\wire.png
wrote bench\campaigns\advisor-batch-1-s2\runs\cfg-3f6e0d74\cantilever\t0\wire.png
wrote bench\campaigns\advisor-batch-1-s2\runs\cfg-3f6e0d74\cylinder\t0\wire.png
wrote bench\campaigns\advisor-batch-1-s2\runs\cfg-3f6e0d74\plate_hole\t0\wire.png
wrote bench\campaigns\advisor-batch-1-s2\runs\cfg-3f6e0d74\smoke_bar\t0\wire.png
wrote bench\campaigns\advisor-batch-1-s2\runs\cfg-3f6e0d74\sphere\t0\wire.png
wrote bench\campaigns\advisor-batch-1-s2\runs\cfg-433e08ef\cantilever\t0\wire.png
wrote bench\campaigns\advisor-batch-1-s2\runs\cfg-433e08ef\cylinder\t0\wire.png
wrote bench\campaigns\advisor-batch-1-s2\runs\cfg-433e08ef\plate_hole\t0\wire.png
wrote bench\campaigns\advisor-batch-1-s2\runs\cfg-433e08ef\smoke_bar\t0\wire.png
wrote bench\campaigns\advisor-batch-1-s2\runs\cfg-433e08ef\sphere\t0\wire.png
wrote bench\campaigns\advisor-batch-1-s2\runs\cfg-47518788\cantilever\t0\wire.png
wrote bench\campaigns\advisor-batch-1-s2\runs\cfg-47518788\cylinder\t0\wire.png
wrote bench\campaigns\advisor-batch-1-s2\runs\cfg-47518788\plate_hole\t0\wire.png
wrote bench\campaigns\advisor-batch-1-s2\runs\cfg-47518788\smoke_bar\t0\wire.png
wrote bench\campaigns\advisor-batch-1-s2\runs\cfg-47518788\sphere\t0\wire.png
wrote bench\campaigns\advisor-batch-1-s2\runs\cfg-499a1f5b\cantilever\t0\wire.png
wrote bench\campaigns\advisor-batch-1-s2\runs\cfg-499a1f5b\cylinder\t0\wire.png
wrote bench\campaigns\advisor-batch-1-s2\runs\cfg-499a1f5b\smoke_bar\t0\wire.png
wrote bench\campaigns\advisor-batch-1-s2\runs\cfg-499a1f5b\sphere\t0\wire.png
wrote bench\campaigns\advisor-batch-1-s2\runs\cfg-4a1827a6\cantilever\t0\wire.png
wrote bench\campaigns\advisor-batch-1-s2\runs\cfg-4a1827a6\cylinder\t0\wire.png
wrote bench\campaigns\advisor-batch-1-s2\runs\cfg-4a1827a6\plate_hole\t0\wire.png
wrote bench\campaigns\advisor-batch-1-s2\runs\cfg-4a1827a6\smoke_bar\t0\wire.png
wrote bench\campaigns\advisor-batch-1-s2\runs\cfg-4a1827a6\sphere\t0\wire.png
wrote bench\campaigns\advisor-batch-1-s2\runs\cfg-4ae9c9a2\cantilever\t0\wire.png
wrote bench\campaigns\advisor-batch-1-s2\runs\cfg-4ae9c9a2\cylinder\t0\wire.png
wrote bench\campaigns\advisor-batch-1-s2\runs\cfg-4ae9c9a2\smoke_bar\t0\wire.png
wrote bench\campaigns\advisor-batch-1-s2\runs\cfg-4ae9c9a2\sphere\t0\wire.png
wrote bench\campaigns\advisor-batch-1-s2\runs\cfg-5960ba58\cantilever\t0\wire.png
wrote bench\campaigns\advisor-batch-1-s2\runs\cfg-5960ba58\cylinder\t0\wire.png
wrote bench\campaigns\advisor-batch-1-s2\runs\cfg-5960ba58\plate_hole\t0\wire.png
wrote bench\campaigns\advisor-batch-1-s2\runs\cfg-5960ba58\smoke_bar\t0\wire.png
wrote bench\campaigns\advisor-batch-1-s2\runs\cfg-5abc7708\cantilever\t0\wire.png
wrote bench\campaigns\advisor-batch-1-s2\runs\cfg-5abc7708\cylinder\t0\wire.png
wrote bench\campaigns\advisor-batch-1-s2\runs\cfg-5abc7708\plate_hole\t0\wire.png
wrote bench\campaigns\advisor-batch-1-s2\runs\cfg-5abc7708\smoke_bar\t0\wire.png
wrote bench\campaigns\advisor-batch-1-s2\runs\cfg-62a8c888\cantilever\t0\wire.png
wrote bench\campaigns\advisor-batch-1-s2\runs\cfg-62a8c888\cylinder\t0\wire.png
wrote bench\campaigns\advisor-batch-1-s2\runs\cfg-62a8c888\plate_hole\t0\wire.png
wrote bench\campaigns\advisor-batch-1-s2\runs\cfg-62a8c888\smoke_bar\t0\wire.png
wrote bench\campaigns\advisor-batch-1-s2\runs\cfg-62a8c888\sphere\t0\wire.png
wrote bench\campaigns\advisor-batch-1-s2\runs\cfg-70616bcb\cantilever\t0\wire.png
wrote bench\campaigns\advisor-batch-1-s2\runs\cfg-70616bcb\cylinder\t0\wire.png
wrote bench\campaigns\advisor-batch-1-s2\runs\cfg-70616bcb\plate_hole\t0\wire.png
wrote bench\campaigns\advisor-batch-1-s2\runs\cfg-70616bcb\smoke_bar\t0\wire.png
wrote bench\campaigns\advisor-batch-1-s2\runs\cfg-7503741f\cantilever\t0\wire.png
wrote bench\campaigns\advisor-batch-1-s2\runs\cfg-7503741f\cylinder\t0\wire.png
wrote bench\campaigns\advisor-batch-1-s2\runs\cfg-7503741f\icecream_cone\t0\wire.png
wrote bench\campaigns\advisor-batch-1-s2\runs\cfg-7503741f\plate_hole\t0\wire.png
wrote bench\campaigns\advisor-batch-1-s2\runs\cfg-7503741f\smoke_bar\t0\wire.png
wrote bench\campaigns\advisor-batch-1-s2\runs\cfg-7503741f\sphere\t0\wire.png
wrote bench\campaigns\advisor-batch-1-s2\runs\cfg-7559670d\cantilever\t0\wire.png
wrote bench\campaigns\advisor-batch-1-s2\runs\cfg-7559670d\cylinder\t0\wire.png
wrote bench\campaigns\advisor-batch-1-s2\runs\cfg-7559670d\plate_hole\t0\wire.png
wrote bench\campaigns\advisor-batch-1-s2\runs\cfg-7559670d\smoke_bar\t0\wire.png
wrote bench\campaigns\advisor-batch-1-s2\runs\cfg-7559670d\sphere\t0\wire.png
wrote bench\campaigns\advisor-batch-1-s2\runs\cfg-7573e330\cantilever\t0\wire.png
wrote bench\campaigns\advisor-batch-1-s2\runs\cfg-7573e330\cylinder\t0\wire.png
wrote bench\campaigns\advisor-batch-1-s2\runs\cfg-7573e330\plate_hole\t0\wire.png
wrote bench\campaigns\advisor-batch-1-s2\runs\cfg-7573e330\smoke_bar\t0\wire.png
wrote bench\campaigns\advisor-batch-1-s2\runs\cfg-7573e330\sphere\t0\wire.png
wrote bench\campaigns\advisor-batch-1-s2\runs\cfg-7b5aee3d\cantilever\t0\wire.png
wrote bench\campaigns\advisor-batch-1-s2\runs\cfg-7b5aee3d\cylinder\t0\wire.png
wrote bench\campaigns\advisor-batch-1-s2\runs\cfg-7b5aee3d\icecream_cone\t0\wire.png
wrote bench\campaigns\advisor-batch-1-s2\runs\cfg-7b5aee3d\plate_hole\t0\wire.png
wrote bench\campaigns\advisor-batch-1-s2\runs\cfg-7b5aee3d\smoke_bar\t0\wire.png
wrote bench\campaigns\advisor-batch-1-s2\runs\cfg-7b5aee3d\sphere\t0\wire.png
wrote bench\campaigns\advisor-batch-1-s2\runs\cfg-7ef81b71\cantilever\t0\wire.png
wrote bench\campaigns\advisor-batch-1-s2\runs\cfg-7ef81b71\cylinder\t0\wire.png
wrote bench\campaigns\advisor-batch-1-s2\runs\cfg-7ef81b71\plate_hole\t0\wire.png
wrote bench\campaigns\advisor-batch-1-s2\runs\cfg-7ef81b71\smoke_bar\t0\wire.png
wrote bench\campaigns\advisor-batch-1-s2\runs\cfg-7f4628e2\cantilever\t0\wire.png
wrote bench\campaigns\advisor-batch-1-s2\runs\cfg-7f4628e2\cylinder\t0\wire.png
wrote bench\campaigns\advisor-batch-1-s2\runs\cfg-7f4628e2\plate_hole\t0\wire.png
wrote bench\campaigns\advisor-batch-1-s2\runs\cfg-7f4628e2\smoke_bar\t0\wire.png
wrote bench\campaigns\advisor-batch-1-s2\runs\cfg-7f4628e2\sphere\t0\wire.png
wrote bench\campaigns\advisor-batch-1-s2\runs\cfg-85ac4502\cantilever\t0\wire.png
wrote bench\campaigns\advisor-batch-1-s2\runs\cfg-85ac4502\cylinder\t0\wire.png
wrote bench\campaigns\advisor-batch-1-s2\runs\cfg-85ac4502\smoke_bar\t0\wire.png
wrote bench\campaigns\advisor-batch-1-s2\runs\cfg-85ac4502\sphere\t0\wire.png
wrote bench\campaigns\advisor-batch-1-s2\runs\cfg-8b59c7c7\cantilever\t0\wire.png
wrote bench\campaigns\advisor-batch-1-s2\runs\cfg-8b59c7c7\cylinder\t0\wire.png
wrote bench\campaigns\advisor-batch-1-s2\runs\cfg-8b59c7c7\plate_hole\t0\wire.png
wrote bench\campaigns\advisor-batch-1-s2\runs\cfg-8b59c7c7\smoke_bar\t0\wire.png
wrote bench\campaigns\advisor-batch-1-s2\runs\cfg-8b59c7c7\sphere\t0\wire.png
wrote bench\campaigns\advisor-batch-1-s2\runs\cfg-8f5d8a41\cantilever\t0\wire.png
wrote bench\campaigns\advisor-batch-1-s2\runs\cfg-8f5d8a41\cylinder\t0\wire.png
wrote bench\campaigns\advisor-batch-1-s2\runs\cfg-8f5d8a41\smoke_bar\t0\wire.png
wrote bench\campaigns\advisor-batch-1-s2\runs\cfg-8f5d8a41\sphere\t0\wire.png
wrote bench\campaigns\advisor-batch-1-s2\runs\cfg-904b4dc4\cantilever\t0\wire.png
wrote bench\campaigns\advisor-batch-1-s2\runs\cfg-904b4dc4\cylinder\t0\wire.png
wrote bench\campaigns\advisor-batch-1-s2\runs\cfg-904b4dc4\icecream_cone\t0\wire.png
wrote bench\campaigns\advisor-batch-1-s2\runs\cfg-904b4dc4\plate_hole\t0\wire.png
wrote bench\campaigns\advisor-batch-1-s2\runs\cfg-904b4dc4\smoke_bar\t0\wire.png
wrote bench\campaigns\advisor-batch-1-s2\runs\cfg-904b4dc4\sphere\t0\wire.png
wrote bench\campaigns\advisor-batch-1-s2\runs\cfg-939be278\cantilever\t0\wire.png
wrote bench\campaigns\advisor-batch-1-s2\runs\cfg-939be278\cylinder\t0\wire.png
wrote bench\campaigns\advisor-batch-1-s2\runs\cfg-939be278\plate_hole\t0\wire.png
wrote bench\campaigns\advisor-batch-1-s2\runs\cfg-939be278\smoke_bar\t0\wire.png
wrote bench\campaigns\advisor-batch-1-s2\runs\cfg-939be278\sphere\t0\wire.png
wrote bench\campaigns\advisor-batch-1-s2\runs\cfg-97fdde29\cantilever\t0\wire.png
wrote bench\campaigns\advisor-batch-1-s2\runs\cfg-97fdde29\cylinder\t0\wire.png
wrote bench\campaigns\advisor-batch-1-s2\runs\cfg-97fdde29\smoke_bar\t0\wire.png
wrote bench\campaigns\advisor-batch-1-s2\runs\cfg-9c14b37c\cantilever\t0\wire.png
wrote bench\campaigns\advisor-batch-1-s2\runs\cfg-9c14b37c\cylinder\t0\wire.png
wrote bench\campaigns\advisor-batch-1-s2\runs\cfg-9c14b37c\icecream_cone\t0\wire.png
wrote bench\campaigns\advisor-batch-1-s2\runs\cfg-9c14b37c\plate_hole\t0\wire.png
wrote bench\campaigns\advisor-batch-1-s2\runs\cfg-9c14b37c\smoke_bar\t0\wire.png
wrote bench\campaigns\advisor-batch-1-s2\runs\cfg-9c14b37c\sphere\t0\wire.png
wrote bench\campaigns\advisor-batch-1-s2\runs\cfg-9d9c56c4\cantilever\t0\wire.png
wrote bench\campaigns\advisor-batch-1-s2\runs\cfg-9d9c56c4\cylinder\t0\wire.png
wrote bench\campaigns\advisor-batch-1-s2\runs\cfg-9d9c56c4\plate_hole\t0\wire.png
wrote bench\campaigns\advisor-batch-1-s2\runs\cfg-9d9c56c4\smoke_bar\t0\wire.png
wrote bench\campaigns\advisor-batch-1-s2\runs\cfg-9d9c56c4\sphere\t0\wire.png
wrote bench\campaigns\advisor-batch-1-s2\runs\cfg-a18fd7be\cantilever\t0\wire.png
wrote bench\campaigns\advisor-batch-1-s2\runs\cfg-a18fd7be\cylinder\t0\wire.png
wrote bench\campaigns\advisor-batch-1-s2\runs\cfg-a18fd7be\smoke_bar\t0\wire.png
wrote bench\campaigns\advisor-batch-1-s2\runs\cfg-a18fd7be\sphere\t0\wire.png
wrote bench\campaigns\advisor-batch-1-s2\runs\cfg-ab5b5a5b\cantilever\t0\wire.png
wrote bench\campaigns\advisor-batch-1-s2\runs\cfg-ab5b5a5b\cylinder\t0\wire.png
wrote bench\campaigns\advisor-batch-1-s2\runs\cfg-ab5b5a5b\plate_hole\t0\wire.png
wrote bench\campaigns\advisor-batch-1-s2\runs\cfg-ab5b5a5b\smoke_bar\t0\wire.png
wrote bench\campaigns\advisor-batch-1-s2\runs\cfg-ab5b5a5b\sphere\t0\wire.png
wrote bench\campaigns\advisor-batch-1-s2\runs\cfg-ac90cb2f\cantilever\t0\wire.png
wrote bench\campaigns\advisor-batch-1-s2\runs\cfg-ac90cb2f\cylinder\t0\wire.png
wrote bench\campaigns\advisor-batch-1-s2\runs\cfg-ac90cb2f\plate_hole\t0\wire.png
wrote bench\campaigns\advisor-batch-1-s2\runs\cfg-ac90cb2f\smoke_bar\t0\wire.png
wrote bench\campaigns\advisor-batch-1-s2\runs\cfg-ac90cb2f\sphere\t0\wire.png
wrote bench\campaigns\advisor-batch-1-s2\runs\cfg-acb9e0a6\cantilever\t0\wire.png
wrote bench\campaigns\advisor-batch-1-s2\runs\cfg-acb9e0a6\cylinder\t0\wire.png
wrote bench\campaigns\advisor-batch-1-s2\runs\cfg-acb9e0a6\plate_hole\t0\wire.png
wrote bench\campaigns\advisor-batch-1-s2\runs\cfg-acb9e0a6\smoke_bar\t0\wire.png
wrote bench\campaigns\advisor-batch-1-s2\runs\cfg-af99ddd3\cantilever\t0\wire.png
wrote bench\campaigns\advisor-batch-1-s2\runs\cfg-af99ddd3\cylinder\t0\wire.png
wrote bench\campaigns\advisor-batch-1-s2\runs\cfg-af99ddd3\plate_hole\t0\wire.png
wrote bench\campaigns\advisor-batch-1-s2\runs\cfg-af99ddd3\smoke_bar\t0\wire.png
wrote bench\campaigns\advisor-batch-1-s2\runs\cfg-af99ddd3\sphere\t0\wire.png
wrote bench\campaigns\advisor-batch-1-s2\runs\cfg-b1b11a33\cantilever\t0\wire.png
wrote bench\campaigns\advisor-batch-1-s2\runs\cfg-b1b11a33\cylinder\t0\wire.png
wrote bench\campaigns\advisor-batch-1-s2\runs\cfg-b1b11a33\smoke_bar\t0\wire.png
wrote bench\campaigns\advisor-batch-1-s2\runs\cfg-b32107c6\cantilever\t0\wire.png
wrote bench\campaigns\advisor-batch-1-s2\runs\cfg-b32107c6\cylinder\t0\wire.png
wrote bench\campaigns\advisor-batch-1-s2\runs\cfg-b32107c6\plate_hole\t0\wire.png
wrote bench\campaigns\advisor-batch-1-s2\runs\cfg-b32107c6\smoke_bar\t0\wire.png
wrote bench\campaigns\advisor-batch-1-s2\runs\cfg-b32107c6\sphere\t0\wire.png
wrote bench\campaigns\advisor-batch-1-s2\runs\cfg-b3a8f358\cantilever\t0\wire.png
wrote bench\campaigns\advisor-batch-1-s2\runs\cfg-b3a8f358\cylinder\t0\wire.png
wrote bench\campaigns\advisor-batch-1-s2\runs\cfg-b3a8f358\plate_hole\t0\wire.png
wrote bench\campaigns\advisor-batch-1-s2\runs\cfg-b3a8f358\smoke_bar\t0\wire.png
wrote bench\campaigns\advisor-batch-1-s2\runs\cfg-b3a8f358\sphere\t0\wire.png
wrote bench\campaigns\advisor-batch-1-s2\runs\cfg-b8ac635b\cantilever\t0\wire.png
wrote bench\campaigns\advisor-batch-1-s2\runs\cfg-b8ac635b\cylinder\t0\wire.png
wrote bench\campaigns\advisor-batch-1-s2\runs\cfg-b8ac635b\icecream_cone\t0\wire.png
wrote bench\campaigns\advisor-batch-1-s2\runs\cfg-b8ac635b\plate_hole\t0\wire.png
wrote bench\campaigns\advisor-batch-1-s2\runs\cfg-b8ac635b\smoke_bar\t0\wire.png
wrote bench\campaigns\advisor-batch-1-s2\runs\cfg-b8ac635b\sphere\t0\wire.png
wrote bench\campaigns\advisor-batch-1-s2\runs\cfg-b93f2819\cantilever\t0\wire.png
wrote bench\campaigns\advisor-batch-1-s2\runs\cfg-b93f2819\cylinder\t0\wire.png
wrote bench\campaigns\advisor-batch-1-s2\runs\cfg-b93f2819\smoke_bar\t0\wire.png
wrote bench\campaigns\advisor-batch-1-s2\runs\cfg-b9bb832b\cantilever\t0\wire.png
wrote bench\campaigns\advisor-batch-1-s2\runs\cfg-b9bb832b\cylinder\t0\wire.png
wrote bench\campaigns\advisor-batch-1-s2\runs\cfg-b9bb832b\icecream_cone\t0\wire.png
wrote bench\campaigns\advisor-batch-1-s2\runs\cfg-b9bb832b\plate_hole\t0\wire.png
wrote bench\campaigns\advisor-batch-1-s2\runs\cfg-b9bb832b\smoke_bar\t0\wire.png
wrote bench\campaigns\advisor-batch-1-s2\runs\cfg-b9bb832b\sphere\t0\wire.png
wrote bench\campaigns\advisor-batch-1-s2\runs\cfg-bce718be\cantilever\t0\wire.png
wrote bench\campaigns\advisor-batch-1-s2\runs\cfg-bce718be\cylinder\t0\wire.png
wrote bench\campaigns\advisor-batch-1-s2\runs\cfg-bce718be\smoke_bar\t0\wire.png
wrote bench\campaigns\advisor-batch-1-s2\runs\cfg-bce718be\sphere\t0\wire.png
wrote bench\campaigns\advisor-batch-1-s2\runs\cfg-becb4822\cantilever\t0\wire.png
wrote bench\campaigns\advisor-batch-1-s2\runs\cfg-becb4822\cylinder\t0\wire.png
wrote bench\campaigns\advisor-batch-1-s2\runs\cfg-becb4822\plate_hole\t0\wire.png
wrote bench\campaigns\advisor-batch-1-s2\runs\cfg-becb4822\smoke_bar\t0\wire.png
wrote bench\campaigns\advisor-batch-1-s2\runs\cfg-becb4822\sphere\t0\wire.png
wrote bench\campaigns\advisor-batch-1-s2\runs\cfg-c23c742a\cantilever\t0\wire.png
wrote bench\campaigns\advisor-batch-1-s2\runs\cfg-c23c742a\cylinder\t0\wire.png
wrote bench\campaigns\advisor-batch-1-s2\runs\cfg-c23c742a\icecream_cone\t0\wire.png
wrote bench\campaigns\advisor-batch-1-s2\runs\cfg-c23c742a\plate_hole\t0\wire.png
wrote bench\campaigns\advisor-batch-1-s2\runs\cfg-c23c742a\smoke_bar\t0\wire.png
wrote bench\campaigns\advisor-batch-1-s2\runs\cfg-c23c742a\sphere\t0\wire.png
wrote bench\campaigns\advisor-batch-1-s2\runs\cfg-c48ecf61\cantilever\t0\wire.png
wrote bench\campaigns\advisor-batch-1-s2\runs\cfg-c48ecf61\cylinder\t0\wire.png
wrote bench\campaigns\advisor-batch-1-s2\runs\cfg-c48ecf61\icecream_cone\t0\wire.png
wrote bench\campaigns\advisor-batch-1-s2\runs\cfg-c48ecf61\plate_hole\t0\wire.png
wrote bench\campaigns\advisor-batch-1-s2\runs\cfg-c48ecf61\smoke_bar\t0\wire.png
wrote bench\campaigns\advisor-batch-1-s2\runs\cfg-c48ecf61\sphere\t0\wire.png
wrote bench\campaigns\advisor-batch-1-s2\runs\cfg-c728703d\cantilever\t0\wire.png
wrote bench\campaigns\advisor-batch-1-s2\runs\cfg-c728703d\cylinder\t0\wire.png
wrote bench\campaigns\advisor-batch-1-s2\runs\cfg-c728703d\plate_hole\t0\wire.png
wrote bench\campaigns\advisor-batch-1-s2\runs\cfg-c728703d\smoke_bar\t0\wire.png
wrote bench\campaigns\advisor-batch-1-s2\runs\cfg-c728703d\sphere\t0\wire.png
wrote bench\campaigns\advisor-batch-1-s2\runs\cfg-ca3e1c6e\cantilever\t0\wire.png
wrote bench\campaigns\advisor-batch-1-s2\runs\cfg-ca3e1c6e\cylinder\t0\wire.png
wrote bench\campaigns\advisor-batch-1-s2\runs\cfg-ca3e1c6e\plate_hole\t0\wire.png
wrote bench\campaigns\advisor-batch-1-s2\runs\cfg-ca3e1c6e\smoke_bar\t0\wire.png
wrote bench\campaigns\advisor-batch-1-s2\runs\cfg-ca3e1c6e\sphere\t0\wire.png
wrote bench\campaigns\advisor-batch-1-s2\runs\cfg-d4266a14\cantilever\t0\wire.png
wrote bench\campaigns\advisor-batch-1-s2\runs\cfg-d4266a14\cylinder\t0\wire.png
wrote bench\campaigns\advisor-batch-1-s2\runs\cfg-d4266a14\smoke_bar\t0\wire.png
wrote bench\campaigns\advisor-batch-1-s2\runs\cfg-d4266a14\sphere\t0\wire.png
wrote bench\campaigns\advisor-batch-1-s2\runs\cfg-dc15301a\cantilever\t0\wire.png
wrote bench\campaigns\advisor-batch-1-s2\runs\cfg-dc15301a\cylinder\t0\wire.png
wrote bench\campaigns\advisor-batch-1-s2\runs\cfg-dc15301a\plate_hole\t0\wire.png
wrote bench\campaigns\advisor-batch-1-s2\runs\cfg-dc15301a\smoke_bar\t0\wire.png
wrote bench\campaigns\advisor-batch-1-s2\runs\cfg-dc15301a\sphere\t0\wire.png
wrote bench\campaigns\advisor-batch-1-s2\runs\cfg-dfe61061\cantilever\t0\wire.png
wrote bench\campaigns\advisor-batch-1-s2\runs\cfg-dfe61061\cylinder\t0\wire.png
wrote bench\campaigns\advisor-batch-1-s2\runs\cfg-dfe61061\icecream_cone\t0\wire.png
wrote bench\campaigns\advisor-batch-1-s2\runs\cfg-dfe61061\plate_hole\t0\wire.png
wrote bench\campaigns\advisor-batch-1-s2\runs\cfg-dfe61061\smoke_bar\t0\wire.png
wrote bench\campaigns\advisor-batch-1-s2\runs\cfg-dfe61061\sphere\t0\wire.png
wrote bench\campaigns\advisor-batch-1-s2\runs\cfg-e30475f1\cantilever\t0\wire.png
wrote bench\campaigns\advisor-batch-1-s2\runs\cfg-e30475f1\cylinder\t0\wire.png
wrote bench\campaigns\advisor-batch-1-s2\runs\cfg-e30475f1\plate_hole\t0\wire.png
wrote bench\campaigns\advisor-batch-1-s2\runs\cfg-e30475f1\smoke_bar\t0\wire.png
wrote bench\campaigns\advisor-batch-1-s2\runs\cfg-e30475f1\sphere\t0\wire.png
wrote bench\campaigns\advisor-batch-1-s2\runs\cfg-e7f14d51\cantilever\t0\wire.png
wrote bench\campaigns\advisor-batch-1-s2\runs\cfg-e7f14d51\cylinder\t0\wire.png
wrote bench\campaigns\advisor-batch-1-s2\runs\cfg-e7f14d51\plate_hole\t0\wire.png
wrote bench\campaigns\advisor-batch-1-s2\runs\cfg-e7f14d51\smoke_bar\t0\wire.png
wrote bench\campaigns\advisor-batch-1-s2\runs\cfg-e7f14d51\sphere\t0\wire.png
wrote bench\campaigns\advisor-batch-1-s2\runs\cfg-e8fb408b\cantilever\t0\wire.png
wrote bench\campaigns\advisor-batch-1-s2\runs\cfg-e8fb408b\cylinder\t0\wire.png
wrote bench\campaigns\advisor-batch-1-s2\runs\cfg-e8fb408b\smoke_bar\t0\wire.png
wrote bench\campaigns\advisor-batch-1-s2\runs\cfg-e925a143\cantilever\t0\wire.png
wrote bench\campaigns\advisor-batch-1-s2\runs\cfg-e925a143\cylinder\t0\wire.png
wrote bench\campaigns\advisor-batch-1-s2\runs\cfg-e925a143\icecream_cone\t0\wire.png
wrote bench\campaigns\advisor-batch-1-s2\runs\cfg-e925a143\plate_hole\t0\wire.png
wrote bench\campaigns\advisor-batch-1-s2\runs\cfg-e925a143\smoke_bar\t0\wire.png
wrote bench\campaigns\advisor-batch-1-s2\runs\cfg-e925a143\sphere\t0\wire.png
wrote bench\campaigns\advisor-batch-1-s2\runs\cfg-ea224697\cantilever\t0\wire.png
wrote bench\campaigns\advisor-batch-1-s2\runs\cfg-ea224697\cylinder\t0\wire.png
wrote bench\campaigns\advisor-batch-1-s2\runs\cfg-ea224697\plate_hole\t0\wire.png
wrote bench\campaigns\advisor-batch-1-s2\runs\cfg-ea224697\smoke_bar\t0\wire.png
wrote bench\campaigns\advisor-batch-1-s2\runs\cfg-ea224697\sphere\t0\wire.png
wrote bench\campaigns\advisor-batch-1-s2\runs\cfg-ecfce6bf\cantilever\t0\wire.png
wrote bench\campaigns\advisor-batch-1-s2\runs\cfg-ecfce6bf\cylinder\t0\wire.png
wrote bench\campaigns\advisor-batch-1-s2\runs\cfg-ecfce6bf\plate_hole\t0\wire.png
wrote bench\campaigns\advisor-batch-1-s2\runs\cfg-ecfce6bf\smoke_bar\t0\wire.png
wrote bench\campaigns\advisor-batch-1-s2\runs\cfg-f11ec541\cantilever\t0\wire.png
wrote bench\campaigns\advisor-batch-1-s2\runs\cfg-f11ec541\cylinder\t0\wire.png
wrote bench\campaigns\advisor-batch-1-s2\runs\cfg-f11ec541\smoke_bar\t0\wire.png
wrote bench\campaigns\advisor-batch-1-s2\runs\cfg-f11ec541\sphere\t0\wire.png
wrote bench\campaigns\advisor-batch-1-s2\runs\cfg-f39c8288\cantilever\t0\wire.png
wrote bench\campaigns\advisor-batch-1-s2\runs\cfg-f39c8288\cylinder\t0\wire.png
wrote bench\campaigns\advisor-batch-1-s2\runs\cfg-f39c8288\smoke_bar\t0\wire.png
wrote bench\campaigns\advisor-batch-1-s2\runs\cfg-f39c8288\sphere\t0\wire.png
wrote bench\campaigns\advisor-batch-1-s2\runs\cfg-f544dcbe\cantilever\t0\wire.png
wrote bench\campaigns\advisor-batch-1-s2\runs\cfg-f544dcbe\cylinder\t0\wire.png
wrote bench\campaigns\advisor-batch-1-s2\runs\cfg-f544dcbe\plate_hole\t0\wire.png
wrote bench\campaigns\advisor-batch-1-s2\runs\cfg-f544dcbe\smoke_bar\t0\wire.png
wrote bench\campaigns\advisor-batch-1-s2\runs\cfg-f544dcbe\sphere\t0\wire.png
wrote bench\campaigns\advisor-batch-1-s2\runs\cfg-fa658f93\cantilever\t0\wire.png
wrote bench\campaigns\advisor-batch-1-s2\runs\cfg-fa658f93\cylinder\t0\wire.png
wrote bench\campaigns\advisor-batch-1-s2\runs\cfg-fa658f93\plate_hole\t0\wire.png
wrote bench\campaigns\advisor-batch-1-s2\runs\cfg-fa658f93\smoke_bar\t0\wire.png
wrote bench\campaigns\advisor-batch-1-s2\runs\cfg-fa658f93\sphere\t0\wire.png
wrote bench\campaigns\advisor-batch-1-s2\runs\cfg-fe6fce41\cantilever\t0\wire.png
wrote bench\campaigns\advisor-batch-1-s2\runs\cfg-fe6fce41\cylinder\t0\wire.png
wrote bench\campaigns\advisor-batch-1-s2\runs\cfg-fe6fce41\icecream_cone\t0\wire.png
wrote bench\campaigns\advisor-batch-1-s2\runs\cfg-fe6fce41\plate_hole\t0\wire.png
wrote bench\campaigns\advisor-batch-1-s2\runs\cfg-fe6fce41\smoke_bar\t0\wire.png
wrote bench\campaigns\advisor-batch-1-s2\runs\cfg-fe6fce41\sphere\t0\wire.png
warehouse_shots: 347 rendered, 0 skipped (exists), 0 failed (347 mesh.vtu total)
finished: 432 runs → C:\Users\Yakub\Desktop\Polyhedral-FEA\bench\campaigns\advisor-batch-1-s2\results.jsonl
=== exit 0 after 733.2s
