
=== 2026-08-10T23:05:11Z OMP_NUM_THREADS=2 :: C:\Users\Yakub\Desktop\Polyhedral-FEA\build\apps\testlab\polymesh_testlab.exe resume C:\Users\Yakub\Desktop\Polyhedral-FEA\bench\campaigns\advisor-batch-3-s2
campaign advisor-batch-3-s2: 16 configs, 72 parts, 1 tiers
  max_run_wall_s=45 (override all tiers)
  max_pack_wall_s=86400
tier 0: h_scale=1 keep_frac=1 survivors=4 max_run_wall_s=45
  run cfg-0b280bb3 part=box_hole_s0_c0 tier=0 ...
  run cfg-0b280bb3 part=box_hole_s0_c1 tier=0 ...
  run cfg-0b280bb3 part=box_hole_s0_c2 tier=0 ...
  run cfg-0b280bb3 part=box_hole_s1_c0 tier=0 ...
  run cfg-0b280bb3 part=box_hole_s1_c1 tier=0 ...
  run cfg-0b280bb3 part=box_hole_s1_c2 tier=0 ...
  run cfg-0b280bb3 part=box_hole_s2_c0 tier=0 ...
  run cfg-0b280bb3 part=box_hole_s2_c1 tier=0 ...
  run cfg-0b280bb3 part=box_hole_s2_c2 tier=0 ...
  run cfg-0b280bb3 part=box_hole_s3_c0 tier=0 ...
  run cfg-0b280bb3 part=box_hole_s3_c1 tier=0 ...
  run cfg-0b280bb3 part=box_hole_s3_c2 tier=0 ...
  run cfg-0b280bb3 part=channel_s0_c0 tier=0 ...
  run cfg-0b280bb3 part=channel_s0_c1 tier=0 ...
  run cfg-0b280bb3 part=channel_s0_c2 tier=0 ...
  run cfg-0b280bb3 part=channel_s1_c0 tier=0 ...
  run cfg-0b280bb3 part=channel_s1_c1 tier=0 ...
  run cfg-0b280bb3 part=channel_s1_c2 tier=0 ...
  run cfg-0b280bb3 part=channel_s2_c0 tier=0 ...
  run cfg-0b280bb3 part=channel_s2_c1 tier=0 ...
  run cfg-0b280bb3 part=channel_s2_c2 tier=0 ...
  run cfg-0b280bb3 part=channel_s3_c0 tier=0 ...
  run cfg-0b280bb3 part=channel_s3_c1 tier=0 ...
  run cfg-0b280bb3 part=channel_s3_c2 tier=0 ...
  run cfg-0b280bb3 part=l_bracket_s0_c0 tier=0 ...
  run cfg-0b280bb3 part=l_bracket_s0_c1 tier=0 ...
  run cfg-0b280bb3 part=l_bracket_s0_c2 tier=0 ...
  run cfg-0b280bb3 part=l_bracket_s1_c0 tier=0 ...
  run cfg-0b280bb3 part=l_bracket_s1_c1 tier=0 ...
  run cfg-0b280bb3 part=l_bracket_s1_c2 tier=0 ...
  run cfg-0b280bb3 part=l_bracket_s2_c0 tier=0 ...
  run cfg-0b280bb3 part=l_bracket_s2_c1 tier=0 ...
  run cfg-0b280bb3 part=l_bracket_s2_c2 tier=0 ...
  run cfg-0b280bb3 part=l_bracket_s3_c0 tier=0 ...
  run cfg-0b280bb3 part=l_bracket_s3_c1 tier=0 ...
  run cfg-0b280bb3 part=l_bracket_s3_c2 tier=0 ...
  run cfg-0b280bb3 part=plate_notch_s0_c0 tier=0 ...
  run cfg-0b280bb3 part=plate_notch_s0_c1 tier=0 ...
  run cfg-0b280bb3 part=plate_notch_s0_c2 tier=0 ...
  run cfg-0b280bb3 part=plate_notch_s1_c0 tier=0 ...
  run cfg-0b280bb3 part=plate_notch_s1_c1 tier=0 ...
  run cfg-0b280bb3 part=plate_notch_s1_c2 tier=0 ...
  run cfg-0b280bb3 part=plate_notch_s2_c0 tier=0 ...
  run cfg-0b280bb3 part=plate_notch_s2_c1 tier=0 ...
  run cfg-0b280bb3 part=plate_notch_s2_c2 tier=0 ...
  run cfg-0b280bb3 part=plate_notch_s3_c0 tier=0 ...
  run cfg-0b280bb3 part=plate_notch_s3_c1 tier=0 ...
  run cfg-0b280bb3 part=plate_notch_s3_c2 tier=0 ...
  run cfg-0b280bb3 part=sphere_box_s0_c0 tier=0 ...
  run cfg-0b280bb3 part=sphere_box_s0_c1 tier=0 ...
  run cfg-0b280bb3 part=sphere_box_s0_c2 tier=0 ...
  run cfg-0b280bb3 part=sphere_box_s1_c0 tier=0 ...
  run cfg-0b280bb3 part=sphere_box_s1_c1 tier=0 ...
  run cfg-0b280bb3 part=sphere_box_s1_c2 tier=0 ...
  run cfg-0b280bb3 part=sphere_box_s2_c0 tier=0 ...
  run cfg-0b280bb3 part=sphere_box_s2_c1 tier=0 ...
  run cfg-0b280bb3 part=sphere_box_s2_c2 tier=0 ...
  run cfg-0b280bb3 part=sphere_box_s3_c0 tier=0 ...
  run cfg-0b280bb3 part=sphere_box_s3_c1 tier=0 ...
  run cfg-0b280bb3 part=sphere_box_s3_c2 tier=0 ...
  run cfg-0b280bb3 part=stepped_shaft_s0_c0 tier=0 ...
  run cfg-0b280bb3 part=stepped_shaft_s0_c1 tier=0 ...
  run cfg-0b280bb3 part=stepped_shaft_s0_c2 tier=0 ...
  run cfg-0b280bb3 part=stepped_shaft_s1_c0 tier=0 ...
  run cfg-0b280bb3 part=stepped_shaft_s1_c1 tier=0 ...
  run cfg-0b280bb3 part=stepped_shaft_s1_c2 tier=0 ...
  run cfg-0b280bb3 part=stepped_shaft_s2_c0 tier=0 ...
  run cfg-0b280bb3 part=stepped_shaft_s2_c1 tier=0 ...
  run cfg-0b280bb3 part=stepped_shaft_s2_c2 tier=0 ...
  run cfg-0b280bb3 part=stepped_shaft_s3_c0 tier=0 ...
  run cfg-0b280bb3 part=stepped_shaft_s3_c1 tier=0 ...
  run cfg-0b280bb3 part=stepped_shaft_s3_c2 tier=0 ...
  run cfg-d8c55ca3 part=box_hole_s0_c0 tier=0 ...
  run cfg-d8c55ca3 part=box_hole_s0_c1 tier=0 ...
  run cfg-d8c55ca3 part=box_hole_s0_c2 tier=0 ...
  run cfg-d8c55ca3 part=box_hole_s1_c0 tier=0 ...
  run cfg-d8c55ca3 part=box_hole_s1_c1 tier=0 ...
  run cfg-d8c55ca3 part=box_hole_s1_c2 tier=0 ...
  run cfg-d8c55ca3 part=box_hole_s2_c0 tier=0 ...
  run cfg-d8c55ca3 part=box_hole_s2_c1 tier=0 ...
  run cfg-d8c55ca3 part=box_hole_s2_c2 tier=0 ...
  run cfg-d8c55ca3 part=box_hole_s3_c0 tier=0 ...
  run cfg-d8c55ca3 part=box_hole_s3_c1 tier=0 ...
  run cfg-d8c55ca3 part=box_hole_s3_c2 tier=0 ...
  run cfg-d8c55ca3 part=channel_s0_c0 tier=0 ...
  run cfg-d8c55ca3 part=channel_s0_c1 tier=0 ...
  run cfg-d8c55ca3 part=channel_s0_c2 tier=0 ...
  run cfg-d8c55ca3 part=channel_s1_c0 tier=0 ...
  run cfg-d8c55ca3 part=channel_s1_c1 tier=0 ...
  run cfg-d8c55ca3 part=channel_s1_c2 tier=0 ...
  run cfg-d8c55ca3 part=channel_s2_c0 tier=0 ...
  run cfg-d8c55ca3 part=channel_s2_c1 tier=0 ...
  run cfg-d8c55ca3 part=channel_s2_c2 tier=0 ...
  run cfg-d8c55ca3 part=channel_s3_c0 tier=0 ...
  run cfg-d8c55ca3 part=channel_s3_c1 tier=0 ...
  run cfg-d8c55ca3 part=channel_s3_c2 tier=0 ...
  run cfg-d8c55ca3 part=l_bracket_s0_c0 tier=0 ...
  run cfg-d8c55ca3 part=l_bracket_s0_c1 tier=0 ...
  run cfg-d8c55ca3 part=l_bracket_s0_c2 tier=0 ...
  run cfg-d8c55ca3 part=l_bracket_s1_c0 tier=0 ...
  run cfg-d8c55ca3 part=l_bracket_s1_c1 tier=0 ...
  run cfg-d8c55ca3 part=l_bracket_s1_c2 tier=0 ...
  run cfg-d8c55ca3 part=l_bracket_s2_c0 tier=0 ...
  run cfg-d8c55ca3 part=l_bracket_s2_c1 tier=0 ...
  run cfg-d8c55ca3 part=l_bracket_s2_c2 tier=0 ...
  run cfg-d8c55ca3 part=l_bracket_s3_c0 tier=0 ...
  run cfg-d8c55ca3 part=l_bracket_s3_c1 tier=0 ...
  run cfg-d8c55ca3 part=l_bracket_s3_c2 tier=0 ...
  run cfg-d8c55ca3 part=plate_notch_s0_c0 tier=0 ...
  run cfg-d8c55ca3 part=plate_notch_s0_c1 tier=0 ...
  run cfg-d8c55ca3 part=plate_notch_s0_c2 tier=0 ...
  run cfg-d8c55ca3 part=plate_notch_s1_c0 tier=0 ...
  run cfg-d8c55ca3 part=plate_notch_s1_c1 tier=0 ...
  run cfg-d8c55ca3 part=plate_notch_s1_c2 tier=0 ...
  run cfg-d8c55ca3 part=plate_notch_s2_c0 tier=0 ...
  run cfg-d8c55ca3 part=plate_notch_s2_c1 tier=0 ...
  run cfg-d8c55ca3 part=plate_notch_s2_c2 tier=0 ...
  run cfg-d8c55ca3 part=plate_notch_s3_c0 tier=0 ...
  run cfg-d8c55ca3 part=plate_notch_s3_c1 tier=0 ...
  run cfg-d8c55ca3 part=plate_notch_s3_c2 tier=0 ...
  run cfg-d8c55ca3 part=sphere_box_s0_c0 tier=0 ...
  run cfg-d8c55ca3 part=sphere_box_s0_c1 tier=0 ...
  run cfg-d8c55ca3 part=sphere_box_s0_c2 tier=0 ...
  run cfg-d8c55ca3 part=sphere_box_s1_c0 tier=0 ...
  run cfg-d8c55ca3 part=sphere_box_s1_c1 tier=0 ...
  run cfg-d8c55ca3 part=sphere_box_s1_c2 tier=0 ...
  run cfg-d8c55ca3 part=sphere_box_s2_c0 tier=0 ...
  run cfg-d8c55ca3 part=sphere_box_s2_c1 tier=0 ...
  run cfg-d8c55ca3 part=sphere_box_s2_c2 tier=0 ...
  run cfg-d8c55ca3 part=sphere_box_s3_c0 tier=0 ...
  run cfg-d8c55ca3 part=sphere_box_s3_c1 tier=0 ...
  run cfg-d8c55ca3 part=sphere_box_s3_c2 tier=0 ...
  run cfg-d8c55ca3 part=stepped_shaft_s0_c0 tier=0 ...
  run cfg-d8c55ca3 part=stepped_shaft_s0_c1 tier=0 ...
  run cfg-d8c55ca3 part=stepped_shaft_s0_c2 tier=0 ...
  run cfg-d8c55ca3 part=stepped_shaft_s1_c0 tier=0 ...
  run cfg-d8c55ca3 part=stepped_shaft_s1_c1 tier=0 ...
  run cfg-d8c55ca3 part=stepped_shaft_s1_c2 tier=0 ...
  run cfg-d8c55ca3 part=stepped_shaft_s2_c0 tier=0 ...
  run cfg-d8c55ca3 part=stepped_shaft_s2_c1 tier=0 ...
  run cfg-d8c55ca3 part=stepped_shaft_s2_c2 tier=0 ...
  run cfg-d8c55ca3 part=stepped_shaft_s3_c0 tier=0 ...
  run cfg-d8c55ca3 part=stepped_shaft_s3_c1 tier=0 ...
  run cfg-d8c55ca3 part=stepped_shaft_s3_c2 tier=0 ...
  run cfg-8a5e3ff6 part=box_hole_s0_c0 tier=0 ...
  run cfg-8a5e3ff6 part=box_hole_s0_c1 tier=0 ...
  run cfg-8a5e3ff6 part=box_hole_s0_c2 tier=0 ...
  run cfg-8a5e3ff6 part=box_hole_s1_c0 tier=0 ...
  run cfg-8a5e3ff6 part=box_hole_s1_c1 tier=0 ...
  run cfg-8a5e3ff6 part=box_hole_s1_c2 tier=0 ...
  run cfg-8a5e3ff6 part=box_hole_s2_c0 tier=0 ...
  run cfg-8a5e3ff6 part=box_hole_s2_c1 tier=0 ...
  run cfg-8a5e3ff6 part=box_hole_s2_c2 tier=0 ...
  run cfg-8a5e3ff6 part=box_hole_s3_c0 tier=0 ...
  run cfg-8a5e3ff6 part=box_hole_s3_c1 tier=0 ...
  run cfg-8a5e3ff6 part=box_hole_s3_c2 tier=0 ...
  run cfg-8a5e3ff6 part=channel_s0_c0 tier=0 ...
  run cfg-8a5e3ff6 part=channel_s0_c1 tier=0 ...
  run cfg-8a5e3ff6 part=channel_s0_c2 tier=0 ...
  run cfg-8a5e3ff6 part=channel_s1_c0 tier=0 ...
  run cfg-8a5e3ff6 part=channel_s1_c1 tier=0 ...
  run cfg-8a5e3ff6 part=channel_s1_c2 tier=0 ...
  run cfg-8a5e3ff6 part=channel_s2_c0 tier=0 ...
  run cfg-8a5e3ff6 part=channel_s2_c1 tier=0 ...
  run cfg-8a5e3ff6 part=channel_s2_c2 tier=0 ...
  run cfg-8a5e3ff6 part=channel_s3_c0 tier=0 ...
  run cfg-8a5e3ff6 part=channel_s3_c1 tier=0 ...
  run cfg-8a5e3ff6 part=channel_s3_c2 tier=0 ...
  run cfg-8a5e3ff6 part=l_bracket_s0_c0 tier=0 ...
  run cfg-8a5e3ff6 part=l_bracket_s0_c1 tier=0 ...
  run cfg-8a5e3ff6 part=l_bracket_s0_c2 tier=0 ...
  run cfg-8a5e3ff6 part=l_bracket_s1_c0 tier=0 ...
  run cfg-8a5e3ff6 part=l_bracket_s1_c1 tier=0 ...
  run cfg-8a5e3ff6 part=l_bracket_s1_c2 tier=0 ...
  run cfg-8a5e3ff6 part=l_bracket_s2_c0 tier=0 ...
  run cfg-8a5e3ff6 part=l_bracket_s2_c1 tier=0 ...
  run cfg-8a5e3ff6 part=l_bracket_s2_c2 tier=0 ...
  run cfg-8a5e3ff6 part=l_bracket_s3_c0 tier=0 ...
  run cfg-8a5e3ff6 part=l_bracket_s3_c1 tier=0 ...
  run cfg-8a5e3ff6 part=l_bracket_s3_c2 tier=0 ...
  run cfg-8a5e3ff6 part=plate_notch_s0_c0 tier=0 ...
  run cfg-8a5e3ff6 part=plate_notch_s0_c1 tier=0 ...
  run cfg-8a5e3ff6 part=plate_notch_s0_c2 tier=0 ...
  run cfg-8a5e3ff6 part=plate_notch_s1_c0 tier=0 ...
  run cfg-8a5e3ff6 part=plate_notch_s1_c1 tier=0 ...
  run cfg-8a5e3ff6 part=plate_notch_s1_c2 tier=0 ...
  run cfg-8a5e3ff6 part=plate_notch_s2_c0 tier=0 ...
  run cfg-8a5e3ff6 part=plate_notch_s2_c1 tier=0 ...
  run cfg-8a5e3ff6 part=plate_notch_s2_c2 tier=0 ...
  run cfg-8a5e3ff6 part=plate_notch_s3_c0 tier=0 ...
  run cfg-8a5e3ff6 part=plate_notch_s3_c1 tier=0 ...
  run cfg-8a5e3ff6 part=plate_notch_s3_c2 tier=0 ...
  run cfg-8a5e3ff6 part=sphere_box_s0_c0 tier=0 ...
  run cfg-8a5e3ff6 part=sphere_box_s0_c1 tier=0 ...
  run cfg-8a5e3ff6 part=sphere_box_s0_c2 tier=0 ...
  run cfg-8a5e3ff6 part=sphere_box_s1_c0 tier=0 ...
  run cfg-8a5e3ff6 part=sphere_box_s1_c1 tier=0 ...
  run cfg-8a5e3ff6 part=sphere_box_s1_c2 tier=0 ...
  run cfg-8a5e3ff6 part=sphere_box_s2_c0 tier=0 ...
  run cfg-8a5e3ff6 part=sphere_box_s2_c1 tier=0 ...
  run cfg-8a5e3ff6 part=sphere_box_s2_c2 tier=0 ...
  run cfg-8a5e3ff6 part=sphere_box_s3_c0 tier=0 ...
  run cfg-8a5e3ff6 part=sphere_box_s3_c1 tier=0 ...
  run cfg-8a5e3ff6 part=sphere_box_s3_c2 tier=0 ...
  run cfg-8a5e3ff6 part=stepped_shaft_s0_c0 tier=0 ...
  run cfg-8a5e3ff6 part=stepped_shaft_s0_c1 tier=0 ...
  run cfg-8a5e3ff6 part=stepped_shaft_s0_c2 tier=0 ...
  run cfg-8a5e3ff6 part=stepped_shaft_s1_c0 tier=0 ...
  run cfg-8a5e3ff6 part=stepped_shaft_s1_c1 tier=0 ...
  run cfg-8a5e3ff6 part=stepped_shaft_s1_c2 tier=0 ...
  run cfg-8a5e3ff6 part=stepped_shaft_s2_c0 tier=0 ...
  run cfg-8a5e3ff6 part=stepped_shaft_s2_c1 tier=0 ...
  run cfg-8a5e3ff6 part=stepped_shaft_s2_c2 tier=0 ...
  run cfg-8a5e3ff6 part=stepped_shaft_s3_c0 tier=0 ...
  run cfg-8a5e3ff6 part=stepped_shaft_s3_c1 tier=0 ...
  run cfg-8a5e3ff6 part=stepped_shaft_s3_c2 tier=0 ...
  run cfg-184d3f78 part=box_hole_s0_c0 tier=0 ...
  run cfg-184d3f78 part=box_hole_s0_c1 tier=0 ...
  run cfg-184d3f78 part=box_hole_s0_c2 tier=0 ...
  run cfg-184d3f78 part=box_hole_s1_c0 tier=0 ...
  run cfg-184d3f78 part=box_hole_s1_c1 tier=0 ...
  run cfg-184d3f78 part=box_hole_s1_c2 tier=0 ...
  run cfg-184d3f78 part=box_hole_s2_c0 tier=0 ...
  run cfg-184d3f78 part=box_hole_s2_c1 tier=0 ...
  run cfg-184d3f78 part=box_hole_s2_c2 tier=0 ...
  run cfg-184d3f78 part=box_hole_s3_c0 tier=0 ...
  run cfg-184d3f78 part=box_hole_s3_c1 tier=0 ...
  run cfg-184d3f78 part=box_hole_s3_c2 tier=0 ...
  run cfg-184d3f78 part=channel_s0_c0 tier=0 ...
  run cfg-184d3f78 part=channel_s0_c1 tier=0 ...
  run cfg-184d3f78 part=channel_s0_c2 tier=0 ...
  run cfg-184d3f78 part=channel_s1_c0 tier=0 ...
  run cfg-184d3f78 part=channel_s1_c1 tier=0 ...
  run cfg-184d3f78 part=channel_s1_c2 tier=0 ...
  run cfg-184d3f78 part=channel_s2_c0 tier=0 ...
  run cfg-184d3f78 part=channel_s2_c1 tier=0 ...
  run cfg-184d3f78 part=channel_s2_c2 tier=0 ...
  run cfg-184d3f78 part=channel_s3_c0 tier=0 ...
  run cfg-184d3f78 part=channel_s3_c1 tier=0 ...
  run cfg-184d3f78 part=channel_s3_c2 tier=0 ...
  run cfg-184d3f78 part=l_bracket_s0_c0 tier=0 ...
  run cfg-184d3f78 part=l_bracket_s0_c1 tier=0 ...
  run cfg-184d3f78 part=l_bracket_s0_c2 tier=0 ...
  run cfg-184d3f78 part=l_bracket_s1_c0 tier=0 ...
  run cfg-184d3f78 part=l_bracket_s1_c1 tier=0 ...
  run cfg-184d3f78 part=l_bracket_s1_c2 tier=0 ...
  run cfg-184d3f78 part=l_bracket_s2_c0 tier=0 ...
  run cfg-184d3f78 part=l_bracket_s2_c1 tier=0 ...
  run cfg-184d3f78 part=l_bracket_s2_c2 tier=0 ...
  run cfg-184d3f78 part=l_bracket_s3_c0 tier=0 ...
  run cfg-184d3f78 part=l_bracket_s3_c1 tier=0 ...
  run cfg-184d3f78 part=l_bracket_s3_c2 tier=0 ...
  run cfg-184d3f78 part=plate_notch_s0_c0 tier=0 ...
  run cfg-184d3f78 part=plate_notch_s0_c1 tier=0 ...
  run cfg-184d3f78 part=plate_notch_s0_c2 tier=0 ...
  run cfg-184d3f78 part=plate_notch_s1_c0 tier=0 ...
  run cfg-184d3f78 part=plate_notch_s1_c1 tier=0 ...
  run cfg-184d3f78 part=plate_notch_s1_c2 tier=0 ...
  run cfg-184d3f78 part=plate_notch_s2_c0 tier=0 ...
  run cfg-184d3f78 part=plate_notch_s2_c1 tier=0 ...
  run cfg-184d3f78 part=plate_notch_s2_c2 tier=0 ...
  run cfg-184d3f78 part=plate_notch_s3_c0 tier=0 ...
  run cfg-184d3f78 part=plate_notch_s3_c1 tier=0 ...
  run cfg-184d3f78 part=plate_notch_s3_c2 tier=0 ...
  run cfg-184d3f78 part=sphere_box_s0_c0 tier=0 ...
  run cfg-184d3f78 part=sphere_box_s0_c1 tier=0 ...
  run cfg-184d3f78 part=sphere_box_s0_c2 tier=0 ...
  run cfg-184d3f78 part=sphere_box_s1_c0 tier=0 ...
  run cfg-184d3f78 part=sphere_box_s1_c1 tier=0 ...
  run cfg-184d3f78 part=sphere_box_s1_c2 tier=0 ...
  run cfg-184d3f78 part=sphere_box_s2_c0 tier=0 ...
  run cfg-184d3f78 part=sphere_box_s2_c1 tier=0 ...
  run cfg-184d3f78 part=sphere_box_s2_c2 tier=0 ...
  run cfg-184d3f78 part=sphere_box_s3_c0 tier=0 ...
  run cfg-184d3f78 part=sphere_box_s3_c1 tier=0 ...
  run cfg-184d3f78 part=sphere_box_s3_c2 tier=0 ...
  run cfg-184d3f78 part=stepped_shaft_s0_c0 tier=0 ...
  run cfg-184d3f78 part=stepped_shaft_s0_c1 tier=0 ...
  run cfg-184d3f78 part=stepped_shaft_s0_c2 tier=0 ...
  run cfg-184d3f78 part=stepped_shaft_s1_c0 tier=0 ...
  run cfg-184d3f78 part=stepped_shaft_s1_c1 tier=0 ...
  run cfg-184d3f78 part=stepped_shaft_s1_c2 tier=0 ...
  run cfg-184d3f78 part=stepped_shaft_s2_c0 tier=0 ...
  run cfg-184d3f78 part=stepped_shaft_s2_c1 tier=0 ...
  run cfg-184d3f78 part=stepped_shaft_s2_c2 tier=0 ...
  run cfg-184d3f78 part=stepped_shaft_s3_c0 tier=0 ...
  run cfg-184d3f78 part=stepped_shaft_s3_c1 tier=0 ...
  run cfg-184d3f78 part=stepped_shaft_s3_c2 tier=0 ...
Could not find platform independent libraries <prefix>
wrote bench\campaigns\advisor-batch-3-s2\runs\cfg-0b280bb3\box_hole_s1_c0\t0\wire.png
wrote bench\campaigns\advisor-batch-3-s2\runs\cfg-0b280bb3\box_hole_s1_c1\t0\wire.png
wrote bench\campaigns\advisor-batch-3-s2\runs\cfg-0b280bb3\box_hole_s1_c2\t0\wire.png
wrote bench\campaigns\advisor-batch-3-s2\runs\cfg-0b280bb3\l_bracket_s0_c0\t0\wire.png
wrote bench\campaigns\advisor-batch-3-s2\runs\cfg-0b280bb3\l_bracket_s0_c1\t0\wire.png
wrote bench\campaigns\advisor-batch-3-s2\runs\cfg-0b280bb3\l_bracket_s0_c2\t0\wire.png
wrote bench\campaigns\advisor-batch-3-s2\runs\cfg-0b280bb3\l_bracket_s1_c0\t0\wire.png
wrote bench\campaigns\advisor-batch-3-s2\runs\cfg-0b280bb3\l_bracket_s1_c1\t0\wire.png
wrote bench\campaigns\advisor-batch-3-s2\runs\cfg-0b280bb3\l_bracket_s1_c2\t0\wire.png
wrote bench\campaigns\advisor-batch-3-s2\runs\cfg-0b280bb3\sphere_box_s0_c0\t0\wire.png
wrote bench\campaigns\advisor-batch-3-s2\runs\cfg-0b280bb3\sphere_box_s0_c1\t0\wire.png
wrote bench\campaigns\advisor-batch-3-s2\runs\cfg-0b280bb3\sphere_box_s0_c2\t0\wire.png
wrote bench\campaigns\advisor-batch-3-s2\runs\cfg-0b280bb3\sphere_box_s3_c0\t0\wire.png
wrote bench\campaigns\advisor-batch-3-s2\runs\cfg-184d3f78\box_hole_s0_c0\t0\wire.png
wrote bench\campaigns\advisor-batch-3-s2\runs\cfg-184d3f78\box_hole_s0_c1\t0\wire.png
wrote bench\campaigns\advisor-batch-3-s2\runs\cfg-184d3f78\box_hole_s0_c2\t0\wire.png
wrote bench\campaigns\advisor-batch-3-s2\runs\cfg-184d3f78\box_hole_s1_c0\t0\wire.png
wrote bench\campaigns\advisor-batch-3-s2\runs\cfg-184d3f78\box_hole_s1_c1\t0\wire.png
wrote bench\campaigns\advisor-batch-3-s2\runs\cfg-184d3f78\box_hole_s1_c2\t0\wire.png
wrote bench\campaigns\advisor-batch-3-s2\runs\cfg-184d3f78\box_hole_s2_c0\t0\wire.png
wrote bench\campaigns\advisor-batch-3-s2\runs\cfg-184d3f78\box_hole_s2_c1\t0\wire.png
wrote bench\campaigns\advisor-batch-3-s2\runs\cfg-184d3f78\box_hole_s2_c2\t0\wire.png
wrote bench\campaigns\advisor-batch-3-s2\runs\cfg-184d3f78\box_hole_s3_c0\t0\wire.png
wrote bench\campaigns\advisor-batch-3-s2\runs\cfg-184d3f78\box_hole_s3_c1\t0\wire.png
wrote bench\campaigns\advisor-batch-3-s2\runs\cfg-184d3f78\box_hole_s3_c2\t0\wire.png
wrote bench\campaigns\advisor-batch-3-s2\runs\cfg-184d3f78\l_bracket_s0_c0\t0\wire.png
wrote bench\campaigns\advisor-batch-3-s2\runs\cfg-184d3f78\l_bracket_s0_c1\t0\wire.png
wrote bench\campaigns\advisor-batch-3-s2\runs\cfg-184d3f78\l_bracket_s0_c2\t0\wire.png
wrote bench\campaigns\advisor-batch-3-s2\runs\cfg-184d3f78\l_bracket_s1_c0\t0\wire.png
wrote bench\campaigns\advisor-batch-3-s2\runs\cfg-184d3f78\l_bracket_s1_c1\t0\wire.png
wrote bench\campaigns\advisor-batch-3-s2\runs\cfg-184d3f78\l_bracket_s1_c2\t0\wire.png
wrote bench\campaigns\advisor-batch-3-s2\runs\cfg-184d3f78\l_bracket_s2_c0\t0\wire.png
wrote bench\campaigns\advisor-batch-3-s2\runs\cfg-184d3f78\l_bracket_s2_c1\t0\wire.png
wrote bench\campaigns\advisor-batch-3-s2\runs\cfg-184d3f78\l_bracket_s2_c2\t0\wire.png
wrote bench\campaigns\advisor-batch-3-s2\runs\cfg-184d3f78\plate_notch_s0_c0\t0\wire.png
wrote bench\campaigns\advisor-batch-3-s2\runs\cfg-184d3f78\plate_notch_s0_c1\t0\wire.png
wrote bench\campaigns\advisor-batch-3-s2\runs\cfg-184d3f78\plate_notch_s0_c2\t0\wire.png
wrote bench\campaigns\advisor-batch-3-s2\runs\cfg-184d3f78\plate_notch_s1_c0\t0\wire.png
wrote bench\campaigns\advisor-batch-3-s2\runs\cfg-184d3f78\plate_notch_s1_c1\t0\wire.png
wrote bench\campaigns\advisor-batch-3-s2\runs\cfg-184d3f78\plate_notch_s1_c2\t0\wire.png
wrote bench\campaigns\advisor-batch-3-s2\runs\cfg-184d3f78\plate_notch_s2_c0\t0\wire.png
wrote bench\campaigns\advisor-batch-3-s2\runs\cfg-184d3f78\plate_notch_s2_c1\t0\wire.png
wrote bench\campaigns\advisor-batch-3-s2\runs\cfg-184d3f78\plate_notch_s2_c2\t0\wire.png
wrote bench\campaigns\advisor-batch-3-s2\runs\cfg-184d3f78\plate_notch_s3_c0\t0\wire.png
wrote bench\campaigns\advisor-batch-3-s2\runs\cfg-184d3f78\plate_notch_s3_c1\t0\wire.png
wrote bench\campaigns\advisor-batch-3-s2\runs\cfg-184d3f78\plate_notch_s3_c2\t0\wire.png
wrote bench\campaigns\advisor-batch-3-s2\runs\cfg-184d3f78\sphere_box_s0_c0\t0\wire.png
wrote bench\campaigns\advisor-batch-3-s2\runs\cfg-184d3f78\sphere_box_s0_c1\t0\wire.png
wrote bench\campaigns\advisor-batch-3-s2\runs\cfg-184d3f78\sphere_box_s0_c2\t0\wire.png
wrote bench\campaigns\advisor-batch-3-s2\runs\cfg-184d3f78\sphere_box_s1_c0\t0\wire.png
wrote bench\campaigns\advisor-batch-3-s2\runs\cfg-184d3f78\sphere_box_s1_c1\t0\wire.png
wrote bench\campaigns\advisor-batch-3-s2\runs\cfg-184d3f78\sphere_box_s1_c2\t0\wire.png
wrote bench\campaigns\advisor-batch-3-s2\runs\cfg-184d3f78\sphere_box_s2_c0\t0\wire.png
wrote bench\campaigns\advisor-batch-3-s2\runs\cfg-184d3f78\sphere_box_s2_c1\t0\wire.png
wrote bench\campaigns\advisor-batch-3-s2\runs\cfg-184d3f78\sphere_box_s2_c2\t0\wire.png
wrote bench\campaigns\advisor-batch-3-s2\runs\cfg-184d3f78\sphere_box_s3_c0\t0\wire.png
wrote bench\campaigns\advisor-batch-3-s2\runs\cfg-184d3f78\sphere_box_s3_c1\t0\wire.png
wrote bench\campaigns\advisor-batch-3-s2\runs\cfg-184d3f78\sphere_box_s3_c2\t0\wire.png
wrote bench\campaigns\advisor-batch-3-s2\runs\cfg-184d3f78\stepped_shaft_s0_c0\t0\wire.png
wrote bench\campaigns\advisor-batch-3-s2\runs\cfg-184d3f78\stepped_shaft_s0_c1\t0\wire.png
wrote bench\campaigns\advisor-batch-3-s2\runs\cfg-184d3f78\stepped_shaft_s0_c2\t0\wire.png
wrote bench\campaigns\advisor-batch-3-s2\runs\cfg-184d3f78\stepped_shaft_s1_c0\t0\wire.png
wrote bench\campaigns\advisor-batch-3-s2\runs\cfg-184d3f78\stepped_shaft_s1_c1\t0\wire.png
wrote bench\campaigns\advisor-batch-3-s2\runs\cfg-184d3f78\stepped_shaft_s1_c2\t0\wire.png
wrote bench\campaigns\advisor-batch-3-s2\runs\cfg-184d3f78\stepped_shaft_s2_c0\t0\wire.png
wrote bench\campaigns\advisor-batch-3-s2\runs\cfg-184d3f78\stepped_shaft_s2_c1\t0\wire.png
wrote bench\campaigns\advisor-batch-3-s2\runs\cfg-184d3f78\stepped_shaft_s2_c2\t0\wire.png
wrote bench\campaigns\advisor-batch-3-s2\runs\cfg-184d3f78\stepped_shaft_s3_c0\t0\wire.png
wrote bench\campaigns\advisor-batch-3-s2\runs\cfg-184d3f78\stepped_shaft_s3_c1\t0\wire.png
wrote bench\campaigns\advisor-batch-3-s2\runs\cfg-184d3f78\stepped_shaft_s3_c2\t0\wire.png
wrote bench\campaigns\advisor-batch-3-s2\runs\cfg-8a5e3ff6\box_hole_s0_c0\t0\wire.png
wrote bench\campaigns\advisor-batch-3-s2\runs\cfg-8a5e3ff6\box_hole_s0_c1\t0\wire.png
wrote bench\campaigns\advisor-batch-3-s2\runs\cfg-8a5e3ff6\box_hole_s0_c2\t0\wire.png
wrote bench\campaigns\advisor-batch-3-s2\runs\cfg-8a5e3ff6\box_hole_s1_c0\t0\wire.png
wrote bench\campaigns\advisor-batch-3-s2\runs\cfg-8a5e3ff6\box_hole_s1_c1\t0\wire.png
wrote bench\campaigns\advisor-batch-3-s2\runs\cfg-8a5e3ff6\box_hole_s1_c2\t0\wire.png
wrote bench\campaigns\advisor-batch-3-s2\runs\cfg-8a5e3ff6\box_hole_s2_c0\t0\wire.png
wrote bench\campaigns\advisor-batch-3-s2\runs\cfg-8a5e3ff6\box_hole_s2_c1\t0\wire.png
wrote bench\campaigns\advisor-batch-3-s2\runs\cfg-8a5e3ff6\box_hole_s2_c2\t0\wire.png
wrote bench\campaigns\advisor-batch-3-s2\runs\cfg-8a5e3ff6\box_hole_s3_c0\t0\wire.png
wrote bench\campaigns\advisor-batch-3-s2\runs\cfg-8a5e3ff6\box_hole_s3_c1\t0\wire.png
wrote bench\campaigns\advisor-batch-3-s2\runs\cfg-8a5e3ff6\box_hole_s3_c2\t0\wire.png
wrote bench\campaigns\advisor-batch-3-s2\runs\cfg-8a5e3ff6\l_bracket_s0_c0\t0\wire.png
wrote bench\campaigns\advisor-batch-3-s2\runs\cfg-8a5e3ff6\l_bracket_s0_c1\t0\wire.png
wrote bench\campaigns\advisor-batch-3-s2\runs\cfg-8a5e3ff6\l_bracket_s0_c2\t0\wire.png
wrote bench\campaigns\advisor-batch-3-s2\runs\cfg-8a5e3ff6\l_bracket_s1_c0\t0\wire.png
wrote bench\campaigns\advisor-batch-3-s2\runs\cfg-8a5e3ff6\l_bracket_s1_c1\t0\wire.png
wrote bench\campaigns\advisor-batch-3-s2\runs\cfg-8a5e3ff6\l_bracket_s1_c2\t0\wire.png
wrote bench\campaigns\advisor-batch-3-s2\runs\cfg-8a5e3ff6\l_bracket_s2_c0\t0\wire.png
wrote bench\campaigns\advisor-batch-3-s2\runs\cfg-8a5e3ff6\l_bracket_s2_c1\t0\wire.png
wrote bench\campaigns\advisor-batch-3-s2\runs\cfg-8a5e3ff6\l_bracket_s2_c2\t0\wire.png
wrote bench\campaigns\advisor-batch-3-s2\runs\cfg-8a5e3ff6\plate_notch_s0_c0\t0\wire.png
wrote bench\campaigns\advisor-batch-3-s2\runs\cfg-8a5e3ff6\plate_notch_s0_c1\t0\wire.png
wrote bench\campaigns\advisor-batch-3-s2\runs\cfg-8a5e3ff6\plate_notch_s0_c2\t0\wire.png
wrote bench\campaigns\advisor-batch-3-s2\runs\cfg-8a5e3ff6\plate_notch_s1_c0\t0\wire.png
wrote bench\campaigns\advisor-batch-3-s2\runs\cfg-8a5e3ff6\plate_notch_s1_c1\t0\wire.png
wrote bench\campaigns\advisor-batch-3-s2\runs\cfg-8a5e3ff6\plate_notch_s1_c2\t0\wire.png
wrote bench\campaigns\advisor-batch-3-s2\runs\cfg-8a5e3ff6\plate_notch_s2_c0\t0\wire.png
wrote bench\campaigns\advisor-batch-3-s2\runs\cfg-8a5e3ff6\plate_notch_s2_c1\t0\wire.png
wrote bench\campaigns\advisor-batch-3-s2\runs\cfg-8a5e3ff6\plate_notch_s2_c2\t0\wire.png
wrote bench\campaigns\advisor-batch-3-s2\runs\cfg-8a5e3ff6\plate_notch_s3_c0\t0\wire.png
wrote bench\campaigns\advisor-batch-3-s2\runs\cfg-8a5e3ff6\plate_notch_s3_c1\t0\wire.png
wrote bench\campaigns\advisor-batch-3-s2\runs\cfg-8a5e3ff6\plate_notch_s3_c2\t0\wire.png
wrote bench\campaigns\advisor-batch-3-s2\runs\cfg-8a5e3ff6\sphere_box_s0_c0\t0\wire.png
wrote bench\campaigns\advisor-batch-3-s2\runs\cfg-8a5e3ff6\sphere_box_s0_c1\t0\wire.png
wrote bench\campaigns\advisor-batch-3-s2\runs\cfg-8a5e3ff6\sphere_box_s0_c2\t0\wire.png
wrote bench\campaigns\advisor-batch-3-s2\runs\cfg-8a5e3ff6\sphere_box_s1_c0\t0\wire.png
wrote bench\campaigns\advisor-batch-3-s2\runs\cfg-8a5e3ff6\sphere_box_s1_c1\t0\wire.png
wrote bench\campaigns\advisor-batch-3-s2\runs\cfg-8a5e3ff6\sphere_box_s1_c2\t0\wire.png
wrote bench\campaigns\advisor-batch-3-s2\runs\cfg-8a5e3ff6\sphere_box_s2_c0\t0\wire.png
wrote bench\campaigns\advisor-batch-3-s2\runs\cfg-8a5e3ff6\sphere_box_s2_c1\t0\wire.png
wrote bench\campaigns\advisor-batch-3-s2\runs\cfg-8a5e3ff6\sphere_box_s2_c2\t0\wire.png
wrote bench\campaigns\advisor-batch-3-s2\runs\cfg-8a5e3ff6\sphere_box_s3_c0\t0\wire.png
wrote bench\campaigns\advisor-batch-3-s2\runs\cfg-8a5e3ff6\sphere_box_s3_c1\t0\wire.png
wrote bench\campaigns\advisor-batch-3-s2\runs\cfg-8a5e3ff6\sphere_box_s3_c2\t0\wire.png
wrote bench\campaigns\advisor-batch-3-s2\runs\cfg-8a5e3ff6\stepped_shaft_s0_c0\t0\wire.png
wrote bench\campaigns\advisor-batch-3-s2\runs\cfg-8a5e3ff6\stepped_shaft_s0_c1\t0\wire.png
wrote bench\campaigns\advisor-batch-3-s2\runs\cfg-8a5e3ff6\stepped_shaft_s0_c2\t0\wire.png
wrote bench\campaigns\advisor-batch-3-s2\runs\cfg-8a5e3ff6\stepped_shaft_s1_c0\t0\wire.png
wrote bench\campaigns\advisor-batch-3-s2\runs\cfg-8a5e3ff6\stepped_shaft_s1_c1\t0\wire.png
wrote bench\campaigns\advisor-batch-3-s2\runs\cfg-8a5e3ff6\stepped_shaft_s1_c2\t0\wire.png
wrote bench\campaigns\advisor-batch-3-s2\runs\cfg-8a5e3ff6\stepped_shaft_s2_c0\t0\wire.png
wrote bench\campaigns\advisor-batch-3-s2\runs\cfg-8a5e3ff6\stepped_shaft_s2_c1\t0\wire.png
wrote bench\campaigns\advisor-batch-3-s2\runs\cfg-8a5e3ff6\stepped_shaft_s2_c2\t0\wire.png
wrote bench\campaigns\advisor-batch-3-s2\runs\cfg-8a5e3ff6\stepped_shaft_s3_c0\t0\wire.png
wrote bench\campaigns\advisor-batch-3-s2\runs\cfg-8a5e3ff6\stepped_shaft_s3_c1\t0\wire.png
wrote bench\campaigns\advisor-batch-3-s2\runs\cfg-8a5e3ff6\stepped_shaft_s3_c2\t0\wire.png
wrote bench\campaigns\advisor-batch-3-s2\runs\cfg-d8c55ca3\box_hole_s1_c0\t0\wire.png
wrote bench\campaigns\advisor-batch-3-s2\runs\cfg-d8c55ca3\box_hole_s1_c1\t0\wire.png
wrote bench\campaigns\advisor-batch-3-s2\runs\cfg-d8c55ca3\box_hole_s1_c2\t0\wire.png
wrote bench\campaigns\advisor-batch-3-s2\runs\cfg-d8c55ca3\l_bracket_s0_c0\t0\wire.png
wrote bench\campaigns\advisor-batch-3-s2\runs\cfg-d8c55ca3\l_bracket_s0_c1\t0\wire.png
wrote bench\campaigns\advisor-batch-3-s2\runs\cfg-d8c55ca3\l_bracket_s0_c2\t0\wire.png
wrote bench\campaigns\advisor-batch-3-s2\runs\cfg-d8c55ca3\l_bracket_s1_c0\t0\wire.png
wrote bench\campaigns\advisor-batch-3-s2\runs\cfg-d8c55ca3\l_bracket_s1_c1\t0\wire.png
wrote bench\campaigns\advisor-batch-3-s2\runs\cfg-d8c55ca3\l_bracket_s1_c2\t0\wire.png
wrote bench\campaigns\advisor-batch-3-s2\runs\cfg-d8c55ca3\sphere_box_s0_c0\t0\wire.png
wrote bench\campaigns\advisor-batch-3-s2\runs\cfg-d8c55ca3\sphere_box_s0_c1\t0\wire.png
wrote bench\campaigns\advisor-batch-3-s2\runs\cfg-d8c55ca3\sphere_box_s0_c2\t0\wire.png
wrote bench\campaigns\advisor-batch-3-s2\runs\cfg-d8c55ca3\sphere_box_s3_c0\t0\wire.png
warehouse_shots: 140 rendered, 0 skipped (exists), 0 failed (140 mesh.vtu total)
finished: 288 runs → C:\Users\Yakub\Desktop\Polyhedral-FEA\bench\campaigns\advisor-batch-3-s2\results.jsonl
=== exit 0 after 711.6s
