
=== 2026-08-14T11:20:30Z OMP_NUM_THREADS=2 :: C:\Users\Yakub\Desktop\Polyhedral-FEA\build\apps\testlab\polymesh_testlab.exe resume C:\Users\Yakub\Desktop\Polyhedral-FEA\bench\campaigns\advisor-batch-3-s2
campaign advisor-batch-3-s2: 16 configs, 36 parts, 1 tiers
  max_run_wall_s=180 (override all tiers)
  max_pack_wall_s=21600
tier 0: h_scale=1 keep_frac=1 survivors=4 max_run_wall_s=180
  run cfg-e04b39c3 part=box_hole_s0_c0 tier=0 ...
  run cfg-e04b39c3 part=box_hole_s0_c1 tier=0 ...
  run cfg-e04b39c3 part=box_hole_s0_c2 tier=0 ...
  run cfg-e04b39c3 part=box_hole_s2_c0 tier=0 ...
  run cfg-e04b39c3 part=box_hole_s2_c1 tier=0 ...
  run cfg-e04b39c3 part=box_hole_s2_c2 tier=0 ...
  run cfg-e04b39c3 part=channel_s0_c0 tier=0 ...
  run cfg-e04b39c3 part=channel_s0_c1 tier=0 ...
  run cfg-e04b39c3 part=channel_s0_c2 tier=0 ...
  run cfg-e04b39c3 part=channel_s2_c0 tier=0 ...
  run cfg-e04b39c3 part=channel_s2_c1 tier=0 ...
  run cfg-e04b39c3 part=channel_s2_c2 tier=0 ...
  run cfg-e04b39c3 part=l_bracket_s0_c0 tier=0 ...
  run cfg-e04b39c3 part=l_bracket_s0_c1 tier=0 ...
  run cfg-e04b39c3 part=l_bracket_s0_c2 tier=0 ...
  run cfg-e04b39c3 part=l_bracket_s2_c0 tier=0 ...
  run cfg-e04b39c3 part=l_bracket_s2_c1 tier=0 ...
  run cfg-e04b39c3 part=l_bracket_s2_c2 tier=0 ...
  run cfg-e04b39c3 part=plate_notch_s0_c0 tier=0 ...
  run cfg-e04b39c3 part=plate_notch_s0_c1 tier=0 ...
  run cfg-e04b39c3 part=plate_notch_s0_c2 tier=0 ...
  run cfg-e04b39c3 part=plate_notch_s2_c0 tier=0 ...
  run cfg-e04b39c3 part=plate_notch_s2_c1 tier=0 ...
  run cfg-e04b39c3 part=plate_notch_s2_c2 tier=0 ...
  run cfg-e04b39c3 part=sphere_box_s0_c0 tier=0 ...
  run cfg-e04b39c3 part=sphere_box_s0_c1 tier=0 ...
  run cfg-e04b39c3 part=sphere_box_s0_c2 tier=0 ...
  run cfg-e04b39c3 part=sphere_box_s2_c0 tier=0 ...
  run cfg-e04b39c3 part=sphere_box_s2_c1 tier=0 ...
  run cfg-e04b39c3 part=sphere_box_s2_c2 tier=0 ...
  run cfg-e04b39c3 part=stepped_shaft_s0_c0 tier=0 ...
  run cfg-e04b39c3 part=stepped_shaft_s0_c1 tier=0 ...
  run cfg-e04b39c3 part=stepped_shaft_s0_c2 tier=0 ...
  run cfg-e04b39c3 part=stepped_shaft_s2_c0 tier=0 ...
  run cfg-e04b39c3 part=stepped_shaft_s2_c1 tier=0 ...
  run cfg-e04b39c3 part=stepped_shaft_s2_c2 tier=0 ...
  run cfg-116b3958 part=box_hole_s0_c0 tier=0 ...
  run cfg-116b3958 part=box_hole_s0_c1 tier=0 ...
  run cfg-116b3958 part=box_hole_s0_c2 tier=0 ...
  run cfg-116b3958 part=box_hole_s2_c0 tier=0 ...
  run cfg-116b3958 part=box_hole_s2_c1 tier=0 ...
  run cfg-116b3958 part=box_hole_s2_c2 tier=0 ...
  run cfg-116b3958 part=channel_s0_c0 tier=0 ...
  run cfg-116b3958 part=channel_s0_c1 tier=0 ...
  run cfg-116b3958 part=channel_s0_c2 tier=0 ...
  run cfg-116b3958 part=channel_s2_c0 tier=0 ...
  run cfg-116b3958 part=channel_s2_c1 tier=0 ...
  run cfg-116b3958 part=channel_s2_c2 tier=0 ...
  run cfg-116b3958 part=l_bracket_s0_c0 tier=0 ...
  run cfg-116b3958 part=l_bracket_s0_c1 tier=0 ...
  run cfg-116b3958 part=l_bracket_s0_c2 tier=0 ...
  run cfg-116b3958 part=l_bracket_s2_c0 tier=0 ...
  run cfg-116b3958 part=l_bracket_s2_c1 tier=0 ...
  run cfg-116b3958 part=l_bracket_s2_c2 tier=0 ...
  run cfg-116b3958 part=plate_notch_s0_c0 tier=0 ...
  run cfg-116b3958 part=plate_notch_s0_c1 tier=0 ...
  run cfg-116b3958 part=plate_notch_s0_c2 tier=0 ...
  run cfg-116b3958 part=plate_notch_s2_c0 tier=0 ...
  run cfg-116b3958 part=plate_notch_s2_c1 tier=0 ...
  run cfg-116b3958 part=plate_notch_s2_c2 tier=0 ...
  run cfg-116b3958 part=sphere_box_s0_c0 tier=0 ...
  run cfg-116b3958 part=sphere_box_s0_c1 tier=0 ...
  run cfg-116b3958 part=sphere_box_s0_c2 tier=0 ...
  run cfg-116b3958 part=sphere_box_s2_c0 tier=0 ...
  run cfg-116b3958 part=sphere_box_s2_c1 tier=0 ...
  run cfg-116b3958 part=sphere_box_s2_c2 tier=0 ...
  run cfg-116b3958 part=stepped_shaft_s0_c0 tier=0 ...
  run cfg-116b3958 part=stepped_shaft_s0_c1 tier=0 ...
  run cfg-116b3958 part=stepped_shaft_s0_c2 tier=0 ...
  run cfg-116b3958 part=stepped_shaft_s2_c0 tier=0 ...
  run cfg-116b3958 part=stepped_shaft_s2_c1 tier=0 ...
  run cfg-116b3958 part=stepped_shaft_s2_c2 tier=0 ...
  run cfg-5ff72b2a part=box_hole_s0_c0 tier=0 ...
  run cfg-5ff72b2a part=box_hole_s0_c1 tier=0 ...
  run cfg-5ff72b2a part=box_hole_s0_c2 tier=0 ...
  run cfg-5ff72b2a part=box_hole_s2_c0 tier=0 ...
  run cfg-5ff72b2a part=box_hole_s2_c1 tier=0 ...
  run cfg-5ff72b2a part=box_hole_s2_c2 tier=0 ...
  run cfg-5ff72b2a part=channel_s0_c0 tier=0 ...
  run cfg-5ff72b2a part=channel_s0_c1 tier=0 ...
  run cfg-5ff72b2a part=channel_s0_c2 tier=0 ...
  run cfg-5ff72b2a part=channel_s2_c0 tier=0 ...
  run cfg-5ff72b2a part=channel_s2_c1 tier=0 ...
  run cfg-5ff72b2a part=channel_s2_c2 tier=0 ...
  run cfg-5ff72b2a part=l_bracket_s0_c0 tier=0 ...
  run cfg-5ff72b2a part=l_bracket_s0_c1 tier=0 ...
  run cfg-5ff72b2a part=l_bracket_s0_c2 tier=0 ...
  run cfg-5ff72b2a part=l_bracket_s2_c0 tier=0 ...
  run cfg-5ff72b2a part=l_bracket_s2_c1 tier=0 ...
  run cfg-5ff72b2a part=l_bracket_s2_c2 tier=0 ...
  run cfg-5ff72b2a part=plate_notch_s0_c0 tier=0 ...
  run cfg-5ff72b2a part=plate_notch_s0_c1 tier=0 ...
  run cfg-5ff72b2a part=plate_notch_s0_c2 tier=0 ...
  run cfg-5ff72b2a part=plate_notch_s2_c0 tier=0 ...
  run cfg-5ff72b2a part=plate_notch_s2_c1 tier=0 ...
  run cfg-5ff72b2a part=plate_notch_s2_c2 tier=0 ...
  run cfg-5ff72b2a part=sphere_box_s0_c0 tier=0 ...
  run cfg-5ff72b2a part=sphere_box_s0_c1 tier=0 ...
  run cfg-5ff72b2a part=sphere_box_s0_c2 tier=0 ...
  run cfg-5ff72b2a part=sphere_box_s2_c0 tier=0 ...
  run cfg-5ff72b2a part=sphere_box_s2_c1 tier=0 ...
  run cfg-5ff72b2a part=sphere_box_s2_c2 tier=0 ...
  run cfg-5ff72b2a part=stepped_shaft_s0_c0 tier=0 ...
  run cfg-5ff72b2a part=stepped_shaft_s0_c1 tier=0 ...
  run cfg-5ff72b2a part=stepped_shaft_s0_c2 tier=0 ...
  run cfg-5ff72b2a part=stepped_shaft_s2_c0 tier=0 ...
  run cfg-5ff72b2a part=stepped_shaft_s2_c1 tier=0 ...
  run cfg-5ff72b2a part=stepped_shaft_s2_c2 tier=0 ...
  run cfg-a1ad5ec9 part=box_hole_s0_c0 tier=0 ...
  run cfg-a1ad5ec9 part=box_hole_s0_c1 tier=0 ...
  run cfg-a1ad5ec9 part=box_hole_s0_c2 tier=0 ...
  run cfg-a1ad5ec9 part=box_hole_s2_c0 tier=0 ...
  run cfg-a1ad5ec9 part=box_hole_s2_c1 tier=0 ...
  run cfg-a1ad5ec9 part=box_hole_s2_c2 tier=0 ...
  run cfg-a1ad5ec9 part=channel_s0_c0 tier=0 ...
  run cfg-a1ad5ec9 part=channel_s0_c1 tier=0 ...
  run cfg-a1ad5ec9 part=channel_s0_c2 tier=0 ...
  run cfg-a1ad5ec9 part=channel_s2_c0 tier=0 ...
  run cfg-a1ad5ec9 part=channel_s2_c1 tier=0 ...
  run cfg-a1ad5ec9 part=channel_s2_c2 tier=0 ...
  run cfg-a1ad5ec9 part=l_bracket_s0_c0 tier=0 ...
  run cfg-a1ad5ec9 part=l_bracket_s0_c1 tier=0 ...
  run cfg-a1ad5ec9 part=l_bracket_s0_c2 tier=0 ...
  run cfg-a1ad5ec9 part=l_bracket_s2_c0 tier=0 ...
  run cfg-a1ad5ec9 part=l_bracket_s2_c1 tier=0 ...
  run cfg-a1ad5ec9 part=l_bracket_s2_c2 tier=0 ...
  run cfg-a1ad5ec9 part=plate_notch_s0_c0 tier=0 ...
  run cfg-a1ad5ec9 part=plate_notch_s0_c1 tier=0 ...
  run cfg-a1ad5ec9 part=plate_notch_s0_c2 tier=0 ...
  run cfg-a1ad5ec9 part=plate_notch_s2_c0 tier=0 ...
  run cfg-a1ad5ec9 part=plate_notch_s2_c1 tier=0 ...
  run cfg-a1ad5ec9 part=plate_notch_s2_c2 tier=0 ...
  run cfg-a1ad5ec9 part=sphere_box_s0_c0 tier=0 ...
  run cfg-a1ad5ec9 part=sphere_box_s0_c1 tier=0 ...
  run cfg-a1ad5ec9 part=sphere_box_s0_c2 tier=0 ...
  run cfg-a1ad5ec9 part=sphere_box_s2_c0 tier=0 ...
  run cfg-a1ad5ec9 part=sphere_box_s2_c1 tier=0 ...
  run cfg-a1ad5ec9 part=sphere_box_s2_c2 tier=0 ...
  run cfg-a1ad5ec9 part=stepped_shaft_s0_c0 tier=0 ...
  run cfg-a1ad5ec9 part=stepped_shaft_s0_c1 tier=0 ...
  run cfg-a1ad5ec9 part=stepped_shaft_s0_c2 tier=0 ...
  run cfg-a1ad5ec9 part=stepped_shaft_s2_c0 tier=0 ...
  run cfg-a1ad5ec9 part=stepped_shaft_s2_c1 tier=0 ...
  run cfg-a1ad5ec9 part=stepped_shaft_s2_c2 tier=0 ...
wrote bench\campaigns\advisor-batch-3-s2\runs\cfg-116b3958\box_hole_s0_c0\t0\wire.png
wrote bench\campaigns\advisor-batch-3-s2\runs\cfg-116b3958\box_hole_s0_c1\t0\wire.png
wrote bench\campaigns\advisor-batch-3-s2\runs\cfg-116b3958\box_hole_s0_c2\t0\wire.png
wrote bench\campaigns\advisor-batch-3-s2\runs\cfg-116b3958\channel_s0_c0\t0\wire.png
wrote bench\campaigns\advisor-batch-3-s2\runs\cfg-116b3958\channel_s0_c1\t0\wire.png
wrote bench\campaigns\advisor-batch-3-s2\runs\cfg-116b3958\channel_s0_c2\t0\wire.png
wrote bench\campaigns\advisor-batch-3-s2\runs\cfg-116b3958\l_bracket_s0_c0\t0\wire.png
wrote bench\campaigns\advisor-batch-3-s2\runs\cfg-116b3958\l_bracket_s0_c1\t0\wire.png
wrote bench\campaigns\advisor-batch-3-s2\runs\cfg-116b3958\l_bracket_s0_c2\t0\wire.png
wrote bench\campaigns\advisor-batch-3-s2\runs\cfg-116b3958\l_bracket_s2_c0\t0\wire.png
wrote bench\campaigns\advisor-batch-3-s2\runs\cfg-116b3958\l_bracket_s2_c1\t0\wire.png
wrote bench\campaigns\advisor-batch-3-s2\runs\cfg-116b3958\l_bracket_s2_c2\t0\wire.png
wrote bench\campaigns\advisor-batch-3-s2\runs\cfg-116b3958\plate_notch_s0_c0\t0\wire.png
wrote bench\campaigns\advisor-batch-3-s2\runs\cfg-116b3958\plate_notch_s0_c1\t0\wire.png
wrote bench\campaigns\advisor-batch-3-s2\runs\cfg-116b3958\plate_notch_s0_c2\t0\wire.png
wrote bench\campaigns\advisor-batch-3-s2\runs\cfg-116b3958\plate_notch_s2_c0\t0\wire.png
wrote bench\campaigns\advisor-batch-3-s2\runs\cfg-116b3958\plate_notch_s2_c1\t0\wire.png
wrote bench\campaigns\advisor-batch-3-s2\runs\cfg-116b3958\plate_notch_s2_c2\t0\wire.png
wrote bench\campaigns\advisor-batch-3-s2\runs\cfg-116b3958\sphere_box_s0_c0\t0\wire.png
wrote bench\campaigns\advisor-batch-3-s2\runs\cfg-116b3958\sphere_box_s0_c1\t0\wire.png
wrote bench\campaigns\advisor-batch-3-s2\runs\cfg-116b3958\sphere_box_s0_c2\t0\wire.png
wrote bench\campaigns\advisor-batch-3-s2\runs\cfg-116b3958\sphere_box_s2_c0\t0\wire.png
wrote bench\campaigns\advisor-batch-3-s2\runs\cfg-116b3958\sphere_box_s2_c1\t0\wire.png
wrote bench\campaigns\advisor-batch-3-s2\runs\cfg-116b3958\sphere_box_s2_c2\t0\wire.png
wrote bench\campaigns\advisor-batch-3-s2\runs\cfg-5ff72b2a\box_hole_s0_c0\t0\wire.png
wrote bench\campaigns\advisor-batch-3-s2\runs\cfg-5ff72b2a\box_hole_s0_c1\t0\wire.png
wrote bench\campaigns\advisor-batch-3-s2\runs\cfg-5ff72b2a\box_hole_s0_c2\t0\wire.png
wrote bench\campaigns\advisor-batch-3-s2\runs\cfg-5ff72b2a\channel_s0_c0\t0\wire.png
wrote bench\campaigns\advisor-batch-3-s2\runs\cfg-5ff72b2a\channel_s0_c1\t0\wire.png
wrote bench\campaigns\advisor-batch-3-s2\runs\cfg-5ff72b2a\channel_s0_c2\t0\wire.png
wrote bench\campaigns\advisor-batch-3-s2\runs\cfg-5ff72b2a\l_bracket_s0_c0\t0\wire.png
wrote bench\campaigns\advisor-batch-3-s2\runs\cfg-5ff72b2a\l_bracket_s0_c1\t0\wire.png
wrote bench\campaigns\advisor-batch-3-s2\runs\cfg-5ff72b2a\l_bracket_s0_c2\t0\wire.png
wrote bench\campaigns\advisor-batch-3-s2\runs\cfg-5ff72b2a\l_bracket_s2_c0\t0\wire.png
wrote bench\campaigns\advisor-batch-3-s2\runs\cfg-5ff72b2a\l_bracket_s2_c1\t0\wire.png
wrote bench\campaigns\advisor-batch-3-s2\runs\cfg-5ff72b2a\l_bracket_s2_c2\t0\wire.png
wrote bench\campaigns\advisor-batch-3-s2\runs\cfg-5ff72b2a\plate_notch_s0_c0\t0\wire.png
wrote bench\campaigns\advisor-batch-3-s2\runs\cfg-5ff72b2a\plate_notch_s0_c1\t0\wire.png
wrote bench\campaigns\advisor-batch-3-s2\runs\cfg-5ff72b2a\plate_notch_s0_c2\t0\wire.png
wrote bench\campaigns\advisor-batch-3-s2\runs\cfg-5ff72b2a\plate_notch_s2_c0\t0\wire.png
wrote bench\campaigns\advisor-batch-3-s2\runs\cfg-5ff72b2a\plate_notch_s2_c1\t0\wire.png
wrote bench\campaigns\advisor-batch-3-s2\runs\cfg-5ff72b2a\plate_notch_s2_c2\t0\wire.png
wrote bench\campaigns\advisor-batch-3-s2\runs\cfg-5ff72b2a\sphere_box_s0_c0\t0\wire.png
wrote bench\campaigns\advisor-batch-3-s2\runs\cfg-5ff72b2a\sphere_box_s0_c1\t0\wire.png
wrote bench\campaigns\advisor-batch-3-s2\runs\cfg-5ff72b2a\sphere_box_s0_c2\t0\wire.png
wrote bench\campaigns\advisor-batch-3-s2\runs\cfg-5ff72b2a\sphere_box_s2_c0\t0\wire.png
wrote bench\campaigns\advisor-batch-3-s2\runs\cfg-5ff72b2a\sphere_box_s2_c1\t0\wire.png
wrote bench\campaigns\advisor-batch-3-s2\runs\cfg-5ff72b2a\sphere_box_s2_c2\t0\wire.png
wrote bench\campaigns\advisor-batch-3-s2\runs\cfg-a1ad5ec9\box_hole_s0_c0\t0\wire.png
wrote bench\campaigns\advisor-batch-3-s2\runs\cfg-a1ad5ec9\box_hole_s0_c1\t0\wire.png
wrote bench\campaigns\advisor-batch-3-s2\runs\cfg-a1ad5ec9\box_hole_s0_c2\t0\wire.png
wrote bench\campaigns\advisor-batch-3-s2\runs\cfg-a1ad5ec9\channel_s0_c0\t0\wire.png
wrote bench\campaigns\advisor-batch-3-s2\runs\cfg-a1ad5ec9\channel_s0_c1\t0\wire.png
wrote bench\campaigns\advisor-batch-3-s2\runs\cfg-a1ad5ec9\channel_s0_c2\t0\wire.png
wrote bench\campaigns\advisor-batch-3-s2\runs\cfg-a1ad5ec9\l_bracket_s0_c0\t0\wire.png
wrote bench\campaigns\advisor-batch-3-s2\runs\cfg-a1ad5ec9\l_bracket_s0_c1\t0\wire.png
wrote bench\campaigns\advisor-batch-3-s2\runs\cfg-a1ad5ec9\l_bracket_s0_c2\t0\wire.png
wrote bench\campaigns\advisor-batch-3-s2\runs\cfg-a1ad5ec9\l_bracket_s2_c0\t0\wire.png
wrote bench\campaigns\advisor-batch-3-s2\runs\cfg-a1ad5ec9\l_bracket_s2_c1\t0\wire.png
wrote bench\campaigns\advisor-batch-3-s2\runs\cfg-a1ad5ec9\l_bracket_s2_c2\t0\wire.png
wrote bench\campaigns\advisor-batch-3-s2\runs\cfg-a1ad5ec9\plate_notch_s0_c0\t0\wire.png
wrote bench\campaigns\advisor-batch-3-s2\runs\cfg-a1ad5ec9\plate_notch_s0_c1\t0\wire.png
wrote bench\campaigns\advisor-batch-3-s2\runs\cfg-a1ad5ec9\plate_notch_s0_c2\t0\wire.png
wrote bench\campaigns\advisor-batch-3-s2\runs\cfg-a1ad5ec9\plate_notch_s2_c0\t0\wire.png
wrote bench\campaigns\advisor-batch-3-s2\runs\cfg-a1ad5ec9\plate_notch_s2_c1\t0\wire.png
wrote bench\campaigns\advisor-batch-3-s2\runs\cfg-a1ad5ec9\plate_notch_s2_c2\t0\wire.png
wrote bench\campaigns\advisor-batch-3-s2\runs\cfg-a1ad5ec9\sphere_box_s0_c0\t0\wire.png
wrote bench\campaigns\advisor-batch-3-s2\runs\cfg-a1ad5ec9\sphere_box_s0_c1\t0\wire.png
wrote bench\campaigns\advisor-batch-3-s2\runs\cfg-a1ad5ec9\sphere_box_s0_c2\t0\wire.png
wrote bench\campaigns\advisor-batch-3-s2\runs\cfg-a1ad5ec9\sphere_box_s2_c0\t0\wire.png
wrote bench\campaigns\advisor-batch-3-s2\runs\cfg-a1ad5ec9\sphere_box_s2_c1\t0\wire.png
wrote bench\campaigns\advisor-batch-3-s2\runs\cfg-a1ad5ec9\sphere_box_s2_c2\t0\wire.png
wrote bench\campaigns\advisor-batch-3-s2\runs\cfg-e04b39c3\box_hole_s0_c0\t0\wire.png
wrote bench\campaigns\advisor-batch-3-s2\runs\cfg-e04b39c3\box_hole_s0_c1\t0\wire.png
wrote bench\campaigns\advisor-batch-3-s2\runs\cfg-e04b39c3\box_hole_s0_c2\t0\wire.png
wrote bench\campaigns\advisor-batch-3-s2\runs\cfg-e04b39c3\channel_s0_c0\t0\wire.png
wrote bench\campaigns\advisor-batch-3-s2\runs\cfg-e04b39c3\channel_s0_c1\t0\wire.png
wrote bench\campaigns\advisor-batch-3-s2\runs\cfg-e04b39c3\channel_s0_c2\t0\wire.png
wrote bench\campaigns\advisor-batch-3-s2\runs\cfg-e04b39c3\l_bracket_s0_c0\t0\wire.png
wrote bench\campaigns\advisor-batch-3-s2\runs\cfg-e04b39c3\l_bracket_s0_c1\t0\wire.png
wrote bench\campaigns\advisor-batch-3-s2\runs\cfg-e04b39c3\l_bracket_s0_c2\t0\wire.png
wrote bench\campaigns\advisor-batch-3-s2\runs\cfg-e04b39c3\l_bracket_s2_c0\t0\wire.png
wrote bench\campaigns\advisor-batch-3-s2\runs\cfg-e04b39c3\l_bracket_s2_c1\t0\wire.png
wrote bench\campaigns\advisor-batch-3-s2\runs\cfg-e04b39c3\l_bracket_s2_c2\t0\wire.png
wrote bench\campaigns\advisor-batch-3-s2\runs\cfg-e04b39c3\plate_notch_s0_c0\t0\wire.png
wrote bench\campaigns\advisor-batch-3-s2\runs\cfg-e04b39c3\plate_notch_s0_c1\t0\wire.png
wrote bench\campaigns\advisor-batch-3-s2\runs\cfg-e04b39c3\plate_notch_s0_c2\t0\wire.png
wrote bench\campaigns\advisor-batch-3-s2\runs\cfg-e04b39c3\plate_notch_s2_c0\t0\wire.png
wrote bench\campaigns\advisor-batch-3-s2\runs\cfg-e04b39c3\plate_notch_s2_c1\t0\wire.png
wrote bench\campaigns\advisor-batch-3-s2\runs\cfg-e04b39c3\plate_notch_s2_c2\t0\wire.png
wrote bench\campaigns\advisor-batch-3-s2\runs\cfg-e04b39c3\sphere_box_s0_c0\t0\wire.png
wrote bench\campaigns\advisor-batch-3-s2\runs\cfg-e04b39c3\sphere_box_s0_c1\t0\wire.png
wrote bench\campaigns\advisor-batch-3-s2\runs\cfg-e04b39c3\sphere_box_s0_c2\t0\wire.png
wrote bench\campaigns\advisor-batch-3-s2\runs\cfg-e04b39c3\sphere_box_s2_c0\t0\wire.png
wrote bench\campaigns\advisor-batch-3-s2\runs\cfg-e04b39c3\sphere_box_s2_c1\t0\wire.png
wrote bench\campaigns\advisor-batch-3-s2\runs\cfg-e04b39c3\sphere_box_s2_c2\t0\wire.png
warehouse_shots: 96 rendered, 0 skipped (exists), 0 failed (96 mesh.vtu total)
finished: 144 runs → C:\Users\Yakub\Desktop\Polyhedral-FEA\bench\campaigns\advisor-batch-3-s2\results.jsonl
=== exit 0 after 1275.0s
