
=== 2026-08-17T18:09:57Z OMP_NUM_THREADS=2 :: /home/hunter/Desktop/Polyhedral-FEA/build/apps/testlab/polymesh_testlab resume /home/hunter/Desktop/Polyhedral-FEA/bench/campaigns/advisor-batch-3-s0-hunter-pc
campaign advisor-batch-3-s0-hunter-pc: 16 configs, 36 parts, 1 tiers
  max_run_wall_s=180 (override all tiers)
  max_pack_wall_s=21600
tier 0: h_scale=1 keep_frac=1 survivors=3 max_run_wall_s=180
  run cfg-e15462bb part=box_hole_s0_c0 tier=0 ...
  run cfg-e15462bb part=box_hole_s0_c1 tier=0 ...
  run cfg-e15462bb part=box_hole_s0_c2 tier=0 ...
  run cfg-e15462bb part=box_hole_s2_c0 tier=0 ...
  run cfg-e15462bb part=box_hole_s2_c1 tier=0 ...
  run cfg-e15462bb part=box_hole_s2_c2 tier=0 ...
  run cfg-e15462bb part=channel_s0_c0 tier=0 ...
  run cfg-e15462bb part=channel_s0_c1 tier=0 ...
  run cfg-e15462bb part=channel_s0_c2 tier=0 ...
  run cfg-e15462bb part=channel_s2_c0 tier=0 ...
  run cfg-e15462bb part=channel_s2_c1 tier=0 ...
  run cfg-e15462bb part=channel_s2_c2 tier=0 ...
  run cfg-e15462bb part=l_bracket_s0_c0 tier=0 ...
  run cfg-e15462bb part=l_bracket_s0_c1 tier=0 ...
  run cfg-e15462bb part=l_bracket_s0_c2 tier=0 ...
  run cfg-e15462bb part=l_bracket_s2_c0 tier=0 ...
  run cfg-e15462bb part=l_bracket_s2_c1 tier=0 ...
  run cfg-e15462bb part=l_bracket_s2_c2 tier=0 ...
  run cfg-e15462bb part=plate_notch_s0_c0 tier=0 ...
  run cfg-e15462bb part=plate_notch_s0_c1 tier=0 ...
  run cfg-e15462bb part=plate_notch_s0_c2 tier=0 ...
  run cfg-e15462bb part=plate_notch_s2_c0 tier=0 ...
  run cfg-e15462bb part=plate_notch_s2_c1 tier=0 ...
  run cfg-e15462bb part=plate_notch_s2_c2 tier=0 ...
  run cfg-e15462bb part=sphere_box_s0_c0 tier=0 ...
  run cfg-e15462bb part=sphere_box_s0_c1 tier=0 ...
  run cfg-e15462bb part=sphere_box_s0_c2 tier=0 ...
  run cfg-e15462bb part=sphere_box_s2_c0 tier=0 ...
  run cfg-e15462bb part=sphere_box_s2_c1 tier=0 ...
  run cfg-e15462bb part=sphere_box_s2_c2 tier=0 ...
  run cfg-e15462bb part=stepped_shaft_s0_c0 tier=0 ...
  run cfg-e15462bb part=stepped_shaft_s0_c1 tier=0 ...
  run cfg-e15462bb part=stepped_shaft_s0_c2 tier=0 ...
  run cfg-e15462bb part=stepped_shaft_s2_c0 tier=0 ...
  run cfg-e15462bb part=stepped_shaft_s2_c1 tier=0 ...
  run cfg-e15462bb part=stepped_shaft_s2_c2 tier=0 ...
  run cfg-116b3958 part=box_hole_s0_c0 tier=0 ...
  run cfg-116b3958 part=box_hole_s0_c1 tier=0 ...
  run cfg-116b3958 part=box_hole_s0_c2 tier=0 ...
  run cfg-116b3958 part=box_hole_s2_c0 tier=0 ...
  run cfg-116b3958 part=box_hole_s2_c1 tier=0 ...
  run cfg-116b3958 part=box_hole_s2_c2 tier=0 ...
  run cfg-116b3958 part=channel_s0_c0 tier=0 ...
  run cfg-116b3958 part=channel_s0_c1 tier=0 ...
  run cfg-116b3958 part=channel_s0_c2 tier=0 ...
  run cfg-116b3958 part=channel_s2_c0 tier=0 ...
  run cfg-116b3958 part=channel_s2_c1 tier=0 ...
  run cfg-116b3958 part=channel_s2_c2 tier=0 ...
  run cfg-116b3958 part=l_bracket_s0_c0 tier=0 ...
  run cfg-116b3958 part=l_bracket_s0_c1 tier=0 ...
  run cfg-116b3958 part=l_bracket_s0_c2 tier=0 ...
  run cfg-116b3958 part=l_bracket_s2_c0 tier=0 ...
  run cfg-116b3958 part=l_bracket_s2_c1 tier=0 ...
  run cfg-116b3958 part=l_bracket_s2_c2 tier=0 ...
  run cfg-116b3958 part=plate_notch_s0_c0 tier=0 ...
  run cfg-116b3958 part=plate_notch_s0_c1 tier=0 ...
  run cfg-116b3958 part=plate_notch_s0_c2 tier=0 ...
  run cfg-116b3958 part=plate_notch_s2_c0 tier=0 ...
  run cfg-116b3958 part=plate_notch_s2_c1 tier=0 ...
  run cfg-116b3958 part=plate_notch_s2_c2 tier=0 ...
  run cfg-116b3958 part=sphere_box_s0_c0 tier=0 ...
  run cfg-116b3958 part=sphere_box_s0_c1 tier=0 ...
  run cfg-116b3958 part=sphere_box_s0_c2 tier=0 ...
  run cfg-116b3958 part=sphere_box_s2_c0 tier=0 ...
  run cfg-116b3958 part=sphere_box_s2_c1 tier=0 ...
  run cfg-116b3958 part=sphere_box_s2_c2 tier=0 ...
  run cfg-116b3958 part=stepped_shaft_s0_c0 tier=0 ...
  run cfg-116b3958 part=stepped_shaft_s0_c1 tier=0 ...
  run cfg-116b3958 part=stepped_shaft_s0_c2 tier=0 ...
  run cfg-116b3958 part=stepped_shaft_s2_c0 tier=0 ...
  run cfg-116b3958 part=stepped_shaft_s2_c1 tier=0 ...
  run cfg-116b3958 part=stepped_shaft_s2_c2 tier=0 ...
  run cfg-c20a413d part=box_hole_s0_c0 tier=0 ...
  run cfg-c20a413d part=box_hole_s0_c1 tier=0 ...
  run cfg-c20a413d part=box_hole_s0_c2 tier=0 ...
  run cfg-c20a413d part=box_hole_s2_c0 tier=0 ...
  run cfg-c20a413d part=box_hole_s2_c1 tier=0 ...
  run cfg-c20a413d part=box_hole_s2_c2 tier=0 ...
  run cfg-c20a413d part=channel_s0_c0 tier=0 ...
  run cfg-c20a413d part=channel_s0_c1 tier=0 ...
  run cfg-c20a413d part=channel_s0_c2 tier=0 ...
  run cfg-c20a413d part=channel_s2_c0 tier=0 ...
  run cfg-c20a413d part=channel_s2_c1 tier=0 ...
  run cfg-c20a413d part=channel_s2_c2 tier=0 ...
  run cfg-c20a413d part=l_bracket_s0_c0 tier=0 ...
  run cfg-c20a413d part=l_bracket_s0_c1 tier=0 ...
  run cfg-c20a413d part=l_bracket_s0_c2 tier=0 ...
  run cfg-c20a413d part=l_bracket_s2_c0 tier=0 ...
  run cfg-c20a413d part=l_bracket_s2_c1 tier=0 ...
  run cfg-c20a413d part=l_bracket_s2_c2 tier=0 ...
  run cfg-c20a413d part=plate_notch_s0_c0 tier=0 ...
  run cfg-c20a413d part=plate_notch_s0_c1 tier=0 ...
  run cfg-c20a413d part=plate_notch_s0_c2 tier=0 ...
  run cfg-c20a413d part=plate_notch_s2_c0 tier=0 ...
  run cfg-c20a413d part=plate_notch_s2_c1 tier=0 ...
  run cfg-c20a413d part=plate_notch_s2_c2 tier=0 ...
  run cfg-c20a413d part=sphere_box_s0_c0 tier=0 ...
  run cfg-c20a413d part=sphere_box_s0_c1 tier=0 ...
  run cfg-c20a413d part=sphere_box_s0_c2 tier=0 ...
  run cfg-c20a413d part=sphere_box_s2_c0 tier=0 ...
  run cfg-c20a413d part=sphere_box_s2_c1 tier=0 ...
  run cfg-c20a413d part=sphere_box_s2_c2 tier=0 ...
  run cfg-c20a413d part=stepped_shaft_s0_c0 tier=0 ...
  run cfg-c20a413d part=stepped_shaft_s0_c1 tier=0 ...
  run cfg-c20a413d part=stepped_shaft_s0_c2 tier=0 ...
  run cfg-c20a413d part=stepped_shaft_s2_c0 tier=0 ...
  run cfg-c20a413d part=stepped_shaft_s2_c1 tier=0 ...
  run cfg-c20a413d part=stepped_shaft_s2_c2 tier=0 ...
wrote bench/campaigns/advisor-batch-3-s0-hunter-pc/runs/cfg-116b3958/box_hole_s0_c0/t0/wire.png
wrote bench/campaigns/advisor-batch-3-s0-hunter-pc/runs/cfg-116b3958/box_hole_s0_c1/t0/wire.png
wrote bench/campaigns/advisor-batch-3-s0-hunter-pc/runs/cfg-116b3958/box_hole_s0_c2/t0/wire.png
wrote bench/campaigns/advisor-batch-3-s0-hunter-pc/runs/cfg-116b3958/channel_s0_c0/t0/wire.png
wrote bench/campaigns/advisor-batch-3-s0-hunter-pc/runs/cfg-116b3958/channel_s0_c1/t0/wire.png
wrote bench/campaigns/advisor-batch-3-s0-hunter-pc/runs/cfg-116b3958/channel_s0_c2/t0/wire.png
wrote bench/campaigns/advisor-batch-3-s0-hunter-pc/runs/cfg-116b3958/l_bracket_s0_c0/t0/wire.png
wrote bench/campaigns/advisor-batch-3-s0-hunter-pc/runs/cfg-116b3958/l_bracket_s0_c1/t0/wire.png
wrote bench/campaigns/advisor-batch-3-s0-hunter-pc/runs/cfg-116b3958/l_bracket_s0_c2/t0/wire.png
wrote bench/campaigns/advisor-batch-3-s0-hunter-pc/runs/cfg-116b3958/l_bracket_s2_c0/t0/wire.png
wrote bench/campaigns/advisor-batch-3-s0-hunter-pc/runs/cfg-116b3958/l_bracket_s2_c1/t0/wire.png
wrote bench/campaigns/advisor-batch-3-s0-hunter-pc/runs/cfg-116b3958/l_bracket_s2_c2/t0/wire.png
wrote bench/campaigns/advisor-batch-3-s0-hunter-pc/runs/cfg-116b3958/plate_notch_s0_c0/t0/wire.png
wrote bench/campaigns/advisor-batch-3-s0-hunter-pc/runs/cfg-116b3958/plate_notch_s0_c1/t0/wire.png
wrote bench/campaigns/advisor-batch-3-s0-hunter-pc/runs/cfg-116b3958/plate_notch_s0_c2/t0/wire.png
wrote bench/campaigns/advisor-batch-3-s0-hunter-pc/runs/cfg-116b3958/plate_notch_s2_c0/t0/wire.png
wrote bench/campaigns/advisor-batch-3-s0-hunter-pc/runs/cfg-116b3958/plate_notch_s2_c1/t0/wire.png
wrote bench/campaigns/advisor-batch-3-s0-hunter-pc/runs/cfg-116b3958/plate_notch_s2_c2/t0/wire.png
wrote bench/campaigns/advisor-batch-3-s0-hunter-pc/runs/cfg-116b3958/sphere_box_s0_c0/t0/wire.png
wrote bench/campaigns/advisor-batch-3-s0-hunter-pc/runs/cfg-116b3958/sphere_box_s0_c1/t0/wire.png
wrote bench/campaigns/advisor-batch-3-s0-hunter-pc/runs/cfg-116b3958/sphere_box_s0_c2/t0/wire.png
wrote bench/campaigns/advisor-batch-3-s0-hunter-pc/runs/cfg-116b3958/sphere_box_s2_c0/t0/wire.png
wrote bench/campaigns/advisor-batch-3-s0-hunter-pc/runs/cfg-116b3958/sphere_box_s2_c1/t0/wire.png
wrote bench/campaigns/advisor-batch-3-s0-hunter-pc/runs/cfg-116b3958/sphere_box_s2_c2/t0/wire.png
wrote bench/campaigns/advisor-batch-3-s0-hunter-pc/runs/cfg-c20a413d/box_hole_s0_c0/t0/wire.png
wrote bench/campaigns/advisor-batch-3-s0-hunter-pc/runs/cfg-c20a413d/box_hole_s0_c1/t0/wire.png
wrote bench/campaigns/advisor-batch-3-s0-hunter-pc/runs/cfg-c20a413d/box_hole_s0_c2/t0/wire.png
wrote bench/campaigns/advisor-batch-3-s0-hunter-pc/runs/cfg-c20a413d/channel_s0_c0/t0/wire.png
wrote bench/campaigns/advisor-batch-3-s0-hunter-pc/runs/cfg-c20a413d/channel_s0_c1/t0/wire.png
wrote bench/campaigns/advisor-batch-3-s0-hunter-pc/runs/cfg-c20a413d/channel_s0_c2/t0/wire.png
wrote bench/campaigns/advisor-batch-3-s0-hunter-pc/runs/cfg-c20a413d/l_bracket_s0_c0/t0/wire.png
wrote bench/campaigns/advisor-batch-3-s0-hunter-pc/runs/cfg-c20a413d/l_bracket_s0_c1/t0/wire.png
wrote bench/campaigns/advisor-batch-3-s0-hunter-pc/runs/cfg-c20a413d/l_bracket_s0_c2/t0/wire.png
wrote bench/campaigns/advisor-batch-3-s0-hunter-pc/runs/cfg-c20a413d/l_bracket_s2_c0/t0/wire.png
wrote bench/campaigns/advisor-batch-3-s0-hunter-pc/runs/cfg-c20a413d/l_bracket_s2_c1/t0/wire.png
wrote bench/campaigns/advisor-batch-3-s0-hunter-pc/runs/cfg-c20a413d/l_bracket_s2_c2/t0/wire.png
wrote bench/campaigns/advisor-batch-3-s0-hunter-pc/runs/cfg-c20a413d/plate_notch_s0_c0/t0/wire.png
wrote bench/campaigns/advisor-batch-3-s0-hunter-pc/runs/cfg-c20a413d/plate_notch_s0_c1/t0/wire.png
wrote bench/campaigns/advisor-batch-3-s0-hunter-pc/runs/cfg-c20a413d/plate_notch_s0_c2/t0/wire.png
wrote bench/campaigns/advisor-batch-3-s0-hunter-pc/runs/cfg-c20a413d/plate_notch_s2_c0/t0/wire.png
wrote bench/campaigns/advisor-batch-3-s0-hunter-pc/runs/cfg-c20a413d/plate_notch_s2_c1/t0/wire.png
wrote bench/campaigns/advisor-batch-3-s0-hunter-pc/runs/cfg-c20a413d/plate_notch_s2_c2/t0/wire.png
wrote bench/campaigns/advisor-batch-3-s0-hunter-pc/runs/cfg-c20a413d/sphere_box_s0_c0/t0/wire.png
wrote bench/campaigns/advisor-batch-3-s0-hunter-pc/runs/cfg-c20a413d/sphere_box_s0_c1/t0/wire.png
wrote bench/campaigns/advisor-batch-3-s0-hunter-pc/runs/cfg-c20a413d/sphere_box_s0_c2/t0/wire.png
wrote bench/campaigns/advisor-batch-3-s0-hunter-pc/runs/cfg-c20a413d/sphere_box_s2_c0/t0/wire.png
wrote bench/campaigns/advisor-batch-3-s0-hunter-pc/runs/cfg-c20a413d/sphere_box_s2_c1/t0/wire.png
wrote bench/campaigns/advisor-batch-3-s0-hunter-pc/runs/cfg-c20a413d/sphere_box_s2_c2/t0/wire.png
wrote bench/campaigns/advisor-batch-3-s0-hunter-pc/runs/cfg-e15462bb/box_hole_s0_c0/t0/wire.png
wrote bench/campaigns/advisor-batch-3-s0-hunter-pc/runs/cfg-e15462bb/box_hole_s0_c1/t0/wire.png
wrote bench/campaigns/advisor-batch-3-s0-hunter-pc/runs/cfg-e15462bb/box_hole_s0_c2/t0/wire.png
wrote bench/campaigns/advisor-batch-3-s0-hunter-pc/runs/cfg-e15462bb/channel_s0_c0/t0/wire.png
wrote bench/campaigns/advisor-batch-3-s0-hunter-pc/runs/cfg-e15462bb/channel_s0_c1/t0/wire.png
wrote bench/campaigns/advisor-batch-3-s0-hunter-pc/runs/cfg-e15462bb/channel_s0_c2/t0/wire.png
wrote bench/campaigns/advisor-batch-3-s0-hunter-pc/runs/cfg-e15462bb/l_bracket_s0_c0/t0/wire.png
wrote bench/campaigns/advisor-batch-3-s0-hunter-pc/runs/cfg-e15462bb/l_bracket_s0_c1/t0/wire.png
wrote bench/campaigns/advisor-batch-3-s0-hunter-pc/runs/cfg-e15462bb/l_bracket_s0_c2/t0/wire.png
wrote bench/campaigns/advisor-batch-3-s0-hunter-pc/runs/cfg-e15462bb/l_bracket_s2_c0/t0/wire.png
wrote bench/campaigns/advisor-batch-3-s0-hunter-pc/runs/cfg-e15462bb/l_bracket_s2_c1/t0/wire.png
wrote bench/campaigns/advisor-batch-3-s0-hunter-pc/runs/cfg-e15462bb/l_bracket_s2_c2/t0/wire.png
wrote bench/campaigns/advisor-batch-3-s0-hunter-pc/runs/cfg-e15462bb/plate_notch_s0_c0/t0/wire.png
wrote bench/campaigns/advisor-batch-3-s0-hunter-pc/runs/cfg-e15462bb/plate_notch_s0_c1/t0/wire.png
wrote bench/campaigns/advisor-batch-3-s0-hunter-pc/runs/cfg-e15462bb/plate_notch_s0_c2/t0/wire.png
wrote bench/campaigns/advisor-batch-3-s0-hunter-pc/runs/cfg-e15462bb/plate_notch_s2_c0/t0/wire.png
wrote bench/campaigns/advisor-batch-3-s0-hunter-pc/runs/cfg-e15462bb/plate_notch_s2_c1/t0/wire.png
wrote bench/campaigns/advisor-batch-3-s0-hunter-pc/runs/cfg-e15462bb/plate_notch_s2_c2/t0/wire.png
wrote bench/campaigns/advisor-batch-3-s0-hunter-pc/runs/cfg-e15462bb/sphere_box_s0_c0/t0/wire.png
wrote bench/campaigns/advisor-batch-3-s0-hunter-pc/runs/cfg-e15462bb/sphere_box_s0_c1/t0/wire.png
wrote bench/campaigns/advisor-batch-3-s0-hunter-pc/runs/cfg-e15462bb/sphere_box_s0_c2/t0/wire.png
wrote bench/campaigns/advisor-batch-3-s0-hunter-pc/runs/cfg-e15462bb/sphere_box_s2_c0/t0/wire.png
wrote bench/campaigns/advisor-batch-3-s0-hunter-pc/runs/cfg-e15462bb/sphere_box_s2_c1/t0/wire.png
wrote bench/campaigns/advisor-batch-3-s0-hunter-pc/runs/cfg-e15462bb/sphere_box_s2_c2/t0/wire.png
warehouse_shots: 72 rendered, 0 skipped (exists), 0 failed (72 mesh.vtu total)
finished: 108 runs → /home/hunter/Desktop/Polyhedral-FEA/bench/campaigns/advisor-batch-3-s0-hunter-pc/results.jsonl
=== exit 0 after 417.2s
