
=== 2026-08-14T20:16:54Z OMP_NUM_THREADS=3 :: /home/hunter/Desktop/Polyhedral-FEA/build/apps/testlab/polymesh_testlab resume /home/hunter/Desktop/Polyhedral-FEA/bench/campaigns/advisor-batch-3-s0-hunter-pc
campaign advisor-batch-3-s0-hunter-pc: 16 configs, 6 parts, 1 tiers
  max_run_wall_s=180 (override all tiers)
  max_pack_wall_s=21600
tier 0: h_scale=1 keep_frac=1 survivors=4 max_run_wall_s=180
  run cfg-e15462bb part=box_hole_s0_c0 tier=0 ...
  run cfg-e15462bb part=box_hole_s0_c1 tier=0 ...
  run cfg-e15462bb part=box_hole_s0_c2 tier=0 ...
  run cfg-e15462bb part=box_hole_s2_c0 tier=0 ...
  run cfg-e15462bb part=box_hole_s2_c1 tier=0 ...
  run cfg-e15462bb part=box_hole_s2_c2 tier=0 ...
  run cfg-11fef61e part=box_hole_s0_c0 tier=0 ...
  run cfg-11fef61e part=box_hole_s0_c1 tier=0 ...
  run cfg-11fef61e part=box_hole_s0_c2 tier=0 ...
  run cfg-11fef61e part=box_hole_s2_c0 tier=0 ...
  run cfg-11fef61e part=box_hole_s2_c1 tier=0 ...
  run cfg-11fef61e part=box_hole_s2_c2 tier=0 ...
  run cfg-1a7537a4 part=box_hole_s0_c0 tier=0 ...
  run cfg-1a7537a4 part=box_hole_s0_c1 tier=0 ...
  run cfg-1a7537a4 part=box_hole_s0_c2 tier=0 ...
  run cfg-1a7537a4 part=box_hole_s2_c0 tier=0 ...
  run cfg-1a7537a4 part=box_hole_s2_c1 tier=0 ...
  run cfg-1a7537a4 part=box_hole_s2_c2 tier=0 ...
  run cfg-c20a413d part=box_hole_s0_c0 tier=0 ...
  run cfg-c20a413d part=box_hole_s0_c1 tier=0 ...
  run cfg-c20a413d part=box_hole_s0_c2 tier=0 ...
  run cfg-c20a413d part=box_hole_s2_c0 tier=0 ...
  run cfg-c20a413d part=box_hole_s2_c1 tier=0 ...
  run cfg-c20a413d part=box_hole_s2_c2 tier=0 ...
wrote bench/campaigns/advisor-batch-3-s0-hunter-pc/runs/cfg-11fef61e/box_hole_s0_c0/t0/wire.png
wrote bench/campaigns/advisor-batch-3-s0-hunter-pc/runs/cfg-11fef61e/box_hole_s0_c1/t0/wire.png
wrote bench/campaigns/advisor-batch-3-s0-hunter-pc/runs/cfg-11fef61e/box_hole_s0_c2/t0/wire.png
wrote bench/campaigns/advisor-batch-3-s0-hunter-pc/runs/cfg-1a7537a4/box_hole_s0_c0/t0/wire.png
wrote bench/campaigns/advisor-batch-3-s0-hunter-pc/runs/cfg-1a7537a4/box_hole_s0_c1/t0/wire.png
wrote bench/campaigns/advisor-batch-3-s0-hunter-pc/runs/cfg-1a7537a4/box_hole_s0_c2/t0/wire.png
wrote bench/campaigns/advisor-batch-3-s0-hunter-pc/runs/cfg-c20a413d/box_hole_s0_c0/t0/wire.png
wrote bench/campaigns/advisor-batch-3-s0-hunter-pc/runs/cfg-c20a413d/box_hole_s0_c1/t0/wire.png
wrote bench/campaigns/advisor-batch-3-s0-hunter-pc/runs/cfg-c20a413d/box_hole_s0_c2/t0/wire.png
wrote bench/campaigns/advisor-batch-3-s0-hunter-pc/runs/cfg-e15462bb/box_hole_s0_c0/t0/wire.png
wrote bench/campaigns/advisor-batch-3-s0-hunter-pc/runs/cfg-e15462bb/box_hole_s0_c1/t0/wire.png
wrote bench/campaigns/advisor-batch-3-s0-hunter-pc/runs/cfg-e15462bb/box_hole_s0_c2/t0/wire.png
warehouse_shots: 12 rendered, 0 skipped (exists), 0 failed (12 mesh.vtu total)
finished: 24 runs → /home/hunter/Desktop/Polyhedral-FEA/bench/campaigns/advisor-batch-3-s0-hunter-pc/results.jsonl
=== exit 0 after 31.8s

=== 2026-08-14T20:19:21Z OMP_NUM_THREADS=3 :: /home/hunter/Desktop/Polyhedral-FEA/build/apps/testlab/polymesh_testlab resume /home/hunter/Desktop/Polyhedral-FEA/bench/campaigns/advisor-batch-3-s0-hunter-pc
campaign advisor-batch-3-s0-hunter-pc: 16 configs, 6 parts, 1 tiers
  max_run_wall_s=180 (override all tiers)
  max_pack_wall_s=21600
tier 0: h_scale=1 keep_frac=1 survivors=4 max_run_wall_s=180
  run cfg-e15462bb part=channel_s0_c0 tier=0 ...
  run cfg-e15462bb part=channel_s0_c1 tier=0 ...
  run cfg-e15462bb part=channel_s0_c2 tier=0 ...
  run cfg-e15462bb part=channel_s2_c0 tier=0 ...
  run cfg-e15462bb part=channel_s2_c1 tier=0 ...
  run cfg-e15462bb part=channel_s2_c2 tier=0 ...
  run cfg-11fef61e part=channel_s0_c0 tier=0 ...
  run cfg-11fef61e part=channel_s0_c1 tier=0 ...
  run cfg-11fef61e part=channel_s0_c2 tier=0 ...
  run cfg-11fef61e part=channel_s2_c0 tier=0 ...
  run cfg-11fef61e part=channel_s2_c1 tier=0 ...
  run cfg-11fef61e part=channel_s2_c2 tier=0 ...
  run cfg-1a7537a4 part=channel_s0_c0 tier=0 ...
  run cfg-1a7537a4 part=channel_s0_c1 tier=0 ...
  run cfg-1a7537a4 part=channel_s0_c2 tier=0 ...
  run cfg-1a7537a4 part=channel_s2_c0 tier=0 ...
  run cfg-1a7537a4 part=channel_s2_c1 tier=0 ...
  run cfg-1a7537a4 part=channel_s2_c2 tier=0 ...
  run cfg-c20a413d part=channel_s0_c0 tier=0 ...
  run cfg-c20a413d part=channel_s0_c1 tier=0 ...
  run cfg-c20a413d part=channel_s0_c2 tier=0 ...
  run cfg-c20a413d part=channel_s2_c0 tier=0 ...
  run cfg-c20a413d part=channel_s2_c1 tier=0 ...
  run cfg-c20a413d part=channel_s2_c2 tier=0 ...
wrote bench/campaigns/advisor-batch-3-s0-hunter-pc/runs/cfg-11fef61e/channel_s0_c0/t0/wire.png
wrote bench/campaigns/advisor-batch-3-s0-hunter-pc/runs/cfg-11fef61e/channel_s0_c1/t0/wire.png
wrote bench/campaigns/advisor-batch-3-s0-hunter-pc/runs/cfg-11fef61e/channel_s0_c2/t0/wire.png
wrote bench/campaigns/advisor-batch-3-s0-hunter-pc/runs/cfg-1a7537a4/channel_s0_c0/t0/wire.png
wrote bench/campaigns/advisor-batch-3-s0-hunter-pc/runs/cfg-1a7537a4/channel_s0_c1/t0/wire.png
wrote bench/campaigns/advisor-batch-3-s0-hunter-pc/runs/cfg-1a7537a4/channel_s0_c2/t0/wire.png
wrote bench/campaigns/advisor-batch-3-s0-hunter-pc/runs/cfg-c20a413d/channel_s0_c0/t0/wire.png
wrote bench/campaigns/advisor-batch-3-s0-hunter-pc/runs/cfg-c20a413d/channel_s0_c1/t0/wire.png
wrote bench/campaigns/advisor-batch-3-s0-hunter-pc/runs/cfg-c20a413d/channel_s0_c2/t0/wire.png
wrote bench/campaigns/advisor-batch-3-s0-hunter-pc/runs/cfg-e15462bb/channel_s0_c0/t0/wire.png
wrote bench/campaigns/advisor-batch-3-s0-hunter-pc/runs/cfg-e15462bb/channel_s0_c1/t0/wire.png
wrote bench/campaigns/advisor-batch-3-s0-hunter-pc/runs/cfg-e15462bb/channel_s0_c2/t0/wire.png
warehouse_shots: 12 rendered, 12 skipped (exists), 0 failed (24 mesh.vtu total)
finished: 24 runs → /home/hunter/Desktop/Polyhedral-FEA/bench/campaigns/advisor-batch-3-s0-hunter-pc/results.jsonl
=== exit 0 after 26.5s
