
=== 2026-08-14T18:02:55Z OMP_NUM_THREADS=2 :: /home/liveuser/Polyhedral-FEA/build/apps/testlab/polymesh_testlab resume /home/liveuser/Polyhedral-FEA/bench/campaigns/advisor-batch-3-s1-livingroom-pc
campaign advisor-batch-3-s1-livingroom-pc: 16 configs, 6 parts, 1 tiers
  max_run_wall_s=180 (override all tiers)
  max_pack_wall_s=21600
tier 0: h_scale=1 keep_frac=1 survivors=4 max_run_wall_s=180
  run cfg-f3a1c5e1 part=plate_notch_s0_c0 tier=0 ...
  run cfg-f3a1c5e1 part=plate_notch_s0_c1 tier=0 ...
  run cfg-f3a1c5e1 part=plate_notch_s0_c2 tier=0 ...
  run cfg-f3a1c5e1 part=plate_notch_s2_c0 tier=0 ...
  run cfg-f3a1c5e1 part=plate_notch_s2_c1 tier=0 ...
  run cfg-f3a1c5e1 part=plate_notch_s2_c2 tier=0 ...
  run cfg-d91fb0f4 part=plate_notch_s0_c0 tier=0 ...
  run cfg-d91fb0f4 part=plate_notch_s0_c1 tier=0 ...
  run cfg-d91fb0f4 part=plate_notch_s0_c2 tier=0 ...
  run cfg-d91fb0f4 part=plate_notch_s2_c0 tier=0 ...
  run cfg-d91fb0f4 part=plate_notch_s2_c1 tier=0 ...
  run cfg-d91fb0f4 part=plate_notch_s2_c2 tier=0 ...
  run cfg-e8bbec46 part=plate_notch_s0_c0 tier=0 ...

=== 2026-08-14T18:04:54Z OMP_NUM_THREADS=2 :: /home/liveuser/Polyhedral-FEA/build/apps/testlab/polymesh_testlab resume /home/liveuser/Polyhedral-FEA/bench/campaigns/advisor-batch-3-s1-livingroom-pc
campaign advisor-batch-3-s1-livingroom-pc: 16 configs, 6 parts, 1 tiers
  max_run_wall_s=180 (override all tiers)
  max_pack_wall_s=21600
tier 0: h_scale=1 keep_frac=1 survivors=1 max_run_wall_s=180
  run cfg-a35f86df part=plate_notch_s0_c0 tier=0 ...
  run cfg-e8bbec46 part=plate_notch_s0_c1 tier=0 ...
  run cfg-e8bbec46 part=plate_notch_s0_c2 tier=0 ...
  run cfg-a35f86df part=plate_notch_s0_c1 tier=0 ...
  run cfg-e8bbec46 part=plate_notch_s2_c0 tier=0 ...
  run cfg-a35f86df part=plate_notch_s0_c2 tier=0 ...
  run cfg-e8bbec46 part=plate_notch_s2_c1 tier=0 ...
  run cfg-a35f86df part=plate_notch_s2_c0 tier=0 ...
  run cfg-e8bbec46 part=plate_notch_s2_c2 tier=0 ...
  run cfg-a35f86df part=plate_notch_s0_c0 tier=0 ...
  run cfg-a35f86df part=plate_notch_s2_c1 tier=0 ...
  run cfg-a35f86df part=plate_notch_s0_c1 tier=0 ...
  run cfg-a35f86df part=plate_notch_s2_c2 tier=0 ...
  run cfg-a35f86df part=plate_notch_s0_c2 tier=0 ...
  run cfg-a35f86df part=plate_notch_s2_c0 tier=0 ...
wrote bench/campaigns/advisor-batch-3-s1-livingroom-pc/runs/cfg-a35f86df/plate_notch_s0_c0/t0/wire.png
wrote bench/campaigns/advisor-batch-3-s1-livingroom-pc/runs/cfg-a35f86df/plate_notch_s0_c1/t0/wire.png
wrote bench/campaigns/advisor-batch-3-s1-livingroom-pc/runs/cfg-a35f86df/plate_notch_s0_c2/t0/wire.png
wrote bench/campaigns/advisor-batch-3-s1-livingroom-pc/runs/cfg-a35f86df/plate_notch_s2_c0/t0/wire.png
wrote bench/campaigns/advisor-batch-3-s1-livingroom-pc/runs/cfg-a35f86df/plate_notch_s2_c1/t0/wire.png
wrote bench/campaigns/advisor-batch-3-s1-livingroom-pc/runs/cfg-a35f86df/plate_notch_s2_c2/t0/wire.png
wrote bench/campaigns/advisor-batch-3-s1-livingroom-pc/runs/cfg-d91fb0f4/plate_notch_s0_c0/t0/wire.png
wrote bench/campaigns/advisor-batch-3-s1-livingroom-pc/runs/cfg-d91fb0f4/plate_notch_s0_c1/t0/wire.png
wrote bench/campaigns/advisor-batch-3-s1-livingroom-pc/runs/cfg-d91fb0f4/plate_notch_s0_c2/t0/wire.png
wrote bench/campaigns/advisor-batch-3-s1-livingroom-pc/runs/cfg-d91fb0f4/plate_notch_s2_c0/t0/wire.png
wrote bench/campaigns/advisor-batch-3-s1-livingroom-pc/runs/cfg-d91fb0f4/plate_notch_s2_c1/t0/wire.png
wrote bench/campaigns/advisor-batch-3-s1-livingroom-pc/runs/cfg-d91fb0f4/plate_notch_s2_c2/t0/wire.png
wrote bench/campaigns/advisor-batch-3-s1-livingroom-pc/runs/cfg-e8bbec46/plate_notch_s0_c0/t0/wire.png
wrote bench/campaigns/advisor-batch-3-s1-livingroom-pc/runs/cfg-e8bbec46/plate_notch_s0_c1/t0/wire.png
wrote bench/campaigns/advisor-batch-3-s1-livingroom-pc/runs/cfg-e8bbec46/plate_notch_s0_c2/t0/wire.png
wrote bench/campaigns/advisor-batch-3-s1-livingroom-pc/runs/cfg-e8bbec46/plate_notch_s2_c0/t0/wire.png
wrote bench/campaigns/advisor-batch-3-s1-livingroom-pc/runs/cfg-e8bbec46/plate_notch_s2_c1/t0/wire.png
wrote bench/campaigns/advisor-batch-3-s1-livingroom-pc/runs/cfg-e8bbec46/plate_notch_s2_c2/t0/wire.png
wrote bench/campaigns/advisor-batch-3-s1-livingroom-pc/runs/cfg-f3a1c5e1/plate_notch_s0_c0/t0/wire.png
wrote bench/campaigns/advisor-batch-3-s1-livingroom-pc/runs/cfg-f3a1c5e1/plate_notch_s0_c1/t0/wire.png
wrote bench/campaigns/advisor-batch-3-s1-livingroom-pc/runs/cfg-f3a1c5e1/plate_notch_s0_c2/t0/wire.png
wrote bench/campaigns/advisor-batch-3-s1-livingroom-pc/runs/cfg-f3a1c5e1/plate_notch_s2_c0/t0/wire.png
wrote bench/campaigns/advisor-batch-3-s1-livingroom-pc/runs/cfg-f3a1c5e1/plate_notch_s2_c1/t0/wire.png
wrote bench/campaigns/advisor-batch-3-s1-livingroom-pc/runs/cfg-f3a1c5e1/plate_notch_s2_c2/t0/wire.png
warehouse_shots: 24 rendered, 0 skipped (exists), 0 failed (24 mesh.vtu total)
finished: 6 runs → /home/liveuser/Polyhedral-FEA/bench/campaigns/advisor-batch-3-s1-livingroom-pc/results.jsonl
=== exit 0 after 84.8s
  run cfg-a35f86df part=plate_notch_s2_c1 tier=0 ...
  run cfg-a35f86df part=plate_notch_s2_c2 tier=0 ...
warehouse_shots: 0 rendered, 24 skipped (exists), 0 failed (24 mesh.vtu total)
finished: 24 runs → /home/liveuser/Polyhedral-FEA/bench/campaigns/advisor-batch-3-s1-livingroom-pc/results.jsonl
=== exit 0 after 228.6s

=== 2026-08-14T18:47:35Z OMP_NUM_THREADS=2 :: /home/liveuser/Polyhedral-FEA/build/apps/testlab/polymesh_testlab resume /home/liveuser/Polyhedral-FEA/bench/campaigns/advisor-batch-3-s1-livingroom-pc
campaign advisor-batch-3-s1-livingroom-pc: 16 configs, 6 parts, 1 tiers
  max_run_wall_s=180 (override all tiers)
  max_pack_wall_s=21600
tier 0: h_scale=1 keep_frac=1 survivors=4 max_run_wall_s=180
  run cfg-f3a1c5e1 part=sphere_box_s0_c0 tier=0 ...
  run cfg-f3a1c5e1 part=sphere_box_s0_c1 tier=0 ...
  run cfg-f3a1c5e1 part=sphere_box_s0_c2 tier=0 ...
  run cfg-f3a1c5e1 part=sphere_box_s2_c0 tier=0 ...
  run cfg-f3a1c5e1 part=sphere_box_s2_c1 tier=0 ...
  run cfg-f3a1c5e1 part=sphere_box_s2_c2 tier=0 ...
  run cfg-d91fb0f4 part=sphere_box_s0_c0 tier=0 ...
  run cfg-d91fb0f4 part=sphere_box_s0_c1 tier=0 ...
  run cfg-d91fb0f4 part=sphere_box_s0_c2 tier=0 ...
  run cfg-d91fb0f4 part=sphere_box_s2_c0 tier=0 ...
  run cfg-d91fb0f4 part=sphere_box_s2_c1 tier=0 ...
  run cfg-d91fb0f4 part=sphere_box_s2_c2 tier=0 ...
  run cfg-e8bbec46 part=sphere_box_s0_c0 tier=0 ...
  run cfg-e8bbec46 part=sphere_box_s0_c1 tier=0 ...
  run cfg-e8bbec46 part=sphere_box_s0_c2 tier=0 ...
  run cfg-e8bbec46 part=sphere_box_s2_c0 tier=0 ...
  run cfg-e8bbec46 part=sphere_box_s2_c1 tier=0 ...
  run cfg-e8bbec46 part=sphere_box_s2_c2 tier=0 ...
  run cfg-a35f86df part=sphere_box_s0_c0 tier=0 ...
  run cfg-a35f86df part=sphere_box_s0_c1 tier=0 ...
  run cfg-a35f86df part=sphere_box_s0_c2 tier=0 ...
  run cfg-a35f86df part=sphere_box_s2_c0 tier=0 ...
  run cfg-a35f86df part=sphere_box_s2_c1 tier=0 ...
  run cfg-a35f86df part=sphere_box_s2_c2 tier=0 ...
warehouse_shots: 0 rendered, 24 skipped (exists), 0 failed (24 mesh.vtu total)
finished: 24 runs → /home/liveuser/Polyhedral-FEA/bench/campaigns/advisor-batch-3-s1-livingroom-pc/results.jsonl
=== exit 0 after 2265.5s

=== 2026-08-14T19:31:12Z OMP_NUM_THREADS=2 :: /home/liveuser/Polyhedral-FEA/build/apps/testlab/polymesh_testlab resume /home/liveuser/Polyhedral-FEA/bench/campaigns/advisor-batch-3-s1-livingroom-pc
campaign advisor-batch-3-s1-livingroom-pc: 16 configs, 6 parts, 1 tiers
  max_run_wall_s=180 (override all tiers)
  max_pack_wall_s=21600
tier 0: h_scale=1 keep_frac=1 survivors=4 max_run_wall_s=180
  run cfg-f3a1c5e1 part=stepped_shaft_s0_c0 tier=0 ...
  run cfg-f3a1c5e1 part=stepped_shaft_s0_c1 tier=0 ...
  run cfg-f3a1c5e1 part=stepped_shaft_s0_c2 tier=0 ...
  run cfg-f3a1c5e1 part=stepped_shaft_s2_c0 tier=0 ...
  run cfg-f3a1c5e1 part=stepped_shaft_s2_c1 tier=0 ...
  run cfg-f3a1c5e1 part=stepped_shaft_s2_c2 tier=0 ...
  run cfg-d91fb0f4 part=stepped_shaft_s0_c0 tier=0 ...
  run cfg-d91fb0f4 part=stepped_shaft_s0_c1 tier=0 ...
  run cfg-d91fb0f4 part=stepped_shaft_s0_c2 tier=0 ...
  run cfg-d91fb0f4 part=stepped_shaft_s2_c0 tier=0 ...
  run cfg-d91fb0f4 part=stepped_shaft_s2_c1 tier=0 ...
  run cfg-d91fb0f4 part=stepped_shaft_s2_c2 tier=0 ...
  run cfg-e8bbec46 part=stepped_shaft_s0_c0 tier=0 ...
  run cfg-e8bbec46 part=stepped_shaft_s0_c1 tier=0 ...
  run cfg-e8bbec46 part=stepped_shaft_s0_c2 tier=0 ...
  run cfg-e8bbec46 part=stepped_shaft_s2_c0 tier=0 ...
  run cfg-e8bbec46 part=stepped_shaft_s2_c1 tier=0 ...
  run cfg-e8bbec46 part=stepped_shaft_s2_c2 tier=0 ...
  run cfg-a35f86df part=stepped_shaft_s0_c0 tier=0 ...
  run cfg-a35f86df part=stepped_shaft_s0_c1 tier=0 ...
  run cfg-a35f86df part=stepped_shaft_s0_c2 tier=0 ...
  run cfg-a35f86df part=stepped_shaft_s2_c0 tier=0 ...
  run cfg-a35f86df part=stepped_shaft_s2_c1 tier=0 ...
  run cfg-a35f86df part=stepped_shaft_s2_c2 tier=0 ...
warehouse_shots: 0 rendered, 24 skipped (exists), 0 failed (24 mesh.vtu total)
finished: 24 runs → /home/liveuser/Polyhedral-FEA/bench/campaigns/advisor-batch-3-s1-livingroom-pc/results.jsonl
=== exit 0 after 5.7s
