
=== 2026-08-14T18:02:55Z OMP_NUM_THREADS=2 :: /home/liveuser/Polyhedral-FEA/build/apps/testlab/polymesh_testlab resume /home/liveuser/Polyhedral-FEA/bench/campaigns/advisor-batch-3-s0-livingroom-pc
campaign advisor-batch-3-s0-livingroom-pc: 16 configs, 6 parts, 1 tiers
  max_run_wall_s=180 (override all tiers)
  max_pack_wall_s=21600
tier 0: h_scale=1 keep_frac=1 survivors=4 max_run_wall_s=180
  run cfg-e15462bb part=plate_notch_s0_c0 tier=0 ...
  run cfg-e15462bb part=plate_notch_s0_c1 tier=0 ...
  run cfg-e15462bb part=plate_notch_s0_c2 tier=0 ...
  run cfg-e15462bb part=plate_notch_s2_c0 tier=0 ...
  run cfg-e15462bb part=plate_notch_s2_c1 tier=0 ...
  run cfg-e15462bb part=plate_notch_s2_c2 tier=0 ...
  run cfg-11fef61e part=plate_notch_s0_c0 tier=0 ...
  run cfg-11fef61e part=plate_notch_s0_c1 tier=0 ...
  run cfg-11fef61e part=plate_notch_s0_c2 tier=0 ...
  run cfg-11fef61e part=plate_notch_s2_c0 tier=0 ...
  run cfg-11fef61e part=plate_notch_s2_c1 tier=0 ...
  run cfg-11fef61e part=plate_notch_s2_c2 tier=0 ...
  run cfg-1a7537a4 part=plate_notch_s0_c0 tier=0 ...
  run cfg-1a7537a4 part=plate_notch_s0_c1 tier=0 ...
  run cfg-1a7537a4 part=plate_notch_s0_c2 tier=0 ...
  run cfg-1a7537a4 part=plate_notch_s2_c0 tier=0 ...
  run cfg-1a7537a4 part=plate_notch_s2_c1 tier=0 ...
  run cfg-1a7537a4 part=plate_notch_s2_c2 tier=0 ...
  run cfg-c20a413d part=plate_notch_s0_c0 tier=0 ...
  run cfg-c20a413d part=plate_notch_s0_c1 tier=0 ...
  run cfg-c20a413d part=plate_notch_s0_c2 tier=0 ...
  run cfg-c20a413d part=plate_notch_s2_c0 tier=0 ...
  run cfg-c20a413d part=plate_notch_s2_c1 tier=0 ...
  run cfg-c20a413d part=plate_notch_s2_c2 tier=0 ...
wrote bench/campaigns/advisor-batch-3-s0-livingroom-pc/runs/cfg-11fef61e/plate_notch_s0_c0/t0/wire.png
wrote bench/campaigns/advisor-batch-3-s0-livingroom-pc/runs/cfg-11fef61e/plate_notch_s0_c1/t0/wire.png
wrote bench/campaigns/advisor-batch-3-s0-livingroom-pc/runs/cfg-11fef61e/plate_notch_s0_c2/t0/wire.png
wrote bench/campaigns/advisor-batch-3-s0-livingroom-pc/runs/cfg-11fef61e/plate_notch_s2_c0/t0/wire.png
wrote bench/campaigns/advisor-batch-3-s0-livingroom-pc/runs/cfg-11fef61e/plate_notch_s2_c1/t0/wire.png
wrote bench/campaigns/advisor-batch-3-s0-livingroom-pc/runs/cfg-11fef61e/plate_notch_s2_c2/t0/wire.png
wrote bench/campaigns/advisor-batch-3-s0-livingroom-pc/runs/cfg-1a7537a4/plate_notch_s0_c0/t0/wire.png
wrote bench/campaigns/advisor-batch-3-s0-livingroom-pc/runs/cfg-1a7537a4/plate_notch_s0_c1/t0/wire.png
wrote bench/campaigns/advisor-batch-3-s0-livingroom-pc/runs/cfg-1a7537a4/plate_notch_s0_c2/t0/wire.png
wrote bench/campaigns/advisor-batch-3-s0-livingroom-pc/runs/cfg-1a7537a4/plate_notch_s2_c0/t0/wire.png
wrote bench/campaigns/advisor-batch-3-s0-livingroom-pc/runs/cfg-1a7537a4/plate_notch_s2_c1/t0/wire.png
wrote bench/campaigns/advisor-batch-3-s0-livingroom-pc/runs/cfg-1a7537a4/plate_notch_s2_c2/t0/wire.png
wrote bench/campaigns/advisor-batch-3-s0-livingroom-pc/runs/cfg-c20a413d/plate_notch_s0_c0/t0/wire.png
wrote bench/campaigns/advisor-batch-3-s0-livingroom-pc/runs/cfg-c20a413d/plate_notch_s0_c1/t0/wire.png
wrote bench/campaigns/advisor-batch-3-s0-livingroom-pc/runs/cfg-c20a413d/plate_notch_s0_c2/t0/wire.png
wrote bench/campaigns/advisor-batch-3-s0-livingroom-pc/runs/cfg-c20a413d/plate_notch_s2_c0/t0/wire.png
wrote bench/campaigns/advisor-batch-3-s0-livingroom-pc/runs/cfg-c20a413d/plate_notch_s2_c1/t0/wire.png
wrote bench/campaigns/advisor-batch-3-s0-livingroom-pc/runs/cfg-c20a413d/plate_notch_s2_c2/t0/wire.png
wrote bench/campaigns/advisor-batch-3-s0-livingroom-pc/runs/cfg-e15462bb/plate_notch_s0_c0/t0/wire.png
wrote bench/campaigns/advisor-batch-3-s0-livingroom-pc/runs/cfg-e15462bb/plate_notch_s0_c1/t0/wire.png
wrote bench/campaigns/advisor-batch-3-s0-livingroom-pc/runs/cfg-e15462bb/plate_notch_s0_c2/t0/wire.png
wrote bench/campaigns/advisor-batch-3-s0-livingroom-pc/runs/cfg-e15462bb/plate_notch_s2_c0/t0/wire.png
wrote bench/campaigns/advisor-batch-3-s0-livingroom-pc/runs/cfg-e15462bb/plate_notch_s2_c1/t0/wire.png
wrote bench/campaigns/advisor-batch-3-s0-livingroom-pc/runs/cfg-e15462bb/plate_notch_s2_c2/t0/wire.png
warehouse_shots: 24 rendered, 0 skipped (exists), 0 failed (24 mesh.vtu total)
finished: 24 runs → /home/liveuser/Polyhedral-FEA/bench/campaigns/advisor-batch-3-s0-livingroom-pc/results.jsonl
=== exit 0 after 112.1s

=== 2026-08-14T18:47:35Z OMP_NUM_THREADS=2 :: /home/liveuser/Polyhedral-FEA/build/apps/testlab/polymesh_testlab resume /home/liveuser/Polyhedral-FEA/bench/campaigns/advisor-batch-3-s0-livingroom-pc
campaign advisor-batch-3-s0-livingroom-pc: 16 configs, 6 parts, 1 tiers
  max_run_wall_s=180 (override all tiers)
  max_pack_wall_s=21600
tier 0: h_scale=1 keep_frac=1 survivors=4 max_run_wall_s=180
  run cfg-e15462bb part=sphere_box_s0_c0 tier=0 ...
  run cfg-e15462bb part=sphere_box_s0_c1 tier=0 ...
  run cfg-e15462bb part=sphere_box_s0_c2 tier=0 ...
  run cfg-e15462bb part=sphere_box_s2_c0 tier=0 ...
  run cfg-e15462bb part=sphere_box_s2_c1 tier=0 ...
  run cfg-e15462bb part=sphere_box_s2_c2 tier=0 ...
  run cfg-11fef61e part=sphere_box_s0_c0 tier=0 ...
  run cfg-11fef61e part=sphere_box_s0_c1 tier=0 ...
  run cfg-11fef61e part=sphere_box_s0_c2 tier=0 ...
  run cfg-11fef61e part=sphere_box_s2_c0 tier=0 ...
  run cfg-11fef61e part=sphere_box_s2_c1 tier=0 ...
  run cfg-11fef61e part=sphere_box_s2_c2 tier=0 ...
  run cfg-1a7537a4 part=sphere_box_s0_c0 tier=0 ...
  run cfg-1a7537a4 part=sphere_box_s0_c1 tier=0 ...
  run cfg-1a7537a4 part=sphere_box_s0_c2 tier=0 ...
  run cfg-1a7537a4 part=sphere_box_s2_c0 tier=0 ...
  run cfg-1a7537a4 part=sphere_box_s2_c1 tier=0 ...
  run cfg-1a7537a4 part=sphere_box_s2_c2 tier=0 ...
  run cfg-c20a413d part=sphere_box_s0_c0 tier=0 ...
  run cfg-c20a413d part=sphere_box_s0_c1 tier=0 ...
  run cfg-c20a413d part=sphere_box_s0_c2 tier=0 ...
  run cfg-c20a413d part=sphere_box_s2_c0 tier=0 ...
  run cfg-c20a413d part=sphere_box_s2_c1 tier=0 ...
  run cfg-c20a413d part=sphere_box_s2_c2 tier=0 ...
wrote bench/campaigns/advisor-batch-3-s0-livingroom-pc/runs/cfg-11fef61e/sphere_box_s0_c0/t0/wire.png
wrote bench/campaigns/advisor-batch-3-s0-livingroom-pc/runs/cfg-11fef61e/sphere_box_s0_c1/t0/wire.png
wrote bench/campaigns/advisor-batch-3-s0-livingroom-pc/runs/cfg-11fef61e/sphere_box_s0_c2/t0/wire.png
wrote bench/campaigns/advisor-batch-3-s0-livingroom-pc/runs/cfg-11fef61e/sphere_box_s2_c0/t0/wire.png
wrote bench/campaigns/advisor-batch-3-s0-livingroom-pc/runs/cfg-11fef61e/sphere_box_s2_c1/t0/wire.png
wrote bench/campaigns/advisor-batch-3-s0-livingroom-pc/runs/cfg-11fef61e/sphere_box_s2_c2/t0/wire.png
wrote bench/campaigns/advisor-batch-3-s0-livingroom-pc/runs/cfg-1a7537a4/sphere_box_s0_c0/t0/wire.png
wrote bench/campaigns/advisor-batch-3-s0-livingroom-pc/runs/cfg-1a7537a4/sphere_box_s0_c1/t0/wire.png
wrote bench/campaigns/advisor-batch-3-s0-livingroom-pc/runs/cfg-1a7537a4/sphere_box_s0_c2/t0/wire.png
wrote bench/campaigns/advisor-batch-3-s0-livingroom-pc/runs/cfg-1a7537a4/sphere_box_s2_c0/t0/wire.png
wrote bench/campaigns/advisor-batch-3-s0-livingroom-pc/runs/cfg-1a7537a4/sphere_box_s2_c1/t0/wire.png
wrote bench/campaigns/advisor-batch-3-s0-livingroom-pc/runs/cfg-1a7537a4/sphere_box_s2_c2/t0/wire.png
wrote bench/campaigns/advisor-batch-3-s0-livingroom-pc/runs/cfg-c20a413d/sphere_box_s0_c0/t0/wire.png
wrote bench/campaigns/advisor-batch-3-s0-livingroom-pc/runs/cfg-c20a413d/sphere_box_s0_c1/t0/wire.png
wrote bench/campaigns/advisor-batch-3-s0-livingroom-pc/runs/cfg-c20a413d/sphere_box_s0_c2/t0/wire.png
wrote bench/campaigns/advisor-batch-3-s0-livingroom-pc/runs/cfg-c20a413d/sphere_box_s2_c0/t0/wire.png
wrote bench/campaigns/advisor-batch-3-s0-livingroom-pc/runs/cfg-c20a413d/sphere_box_s2_c1/t0/wire.png
wrote bench/campaigns/advisor-batch-3-s0-livingroom-pc/runs/cfg-c20a413d/sphere_box_s2_c2/t0/wire.png
wrote bench/campaigns/advisor-batch-3-s0-livingroom-pc/runs/cfg-e15462bb/sphere_box_s0_c0/t0/wire.png
wrote bench/campaigns/advisor-batch-3-s0-livingroom-pc/runs/cfg-e15462bb/sphere_box_s0_c1/t0/wire.png
wrote bench/campaigns/advisor-batch-3-s0-livingroom-pc/runs/cfg-e15462bb/sphere_box_s0_c2/t0/wire.png
wrote bench/campaigns/advisor-batch-3-s0-livingroom-pc/runs/cfg-e15462bb/sphere_box_s2_c0/t0/wire.png
wrote bench/campaigns/advisor-batch-3-s0-livingroom-pc/runs/cfg-e15462bb/sphere_box_s2_c1/t0/wire.png
wrote bench/campaigns/advisor-batch-3-s0-livingroom-pc/runs/cfg-e15462bb/sphere_box_s2_c2/t0/wire.png
warehouse_shots: 24 rendered, 24 skipped (exists), 0 failed (48 mesh.vtu total)
finished: 24 runs → /home/liveuser/Polyhedral-FEA/bench/campaigns/advisor-batch-3-s0-livingroom-pc/results.jsonl
=== exit 0 after 634.7s

=== 2026-08-14T19:31:12Z OMP_NUM_THREADS=2 :: /home/liveuser/Polyhedral-FEA/build/apps/testlab/polymesh_testlab resume /home/liveuser/Polyhedral-FEA/bench/campaigns/advisor-batch-3-s0-livingroom-pc
campaign advisor-batch-3-s0-livingroom-pc: 16 configs, 6 parts, 1 tiers
  max_run_wall_s=180 (override all tiers)
  max_pack_wall_s=21600
tier 0: h_scale=1 keep_frac=1 survivors=4 max_run_wall_s=180
  run cfg-e15462bb part=stepped_shaft_s0_c0 tier=0 ...
  run cfg-e15462bb part=stepped_shaft_s0_c1 tier=0 ...
  run cfg-e15462bb part=stepped_shaft_s0_c2 tier=0 ...
  run cfg-e15462bb part=stepped_shaft_s2_c0 tier=0 ...
  run cfg-e15462bb part=stepped_shaft_s2_c1 tier=0 ...
  run cfg-e15462bb part=stepped_shaft_s2_c2 tier=0 ...
  run cfg-11fef61e part=stepped_shaft_s0_c0 tier=0 ...
  run cfg-11fef61e part=stepped_shaft_s0_c1 tier=0 ...
  run cfg-11fef61e part=stepped_shaft_s0_c2 tier=0 ...
  run cfg-11fef61e part=stepped_shaft_s2_c0 tier=0 ...
  run cfg-11fef61e part=stepped_shaft_s2_c1 tier=0 ...
  run cfg-11fef61e part=stepped_shaft_s2_c2 tier=0 ...
  run cfg-1a7537a4 part=stepped_shaft_s0_c0 tier=0 ...
  run cfg-1a7537a4 part=stepped_shaft_s0_c1 tier=0 ...
  run cfg-1a7537a4 part=stepped_shaft_s0_c2 tier=0 ...
  run cfg-1a7537a4 part=stepped_shaft_s2_c0 tier=0 ...
  run cfg-1a7537a4 part=stepped_shaft_s2_c1 tier=0 ...
  run cfg-1a7537a4 part=stepped_shaft_s2_c2 tier=0 ...
  run cfg-c20a413d part=stepped_shaft_s0_c0 tier=0 ...
  run cfg-c20a413d part=stepped_shaft_s0_c1 tier=0 ...
  run cfg-c20a413d part=stepped_shaft_s0_c2 tier=0 ...
  run cfg-c20a413d part=stepped_shaft_s2_c0 tier=0 ...
  run cfg-c20a413d part=stepped_shaft_s2_c1 tier=0 ...
  run cfg-c20a413d part=stepped_shaft_s2_c2 tier=0 ...
warehouse_shots: 0 rendered, 48 skipped (exists), 0 failed (48 mesh.vtu total)
finished: 24 runs → /home/liveuser/Polyhedral-FEA/bench/campaigns/advisor-batch-3-s0-livingroom-pc/results.jsonl
=== exit 0 after 3.5s

=== 2026-08-14T20:17:10Z OMP_NUM_THREADS=2 :: /home/liveuser/Polyhedral-FEA/build/apps/testlab/polymesh_testlab resume /home/liveuser/Polyhedral-FEA/bench/campaigns/advisor-batch-3-s0-livingroom-pc
campaign advisor-batch-3-s0-livingroom-pc: 16 configs, 6 parts, 1 tiers
  max_run_wall_s=180 (override all tiers)
  max_pack_wall_s=21600
tier 0: h_scale=1 keep_frac=1 survivors=4 max_run_wall_s=180
  run cfg-e15462bb part=l_bracket_s0_c0 tier=0 ...
  run cfg-e15462bb part=l_bracket_s0_c1 tier=0 ...
  run cfg-e15462bb part=l_bracket_s0_c2 tier=0 ...
  run cfg-e15462bb part=l_bracket_s2_c0 tier=0 ...
  run cfg-e15462bb part=l_bracket_s2_c1 tier=0 ...
  run cfg-e15462bb part=l_bracket_s2_c2 tier=0 ...
  run cfg-11fef61e part=l_bracket_s0_c0 tier=0 ...
  run cfg-11fef61e part=l_bracket_s0_c1 tier=0 ...
  run cfg-11fef61e part=l_bracket_s0_c2 tier=0 ...
  run cfg-11fef61e part=l_bracket_s2_c0 tier=0 ...
  run cfg-11fef61e part=l_bracket_s2_c1 tier=0 ...
  run cfg-11fef61e part=l_bracket_s2_c2 tier=0 ...
  run cfg-1a7537a4 part=l_bracket_s0_c0 tier=0 ...
  run cfg-1a7537a4 part=l_bracket_s0_c1 tier=0 ...
  run cfg-1a7537a4 part=l_bracket_s0_c2 tier=0 ...
  run cfg-1a7537a4 part=l_bracket_s2_c0 tier=0 ...
  run cfg-1a7537a4 part=l_bracket_s2_c1 tier=0 ...
  run cfg-1a7537a4 part=l_bracket_s2_c2 tier=0 ...
  run cfg-c20a413d part=l_bracket_s0_c0 tier=0 ...
  run cfg-c20a413d part=l_bracket_s0_c1 tier=0 ...
  run cfg-c20a413d part=l_bracket_s0_c2 tier=0 ...
  run cfg-c20a413d part=l_bracket_s2_c0 tier=0 ...
  run cfg-c20a413d part=l_bracket_s2_c1 tier=0 ...
  run cfg-c20a413d part=l_bracket_s2_c2 tier=0 ...
wrote bench/campaigns/advisor-batch-3-s0-livingroom-pc/runs/cfg-11fef61e/l_bracket_s0_c0/t0/wire.png
wrote bench/campaigns/advisor-batch-3-s0-livingroom-pc/runs/cfg-11fef61e/l_bracket_s0_c1/t0/wire.png
wrote bench/campaigns/advisor-batch-3-s0-livingroom-pc/runs/cfg-11fef61e/l_bracket_s0_c2/t0/wire.png
wrote bench/campaigns/advisor-batch-3-s0-livingroom-pc/runs/cfg-11fef61e/l_bracket_s2_c0/t0/wire.png
wrote bench/campaigns/advisor-batch-3-s0-livingroom-pc/runs/cfg-11fef61e/l_bracket_s2_c1/t0/wire.png
wrote bench/campaigns/advisor-batch-3-s0-livingroom-pc/runs/cfg-11fef61e/l_bracket_s2_c2/t0/wire.png
wrote bench/campaigns/advisor-batch-3-s0-livingroom-pc/runs/cfg-1a7537a4/l_bracket_s0_c0/t0/wire.png
wrote bench/campaigns/advisor-batch-3-s0-livingroom-pc/runs/cfg-1a7537a4/l_bracket_s0_c1/t0/wire.png
wrote bench/campaigns/advisor-batch-3-s0-livingroom-pc/runs/cfg-1a7537a4/l_bracket_s0_c2/t0/wire.png
wrote bench/campaigns/advisor-batch-3-s0-livingroom-pc/runs/cfg-1a7537a4/l_bracket_s2_c0/t0/wire.png
wrote bench/campaigns/advisor-batch-3-s0-livingroom-pc/runs/cfg-1a7537a4/l_bracket_s2_c1/t0/wire.png
wrote bench/campaigns/advisor-batch-3-s0-livingroom-pc/runs/cfg-1a7537a4/l_bracket_s2_c2/t0/wire.png
wrote bench/campaigns/advisor-batch-3-s0-livingroom-pc/runs/cfg-c20a413d/l_bracket_s0_c0/t0/wire.png
wrote bench/campaigns/advisor-batch-3-s0-livingroom-pc/runs/cfg-c20a413d/l_bracket_s0_c1/t0/wire.png
wrote bench/campaigns/advisor-batch-3-s0-livingroom-pc/runs/cfg-c20a413d/l_bracket_s0_c2/t0/wire.png
wrote bench/campaigns/advisor-batch-3-s0-livingroom-pc/runs/cfg-c20a413d/l_bracket_s2_c0/t0/wire.png
wrote bench/campaigns/advisor-batch-3-s0-livingroom-pc/runs/cfg-c20a413d/l_bracket_s2_c1/t0/wire.png
wrote bench/campaigns/advisor-batch-3-s0-livingroom-pc/runs/cfg-c20a413d/l_bracket_s2_c2/t0/wire.png
wrote bench/campaigns/advisor-batch-3-s0-livingroom-pc/runs/cfg-e15462bb/l_bracket_s0_c0/t0/wire.png
wrote bench/campaigns/advisor-batch-3-s0-livingroom-pc/runs/cfg-e15462bb/l_bracket_s0_c1/t0/wire.png
wrote bench/campaigns/advisor-batch-3-s0-livingroom-pc/runs/cfg-e15462bb/l_bracket_s0_c2/t0/wire.png
wrote bench/campaigns/advisor-batch-3-s0-livingroom-pc/runs/cfg-e15462bb/l_bracket_s2_c0/t0/wire.png
wrote bench/campaigns/advisor-batch-3-s0-livingroom-pc/runs/cfg-e15462bb/l_bracket_s2_c1/t0/wire.png
wrote bench/campaigns/advisor-batch-3-s0-livingroom-pc/runs/cfg-e15462bb/l_bracket_s2_c2/t0/wire.png
warehouse_shots: 24 rendered, 48 skipped (exists), 0 failed (72 mesh.vtu total)
finished: 24 runs → /home/liveuser/Polyhedral-FEA/bench/campaigns/advisor-batch-3-s0-livingroom-pc/results.jsonl
=== exit 0 after 61.2s
