campaign advisor-batch-3-s0: 16 configs, 36 parts, 1 tiers
  max_run_wall_s=180 (override all tiers)
  max_pack_wall_s=21600
tier 0: h_scale=1 keep_frac=1 survivors=4 max_run_wall_s=180
  run cfg-e15462bb part=box_hole_s0_c0 tier=0 ...
  run cfg-e15462bb part=box_hole_s0_c1 tier=0 ...
  run cfg-e15462bb part=box_hole_s0_c2 tier=0 ...
  run cfg-e15462bb part=box_hole_s2_c0 tier=0 ...
  run cfg-e15462bb part=box_hole_s2_c1 tier=0 ...
  run cfg-e15462bb part=box_hole_s2_c2 tier=0 ...
  run cfg-e15462bb part=channel_s0_c0 tier=0 ...
  run cfg-e15462bb part=channel_s0_c1 tier=0 ...
  run cfg-e15462bb part=channel_s0_c2 tier=0 ...
  run cfg-e15462bb part=channel_s2_c0 tier=0 ...
  run cfg-e15462bb part=channel_s2_c1 tier=0 ...
  run cfg-e15462bb part=channel_s2_c2 tier=0 ...
  run cfg-e15462bb part=l_bracket_s0_c0 tier=0 ...
  run cfg-e15462bb part=l_bracket_s0_c1 tier=0 ...
  run cfg-e15462bb part=l_bracket_s0_c2 tier=0 ...
  run cfg-e15462bb part=l_bracket_s2_c0 tier=0 ...
  run cfg-e15462bb part=l_bracket_s2_c1 tier=0 ...
  run cfg-e15462bb part=l_bracket_s2_c2 tier=0 ...
  run cfg-e15462bb part=plate_notch_s0_c0 tier=0 ...
  run cfg-e15462bb part=plate_notch_s0_c1 tier=0 ...
  run cfg-e15462bb part=plate_notch_s0_c2 tier=0 ...
  run cfg-e15462bb part=plate_notch_s2_c0 tier=0 ...
  run cfg-e15462bb part=plate_notch_s2_c1 tier=0 ...
  run cfg-e15462bb part=plate_notch_s2_c2 tier=0 ...
  run cfg-e15462bb part=sphere_box_s0_c0 tier=0 ...
  run cfg-e15462bb part=sphere_box_s0_c1 tier=0 ...
  run cfg-e15462bb part=sphere_box_s0_c2 tier=0 ...
  run cfg-e15462bb part=sphere_box_s2_c0 tier=0 ...
  run cfg-e15462bb part=sphere_box_s2_c1 tier=0 ...
  run cfg-e15462bb part=sphere_box_s2_c2 tier=0 ...
  run cfg-e15462bb part=stepped_shaft_s0_c0 tier=0 ...
  run cfg-e15462bb part=stepped_shaft_s0_c1 tier=0 ...
  run cfg-e15462bb part=stepped_shaft_s0_c2 tier=0 ...
  run cfg-e15462bb part=stepped_shaft_s2_c0 tier=0 ...
  run cfg-e15462bb part=stepped_shaft_s2_c1 tier=0 ...
  run cfg-e15462bb part=stepped_shaft_s2_c2 tier=0 ...
  run cfg-11fef61e part=box_hole_s0_c0 tier=0 ...
  run cfg-11fef61e part=box_hole_s0_c1 tier=0 ...
  run cfg-11fef61e part=box_hole_s0_c2 tier=0 ...
  run cfg-11fef61e part=box_hole_s2_c0 tier=0 ...
  run cfg-11fef61e part=box_hole_s2_c1 tier=0 ...
  run cfg-11fef61e part=box_hole_s2_c2 tier=0 ...
  run cfg-11fef61e part=channel_s0_c0 tier=0 ...
  run cfg-11fef61e part=channel_s0_c1 tier=0 ...
  run cfg-11fef61e part=channel_s0_c2 tier=0 ...
  run cfg-11fef61e part=channel_s2_c0 tier=0 ...
  run cfg-11fef61e part=channel_s2_c1 tier=0 ...
  run cfg-11fef61e part=channel_s2_c2 tier=0 ...
  run cfg-11fef61e part=l_bracket_s0_c0 tier=0 ...
  run cfg-11fef61e part=l_bracket_s0_c1 tier=0 ...
  run cfg-11fef61e part=l_bracket_s0_c2 tier=0 ...
  run cfg-11fef61e part=l_bracket_s2_c0 tier=0 ...
  run cfg-11fef61e part=l_bracket_s2_c1 tier=0 ...
  run cfg-11fef61e part=l_bracket_s2_c2 tier=0 ...
  run cfg-11fef61e part=plate_notch_s0_c0 tier=0 ...
  run cfg-11fef61e part=plate_notch_s0_c1 tier=0 ...
  run cfg-11fef61e part=plate_notch_s0_c2 tier=0 ...
  run cfg-11fef61e part=plate_notch_s2_c0 tier=0 ...
  run cfg-11fef61e part=plate_notch_s2_c1 tier=0 ...
  run cfg-11fef61e part=plate_notch_s2_c2 tier=0 ...
  run cfg-11fef61e part=sphere_box_s0_c0 tier=0 ...
  run cfg-11fef61e part=sphere_box_s0_c1 tier=0 ...
  run cfg-11fef61e part=sphere_box_s0_c2 tier=0 ...
  run cfg-11fef61e part=sphere_box_s2_c0 tier=0 ...
  run cfg-11fef61e part=sphere_box_s2_c1 tier=0 ...
  run cfg-11fef61e part=sphere_box_s2_c2 tier=0 ...
  run cfg-11fef61e part=stepped_shaft_s0_c0 tier=0 ...
  run cfg-11fef61e part=stepped_shaft_s0_c1 tier=0 ...
  run cfg-11fef61e part=stepped_shaft_s0_c2 tier=0 ...
  run cfg-11fef61e part=stepped_shaft_s2_c0 tier=0 ...
  run cfg-11fef61e part=stepped_shaft_s2_c1 tier=0 ...
  run cfg-11fef61e part=stepped_shaft_s2_c2 tier=0 ...
  run cfg-1a7537a4 part=box_hole_s0_c0 tier=0 ...
  run cfg-1a7537a4 part=box_hole_s0_c1 tier=0 ...
  run cfg-1a7537a4 part=box_hole_s0_c2 tier=0 ...
  run cfg-1a7537a4 part=box_hole_s2_c0 tier=0 ...
  run cfg-1a7537a4 part=box_hole_s2_c1 tier=0 ...
  run cfg-1a7537a4 part=box_hole_s2_c2 tier=0 ...
  run cfg-1a7537a4 part=channel_s0_c0 tier=0 ...
  run cfg-1a7537a4 part=channel_s0_c1 tier=0 ...
  run cfg-1a7537a4 part=channel_s0_c2 tier=0 ...
  run cfg-1a7537a4 part=channel_s2_c0 tier=0 ...
  run cfg-1a7537a4 part=channel_s2_c1 tier=0 ...
  run cfg-1a7537a4 part=channel_s2_c2 tier=0 ...
  run cfg-1a7537a4 part=l_bracket_s0_c0 tier=0 ...
  run cfg-1a7537a4 part=l_bracket_s0_c1 tier=0 ...
  run cfg-1a7537a4 part=l_bracket_s0_c2 tier=0 ...
  run cfg-1a7537a4 part=l_bracket_s2_c0 tier=0 ...
  run cfg-1a7537a4 part=l_bracket_s2_c1 tier=0 ...
  run cfg-1a7537a4 part=l_bracket_s2_c2 tier=0 ...
  run cfg-1a7537a4 part=plate_notch_s0_c0 tier=0 ...
  run cfg-1a7537a4 part=plate_notch_s0_c1 tier=0 ...
  run cfg-1a7537a4 part=plate_notch_s0_c2 tier=0 ...
  run cfg-1a7537a4 part=plate_notch_s2_c0 tier=0 ...
  run cfg-1a7537a4 part=plate_notch_s2_c1 tier=0 ...
  run cfg-1a7537a4 part=plate_notch_s2_c2 tier=0 ...
  run cfg-1a7537a4 part=sphere_box_s0_c0 tier=0 ...
  run cfg-1a7537a4 part=sphere_box_s0_c1 tier=0 ...
  run cfg-1a7537a4 part=sphere_box_s0_c2 tier=0 ...
  run cfg-1a7537a4 part=sphere_box_s2_c0 tier=0 ...
  run cfg-1a7537a4 part=sphere_box_s2_c1 tier=0 ...
  run cfg-1a7537a4 part=sphere_box_s2_c2 tier=0 ...
  run cfg-1a7537a4 part=stepped_shaft_s0_c0 tier=0 ...
  run cfg-1a7537a4 part=stepped_shaft_s0_c1 tier=0 ...
  run cfg-1a7537a4 part=stepped_shaft_s0_c2 tier=0 ...
  run cfg-1a7537a4 part=stepped_shaft_s2_c0 tier=0 ...
  run cfg-1a7537a4 part=stepped_shaft_s2_c1 tier=0 ...
  run cfg-1a7537a4 part=stepped_shaft_s2_c2 tier=0 ...
  run cfg-c20a413d part=box_hole_s0_c0 tier=0 ...
  run cfg-c20a413d part=box_hole_s0_c1 tier=0 ...
  run cfg-c20a413d part=box_hole_s0_c2 tier=0 ...
  run cfg-c20a413d part=box_hole_s2_c0 tier=0 ...
  run cfg-c20a413d part=box_hole_s2_c1 tier=0 ...
  run cfg-c20a413d part=box_hole_s2_c2 tier=0 ...
  run cfg-c20a413d part=channel_s0_c0 tier=0 ...
  run cfg-c20a413d part=channel_s0_c1 tier=0 ...
  run cfg-c20a413d part=channel_s0_c2 tier=0 ...
  run cfg-c20a413d part=channel_s2_c0 tier=0 ...
  run cfg-c20a413d part=channel_s2_c1 tier=0 ...
  run cfg-c20a413d part=channel_s2_c2 tier=0 ...
  run cfg-c20a413d part=l_bracket_s0_c0 tier=0 ...
  run cfg-c20a413d part=l_bracket_s0_c1 tier=0 ...
  run cfg-c20a413d part=l_bracket_s0_c2 tier=0 ...
  run cfg-c20a413d part=l_bracket_s2_c0 tier=0 ...
  run cfg-c20a413d part=l_bracket_s2_c1 tier=0 ...
  run cfg-c20a413d part=l_bracket_s2_c2 tier=0 ...
  run cfg-c20a413d part=plate_notch_s0_c0 tier=0 ...
  run cfg-c20a413d part=plate_notch_s0_c1 tier=0 ...
  run cfg-c20a413d part=plate_notch_s0_c2 tier=0 ...
  run cfg-c20a413d part=plate_notch_s2_c0 tier=0 ...
  run cfg-c20a413d part=plate_notch_s2_c1 tier=0 ...
  run cfg-c20a413d part=plate_notch_s2_c2 tier=0 ...
  run cfg-c20a413d part=sphere_box_s0_c0 tier=0 ...
  run cfg-c20a413d part=sphere_box_s0_c1 tier=0 ...
  run cfg-c20a413d part=sphere_box_s0_c2 tier=0 ...
  run cfg-c20a413d part=sphere_box_s2_c0 tier=0 ...
  run cfg-c20a413d part=sphere_box_s2_c1 tier=0 ...
  run cfg-c20a413d part=sphere_box_s2_c2 tier=0 ...
  run cfg-c20a413d part=stepped_shaft_s0_c0 tier=0 ...
  run cfg-c20a413d part=stepped_shaft_s0_c1 tier=0 ...
  run cfg-c20a413d part=stepped_shaft_s0_c2 tier=0 ...
  run cfg-c20a413d part=stepped_shaft_s2_c0 tier=0 ...
  run cfg-c20a413d part=stepped_shaft_s2_c1 tier=0 ...
  run cfg-c20a413d part=stepped_shaft_s2_c2 tier=0 ...
Could not find platform independent libraries <prefix>
FAIL bench\campaigns\advisor-batch-3-s0\runs\cfg-11fef61e\box_hole_s0_c0\t0\mesh.vtu: Could not find platform independent libraries <prefix>
Traceback (most recent call last):
  File "C:\Users\Yakub\Desktop\Polyhedral-FEA\scripts\vtu_wire_png.py", line 23, in <module>
    import figstyle as fs  # noqa: E402
    ^^^^^^^^^^^^^^^^^^^^^
  File "C:\Users\Yakub\Desktop\Polyhedral-FEA\scripts\figstyle.py", line 45, in <module>
    import numpy as np
ModuleNotFoundError: No module named 'numpy'
FAIL bench\campaigns\advisor-batch-3-s0\runs\cfg-11fef61e\box_hole_s0_c1\t0\mesh.vtu: Could not find platform independent libraries <prefix>
Traceback (most recent call last):
  File "C:\Users\Yakub\Desktop\Polyhedral-FEA\scripts\vtu_wire_png.py", line 23, in <module>
    import figstyle as fs  # noqa: E402
    ^^^^^^^^^^^^^^^^^^^^^
  File "C:\Users\Yakub\Desktop\Polyhedral-FEA\scripts\figstyle.py", line 45, in <module>
    import numpy as np
ModuleNotFoundError: No module named 'numpy'
FAIL bench\campaigns\advisor-batch-3-s0\runs\cfg-11fef61e\box_hole_s0_c2\t0\mesh.vtu: Could not find platform independent libraries <prefix>
Traceback (most recent call last):
  File "C:\Users\Yakub\Desktop\Polyhedral-FEA\scripts\vtu_wire_png.py", line 23, in <module>
    import figstyle as fs  # noqa: E402
    ^^^^^^^^^^^^^^^^^^^^^
  File "C:\Users\Yakub\Desktop\Polyhedral-FEA\scripts\figstyle.py", line 45, in <module>
    import numpy as np
ModuleNotFoundError: No module named 'numpy'
FAIL bench\campaigns\advisor-batch-3-s0\runs\cfg-11fef61e\channel_s0_c0\t0\mesh.vtu: Could not find platform independent libraries <prefix>
Traceback (most recent call last):
  File "C:\Users\Yakub\Desktop\Polyhedral-FEA\scripts\vtu_wire_png.py", line 23, in <module>
    import figstyle as fs  # noqa: E402
    ^^^^^^^^^^^^^^^^^^^^^
  File "C:\Users\Yakub\Desktop\Polyhedral-FEA\scripts\figstyle.py", line 45, in <module>
    import numpy as np
ModuleNotFoundError: No module named 'numpy'
FAIL bench\campaigns\advisor-batch-3-s0\runs\cfg-11fef61e\channel_s0_c1\t0\mesh.vtu: Could not find platform independent libraries <prefix>
Traceback (most recent call last):
  File "C:\Users\Yakub\Desktop\Polyhedral-FEA\scripts\vtu_wire_png.py", line 23, in <module>
    import figstyle as fs  # noqa: E402
    ^^^^^^^^^^^^^^^^^^^^^
  File "C:\Users\Yakub\Desktop\Polyhedral-FEA\scripts\figstyle.py", line 45, in <module>
    import numpy as np
ModuleNotFoundError: No module named 'numpy'
FAIL bench\campaigns\advisor-batch-3-s0\runs\cfg-11fef61e\channel_s0_c2\t0\mesh.vtu: Could not find platform independent libraries <prefix>
Traceback (most recent call last):
  File "C:\Users\Yakub\Desktop\Polyhedral-FEA\scripts\vtu_wire_png.py", line 23, in <module>
    import figstyle as fs  # noqa: E402
    ^^^^^^^^^^^^^^^^^^^^^
  File "C:\Users\Yakub\Desktop\Polyhedral-FEA\scripts\figstyle.py", line 45, in <module>
    import numpy as np
ModuleNotFoundError: No module named 'numpy'
FAIL bench\campaigns\advisor-batch-3-s0\runs\cfg-11fef61e\l_bracket_s0_c0\t0\mesh.vtu: Could not find platform independent libraries <prefix>
Traceback (most recent call last):
  File "C:\Users\Yakub\Desktop\Polyhedral-FEA\scripts\vtu_wire_png.py", line 23, in <module>
    import figstyle as fs  # noqa: E402
    ^^^^^^^^^^^^^^^^^^^^^
  File "C:\Users\Yakub\Desktop\Polyhedral-FEA\scripts\figstyle.py", line 45, in <module>
    import numpy as np
ModuleNotFoundError: No module named 'numpy'
FAIL bench\campaigns\advisor-batch-3-s0\runs\cfg-11fef61e\l_bracket_s0_c1\t0\mesh.vtu: Could not find platform independent libraries <prefix>
Traceback (most recent call last):
  File "C:\Users\Yakub\Desktop\Polyhedral-FEA\scripts\vtu_wire_png.py", line 23, in <module>
    import figstyle as fs  # noqa: E402
    ^^^^^^^^^^^^^^^^^^^^^
  File "C:\Users\Yakub\Desktop\Polyhedral-FEA\scripts\figstyle.py", line 45, in <module>
    import numpy as np
ModuleNotFoundError: No module named 'numpy'
FAIL bench\campaigns\advisor-batch-3-s0\runs\cfg-11fef61e\l_bracket_s0_c2\t0\mesh.vtu: Could not find platform independent libraries <prefix>
Traceback (most recent call last):
  File "C:\Users\Yakub\Desktop\Polyhedral-FEA\scripts\vtu_wire_png.py", line 23, in <module>
    import figstyle as fs  # noqa: E402
    ^^^^^^^^^^^^^^^^^^^^^
  File "C:\Users\Yakub\Desktop\Polyhedral-FEA\scripts\figstyle.py", line 45, in <module>
    import numpy as np
ModuleNotFoundError: No module named 'numpy'
FAIL bench\campaigns\advisor-batch-3-s0\runs\cfg-11fef61e\l_bracket_s2_c0\t0\mesh.vtu: Could not find platform independent libraries <prefix>
Traceback (most recent call last):
  File "C:\Users\Yakub\Desktop\Polyhedral-FEA\scripts\vtu_wire_png.py", line 23, in <module>
    import figstyle as fs  # noqa: E402
    ^^^^^^^^^^^^^^^^^^^^^
  File "C:\Users\Yakub\Desktop\Polyhedral-FEA\scripts\figstyle.py", line 45, in <module>
    import numpy as np
ModuleNotFoundError: No module named 'numpy'
FAIL bench\campaigns\advisor-batch-3-s0\runs\cfg-11fef61e\l_bracket_s2_c1\t0\mesh.vtu: Could not find platform independent libraries <prefix>
Traceback (most recent call last):
  File "C:\Users\Yakub\Desktop\Polyhedral-FEA\scripts\vtu_wire_png.py", line 23, in <module>
    import figstyle as fs  # noqa: E402
    ^^^^^^^^^^^^^^^^^^^^^
  File "C:\Users\Yakub\Desktop\Polyhedral-FEA\scripts\figstyle.py", line 45, in <module>
    import numpy as np
ModuleNotFoundError: No module named 'numpy'
FAIL bench\campaigns\advisor-batch-3-s0\runs\cfg-11fef61e\l_bracket_s2_c2\t0\mesh.vtu: Could not find platform independent libraries <prefix>
Traceback (most recent call last):
  File "C:\Users\Yakub\Desktop\Polyhedral-FEA\scripts\vtu_wire_png.py", line 23, in <module>
    import figstyle as fs  # noqa: E402
    ^^^^^^^^^^^^^^^^^^^^^
  File "C:\Users\Yakub\Desktop\Polyhedral-FEA\scripts\figstyle.py", line 45, in <module>
    import numpy as np
ModuleNotFoundError: No module named 'numpy'
FAIL bench\campaigns\advisor-batch-3-s0\runs\cfg-11fef61e\plate_notch_s0_c0\t0\mesh.vtu: Could not find platform independent libraries <prefix>
Traceback (most recent call last):
  File "C:\Users\Yakub\Desktop\Polyhedral-FEA\scripts\vtu_wire_png.py", line 23, in <module>
    import figstyle as fs  # noqa: E402
    ^^^^^^^^^^^^^^^^^^^^^
  File "C:\Users\Yakub\Desktop\Polyhedral-FEA\scripts\figstyle.py", line 45, in <module>
    import numpy as np
ModuleNotFoundError: No module named 'numpy'
FAIL bench\campaigns\advisor-batch-3-s0\runs\cfg-11fef61e\plate_notch_s0_c1\t0\mesh.vtu: Could not find platform independent libraries <prefix>
Traceback (most recent call last):
  File "C:\Users\Yakub\Desktop\Polyhedral-FEA\scripts\vtu_wire_png.py", line 23, in <module>
    import figstyle as fs  # noqa: E402
    ^^^^^^^^^^^^^^^^^^^^^
  File "C:\Users\Yakub\Desktop\Polyhedral-FEA\scripts\figstyle.py", line 45, in <module>
    import numpy as np
ModuleNotFoundError: No module named 'numpy'
FAIL bench\campaigns\advisor-batch-3-s0\runs\cfg-11fef61e\plate_notch_s0_c2\t0\mesh.vtu: Could not find platform independent libraries <prefix>
Traceback (most recent call last):
  File "C:\Users\Yakub\Desktop\Polyhedral-FEA\scripts\vtu_wire_png.py", line 23, in <module>
    import figstyle as fs  # noqa: E402
    ^^^^^^^^^^^^^^^^^^^^^
  File "C:\Users\Yakub\Desktop\Polyhedral-FEA\scripts\figstyle.py", line 45, in <module>
    import numpy as np
ModuleNotFoundError: No module named 'numpy'
FAIL bench\campaigns\advisor-batch-3-s0\runs\cfg-11fef61e\plate_notch_s2_c0\t0\mesh.vtu: Could not find platform independent libraries <prefix>
Traceback (most recent call last):
  File "C:\Users\Yakub\Desktop\Polyhedral-FEA\scripts\vtu_wire_png.py", line 23, in <module>
    import figstyle as fs  # noqa: E402
    ^^^^^^^^^^^^^^^^^^^^^
  File "C:\Users\Yakub\Desktop\Polyhedral-FEA\scripts\figstyle.py", line 45, in <module>
    import numpy as np
ModuleNotFoundError: No module named 'numpy'
FAIL bench\campaigns\advisor-batch-3-s0\runs\cfg-11fef61e\plate_notch_s2_c1\t0\mesh.vtu: Could not find platform independent libraries <prefix>
Traceback (most recent call last):
  File "C:\Users\Yakub\Desktop\Polyhedral-FEA\scripts\vtu_wire_png.py", line 23, in <module>
    import figstyle as fs  # noqa: E402
    ^^^^^^^^^^^^^^^^^^^^^
  File "C:\Users\Yakub\Desktop\Polyhedral-FEA\scripts\figstyle.py", line 45, in <module>
    import numpy as np
ModuleNotFoundError: No module named 'numpy'
FAIL bench\campaigns\advisor-batch-3-s0\runs\cfg-11fef61e\plate_notch_s2_c2\t0\mesh.vtu: Could not find platform independent libraries <prefix>
Traceback (most recent call last):
  File "C:\Users\Yakub\Desktop\Polyhedral-FEA\scripts\vtu_wire_png.py", line 23, in <module>
    import figstyle as fs  # noqa: E402
    ^^^^^^^^^^^^^^^^^^^^^
  File "C:\Users\Yakub\Desktop\Polyhedral-FEA\scripts\figstyle.py", line 45, in <module>
    import numpy as np
ModuleNotFoundError: No module named 'numpy'
FAIL bench\campaigns\advisor-batch-3-s0\runs\cfg-11fef61e\sphere_box_s0_c0\t0\mesh.vtu: Could not find platform independent libraries <prefix>
Traceback (most recent call last):
  File "C:\Users\Yakub\Desktop\Polyhedral-FEA\scripts\vtu_wire_png.py", line 23, in <module>
    import figstyle as fs  # noqa: E402
    ^^^^^^^^^^^^^^^^^^^^^
  File "C:\Users\Yakub\Desktop\Polyhedral-FEA\scripts\figstyle.py", line 45, in <module>
    import numpy as np
ModuleNotFoundError: No module named 'numpy'
FAIL bench\campaigns\advisor-batch-3-s0\runs\cfg-11fef61e\sphere_box_s0_c1\t0\mesh.vtu: Could not find platform independent libraries <prefix>
Traceback (most recent call last):
  File "C:\Users\Yakub\Desktop\Polyhedral-FEA\scripts\vtu_wire_png.py", line 23, in <module>
    import figstyle as fs  # noqa: E402
    ^^^^^^^^^^^^^^^^^^^^^
  File "C:\Users\Yakub\Desktop\Polyhedral-FEA\scripts\figstyle.py", line 45, in <module>
    import numpy as np
ModuleNotFoundError: No module named 'numpy'
FAIL bench\campaigns\advisor-batch-3-s0\runs\cfg-11fef61e\sphere_box_s0_c2\t0\mesh.vtu: Could not find platform independent libraries <prefix>
Traceback (most recent call last):
  File "C:\Users\Yakub\Desktop\Polyhedral-FEA\scripts\vtu_wire_png.py", line 23, in <module>
    import figstyle as fs  # noqa: E402
    ^^^^^^^^^^^^^^^^^^^^^
  File "C:\Users\Yakub\Desktop\Polyhedral-FEA\scripts\figstyle.py", line 45, in <module>
    import numpy as np
ModuleNotFoundError: No module named 'numpy'
FAIL bench\campaigns\advisor-batch-3-s0\runs\cfg-11fef61e\sphere_box_s2_c0\t0\mesh.vtu: Could not find platform independent libraries <prefix>
Traceback (most recent call last):
  File "C:\Users\Yakub\Desktop\Polyhedral-FEA\scripts\vtu_wire_png.py", line 23, in <module>
    import figstyle as fs  # noqa: E402
    ^^^^^^^^^^^^^^^^^^^^^
  File "C:\Users\Yakub\Desktop\Polyhedral-FEA\scripts\figstyle.py", line 45, in <module>
    import numpy as np
ModuleNotFoundError: No module named 'numpy'
FAIL bench\campaigns\advisor-batch-3-s0\runs\cfg-11fef61e\sphere_box_s2_c1\t0\mesh.vtu: Could not find platform independent libraries <prefix>
Traceback (most recent call last):
  File "C:\Users\Yakub\Desktop\Polyhedral-FEA\scripts\vtu_wire_png.py", line 23, in <module>
    import figstyle as fs  # noqa: E402
    ^^^^^^^^^^^^^^^^^^^^^
  File "C:\Users\Yakub\Desktop\Polyhedral-FEA\scripts\figstyle.py", line 45, in <module>
    import numpy as np
ModuleNotFoundError: No module named 'numpy'
FAIL bench\campaigns\advisor-batch-3-s0\runs\cfg-11fef61e\sphere_box_s2_c2\t0\mesh.vtu: Could not find platform independent libraries <prefix>
Traceback (most recent call last):
  File "C:\Users\Yakub\Desktop\Polyhedral-FEA\scripts\vtu_wire_png.py", line 23, in <module>
    import figstyle as fs  # noqa: E402
    ^^^^^^^^^^^^^^^^^^^^^
  File "C:\Users\Yakub\Desktop\Polyhedral-FEA\scripts\figstyle.py", line 45, in <module>
    import numpy as np
ModuleNotFoundError: No module named 'numpy'
FAIL bench\campaigns\advisor-batch-3-s0\runs\cfg-1a7537a4\box_hole_s0_c0\t0\mesh.vtu: Could not find platform independent libraries <prefix>
Traceback (most recent call last):
  File "C:\Users\Yakub\Desktop\Polyhedral-FEA\scripts\vtu_wire_png.py", line 23, in <module>
    import figstyle as fs  # noqa: E402
    ^^^^^^^^^^^^^^^^^^^^^
  File "C:\Users\Yakub\Desktop\Polyhedral-FEA\scripts\figstyle.py", line 45, in <module>
    import numpy as np
ModuleNotFoundError: No module named 'numpy'
FAIL bench\campaigns\advisor-batch-3-s0\runs\cfg-1a7537a4\box_hole_s0_c1\t0\mesh.vtu: Could not find platform independent libraries <prefix>
Traceback (most recent call last):
  File "C:\Users\Yakub\Desktop\Polyhedral-FEA\scripts\vtu_wire_png.py", line 23, in <module>
    import figstyle as fs  # noqa: E402
    ^^^^^^^^^^^^^^^^^^^^^
  File "C:\Users\Yakub\Desktop\Polyhedral-FEA\scripts\figstyle.py", line 45, in <module>
    import numpy as np
ModuleNotFoundError: No module named 'numpy'
FAIL bench\campaigns\advisor-batch-3-s0\runs\cfg-1a7537a4\box_hole_s0_c2\t0\mesh.vtu: Could not find platform independent libraries <prefix>
Traceback (most recent call last):
  File "C:\Users\Yakub\Desktop\Polyhedral-FEA\scripts\vtu_wire_png.py", line 23, in <module>
    import figstyle as fs  # noqa: E402
    ^^^^^^^^^^^^^^^^^^^^^
  File "C:\Users\Yakub\Desktop\Polyhedral-FEA\scripts\figstyle.py", line 45, in <module>
    import numpy as np
ModuleNotFoundError: No module named 'numpy'
FAIL bench\campaigns\advisor-batch-3-s0\runs\cfg-1a7537a4\channel_s0_c0\t0\mesh.vtu: Could not find platform independent libraries <prefix>
Traceback (most recent call last):
  File "C:\Users\Yakub\Desktop\Polyhedral-FEA\scripts\vtu_wire_png.py", line 23, in <module>
    import figstyle as fs  # noqa: E402
    ^^^^^^^^^^^^^^^^^^^^^
  File "C:\Users\Yakub\Desktop\Polyhedral-FEA\scripts\figstyle.py", line 45, in <module>
    import numpy as np
ModuleNotFoundError: No module named 'numpy'
FAIL bench\campaigns\advisor-batch-3-s0\runs\cfg-1a7537a4\channel_s0_c1\t0\mesh.vtu: Could not find platform independent libraries <prefix>
Traceback (most recent call last):
  File "C:\Users\Yakub\Desktop\Polyhedral-FEA\scripts\vtu_wire_png.py", line 23, in <module>
    import figstyle as fs  # noqa: E402
    ^^^^^^^^^^^^^^^^^^^^^
  File "C:\Users\Yakub\Desktop\Polyhedral-FEA\scripts\figstyle.py", line 45, in <module>
    import numpy as np
ModuleNotFoundError: No module named 'numpy'
FAIL bench\campaigns\advisor-batch-3-s0\runs\cfg-1a7537a4\channel_s0_c2\t0\mesh.vtu: Could not find platform independent libraries <prefix>
Traceback (most recent call last):
  File "C:\Users\Yakub\Desktop\Polyhedral-FEA\scripts\vtu_wire_png.py", line 23, in <module>
    import figstyle as fs  # noqa: E402
    ^^^^^^^^^^^^^^^^^^^^^
  File "C:\Users\Yakub\Desktop\Polyhedral-FEA\scripts\figstyle.py", line 45, in <module>
    import numpy as np
ModuleNotFoundError: No module named 'numpy'
FAIL bench\campaigns\advisor-batch-3-s0\runs\cfg-1a7537a4\l_bracket_s0_c0\t0\mesh.vtu: Could not find platform independent libraries <prefix>
Traceback (most recent call last):
  File "C:\Users\Yakub\Desktop\Polyhedral-FEA\scripts\vtu_wire_png.py", line 23, in <module>
    import figstyle as fs  # noqa: E402
    ^^^^^^^^^^^^^^^^^^^^^
  File "C:\Users\Yakub\Desktop\Polyhedral-FEA\scripts\figstyle.py", line 45, in <module>
    import numpy as np
ModuleNotFoundError: No module named 'numpy'
FAIL bench\campaigns\advisor-batch-3-s0\runs\cfg-1a7537a4\l_bracket_s0_c1\t0\mesh.vtu: Could not find platform independent libraries <prefix>
Traceback (most recent call last):
  File "C:\Users\Yakub\Desktop\Polyhedral-FEA\scripts\vtu_wire_png.py", line 23, in <module>
    import figstyle as fs  # noqa: E402
    ^^^^^^^^^^^^^^^^^^^^^
  File "C:\Users\Yakub\Desktop\Polyhedral-FEA\scripts\figstyle.py", line 45, in <module>
    import numpy as np
ModuleNotFoundError: No module named 'numpy'
FAIL bench\campaigns\advisor-batch-3-s0\runs\cfg-1a7537a4\l_bracket_s0_c2\t0\mesh.vtu: Could not find platform independent libraries <prefix>
Traceback (most recent call last):
  File "C:\Users\Yakub\Desktop\Polyhedral-FEA\scripts\vtu_wire_png.py", line 23, in <module>
    import figstyle as fs  # noqa: E402
    ^^^^^^^^^^^^^^^^^^^^^
  File "C:\Users\Yakub\Desktop\Polyhedral-FEA\scripts\figstyle.py", line 45, in <module>
    import numpy as np
ModuleNotFoundError: No module named 'numpy'
FAIL bench\campaigns\advisor-batch-3-s0\runs\cfg-1a7537a4\l_bracket_s2_c0\t0\mesh.vtu: Could not find platform independent libraries <prefix>
Traceback (most recent call last):
  File "C:\Users\Yakub\Desktop\Polyhedral-FEA\scripts\vtu_wire_png.py", line 23, in <module>
    import figstyle as fs  # noqa: E402
    ^^^^^^^^^^^^^^^^^^^^^
  File "C:\Users\Yakub\Desktop\Polyhedral-FEA\scripts\figstyle.py", line 45, in <module>
    import numpy as np
ModuleNotFoundError: No module named 'numpy'
FAIL bench\campaigns\advisor-batch-3-s0\runs\cfg-1a7537a4\l_bracket_s2_c1\t0\mesh.vtu: Could not find platform independent libraries <prefix>
Traceback (most recent call last):
  File "C:\Users\Yakub\Desktop\Polyhedral-FEA\scripts\vtu_wire_png.py", line 23, in <module>
    import figstyle as fs  # noqa: E402
    ^^^^^^^^^^^^^^^^^^^^^
  File "C:\Users\Yakub\Desktop\Polyhedral-FEA\scripts\figstyle.py", line 45, in <module>
    import numpy as np
ModuleNotFoundError: No module named 'numpy'
FAIL bench\campaigns\advisor-batch-3-s0\runs\cfg-1a7537a4\l_bracket_s2_c2\t0\mesh.vtu: Could not find platform independent libraries <prefix>
Traceback (most recent call last):
  File "C:\Users\Yakub\Desktop\Polyhedral-FEA\scripts\vtu_wire_png.py", line 23, in <module>
    import figstyle as fs  # noqa: E402
    ^^^^^^^^^^^^^^^^^^^^^
  File "C:\Users\Yakub\Desktop\Polyhedral-FEA\scripts\figstyle.py", line 45, in <module>
    import numpy as np
ModuleNotFoundError: No module named 'numpy'
FAIL bench\campaigns\advisor-batch-3-s0\runs\cfg-1a7537a4\plate_notch_s0_c0\t0\mesh.vtu: Could not find platform independent libraries <prefix>
Traceback (most recent call last):
  File "C:\Users\Yakub\Desktop\Polyhedral-FEA\scripts\vtu_wire_png.py", line 23, in <module>
    import figstyle as fs  # noqa: E402
    ^^^^^^^^^^^^^^^^^^^^^
  File "C:\Users\Yakub\Desktop\Polyhedral-FEA\scripts\figstyle.py", line 45, in <module>
    import numpy as np
ModuleNotFoundError: No module named 'numpy'
FAIL bench\campaigns\advisor-batch-3-s0\runs\cfg-1a7537a4\plate_notch_s0_c1\t0\mesh.vtu: Could not find platform independent libraries <prefix>
Traceback (most recent call last):
  File "C:\Users\Yakub\Desktop\Polyhedral-FEA\scripts\vtu_wire_png.py", line 23, in <module>
    import figstyle as fs  # noqa: E402
    ^^^^^^^^^^^^^^^^^^^^^
  File "C:\Users\Yakub\Desktop\Polyhedral-FEA\scripts\figstyle.py", line 45, in <module>
    import numpy as np
ModuleNotFoundError: No module named 'numpy'
FAIL bench\campaigns\advisor-batch-3-s0\runs\cfg-1a7537a4\plate_notch_s0_c2\t0\mesh.vtu: Could not find platform independent libraries <prefix>
Traceback (most recent call last):
  File "C:\Users\Yakub\Desktop\Polyhedral-FEA\scripts\vtu_wire_png.py", line 23, in <module>
    import figstyle as fs  # noqa: E402
    ^^^^^^^^^^^^^^^^^^^^^
  File "C:\Users\Yakub\Desktop\Polyhedral-FEA\scripts\figstyle.py", line 45, in <module>
    import numpy as np
ModuleNotFoundError: No module named 'numpy'
FAIL bench\campaigns\advisor-batch-3-s0\runs\cfg-1a7537a4\plate_notch_s2_c0\t0\mesh.vtu: Could not find platform independent libraries <prefix>
Traceback (most recent call last):
  File "C:\Users\Yakub\Desktop\Polyhedral-FEA\scripts\vtu_wire_png.py", line 23, in <module>
    import figstyle as fs  # noqa: E402
    ^^^^^^^^^^^^^^^^^^^^^
  File "C:\Users\Yakub\Desktop\Polyhedral-FEA\scripts\figstyle.py", line 45, in <module>
    import numpy as np
ModuleNotFoundError: No module named 'numpy'
FAIL bench\campaigns\advisor-batch-3-s0\runs\cfg-1a7537a4\plate_notch_s2_c1\t0\mesh.vtu: Could not find platform independent libraries <prefix>
Traceback (most recent call last):
  File "C:\Users\Yakub\Desktop\Polyhedral-FEA\scripts\vtu_wire_png.py", line 23, in <module>
    import figstyle as fs  # noqa: E402
    ^^^^^^^^^^^^^^^^^^^^^
  File "C:\Users\Yakub\Desktop\Polyhedral-FEA\scripts\figstyle.py", line 45, in <module>
    import numpy as np
ModuleNotFoundError: No module named 'numpy'
FAIL bench\campaigns\advisor-batch-3-s0\runs\cfg-1a7537a4\plate_notch_s2_c2\t0\mesh.vtu: Could not find platform independent libraries <prefix>
Traceback (most recent call last):
  File "C:\Users\Yakub\Desktop\Polyhedral-FEA\scripts\vtu_wire_png.py", line 23, in <module>
    import figstyle as fs  # noqa: E402
    ^^^^^^^^^^^^^^^^^^^^^
  File "C:\Users\Yakub\Desktop\Polyhedral-FEA\scripts\figstyle.py", line 45, in <module>
    import numpy as np
ModuleNotFoundError: No module named 'numpy'
FAIL bench\campaigns\advisor-batch-3-s0\runs\cfg-1a7537a4\sphere_box_s0_c0\t0\mesh.vtu: Could not find platform independent libraries <prefix>
Traceback (most recent call last):
  File "C:\Users\Yakub\Desktop\Polyhedral-FEA\scripts\vtu_wire_png.py", line 23, in <module>
    import figstyle as fs  # noqa: E402
    ^^^^^^^^^^^^^^^^^^^^^
  File "C:\Users\Yakub\Desktop\Polyhedral-FEA\scripts\figstyle.py", line 45, in <module>
    import numpy as np
ModuleNotFoundError: No module named 'numpy'
FAIL bench\campaigns\advisor-batch-3-s0\runs\cfg-1a7537a4\sphere_box_s0_c1\t0\mesh.vtu: Could not find platform independent libraries <prefix>
Traceback (most recent call last):
  File "C:\Users\Yakub\Desktop\Polyhedral-FEA\scripts\vtu_wire_png.py", line 23, in <module>
    import figstyle as fs  # noqa: E402
    ^^^^^^^^^^^^^^^^^^^^^
  File "C:\Users\Yakub\Desktop\Polyhedral-FEA\scripts\figstyle.py", line 45, in <module>
    import numpy as np
ModuleNotFoundError: No module named 'numpy'
FAIL bench\campaigns\advisor-batch-3-s0\runs\cfg-1a7537a4\sphere_box_s0_c2\t0\mesh.vtu: Could not find platform independent libraries <prefix>
Traceback (most recent call last):
  File "C:\Users\Yakub\Desktop\Polyhedral-FEA\scripts\vtu_wire_png.py", line 23, in <module>
    import figstyle as fs  # noqa: E402
    ^^^^^^^^^^^^^^^^^^^^^
  File "C:\Users\Yakub\Desktop\Polyhedral-FEA\scripts\figstyle.py", line 45, in <module>
    import numpy as np
ModuleNotFoundError: No module named 'numpy'
FAIL bench\campaigns\advisor-batch-3-s0\runs\cfg-1a7537a4\sphere_box_s2_c0\t0\mesh.vtu: Could not find platform independent libraries <prefix>
Traceback (most recent call last):
  File "C:\Users\Yakub\Desktop\Polyhedral-FEA\scripts\vtu_wire_png.py", line 23, in <module>
    import figstyle as fs  # noqa: E402
    ^^^^^^^^^^^^^^^^^^^^^
  File "C:\Users\Yakub\Desktop\Polyhedral-FEA\scripts\figstyle.py", line 45, in <module>
    import numpy as np
ModuleNotFoundError: No module named 'numpy'
FAIL bench\campaigns\advisor-batch-3-s0\runs\cfg-1a7537a4\sphere_box_s2_c1\t0\mesh.vtu: Could not find platform independent libraries <prefix>
Traceback (most recent call last):
  File "C:\Users\Yakub\Desktop\Polyhedral-FEA\scripts\vtu_wire_png.py", line 23, in <module>
    import figstyle as fs  # noqa: E402
    ^^^^^^^^^^^^^^^^^^^^^
  File "C:\Users\Yakub\Desktop\Polyhedral-FEA\scripts\figstyle.py", line 45, in <module>
    import numpy as np
ModuleNotFoundError: No module named 'numpy'
FAIL bench\campaigns\advisor-batch-3-s0\runs\cfg-1a7537a4\sphere_box_s2_c2\t0\mesh.vtu: Could not find platform independent libraries <prefix>
Traceback (most recent call last):
  File "C:\Users\Yakub\Desktop\Polyhedral-FEA\scripts\vtu_wire_png.py", line 23, in <module>
    import figstyle as fs  # noqa: E402
    ^^^^^^^^^^^^^^^^^^^^^
  File "C:\Users\Yakub\Desktop\Polyhedral-FEA\scripts\figstyle.py", line 45, in <module>
    import numpy as np
ModuleNotFoundError: No module named 'numpy'
FAIL bench\campaigns\advisor-batch-3-s0\runs\cfg-c20a413d\box_hole_s0_c0\t0\mesh.vtu: Could not find platform independent libraries <prefix>
Traceback (most recent call last):
  File "C:\Users\Yakub\Desktop\Polyhedral-FEA\scripts\vtu_wire_png.py", line 23, in <module>
    import figstyle as fs  # noqa: E402
    ^^^^^^^^^^^^^^^^^^^^^
  File "C:\Users\Yakub\Desktop\Polyhedral-FEA\scripts\figstyle.py", line 45, in <module>
    import numpy as np
ModuleNotFoundError: No module named 'numpy'
FAIL bench\campaigns\advisor-batch-3-s0\runs\cfg-c20a413d\box_hole_s0_c1\t0\mesh.vtu: Could not find platform independent libraries <prefix>
Traceback (most recent call last):
  File "C:\Users\Yakub\Desktop\Polyhedral-FEA\scripts\vtu_wire_png.py", line 23, in <module>
    import figstyle as fs  # noqa: E402
    ^^^^^^^^^^^^^^^^^^^^^
  File "C:\Users\Yakub\Desktop\Polyhedral-FEA\scripts\figstyle.py", line 45, in <module>
    import numpy as np
ModuleNotFoundError: No module named 'numpy'
FAIL bench\campaigns\advisor-batch-3-s0\runs\cfg-c20a413d\box_hole_s0_c2\t0\mesh.vtu: Could not find platform independent libraries <prefix>
Traceback (most recent call last):
  File "C:\Users\Yakub\Desktop\Polyhedral-FEA\scripts\vtu_wire_png.py", line 23, in <module>
    import figstyle as fs  # noqa: E402
    ^^^^^^^^^^^^^^^^^^^^^
  File "C:\Users\Yakub\Desktop\Polyhedral-FEA\scripts\figstyle.py", line 45, in <module>
    import numpy as np
ModuleNotFoundError: No module named 'numpy'
FAIL bench\campaigns\advisor-batch-3-s0\runs\cfg-c20a413d\channel_s0_c0\t0\mesh.vtu: Could not find platform independent libraries <prefix>
Traceback (most recent call last):
  File "C:\Users\Yakub\Desktop\Polyhedral-FEA\scripts\vtu_wire_png.py", line 23, in <module>
    import figstyle as fs  # noqa: E402
    ^^^^^^^^^^^^^^^^^^^^^
  File "C:\Users\Yakub\Desktop\Polyhedral-FEA\scripts\figstyle.py", line 45, in <module>
    import numpy as np
ModuleNotFoundError: No module named 'numpy'
FAIL bench\campaigns\advisor-batch-3-s0\runs\cfg-c20a413d\channel_s0_c1\t0\mesh.vtu: Could not find platform independent libraries <prefix>
Traceback (most recent call last):
  File "C:\Users\Yakub\Desktop\Polyhedral-FEA\scripts\vtu_wire_png.py", line 23, in <module>
    import figstyle as fs  # noqa: E402
    ^^^^^^^^^^^^^^^^^^^^^
  File "C:\Users\Yakub\Desktop\Polyhedral-FEA\scripts\figstyle.py", line 45, in <module>
    import numpy as np
ModuleNotFoundError: No module named 'numpy'
FAIL bench\campaigns\advisor-batch-3-s0\runs\cfg-c20a413d\channel_s0_c2\t0\mesh.vtu: Could not find platform independent libraries <prefix>
Traceback (most recent call last):
  File "C:\Users\Yakub\Desktop\Polyhedral-FEA\scripts\vtu_wire_png.py", line 23, in <module>
    import figstyle as fs  # noqa: E402
    ^^^^^^^^^^^^^^^^^^^^^
  File "C:\Users\Yakub\Desktop\Polyhedral-FEA\scripts\figstyle.py", line 45, in <module>
    import numpy as np
ModuleNotFoundError: No module named 'numpy'
FAIL bench\campaigns\advisor-batch-3-s0\runs\cfg-c20a413d\l_bracket_s0_c0\t0\mesh.vtu: Could not find platform independent libraries <prefix>
Traceback (most recent call last):
  File "C:\Users\Yakub\Desktop\Polyhedral-FEA\scripts\vtu_wire_png.py", line 23, in <module>
    import figstyle as fs  # noqa: E402
    ^^^^^^^^^^^^^^^^^^^^^
  File "C:\Users\Yakub\Desktop\Polyhedral-FEA\scripts\figstyle.py", line 45, in <module>
    import numpy as np
ModuleNotFoundError: No module named 'numpy'
FAIL bench\campaigns\advisor-batch-3-s0\runs\cfg-c20a413d\l_bracket_s0_c1\t0\mesh.vtu: Could not find platform independent libraries <prefix>
Traceback (most recent call last):
  File "C:\Users\Yakub\Desktop\Polyhedral-FEA\scripts\vtu_wire_png.py", line 23, in <module>
    import figstyle as fs  # noqa: E402
    ^^^^^^^^^^^^^^^^^^^^^
  File "C:\Users\Yakub\Desktop\Polyhedral-FEA\scripts\figstyle.py", line 45, in <module>
    import numpy as np
ModuleNotFoundError: No module named 'numpy'
FAIL bench\campaigns\advisor-batch-3-s0\runs\cfg-c20a413d\l_bracket_s0_c2\t0\mesh.vtu: Could not find platform independent libraries <prefix>
Traceback (most recent call last):
  File "C:\Users\Yakub\Desktop\Polyhedral-FEA\scripts\vtu_wire_png.py", line 23, in <module>
    import figstyle as fs  # noqa: E402
    ^^^^^^^^^^^^^^^^^^^^^
  File "C:\Users\Yakub\Desktop\Polyhedral-FEA\scripts\figstyle.py", line 45, in <module>
    import numpy as np
ModuleNotFoundError: No module named 'numpy'
FAIL bench\campaigns\advisor-batch-3-s0\runs\cfg-c20a413d\l_bracket_s2_c0\t0\mesh.vtu: Could not find platform independent libraries <prefix>
Traceback (most recent call last):
  File "C:\Users\Yakub\Desktop\Polyhedral-FEA\scripts\vtu_wire_png.py", line 23, in <module>
    import figstyle as fs  # noqa: E402
    ^^^^^^^^^^^^^^^^^^^^^
  File "C:\Users\Yakub\Desktop\Polyhedral-FEA\scripts\figstyle.py", line 45, in <module>
    import numpy as np
ModuleNotFoundError: No module named 'numpy'
FAIL bench\campaigns\advisor-batch-3-s0\runs\cfg-c20a413d\l_bracket_s2_c1\t0\mesh.vtu: Could not find platform independent libraries <prefix>
Traceback (most recent call last):
  File "C:\Users\Yakub\Desktop\Polyhedral-FEA\scripts\vtu_wire_png.py", line 23, in <module>
    import figstyle as fs  # noqa: E402
    ^^^^^^^^^^^^^^^^^^^^^
  File "C:\Users\Yakub\Desktop\Polyhedral-FEA\scripts\figstyle.py", line 45, in <module>
    import numpy as np
ModuleNotFoundError: No module named 'numpy'
FAIL bench\campaigns\advisor-batch-3-s0\runs\cfg-c20a413d\l_bracket_s2_c2\t0\mesh.vtu: Could not find platform independent libraries <prefix>
Traceback (most recent call last):
  File "C:\Users\Yakub\Desktop\Polyhedral-FEA\scripts\vtu_wire_png.py", line 23, in <module>
    import figstyle as fs  # noqa: E402
    ^^^^^^^^^^^^^^^^^^^^^
  File "C:\Users\Yakub\Desktop\Polyhedral-FEA\scripts\figstyle.py", line 45, in <module>
    import numpy as np
ModuleNotFoundError: No module named 'numpy'
FAIL bench\campaigns\advisor-batch-3-s0\runs\cfg-c20a413d\plate_notch_s0_c0\t0\mesh.vtu: Could not find platform independent libraries <prefix>
Traceback (most recent call last):
  File "C:\Users\Yakub\Desktop\Polyhedral-FEA\scripts\vtu_wire_png.py", line 23, in <module>
    import figstyle as fs  # noqa: E402
    ^^^^^^^^^^^^^^^^^^^^^
  File "C:\Users\Yakub\Desktop\Polyhedral-FEA\scripts\figstyle.py", line 45, in <module>
    import numpy as np
ModuleNotFoundError: No module named 'numpy'
FAIL bench\campaigns\advisor-batch-3-s0\runs\cfg-c20a413d\plate_notch_s0_c1\t0\mesh.vtu: Could not find platform independent libraries <prefix>
Traceback (most recent call last):
  File "C:\Users\Yakub\Desktop\Polyhedral-FEA\scripts\vtu_wire_png.py", line 23, in <module>
    import figstyle as fs  # noqa: E402
    ^^^^^^^^^^^^^^^^^^^^^
  File "C:\Users\Yakub\Desktop\Polyhedral-FEA\scripts\figstyle.py", line 45, in <module>
    import numpy as np
ModuleNotFoundError: No module named 'numpy'
FAIL bench\campaigns\advisor-batch-3-s0\runs\cfg-c20a413d\plate_notch_s0_c2\t0\mesh.vtu: Could not find platform independent libraries <prefix>
Traceback (most recent call last):
  File "C:\Users\Yakub\Desktop\Polyhedral-FEA\scripts\vtu_wire_png.py", line 23, in <module>
    import figstyle as fs  # noqa: E402
    ^^^^^^^^^^^^^^^^^^^^^
  File "C:\Users\Yakub\Desktop\Polyhedral-FEA\scripts\figstyle.py", line 45, in <module>
    import numpy as np
ModuleNotFoundError: No module named 'numpy'
FAIL bench\campaigns\advisor-batch-3-s0\runs\cfg-c20a413d\plate_notch_s2_c0\t0\mesh.vtu: Could not find platform independent libraries <prefix>
Traceback (most recent call last):
  File "C:\Users\Yakub\Desktop\Polyhedral-FEA\scripts\vtu_wire_png.py", line 23, in <module>
    import figstyle as fs  # noqa: E402
    ^^^^^^^^^^^^^^^^^^^^^
  File "C:\Users\Yakub\Desktop\Polyhedral-FEA\scripts\figstyle.py", line 45, in <module>
    import numpy as np
ModuleNotFoundError: No module named 'numpy'
FAIL bench\campaigns\advisor-batch-3-s0\runs\cfg-c20a413d\plate_notch_s2_c1\t0\mesh.vtu: Could not find platform independent libraries <prefix>
Traceback (most recent call last):
  File "C:\Users\Yakub\Desktop\Polyhedral-FEA\scripts\vtu_wire_png.py", line 23, in <module>
    import figstyle as fs  # noqa: E402
    ^^^^^^^^^^^^^^^^^^^^^
  File "C:\Users\Yakub\Desktop\Polyhedral-FEA\scripts\figstyle.py", line 45, in <module>
    import numpy as np
ModuleNotFoundError: No module named 'numpy'
FAIL bench\campaigns\advisor-batch-3-s0\runs\cfg-c20a413d\plate_notch_s2_c2\t0\mesh.vtu: Could not find platform independent libraries <prefix>
Traceback (most recent call last):
  File "C:\Users\Yakub\Desktop\Polyhedral-FEA\scripts\vtu_wire_png.py", line 23, in <module>
    import figstyle as fs  # noqa: E402
    ^^^^^^^^^^^^^^^^^^^^^
  File "C:\Users\Yakub\Desktop\Polyhedral-FEA\scripts\figstyle.py", line 45, in <module>
    import numpy as np
ModuleNotFoundError: No module named 'numpy'
FAIL bench\campaigns\advisor-batch-3-s0\runs\cfg-c20a413d\sphere_box_s0_c0\t0\mesh.vtu: Could not find platform independent libraries <prefix>
Traceback (most recent call last):
  File "C:\Users\Yakub\Desktop\Polyhedral-FEA\scripts\vtu_wire_png.py", line 23, in <module>
    import figstyle as fs  # noqa: E402
    ^^^^^^^^^^^^^^^^^^^^^
  File "C:\Users\Yakub\Desktop\Polyhedral-FEA\scripts\figstyle.py", line 45, in <module>
    import numpy as np
ModuleNotFoundError: No module named 'numpy'
FAIL bench\campaigns\advisor-batch-3-s0\runs\cfg-c20a413d\sphere_box_s0_c1\t0\mesh.vtu: Could not find platform independent libraries <prefix>
Traceback (most recent call last):
  File "C:\Users\Yakub\Desktop\Polyhedral-FEA\scripts\vtu_wire_png.py", line 23, in <module>
    import figstyle as fs  # noqa: E402
    ^^^^^^^^^^^^^^^^^^^^^
  File "C:\Users\Yakub\Desktop\Polyhedral-FEA\scripts\figstyle.py", line 45, in <module>
    import numpy as np
ModuleNotFoundError: No module named 'numpy'
FAIL bench\campaigns\advisor-batch-3-s0\runs\cfg-c20a413d\sphere_box_s0_c2\t0\mesh.vtu: Could not find platform independent libraries <prefix>
Traceback (most recent call last):
  File "C:\Users\Yakub\Desktop\Polyhedral-FEA\scripts\vtu_wire_png.py", line 23, in <module>
    import figstyle as fs  # noqa: E402
    ^^^^^^^^^^^^^^^^^^^^^
  File "C:\Users\Yakub\Desktop\Polyhedral-FEA\scripts\figstyle.py", line 45, in <module>
    import numpy as np
ModuleNotFoundError: No module named 'numpy'
FAIL bench\campaigns\advisor-batch-3-s0\runs\cfg-c20a413d\sphere_box_s2_c0\t0\mesh.vtu: Could not find platform independent libraries <prefix>
Traceback (most recent call last):
  File "C:\Users\Yakub\Desktop\Polyhedral-FEA\scripts\vtu_wire_png.py", line 23, in <module>
    import figstyle as fs  # noqa: E402
    ^^^^^^^^^^^^^^^^^^^^^
  File "C:\Users\Yakub\Desktop\Polyhedral-FEA\scripts\figstyle.py", line 45, in <module>
    import numpy as np
ModuleNotFoundError: No module named 'numpy'
FAIL bench\campaigns\advisor-batch-3-s0\runs\cfg-c20a413d\sphere_box_s2_c1\t0\mesh.vtu: Could not find platform independent libraries <prefix>
Traceback (most recent call last):
  File "C:\Users\Yakub\Desktop\Polyhedral-FEA\scripts\vtu_wire_png.py", line 23, in <module>
    import figstyle as fs  # noqa: E402
    ^^^^^^^^^^^^^^^^^^^^^
  File "C:\Users\Yakub\Desktop\Polyhedral-FEA\scripts\figstyle.py", line 45, in <module>
    import numpy as np
ModuleNotFoundError: No module named 'numpy'
FAIL bench\campaigns\advisor-batch-3-s0\runs\cfg-c20a413d\sphere_box_s2_c2\t0\mesh.vtu: Could not find platform independent libraries <prefix>
Traceback (most recent call last):
  File "C:\Users\Yakub\Desktop\Polyhedral-FEA\scripts\vtu_wire_png.py", line 23, in <module>
    import figstyle as fs  # noqa: E402
    ^^^^^^^^^^^^^^^^^^^^^
  File "C:\Users\Yakub\Desktop\Polyhedral-FEA\scripts\figstyle.py", line 45, in <module>
    import numpy as np
ModuleNotFoundError: No module named 'numpy'
FAIL bench\campaigns\advisor-batch-3-s0\runs\cfg-e15462bb\box_hole_s0_c0\t0\mesh.vtu: Could not find platform independent libraries <prefix>
Traceback (most recent call last):
  File "C:\Users\Yakub\Desktop\Polyhedral-FEA\scripts\vtu_wire_png.py", line 23, in <module>
    import figstyle as fs  # noqa: E402
    ^^^^^^^^^^^^^^^^^^^^^
  File "C:\Users\Yakub\Desktop\Polyhedral-FEA\scripts\figstyle.py", line 45, in <module>
    import numpy as np
ModuleNotFoundError: No module named 'numpy'
FAIL bench\campaigns\advisor-batch-3-s0\runs\cfg-e15462bb\box_hole_s0_c1\t0\mesh.vtu: Could not find platform independent libraries <prefix>
Traceback (most recent call last):
  File "C:\Users\Yakub\Desktop\Polyhedral-FEA\scripts\vtu_wire_png.py", line 23, in <module>
    import figstyle as fs  # noqa: E402
    ^^^^^^^^^^^^^^^^^^^^^
  File "C:\Users\Yakub\Desktop\Polyhedral-FEA\scripts\figstyle.py", line 45, in <module>
    import numpy as np
ModuleNotFoundError: No module named 'numpy'
FAIL bench\campaigns\advisor-batch-3-s0\runs\cfg-e15462bb\box_hole_s0_c2\t0\mesh.vtu: Could not find platform independent libraries <prefix>
Traceback (most recent call last):
  File "C:\Users\Yakub\Desktop\Polyhedral-FEA\scripts\vtu_wire_png.py", line 23, in <module>
    import figstyle as fs  # noqa: E402
    ^^^^^^^^^^^^^^^^^^^^^
  File "C:\Users\Yakub\Desktop\Polyhedral-FEA\scripts\figstyle.py", line 45, in <module>
    import numpy as np
ModuleNotFoundError: No module named 'numpy'
FAIL bench\campaigns\advisor-batch-3-s0\runs\cfg-e15462bb\channel_s0_c0\t0\mesh.vtu: Could not find platform independent libraries <prefix>
Traceback (most recent call last):
  File "C:\Users\Yakub\Desktop\Polyhedral-FEA\scripts\vtu_wire_png.py", line 23, in <module>
    import figstyle as fs  # noqa: E402
    ^^^^^^^^^^^^^^^^^^^^^
  File "C:\Users\Yakub\Desktop\Polyhedral-FEA\scripts\figstyle.py", line 45, in <module>
    import numpy as np
ModuleNotFoundError: No module named 'numpy'
FAIL bench\campaigns\advisor-batch-3-s0\runs\cfg-e15462bb\channel_s0_c1\t0\mesh.vtu: Could not find platform independent libraries <prefix>
Traceback (most recent call last):
  File "C:\Users\Yakub\Desktop\Polyhedral-FEA\scripts\vtu_wire_png.py", line 23, in <module>
    import figstyle as fs  # noqa: E402
    ^^^^^^^^^^^^^^^^^^^^^
  File "C:\Users\Yakub\Desktop\Polyhedral-FEA\scripts\figstyle.py", line 45, in <module>
    import numpy as np
ModuleNotFoundError: No module named 'numpy'
FAIL bench\campaigns\advisor-batch-3-s0\runs\cfg-e15462bb\channel_s0_c2\t0\mesh.vtu: Could not find platform independent libraries <prefix>
Traceback (most recent call last):
  File "C:\Users\Yakub\Desktop\Polyhedral-FEA\scripts\vtu_wire_png.py", line 23, in <module>
    import figstyle as fs  # noqa: E402
    ^^^^^^^^^^^^^^^^^^^^^
  File "C:\Users\Yakub\Desktop\Polyhedral-FEA\scripts\figstyle.py", line 45, in <module>
    import numpy as np
ModuleNotFoundError: No module named 'numpy'
FAIL bench\campaigns\advisor-batch-3-s0\runs\cfg-e15462bb\l_bracket_s0_c0\t0\mesh.vtu: Could not find platform independent libraries <prefix>
Traceback (most recent call last):
  File "C:\Users\Yakub\Desktop\Polyhedral-FEA\scripts\vtu_wire_png.py", line 23, in <module>
    import figstyle as fs  # noqa: E402
    ^^^^^^^^^^^^^^^^^^^^^
  File "C:\Users\Yakub\Desktop\Polyhedral-FEA\scripts\figstyle.py", line 45, in <module>
    import numpy as np
ModuleNotFoundError: No module named 'numpy'
FAIL bench\campaigns\advisor-batch-3-s0\runs\cfg-e15462bb\l_bracket_s0_c1\t0\mesh.vtu: Could not find platform independent libraries <prefix>
Traceback (most recent call last):
  File "C:\Users\Yakub\Desktop\Polyhedral-FEA\scripts\vtu_wire_png.py", line 23, in <module>
    import figstyle as fs  # noqa: E402
    ^^^^^^^^^^^^^^^^^^^^^
  File "C:\Users\Yakub\Desktop\Polyhedral-FEA\scripts\figstyle.py", line 45, in <module>
    import numpy as np
ModuleNotFoundError: No module named 'numpy'
FAIL bench\campaigns\advisor-batch-3-s0\runs\cfg-e15462bb\l_bracket_s0_c2\t0\mesh.vtu: Could not find platform independent libraries <prefix>
Traceback (most recent call last):
  File "C:\Users\Yakub\Desktop\Polyhedral-FEA\scripts\vtu_wire_png.py", line 23, in <module>
    import figstyle as fs  # noqa: E402
    ^^^^^^^^^^^^^^^^^^^^^
  File "C:\Users\Yakub\Desktop\Polyhedral-FEA\scripts\figstyle.py", line 45, in <module>
    import numpy as np
ModuleNotFoundError: No module named 'numpy'
FAIL bench\campaigns\advisor-batch-3-s0\runs\cfg-e15462bb\l_bracket_s2_c0\t0\mesh.vtu: Could not find platform independent libraries <prefix>
Traceback (most recent call last):
  File "C:\Users\Yakub\Desktop\Polyhedral-FEA\scripts\vtu_wire_png.py", line 23, in <module>
    import figstyle as fs  # noqa: E402
    ^^^^^^^^^^^^^^^^^^^^^
  File "C:\Users\Yakub\Desktop\Polyhedral-FEA\scripts\figstyle.py", line 45, in <module>
    import numpy as np
ModuleNotFoundError: No module named 'numpy'
FAIL bench\campaigns\advisor-batch-3-s0\runs\cfg-e15462bb\l_bracket_s2_c1\t0\mesh.vtu: Could not find platform independent libraries <prefix>
Traceback (most recent call last):
  File "C:\Users\Yakub\Desktop\Polyhedral-FEA\scripts\vtu_wire_png.py", line 23, in <module>
    import figstyle as fs  # noqa: E402
    ^^^^^^^^^^^^^^^^^^^^^
  File "C:\Users\Yakub\Desktop\Polyhedral-FEA\scripts\figstyle.py", line 45, in <module>
    import numpy as np
ModuleNotFoundError: No module named 'numpy'
FAIL bench\campaigns\advisor-batch-3-s0\runs\cfg-e15462bb\l_bracket_s2_c2\t0\mesh.vtu: Could not find platform independent libraries <prefix>
Traceback (most recent call last):
  File "C:\Users\Yakub\Desktop\Polyhedral-FEA\scripts\vtu_wire_png.py", line 23, in <module>
    import figstyle as fs  # noqa: E402
    ^^^^^^^^^^^^^^^^^^^^^
  File "C:\Users\Yakub\Desktop\Polyhedral-FEA\scripts\figstyle.py", line 45, in <module>
    import numpy as np
ModuleNotFoundError: No module named 'numpy'
FAIL bench\campaigns\advisor-batch-3-s0\runs\cfg-e15462bb\plate_notch_s0_c0\t0\mesh.vtu: Could not find platform independent libraries <prefix>
Traceback (most recent call last):
  File "C:\Users\Yakub\Desktop\Polyhedral-FEA\scripts\vtu_wire_png.py", line 23, in <module>
    import figstyle as fs  # noqa: E402
    ^^^^^^^^^^^^^^^^^^^^^
  File "C:\Users\Yakub\Desktop\Polyhedral-FEA\scripts\figstyle.py", line 45, in <module>
    import numpy as np
ModuleNotFoundError: No module named 'numpy'
FAIL bench\campaigns\advisor-batch-3-s0\runs\cfg-e15462bb\plate_notch_s0_c1\t0\mesh.vtu: Could not find platform independent libraries <prefix>
Traceback (most recent call last):
  File "C:\Users\Yakub\Desktop\Polyhedral-FEA\scripts\vtu_wire_png.py", line 23, in <module>
    import figstyle as fs  # noqa: E402
    ^^^^^^^^^^^^^^^^^^^^^
  File "C:\Users\Yakub\Desktop\Polyhedral-FEA\scripts\figstyle.py", line 45, in <module>
    import numpy as np
ModuleNotFoundError: No module named 'numpy'
FAIL bench\campaigns\advisor-batch-3-s0\runs\cfg-e15462bb\plate_notch_s0_c2\t0\mesh.vtu: Could not find platform independent libraries <prefix>
Traceback (most recent call last):
  File "C:\Users\Yakub\Desktop\Polyhedral-FEA\scripts\vtu_wire_png.py", line 23, in <module>
    import figstyle as fs  # noqa: E402
    ^^^^^^^^^^^^^^^^^^^^^
  File "C:\Users\Yakub\Desktop\Polyhedral-FEA\scripts\figstyle.py", line 45, in <module>
    import numpy as np
ModuleNotFoundError: No module named 'numpy'
FAIL bench\campaigns\advisor-batch-3-s0\runs\cfg-e15462bb\plate_notch_s2_c0\t0\mesh.vtu: Could not find platform independent libraries <prefix>
Traceback (most recent call last):
  File "C:\Users\Yakub\Desktop\Polyhedral-FEA\scripts\vtu_wire_png.py", line 23, in <module>
    import figstyle as fs  # noqa: E402
    ^^^^^^^^^^^^^^^^^^^^^
  File "C:\Users\Yakub\Desktop\Polyhedral-FEA\scripts\figstyle.py", line 45, in <module>
    import numpy as np
ModuleNotFoundError: No module named 'numpy'
FAIL bench\campaigns\advisor-batch-3-s0\runs\cfg-e15462bb\plate_notch_s2_c1\t0\mesh.vtu: Could not find platform independent libraries <prefix>
Traceback (most recent call last):
  File "C:\Users\Yakub\Desktop\Polyhedral-FEA\scripts\vtu_wire_png.py", line 23, in <module>
    import figstyle as fs  # noqa: E402
    ^^^^^^^^^^^^^^^^^^^^^
  File "C:\Users\Yakub\Desktop\Polyhedral-FEA\scripts\figstyle.py", line 45, in <module>
    import numpy as np
ModuleNotFoundError: No module named 'numpy'
FAIL bench\campaigns\advisor-batch-3-s0\runs\cfg-e15462bb\plate_notch_s2_c2\t0\mesh.vtu: Could not find platform independent libraries <prefix>
Traceback (most recent call last):
  File "C:\Users\Yakub\Desktop\Polyhedral-FEA\scripts\vtu_wire_png.py", line 23, in <module>
    import figstyle as fs  # noqa: E402
    ^^^^^^^^^^^^^^^^^^^^^
  File "C:\Users\Yakub\Desktop\Polyhedral-FEA\scripts\figstyle.py", line 45, in <module>
    import numpy as np
ModuleNotFoundError: No module named 'numpy'
FAIL bench\campaigns\advisor-batch-3-s0\runs\cfg-e15462bb\sphere_box_s0_c0\t0\mesh.vtu: Could not find platform independent libraries <prefix>
Traceback (most recent call last):
  File "C:\Users\Yakub\Desktop\Polyhedral-FEA\scripts\vtu_wire_png.py", line 23, in <module>
    import figstyle as fs  # noqa: E402
    ^^^^^^^^^^^^^^^^^^^^^
  File "C:\Users\Yakub\Desktop\Polyhedral-FEA\scripts\figstyle.py", line 45, in <module>
    import numpy as np
ModuleNotFoundError: No module named 'numpy'
FAIL bench\campaigns\advisor-batch-3-s0\runs\cfg-e15462bb\sphere_box_s0_c1\t0\mesh.vtu: Could not find platform independent libraries <prefix>
Traceback (most recent call last):
  File "C:\Users\Yakub\Desktop\Polyhedral-FEA\scripts\vtu_wire_png.py", line 23, in <module>
    import figstyle as fs  # noqa: E402
    ^^^^^^^^^^^^^^^^^^^^^
  File "C:\Users\Yakub\Desktop\Polyhedral-FEA\scripts\figstyle.py", line 45, in <module>
    import numpy as np
ModuleNotFoundError: No module named 'numpy'
FAIL bench\campaigns\advisor-batch-3-s0\runs\cfg-e15462bb\sphere_box_s0_c2\t0\mesh.vtu: Could not find platform independent libraries <prefix>
Traceback (most recent call last):
  File "C:\Users\Yakub\Desktop\Polyhedral-FEA\scripts\vtu_wire_png.py", line 23, in <module>
    import figstyle as fs  # noqa: E402
    ^^^^^^^^^^^^^^^^^^^^^
  File "C:\Users\Yakub\Desktop\Polyhedral-FEA\scripts\figstyle.py", line 45, in <module>
    import numpy as np
ModuleNotFoundError: No module named 'numpy'
FAIL bench\campaigns\advisor-batch-3-s0\runs\cfg-e15462bb\sphere_box_s2_c0\t0\mesh.vtu: Could not find platform independent libraries <prefix>
Traceback (most recent call last):
  File "C:\Users\Yakub\Desktop\Polyhedral-FEA\scripts\vtu_wire_png.py", line 23, in <module>
    import figstyle as fs  # noqa: E402
    ^^^^^^^^^^^^^^^^^^^^^
  File "C:\Users\Yakub\Desktop\Polyhedral-FEA\scripts\figstyle.py", line 45, in <module>
    import numpy as np
ModuleNotFoundError: No module named 'numpy'
FAIL bench\campaigns\advisor-batch-3-s0\runs\cfg-e15462bb\sphere_box_s2_c1\t0\mesh.vtu: Could not find platform independent libraries <prefix>
Traceback (most recent call last):
  File "C:\Users\Yakub\Desktop\Polyhedral-FEA\scripts\vtu_wire_png.py", line 23, in <module>
    import figstyle as fs  # noqa: E402
    ^^^^^^^^^^^^^^^^^^^^^
  File "C:\Users\Yakub\Desktop\Polyhedral-FEA\scripts\figstyle.py", line 45, in <module>
    import numpy as np
ModuleNotFoundError: No module named 'numpy'
FAIL bench\campaigns\advisor-batch-3-s0\runs\cfg-e15462bb\sphere_box_s2_c2\t0\mesh.vtu: Could not find platform independent libraries <prefix>
Traceback (most recent call last):
  File "C:\Users\Yakub\Desktop\Polyhedral-FEA\scripts\vtu_wire_png.py", line 23, in <module>
    import figstyle as fs  # noqa: E402
    ^^^^^^^^^^^^^^^^^^^^^
  File "C:\Users\Yakub\Desktop\Polyhedral-FEA\scripts\figstyle.py", line 45, in <module>
    import numpy as np
ModuleNotFoundError: No module named 'numpy'
warehouse_shots: 0 rendered, 0 skipped (exists), 96 failed (96 mesh.vtu total)
on_finish warehouse_shots exited 1
finished: 144 runs → bench/campaigns/advisor-batch-3-s0\results.jsonl
