
=== 2026-08-10T20:56:10Z OMP_NUM_THREADS=2 :: C:\Users\Yakub\Desktop\Polyhedral-FEA\build\apps\testlab\polymesh_testlab.exe resume C:\Users\Yakub\Desktop\Polyhedral-FEA\bench\campaigns\advisor-batch-1-s0
campaign advisor-batch-1-s0: 32 configs, 48 parts, 1 tiers
  max_run_wall_s=45 (override all tiers)
  max_pack_wall_s=86400
tier 0: h_scale=1 keep_frac=1 survivors=8 max_run_wall_s=45
  run cfg-5cd8ce77 part=box_hole_s0_c0 tier=0 ...
  run cfg-5cd8ce77 part=box_hole_s0_c1 tier=0 ...
  run cfg-5cd8ce77 part=box_hole_s1_c0 tier=0 ...
  run cfg-5cd8ce77 part=box_hole_s1_c1 tier=0 ...
  run cfg-5cd8ce77 part=box_hole_s2_c0 tier=0 ...
  run cfg-5cd8ce77 part=box_hole_s2_c1 tier=0 ...
  run cfg-5cd8ce77 part=box_hole_s3_c0 tier=0 ...
  run cfg-5cd8ce77 part=box_hole_s3_c1 tier=0 ...
  run cfg-5cd8ce77 part=channel_s0_c0 tier=0 ...
  run cfg-5cd8ce77 part=channel_s0_c1 tier=0 ...
  run cfg-5cd8ce77 part=channel_s1_c0 tier=0 ...
  run cfg-5cd8ce77 part=channel_s1_c1 tier=0 ...
  run cfg-5cd8ce77 part=channel_s2_c0 tier=0 ...
  run cfg-5cd8ce77 part=channel_s2_c1 tier=0 ...
  run cfg-5cd8ce77 part=channel_s3_c0 tier=0 ...
  run cfg-5cd8ce77 part=channel_s3_c1 tier=0 ...
  run cfg-5cd8ce77 part=l_bracket_s0_c0 tier=0 ...
  run cfg-5cd8ce77 part=l_bracket_s0_c1 tier=0 ...
  run cfg-5cd8ce77 part=l_bracket_s1_c0 tier=0 ...
  run cfg-5cd8ce77 part=l_bracket_s1_c1 tier=0 ...
  run cfg-5cd8ce77 part=l_bracket_s2_c0 tier=0 ...
  run cfg-5cd8ce77 part=l_bracket_s2_c1 tier=0 ...
  run cfg-5cd8ce77 part=l_bracket_s3_c0 tier=0 ...
  run cfg-5cd8ce77 part=l_bracket_s3_c1 tier=0 ...
  run cfg-5cd8ce77 part=plate_notch_s0_c0 tier=0 ...
  run cfg-5cd8ce77 part=plate_notch_s0_c1 tier=0 ...
  run cfg-5cd8ce77 part=plate_notch_s1_c0 tier=0 ...
  run cfg-5cd8ce77 part=plate_notch_s1_c1 tier=0 ...
  run cfg-5cd8ce77 part=plate_notch_s2_c0 tier=0 ...
  run cfg-5cd8ce77 part=plate_notch_s2_c1 tier=0 ...
  run cfg-5cd8ce77 part=plate_notch_s3_c0 tier=0 ...
  run cfg-5cd8ce77 part=plate_notch_s3_c1 tier=0 ...
  run cfg-5cd8ce77 part=sphere_box_s0_c0 tier=0 ...
  run cfg-5cd8ce77 part=sphere_box_s0_c1 tier=0 ...
  run cfg-5cd8ce77 part=sphere_box_s1_c0 tier=0 ...
  run cfg-5cd8ce77 part=sphere_box_s1_c1 tier=0 ...
  run cfg-5cd8ce77 part=sphere_box_s2_c0 tier=0 ...
  run cfg-5cd8ce77 part=sphere_box_s2_c1 tier=0 ...
  run cfg-5cd8ce77 part=sphere_box_s3_c0 tier=0 ...
  run cfg-5cd8ce77 part=sphere_box_s3_c1 tier=0 ...
  run cfg-5cd8ce77 part=stepped_shaft_s0_c0 tier=0 ...
  run cfg-5cd8ce77 part=stepped_shaft_s0_c1 tier=0 ...
  run cfg-5cd8ce77 part=stepped_shaft_s1_c0 tier=0 ...
  run cfg-5cd8ce77 part=stepped_shaft_s1_c1 tier=0 ...
  run cfg-5cd8ce77 part=stepped_shaft_s2_c0 tier=0 ...
  run cfg-5cd8ce77 part=stepped_shaft_s2_c1 tier=0 ...
  run cfg-5cd8ce77 part=stepped_shaft_s3_c0 tier=0 ...
  run cfg-5cd8ce77 part=stepped_shaft_s3_c1 tier=0 ...
  run cfg-6e294be8 part=box_hole_s0_c0 tier=0 ...
  run cfg-6e294be8 part=box_hole_s0_c1 tier=0 ...
  run cfg-6e294be8 part=box_hole_s1_c0 tier=0 ...
  run cfg-6e294be8 part=box_hole_s1_c1 tier=0 ...
  run cfg-6e294be8 part=box_hole_s2_c0 tier=0 ...
  run cfg-6e294be8 part=box_hole_s2_c1 tier=0 ...
  run cfg-6e294be8 part=box_hole_s3_c0 tier=0 ...
  run cfg-6e294be8 part=box_hole_s3_c1 tier=0 ...
  run cfg-6e294be8 part=channel_s0_c0 tier=0 ...
  run cfg-6e294be8 part=channel_s0_c1 tier=0 ...
  run cfg-6e294be8 part=channel_s1_c0 tier=0 ...
  run cfg-6e294be8 part=channel_s1_c1 tier=0 ...
  run cfg-6e294be8 part=channel_s2_c0 tier=0 ...
  run cfg-6e294be8 part=channel_s2_c1 tier=0 ...
  run cfg-6e294be8 part=channel_s3_c0 tier=0 ...
  run cfg-6e294be8 part=channel_s3_c1 tier=0 ...
  run cfg-6e294be8 part=l_bracket_s0_c0 tier=0 ...
  run cfg-6e294be8 part=l_bracket_s0_c1 tier=0 ...
  run cfg-6e294be8 part=l_bracket_s1_c0 tier=0 ...
  run cfg-6e294be8 part=l_bracket_s1_c1 tier=0 ...
  run cfg-6e294be8 part=l_bracket_s2_c0 tier=0 ...
  run cfg-6e294be8 part=l_bracket_s2_c1 tier=0 ...
  run cfg-6e294be8 part=l_bracket_s3_c0 tier=0 ...
  run cfg-6e294be8 part=l_bracket_s3_c1 tier=0 ...
  run cfg-6e294be8 part=plate_notch_s0_c0 tier=0 ...
  run cfg-6e294be8 part=plate_notch_s0_c1 tier=0 ...
  run cfg-6e294be8 part=plate_notch_s1_c0 tier=0 ...
  run cfg-6e294be8 part=plate_notch_s1_c1 tier=0 ...
  run cfg-6e294be8 part=plate_notch_s2_c0 tier=0 ...
  run cfg-6e294be8 part=plate_notch_s2_c1 tier=0 ...
  run cfg-6e294be8 part=plate_notch_s3_c0 tier=0 ...
  run cfg-6e294be8 part=plate_notch_s3_c1 tier=0 ...
  run cfg-6e294be8 part=sphere_box_s0_c0 tier=0 ...
  run cfg-6e294be8 part=sphere_box_s0_c1 tier=0 ...
  run cfg-6e294be8 part=sphere_box_s1_c0 tier=0 ...
  run cfg-6e294be8 part=sphere_box_s1_c1 tier=0 ...
  run cfg-6e294be8 part=sphere_box_s2_c0 tier=0 ...
  run cfg-6e294be8 part=sphere_box_s2_c1 tier=0 ...
  run cfg-6e294be8 part=sphere_box_s3_c0 tier=0 ...
  run cfg-6e294be8 part=sphere_box_s3_c1 tier=0 ...
  run cfg-6e294be8 part=stepped_shaft_s0_c0 tier=0 ...
  run cfg-6e294be8 part=stepped_shaft_s0_c1 tier=0 ...
  run cfg-6e294be8 part=stepped_shaft_s1_c0 tier=0 ...
  run cfg-6e294be8 part=stepped_shaft_s1_c1 tier=0 ...
  run cfg-6e294be8 part=stepped_shaft_s2_c0 tier=0 ...
  run cfg-6e294be8 part=stepped_shaft_s2_c1 tier=0 ...
  run cfg-6e294be8 part=stepped_shaft_s3_c0 tier=0 ...
  run cfg-6e294be8 part=stepped_shaft_s3_c1 tier=0 ...
  run cfg-242f0dfe part=box_hole_s0_c0 tier=0 ...
  run cfg-242f0dfe part=box_hole_s0_c1 tier=0 ...
  run cfg-242f0dfe part=box_hole_s1_c0 tier=0 ...
  run cfg-242f0dfe part=box_hole_s1_c1 tier=0 ...
  run cfg-242f0dfe part=box_hole_s2_c0 tier=0 ...
  run cfg-242f0dfe part=box_hole_s2_c1 tier=0 ...
  run cfg-242f0dfe part=box_hole_s3_c0 tier=0 ...
  run cfg-242f0dfe part=box_hole_s3_c1 tier=0 ...
  run cfg-242f0dfe part=channel_s0_c0 tier=0 ...
  run cfg-242f0dfe part=channel_s0_c1 tier=0 ...
  run cfg-242f0dfe part=channel_s1_c0 tier=0 ...
  run cfg-242f0dfe part=channel_s1_c1 tier=0 ...
  run cfg-242f0dfe part=channel_s2_c0 tier=0 ...
  run cfg-242f0dfe part=channel_s2_c1 tier=0 ...
  run cfg-242f0dfe part=channel_s3_c0 tier=0 ...
  run cfg-242f0dfe part=channel_s3_c1 tier=0 ...
  run cfg-242f0dfe part=l_bracket_s0_c0 tier=0 ...
  run cfg-242f0dfe part=l_bracket_s0_c1 tier=0 ...
  run cfg-242f0dfe part=l_bracket_s1_c0 tier=0 ...
  run cfg-242f0dfe part=l_bracket_s1_c1 tier=0 ...
  run cfg-242f0dfe part=l_bracket_s2_c0 tier=0 ...
  run cfg-242f0dfe part=l_bracket_s2_c1 tier=0 ...
  run cfg-242f0dfe part=l_bracket_s3_c0 tier=0 ...
  run cfg-242f0dfe part=l_bracket_s3_c1 tier=0 ...
  run cfg-242f0dfe part=plate_notch_s0_c0 tier=0 ...
  run cfg-242f0dfe part=plate_notch_s0_c1 tier=0 ...
  run cfg-242f0dfe part=plate_notch_s1_c0 tier=0 ...
  run cfg-242f0dfe part=plate_notch_s1_c1 tier=0 ...
  run cfg-242f0dfe part=plate_notch_s2_c0 tier=0 ...
  run cfg-242f0dfe part=plate_notch_s2_c1 tier=0 ...
  run cfg-242f0dfe part=plate_notch_s3_c0 tier=0 ...
  run cfg-242f0dfe part=plate_notch_s3_c1 tier=0 ...
  run cfg-242f0dfe part=sphere_box_s0_c0 tier=0 ...
  run cfg-242f0dfe part=sphere_box_s0_c1 tier=0 ...
  run cfg-242f0dfe part=sphere_box_s1_c0 tier=0 ...
  run cfg-242f0dfe part=sphere_box_s1_c1 tier=0 ...
  run cfg-242f0dfe part=sphere_box_s2_c0 tier=0 ...
  run cfg-242f0dfe part=sphere_box_s2_c1 tier=0 ...
  run cfg-242f0dfe part=sphere_box_s3_c0 tier=0 ...
  run cfg-242f0dfe part=sphere_box_s3_c1 tier=0 ...
  run cfg-242f0dfe part=stepped_shaft_s0_c0 tier=0 ...
  run cfg-242f0dfe part=stepped_shaft_s0_c1 tier=0 ...
  run cfg-242f0dfe part=stepped_shaft_s1_c0 tier=0 ...
  run cfg-242f0dfe part=stepped_shaft_s1_c1 tier=0 ...
  run cfg-242f0dfe part=stepped_shaft_s2_c0 tier=0 ...
  run cfg-242f0dfe part=stepped_shaft_s2_c1 tier=0 ...
  run cfg-242f0dfe part=stepped_shaft_s3_c0 tier=0 ...
  run cfg-242f0dfe part=stepped_shaft_s3_c1 tier=0 ...
  run cfg-f1ab37a3 part=box_hole_s0_c0 tier=0 ...
  run cfg-f1ab37a3 part=box_hole_s0_c1 tier=0 ...
  run cfg-f1ab37a3 part=box_hole_s1_c0 tier=0 ...
  run cfg-f1ab37a3 part=box_hole_s1_c1 tier=0 ...
  run cfg-f1ab37a3 part=box_hole_s2_c0 tier=0 ...
  run cfg-f1ab37a3 part=box_hole_s2_c1 tier=0 ...
  run cfg-f1ab37a3 part=box_hole_s3_c0 tier=0 ...
  run cfg-f1ab37a3 part=box_hole_s3_c1 tier=0 ...
  run cfg-f1ab37a3 part=channel_s0_c0 tier=0 ...
  run cfg-f1ab37a3 part=channel_s0_c1 tier=0 ...
  run cfg-f1ab37a3 part=channel_s1_c0 tier=0 ...
  run cfg-f1ab37a3 part=channel_s1_c1 tier=0 ...
  run cfg-f1ab37a3 part=channel_s2_c0 tier=0 ...
  run cfg-f1ab37a3 part=channel_s2_c1 tier=0 ...
  run cfg-f1ab37a3 part=channel_s3_c0 tier=0 ...
  run cfg-f1ab37a3 part=channel_s3_c1 tier=0 ...
  run cfg-f1ab37a3 part=l_bracket_s0_c0 tier=0 ...
  run cfg-f1ab37a3 part=l_bracket_s0_c1 tier=0 ...
  run cfg-f1ab37a3 part=l_bracket_s1_c0 tier=0 ...
  run cfg-f1ab37a3 part=l_bracket_s1_c1 tier=0 ...
  run cfg-f1ab37a3 part=l_bracket_s2_c0 tier=0 ...
  run cfg-f1ab37a3 part=l_bracket_s2_c1 tier=0 ...
  run cfg-f1ab37a3 part=l_bracket_s3_c0 tier=0 ...
  run cfg-f1ab37a3 part=l_bracket_s3_c1 tier=0 ...
  run cfg-f1ab37a3 part=plate_notch_s0_c0 tier=0 ...
  run cfg-f1ab37a3 part=plate_notch_s0_c1 tier=0 ...
  run cfg-f1ab37a3 part=plate_notch_s1_c0 tier=0 ...
  run cfg-f1ab37a3 part=plate_notch_s1_c1 tier=0 ...
  run cfg-f1ab37a3 part=plate_notch_s2_c0 tier=0 ...
  run cfg-f1ab37a3 part=plate_notch_s2_c1 tier=0 ...
  run cfg-f1ab37a3 part=plate_notch_s3_c0 tier=0 ...
  run cfg-f1ab37a3 part=plate_notch_s3_c1 tier=0 ...
  run cfg-f1ab37a3 part=sphere_box_s0_c0 tier=0 ...
  run cfg-f1ab37a3 part=sphere_box_s0_c1 tier=0 ...
  run cfg-f1ab37a3 part=sphere_box_s1_c0 tier=0 ...
  run cfg-f1ab37a3 part=sphere_box_s1_c1 tier=0 ...
  run cfg-f1ab37a3 part=sphere_box_s2_c0 tier=0 ...
  run cfg-f1ab37a3 part=sphere_box_s2_c1 tier=0 ...
  run cfg-f1ab37a3 part=sphere_box_s3_c0 tier=0 ...
  run cfg-f1ab37a3 part=sphere_box_s3_c1 tier=0 ...
  run cfg-f1ab37a3 part=stepped_shaft_s0_c0 tier=0 ...
  run cfg-f1ab37a3 part=stepped_shaft_s0_c1 tier=0 ...
  run cfg-f1ab37a3 part=stepped_shaft_s1_c0 tier=0 ...
  run cfg-f1ab37a3 part=stepped_shaft_s1_c1 tier=0 ...
  run cfg-f1ab37a3 part=stepped_shaft_s2_c0 tier=0 ...
  run cfg-f1ab37a3 part=stepped_shaft_s2_c1 tier=0 ...
  run cfg-f1ab37a3 part=stepped_shaft_s3_c0 tier=0 ...
  run cfg-f1ab37a3 part=stepped_shaft_s3_c1 tier=0 ...
  run cfg-bc04b23c part=box_hole_s0_c0 tier=0 ...
  run cfg-bc04b23c part=box_hole_s0_c1 tier=0 ...
  run cfg-bc04b23c part=box_hole_s1_c0 tier=0 ...
  run cfg-bc04b23c part=box_hole_s1_c1 tier=0 ...
  run cfg-bc04b23c part=box_hole_s2_c0 tier=0 ...
  run cfg-bc04b23c part=box_hole_s2_c1 tier=0 ...
  run cfg-bc04b23c part=box_hole_s3_c0 tier=0 ...
  run cfg-bc04b23c part=box_hole_s3_c1 tier=0 ...
  run cfg-bc04b23c part=channel_s0_c0 tier=0 ...
  run cfg-bc04b23c part=channel_s0_c1 tier=0 ...
  run cfg-bc04b23c part=channel_s1_c0 tier=0 ...
  run cfg-bc04b23c part=channel_s1_c1 tier=0 ...
  run cfg-bc04b23c part=channel_s2_c0 tier=0 ...
  run cfg-bc04b23c part=channel_s2_c1 tier=0 ...
  run cfg-bc04b23c part=channel_s3_c0 tier=0 ...
  run cfg-bc04b23c part=channel_s3_c1 tier=0 ...
  run cfg-bc04b23c part=l_bracket_s0_c0 tier=0 ...
  run cfg-bc04b23c part=l_bracket_s0_c1 tier=0 ...
  run cfg-bc04b23c part=l_bracket_s1_c0 tier=0 ...
  run cfg-bc04b23c part=l_bracket_s1_c1 tier=0 ...
  run cfg-bc04b23c part=l_bracket_s2_c0 tier=0 ...
  run cfg-bc04b23c part=l_bracket_s2_c1 tier=0 ...
  run cfg-bc04b23c part=l_bracket_s3_c0 tier=0 ...
  run cfg-bc04b23c part=l_bracket_s3_c1 tier=0 ...
  run cfg-bc04b23c part=plate_notch_s0_c0 tier=0 ...
  run cfg-bc04b23c part=plate_notch_s0_c1 tier=0 ...
  run cfg-bc04b23c part=plate_notch_s1_c0 tier=0 ...
  run cfg-bc04b23c part=plate_notch_s1_c1 tier=0 ...
  run cfg-bc04b23c part=plate_notch_s2_c0 tier=0 ...
  run cfg-bc04b23c part=plate_notch_s2_c1 tier=0 ...
  run cfg-bc04b23c part=plate_notch_s3_c0 tier=0 ...
  run cfg-bc04b23c part=plate_notch_s3_c1 tier=0 ...
  run cfg-bc04b23c part=sphere_box_s0_c0 tier=0 ...
  run cfg-bc04b23c part=sphere_box_s0_c1 tier=0 ...
  run cfg-bc04b23c part=sphere_box_s1_c0 tier=0 ...
  run cfg-bc04b23c part=sphere_box_s1_c1 tier=0 ...
  run cfg-bc04b23c part=sphere_box_s2_c0 tier=0 ...
  run cfg-bc04b23c part=sphere_box_s2_c1 tier=0 ...
  run cfg-bc04b23c part=sphere_box_s3_c0 tier=0 ...
  run cfg-bc04b23c part=sphere_box_s3_c1 tier=0 ...
  run cfg-bc04b23c part=stepped_shaft_s0_c0 tier=0 ...
  run cfg-bc04b23c part=stepped_shaft_s0_c1 tier=0 ...
  run cfg-bc04b23c part=stepped_shaft_s1_c0 tier=0 ...
  run cfg-bc04b23c part=stepped_shaft_s1_c1 tier=0 ...
  run cfg-bc04b23c part=stepped_shaft_s2_c0 tier=0 ...
  run cfg-bc04b23c part=stepped_shaft_s2_c1 tier=0 ...
  run cfg-bc04b23c part=stepped_shaft_s3_c0 tier=0 ...
  run cfg-bc04b23c part=stepped_shaft_s3_c1 tier=0 ...
  run cfg-0250a6b5 part=box_hole_s0_c0 tier=0 ...
  run cfg-0250a6b5 part=box_hole_s0_c1 tier=0 ...
  run cfg-0250a6b5 part=box_hole_s1_c0 tier=0 ...
  run cfg-0250a6b5 part=box_hole_s1_c1 tier=0 ...
  run cfg-0250a6b5 part=box_hole_s2_c0 tier=0 ...
  run cfg-0250a6b5 part=box_hole_s2_c1 tier=0 ...
  run cfg-0250a6b5 part=box_hole_s3_c0 tier=0 ...
  run cfg-0250a6b5 part=box_hole_s3_c1 tier=0 ...
  run cfg-0250a6b5 part=channel_s0_c0 tier=0 ...
  run cfg-0250a6b5 part=channel_s0_c1 tier=0 ...
  run cfg-0250a6b5 part=channel_s1_c0 tier=0 ...
  run cfg-0250a6b5 part=channel_s1_c1 tier=0 ...
  run cfg-0250a6b5 part=channel_s2_c0 tier=0 ...
  run cfg-0250a6b5 part=channel_s2_c1 tier=0 ...
  run cfg-0250a6b5 part=channel_s3_c0 tier=0 ...
  run cfg-0250a6b5 part=channel_s3_c1 tier=0 ...
  run cfg-0250a6b5 part=l_bracket_s0_c0 tier=0 ...
  run cfg-0250a6b5 part=l_bracket_s0_c1 tier=0 ...
  run cfg-0250a6b5 part=l_bracket_s1_c0 tier=0 ...
  run cfg-0250a6b5 part=l_bracket_s1_c1 tier=0 ...
  run cfg-0250a6b5 part=l_bracket_s2_c0 tier=0 ...
  run cfg-0250a6b5 part=l_bracket_s2_c1 tier=0 ...
  run cfg-0250a6b5 part=l_bracket_s3_c0 tier=0 ...
  run cfg-0250a6b5 part=l_bracket_s3_c1 tier=0 ...
  run cfg-0250a6b5 part=plate_notch_s0_c0 tier=0 ...
  run cfg-0250a6b5 part=plate_notch_s0_c1 tier=0 ...
  run cfg-0250a6b5 part=plate_notch_s1_c0 tier=0 ...
  run cfg-0250a6b5 part=plate_notch_s1_c1 tier=0 ...
  run cfg-0250a6b5 part=plate_notch_s2_c0 tier=0 ...
  run cfg-0250a6b5 part=plate_notch_s2_c1 tier=0 ...
  run cfg-0250a6b5 part=plate_notch_s3_c0 tier=0 ...
  run cfg-0250a6b5 part=plate_notch_s3_c1 tier=0 ...
  run cfg-0250a6b5 part=sphere_box_s0_c0 tier=0 ...
  run cfg-0250a6b5 part=sphere_box_s0_c1 tier=0 ...
  run cfg-0250a6b5 part=sphere_box_s1_c0 tier=0 ...
  run cfg-0250a6b5 part=sphere_box_s1_c1 tier=0 ...
  run cfg-0250a6b5 part=sphere_box_s2_c0 tier=0 ...
  run cfg-0250a6b5 part=sphere_box_s2_c1 tier=0 ...
  run cfg-0250a6b5 part=sphere_box_s3_c0 tier=0 ...
  run cfg-0250a6b5 part=sphere_box_s3_c1 tier=0 ...
  run cfg-0250a6b5 part=stepped_shaft_s0_c0 tier=0 ...
  run cfg-0250a6b5 part=stepped_shaft_s0_c1 tier=0 ...
  run cfg-0250a6b5 part=stepped_shaft_s1_c0 tier=0 ...
  run cfg-0250a6b5 part=stepped_shaft_s1_c1 tier=0 ...
  run cfg-0250a6b5 part=stepped_shaft_s2_c0 tier=0 ...
  run cfg-0250a6b5 part=stepped_shaft_s2_c1 tier=0 ...
  run cfg-0250a6b5 part=stepped_shaft_s3_c0 tier=0 ...
  run cfg-0250a6b5 part=stepped_shaft_s3_c1 tier=0 ...
  run cfg-03d7a4c3 part=box_hole_s0_c0 tier=0 ...
  run cfg-03d7a4c3 part=box_hole_s0_c1 tier=0 ...
  run cfg-03d7a4c3 part=box_hole_s1_c0 tier=0 ...
  run cfg-03d7a4c3 part=box_hole_s1_c1 tier=0 ...
  run cfg-03d7a4c3 part=box_hole_s2_c0 tier=0 ...
  run cfg-03d7a4c3 part=box_hole_s2_c1 tier=0 ...
  run cfg-03d7a4c3 part=box_hole_s3_c0 tier=0 ...
  run cfg-03d7a4c3 part=box_hole_s3_c1 tier=0 ...
  run cfg-03d7a4c3 part=channel_s0_c0 tier=0 ...
  run cfg-03d7a4c3 part=channel_s0_c1 tier=0 ...
  run cfg-03d7a4c3 part=channel_s1_c0 tier=0 ...
  run cfg-03d7a4c3 part=channel_s1_c1 tier=0 ...
  run cfg-03d7a4c3 part=channel_s2_c0 tier=0 ...
  run cfg-03d7a4c3 part=channel_s2_c1 tier=0 ...
  run cfg-03d7a4c3 part=channel_s3_c0 tier=0 ...
  run cfg-03d7a4c3 part=channel_s3_c1 tier=0 ...
  run cfg-03d7a4c3 part=l_bracket_s0_c0 tier=0 ...
  run cfg-03d7a4c3 part=l_bracket_s0_c1 tier=0 ...
  run cfg-03d7a4c3 part=l_bracket_s1_c0 tier=0 ...
  run cfg-03d7a4c3 part=l_bracket_s1_c1 tier=0 ...
  run cfg-03d7a4c3 part=l_bracket_s2_c0 tier=0 ...
  run cfg-03d7a4c3 part=l_bracket_s2_c1 tier=0 ...
  run cfg-03d7a4c3 part=l_bracket_s3_c0 tier=0 ...
  run cfg-03d7a4c3 part=l_bracket_s3_c1 tier=0 ...
  run cfg-03d7a4c3 part=plate_notch_s0_c0 tier=0 ...
  run cfg-03d7a4c3 part=plate_notch_s0_c1 tier=0 ...
  run cfg-03d7a4c3 part=plate_notch_s1_c0 tier=0 ...
  run cfg-03d7a4c3 part=plate_notch_s1_c1 tier=0 ...
  run cfg-03d7a4c3 part=plate_notch_s2_c0 tier=0 ...
  run cfg-03d7a4c3 part=plate_notch_s2_c1 tier=0 ...
  run cfg-03d7a4c3 part=plate_notch_s3_c0 tier=0 ...
  run cfg-03d7a4c3 part=plate_notch_s3_c1 tier=0 ...
  run cfg-03d7a4c3 part=sphere_box_s0_c0 tier=0 ...
  run cfg-03d7a4c3 part=sphere_box_s0_c1 tier=0 ...
  run cfg-03d7a4c3 part=sphere_box_s1_c0 tier=0 ...
  run cfg-03d7a4c3 part=sphere_box_s1_c1 tier=0 ...
  run cfg-03d7a4c3 part=sphere_box_s2_c0 tier=0 ...
  run cfg-03d7a4c3 part=sphere_box_s2_c1 tier=0 ...
  run cfg-03d7a4c3 part=sphere_box_s3_c0 tier=0 ...
  run cfg-03d7a4c3 part=sphere_box_s3_c1 tier=0 ...
  run cfg-03d7a4c3 part=stepped_shaft_s0_c0 tier=0 ...
  run cfg-03d7a4c3 part=stepped_shaft_s0_c1 tier=0 ...
  run cfg-03d7a4c3 part=stepped_shaft_s1_c0 tier=0 ...
  run cfg-03d7a4c3 part=stepped_shaft_s1_c1 tier=0 ...
  run cfg-03d7a4c3 part=stepped_shaft_s2_c0 tier=0 ...
  run cfg-03d7a4c3 part=stepped_shaft_s2_c1 tier=0 ...
  run cfg-03d7a4c3 part=stepped_shaft_s3_c0 tier=0 ...
  run cfg-03d7a4c3 part=stepped_shaft_s3_c1 tier=0 ...
  run cfg-79d3427c part=box_hole_s0_c0 tier=0 ...
  run cfg-79d3427c part=box_hole_s0_c1 tier=0 ...
  run cfg-79d3427c part=box_hole_s1_c0 tier=0 ...
  run cfg-79d3427c part=box_hole_s1_c1 tier=0 ...
  run cfg-79d3427c part=box_hole_s2_c0 tier=0 ...
  run cfg-79d3427c part=box_hole_s2_c1 tier=0 ...
  run cfg-79d3427c part=box_hole_s3_c0 tier=0 ...
  run cfg-79d3427c part=box_hole_s3_c1 tier=0 ...
  run cfg-79d3427c part=channel_s0_c0 tier=0 ...
  run cfg-79d3427c part=channel_s0_c1 tier=0 ...
  run cfg-79d3427c part=channel_s1_c0 tier=0 ...
  run cfg-79d3427c part=channel_s1_c1 tier=0 ...
  run cfg-79d3427c part=channel_s2_c0 tier=0 ...
  run cfg-79d3427c part=channel_s2_c1 tier=0 ...
  run cfg-79d3427c part=channel_s3_c0 tier=0 ...
  run cfg-79d3427c part=channel_s3_c1 tier=0 ...
  run cfg-79d3427c part=l_bracket_s0_c0 tier=0 ...
  run cfg-79d3427c part=l_bracket_s0_c1 tier=0 ...
  run cfg-79d3427c part=l_bracket_s1_c0 tier=0 ...
  run cfg-79d3427c part=l_bracket_s1_c1 tier=0 ...
  run cfg-79d3427c part=l_bracket_s2_c0 tier=0 ...
  run cfg-79d3427c part=l_bracket_s2_c1 tier=0 ...
  run cfg-79d3427c part=l_bracket_s3_c0 tier=0 ...
  run cfg-79d3427c part=l_bracket_s3_c1 tier=0 ...
  run cfg-79d3427c part=plate_notch_s0_c0 tier=0 ...
  run cfg-79d3427c part=plate_notch_s0_c1 tier=0 ...
  run cfg-79d3427c part=plate_notch_s1_c0 tier=0 ...
  run cfg-79d3427c part=plate_notch_s1_c1 tier=0 ...
  run cfg-79d3427c part=plate_notch_s2_c0 tier=0 ...
  run cfg-79d3427c part=plate_notch_s2_c1 tier=0 ...
  run cfg-79d3427c part=plate_notch_s3_c0 tier=0 ...
  run cfg-79d3427c part=plate_notch_s3_c1 tier=0 ...
  run cfg-79d3427c part=sphere_box_s0_c0 tier=0 ...
  run cfg-79d3427c part=sphere_box_s0_c1 tier=0 ...
  run cfg-79d3427c part=sphere_box_s1_c0 tier=0 ...
  run cfg-79d3427c part=sphere_box_s1_c1 tier=0 ...
  run cfg-79d3427c part=sphere_box_s2_c0 tier=0 ...
  run cfg-79d3427c part=sphere_box_s2_c1 tier=0 ...
  run cfg-79d3427c part=sphere_box_s3_c0 tier=0 ...
  run cfg-79d3427c part=sphere_box_s3_c1 tier=0 ...
  run cfg-79d3427c part=stepped_shaft_s0_c0 tier=0 ...
  run cfg-79d3427c part=stepped_shaft_s0_c1 tier=0 ...
  run cfg-79d3427c part=stepped_shaft_s1_c0 tier=0 ...
  run cfg-79d3427c part=stepped_shaft_s1_c1 tier=0 ...
  run cfg-79d3427c part=stepped_shaft_s2_c0 tier=0 ...
  run cfg-79d3427c part=stepped_shaft_s2_c1 tier=0 ...
  run cfg-79d3427c part=stepped_shaft_s3_c0 tier=0 ...
  run cfg-79d3427c part=stepped_shaft_s3_c1 tier=0 ...
Could not find platform independent libraries <prefix>
wrote bench\campaigns\advisor-batch-1-s0\runs\cfg-0250a6b5\box_hole_s0_c0\t0\wire.png
wrote bench\campaigns\advisor-batch-1-s0\runs\cfg-0250a6b5\box_hole_s0_c1\t0\wire.png
wrote bench\campaigns\advisor-batch-1-s0\runs\cfg-0250a6b5\box_hole_s1_c0\t0\wire.png
wrote bench\campaigns\advisor-batch-1-s0\runs\cfg-0250a6b5\box_hole_s1_c1\t0\wire.png
wrote bench\campaigns\advisor-batch-1-s0\runs\cfg-0250a6b5\box_hole_s2_c0\t0\wire.png
wrote bench\campaigns\advisor-batch-1-s0\runs\cfg-0250a6b5\box_hole_s2_c1\t0\wire.png
wrote bench\campaigns\advisor-batch-1-s0\runs\cfg-0250a6b5\box_hole_s3_c0\t0\wire.png
wrote bench\campaigns\advisor-batch-1-s0\runs\cfg-0250a6b5\box_hole_s3_c1\t0\wire.png
wrote bench\campaigns\advisor-batch-1-s0\runs\cfg-0250a6b5\channel_s3_c0\t0\wire.png
wrote bench\campaigns\advisor-batch-1-s0\runs\cfg-0250a6b5\channel_s3_c1\t0\wire.png
wrote bench\campaigns\advisor-batch-1-s0\runs\cfg-0250a6b5\l_bracket_s0_c0\t0\wire.png
wrote bench\campaigns\advisor-batch-1-s0\runs\cfg-0250a6b5\l_bracket_s0_c1\t0\wire.png
wrote bench\campaigns\advisor-batch-1-s0\runs\cfg-0250a6b5\l_bracket_s1_c0\t0\wire.png
wrote bench\campaigns\advisor-batch-1-s0\runs\cfg-0250a6b5\l_bracket_s1_c1\t0\wire.png
wrote bench\campaigns\advisor-batch-1-s0\runs\cfg-0250a6b5\l_bracket_s2_c0\t0\wire.png
wrote bench\campaigns\advisor-batch-1-s0\runs\cfg-0250a6b5\l_bracket_s2_c1\t0\wire.png
wrote bench\campaigns\advisor-batch-1-s0\runs\cfg-0250a6b5\l_bracket_s3_c0\t0\wire.png
wrote bench\campaigns\advisor-batch-1-s0\runs\cfg-0250a6b5\l_bracket_s3_c1\t0\wire.png
wrote bench\campaigns\advisor-batch-1-s0\runs\cfg-0250a6b5\plate_notch_s0_c0\t0\wire.png
wrote bench\campaigns\advisor-batch-1-s0\runs\cfg-0250a6b5\plate_notch_s0_c1\t0\wire.png
wrote bench\campaigns\advisor-batch-1-s0\runs\cfg-0250a6b5\plate_notch_s1_c0\t0\wire.png
wrote bench\campaigns\advisor-batch-1-s0\runs\cfg-0250a6b5\plate_notch_s1_c1\t0\wire.png
wrote bench\campaigns\advisor-batch-1-s0\runs\cfg-0250a6b5\plate_notch_s2_c0\t0\wire.png
wrote bench\campaigns\advisor-batch-1-s0\runs\cfg-0250a6b5\plate_notch_s2_c1\t0\wire.png
wrote bench\campaigns\advisor-batch-1-s0\runs\cfg-0250a6b5\plate_notch_s3_c0\t0\wire.png
wrote bench\campaigns\advisor-batch-1-s0\runs\cfg-0250a6b5\plate_notch_s3_c1\t0\wire.png
wrote bench\campaigns\advisor-batch-1-s0\runs\cfg-0250a6b5\sphere_box_s0_c0\t0\wire.png
wrote bench\campaigns\advisor-batch-1-s0\runs\cfg-0250a6b5\sphere_box_s0_c1\t0\wire.png
wrote bench\campaigns\advisor-batch-1-s0\runs\cfg-0250a6b5\sphere_box_s1_c0\t0\wire.png
wrote bench\campaigns\advisor-batch-1-s0\runs\cfg-0250a6b5\sphere_box_s1_c1\t0\wire.png
wrote bench\campaigns\advisor-batch-1-s0\runs\cfg-0250a6b5\sphere_box_s2_c0\t0\wire.png
wrote bench\campaigns\advisor-batch-1-s0\runs\cfg-0250a6b5\sphere_box_s2_c1\t0\wire.png
wrote bench\campaigns\advisor-batch-1-s0\runs\cfg-0250a6b5\sphere_box_s3_c0\t0\wire.png
wrote bench\campaigns\advisor-batch-1-s0\runs\cfg-0250a6b5\sphere_box_s3_c1\t0\wire.png
wrote bench\campaigns\advisor-batch-1-s0\runs\cfg-0250a6b5\stepped_shaft_s1_c0\t0\wire.png
wrote bench\campaigns\advisor-batch-1-s0\runs\cfg-0250a6b5\stepped_shaft_s1_c1\t0\wire.png
wrote bench\campaigns\advisor-batch-1-s0\runs\cfg-0250a6b5\stepped_shaft_s2_c1\t0\wire.png
wrote bench\campaigns\advisor-batch-1-s0\runs\cfg-03d7a4c3\box_hole_s0_c0\t0\wire.png
wrote bench\campaigns\advisor-batch-1-s0\runs\cfg-03d7a4c3\box_hole_s0_c1\t0\wire.png
wrote bench\campaigns\advisor-batch-1-s0\runs\cfg-03d7a4c3\box_hole_s1_c0\t0\wire.png
wrote bench\campaigns\advisor-batch-1-s0\runs\cfg-03d7a4c3\box_hole_s1_c1\t0\wire.png
wrote bench\campaigns\advisor-batch-1-s0\runs\cfg-03d7a4c3\box_hole_s2_c0\t0\wire.png
wrote bench\campaigns\advisor-batch-1-s0\runs\cfg-03d7a4c3\box_hole_s2_c1\t0\wire.png
wrote bench\campaigns\advisor-batch-1-s0\runs\cfg-03d7a4c3\box_hole_s3_c0\t0\wire.png
wrote bench\campaigns\advisor-batch-1-s0\runs\cfg-03d7a4c3\box_hole_s3_c1\t0\wire.png
wrote bench\campaigns\advisor-batch-1-s0\runs\cfg-03d7a4c3\plate_notch_s0_c0\t0\wire.png
wrote bench\campaigns\advisor-batch-1-s0\runs\cfg-03d7a4c3\plate_notch_s0_c1\t0\wire.png
wrote bench\campaigns\advisor-batch-1-s0\runs\cfg-03d7a4c3\plate_notch_s1_c0\t0\wire.png
wrote bench\campaigns\advisor-batch-1-s0\runs\cfg-03d7a4c3\plate_notch_s1_c1\t0\wire.png
wrote bench\campaigns\advisor-batch-1-s0\runs\cfg-03d7a4c3\plate_notch_s2_c0\t0\wire.png
wrote bench\campaigns\advisor-batch-1-s0\runs\cfg-03d7a4c3\plate_notch_s2_c1\t0\wire.png
wrote bench\campaigns\advisor-batch-1-s0\runs\cfg-03d7a4c3\plate_notch_s3_c0\t0\wire.png
wrote bench\campaigns\advisor-batch-1-s0\runs\cfg-03d7a4c3\plate_notch_s3_c1\t0\wire.png
wrote bench\campaigns\advisor-batch-1-s0\runs\cfg-03d7a4c3\sphere_box_s0_c0\t0\wire.png
wrote bench\campaigns\advisor-batch-1-s0\runs\cfg-03d7a4c3\sphere_box_s0_c1\t0\wire.png
wrote bench\campaigns\advisor-batch-1-s0\runs\cfg-03d7a4c3\sphere_box_s1_c0\t0\wire.png
wrote bench\campaigns\advisor-batch-1-s0\runs\cfg-03d7a4c3\sphere_box_s1_c1\t0\wire.png
wrote bench\campaigns\advisor-batch-1-s0\runs\cfg-03d7a4c3\sphere_box_s2_c0\t0\wire.png
wrote bench\campaigns\advisor-batch-1-s0\runs\cfg-03d7a4c3\sphere_box_s2_c1\t0\wire.png
wrote bench\campaigns\advisor-batch-1-s0\runs\cfg-03d7a4c3\sphere_box_s3_c0\t0\wire.png
wrote bench\campaigns\advisor-batch-1-s0\runs\cfg-03d7a4c3\sphere_box_s3_c1\t0\wire.png
wrote bench\campaigns\advisor-batch-1-s0\runs\cfg-03d7a4c3\stepped_shaft_s0_c0\t0\wire.png
wrote bench\campaigns\advisor-batch-1-s0\runs\cfg-03d7a4c3\stepped_shaft_s0_c1\t0\wire.png
wrote bench\campaigns\advisor-batch-1-s0\runs\cfg-03d7a4c3\stepped_shaft_s1_c0\t0\wire.png
wrote bench\campaigns\advisor-batch-1-s0\runs\cfg-03d7a4c3\stepped_shaft_s1_c1\t0\wire.png
wrote bench\campaigns\advisor-batch-1-s0\runs\cfg-03d7a4c3\stepped_shaft_s2_c0\t0\wire.png
wrote bench\campaigns\advisor-batch-1-s0\runs\cfg-03d7a4c3\stepped_shaft_s2_c1\t0\wire.png
wrote bench\campaigns\advisor-batch-1-s0\runs\cfg-03d7a4c3\stepped_shaft_s3_c0\t0\wire.png
wrote bench\campaigns\advisor-batch-1-s0\runs\cfg-03d7a4c3\stepped_shaft_s3_c1\t0\wire.png
wrote bench\campaigns\advisor-batch-1-s0\runs\cfg-242f0dfe\box_hole_s0_c0\t0\wire.png
wrote bench\campaigns\advisor-batch-1-s0\runs\cfg-242f0dfe\box_hole_s0_c1\t0\wire.png
wrote bench\campaigns\advisor-batch-1-s0\runs\cfg-242f0dfe\box_hole_s1_c0\t0\wire.png
wrote bench\campaigns\advisor-batch-1-s0\runs\cfg-242f0dfe\box_hole_s1_c1\t0\wire.png
wrote bench\campaigns\advisor-batch-1-s0\runs\cfg-242f0dfe\box_hole_s2_c0\t0\wire.png
wrote bench\campaigns\advisor-batch-1-s0\runs\cfg-242f0dfe\box_hole_s2_c1\t0\wire.png
wrote bench\campaigns\advisor-batch-1-s0\runs\cfg-242f0dfe\box_hole_s3_c0\t0\wire.png
wrote bench\campaigns\advisor-batch-1-s0\runs\cfg-242f0dfe\box_hole_s3_c1\t0\wire.png
wrote bench\campaigns\advisor-batch-1-s0\runs\cfg-242f0dfe\plate_notch_s0_c0\t0\wire.png
wrote bench\campaigns\advisor-batch-1-s0\runs\cfg-242f0dfe\plate_notch_s0_c1\t0\wire.png
wrote bench\campaigns\advisor-batch-1-s0\runs\cfg-242f0dfe\plate_notch_s1_c0\t0\wire.png
wrote bench\campaigns\advisor-batch-1-s0\runs\cfg-242f0dfe\plate_notch_s1_c1\t0\wire.png
wrote bench\campaigns\advisor-batch-1-s0\runs\cfg-242f0dfe\plate_notch_s2_c0\t0\wire.png
wrote bench\campaigns\advisor-batch-1-s0\runs\cfg-242f0dfe\plate_notch_s2_c1\t0\wire.png
wrote bench\campaigns\advisor-batch-1-s0\runs\cfg-242f0dfe\plate_notch_s3_c0\t0\wire.png
wrote bench\campaigns\advisor-batch-1-s0\runs\cfg-242f0dfe\plate_notch_s3_c1\t0\wire.png
wrote bench\campaigns\advisor-batch-1-s0\runs\cfg-242f0dfe\sphere_box_s0_c0\t0\wire.png
wrote bench\campaigns\advisor-batch-1-s0\runs\cfg-242f0dfe\sphere_box_s0_c1\t0\wire.png
wrote bench\campaigns\advisor-batch-1-s0\runs\cfg-242f0dfe\sphere_box_s1_c0\t0\wire.png
wrote bench\campaigns\advisor-batch-1-s0\runs\cfg-242f0dfe\sphere_box_s1_c1\t0\wire.png
wrote bench\campaigns\advisor-batch-1-s0\runs\cfg-242f0dfe\sphere_box_s2_c0\t0\wire.png
wrote bench\campaigns\advisor-batch-1-s0\runs\cfg-242f0dfe\sphere_box_s2_c1\t0\wire.png
wrote bench\campaigns\advisor-batch-1-s0\runs\cfg-242f0dfe\sphere_box_s3_c0\t0\wire.png
wrote bench\campaigns\advisor-batch-1-s0\runs\cfg-242f0dfe\sphere_box_s3_c1\t0\wire.png
wrote bench\campaigns\advisor-batch-1-s0\runs\cfg-242f0dfe\stepped_shaft_s0_c0\t0\wire.png
wrote bench\campaigns\advisor-batch-1-s0\runs\cfg-242f0dfe\stepped_shaft_s0_c1\t0\wire.png
wrote bench\campaigns\advisor-batch-1-s0\runs\cfg-242f0dfe\stepped_shaft_s1_c0\t0\wire.png
wrote bench\campaigns\advisor-batch-1-s0\runs\cfg-242f0dfe\stepped_shaft_s1_c1\t0\wire.png
wrote bench\campaigns\advisor-batch-1-s0\runs\cfg-242f0dfe\stepped_shaft_s2_c0\t0\wire.png
wrote bench\campaigns\advisor-batch-1-s0\runs\cfg-242f0dfe\stepped_shaft_s2_c1\t0\wire.png
wrote bench\campaigns\advisor-batch-1-s0\runs\cfg-242f0dfe\stepped_shaft_s3_c0\t0\wire.png
wrote bench\campaigns\advisor-batch-1-s0\runs\cfg-242f0dfe\stepped_shaft_s3_c1\t0\wire.png
wrote bench\campaigns\advisor-batch-1-s0\runs\cfg-5cd8ce77\box_hole_s0_c0\t0\wire.png
wrote bench\campaigns\advisor-batch-1-s0\runs\cfg-5cd8ce77\box_hole_s0_c1\t0\wire.png
wrote bench\campaigns\advisor-batch-1-s0\runs\cfg-5cd8ce77\box_hole_s1_c0\t0\wire.png
wrote bench\campaigns\advisor-batch-1-s0\runs\cfg-5cd8ce77\box_hole_s1_c1\t0\wire.png
wrote bench\campaigns\advisor-batch-1-s0\runs\cfg-5cd8ce77\box_hole_s2_c0\t0\wire.png
wrote bench\campaigns\advisor-batch-1-s0\runs\cfg-5cd8ce77\box_hole_s2_c1\t0\wire.png
wrote bench\campaigns\advisor-batch-1-s0\runs\cfg-5cd8ce77\box_hole_s3_c0\t0\wire.png
wrote bench\campaigns\advisor-batch-1-s0\runs\cfg-5cd8ce77\box_hole_s3_c1\t0\wire.png
wrote bench\campaigns\advisor-batch-1-s0\runs\cfg-5cd8ce77\plate_notch_s0_c0\t0\wire.png
wrote bench\campaigns\advisor-batch-1-s0\runs\cfg-5cd8ce77\plate_notch_s0_c1\t0\wire.png
wrote bench\campaigns\advisor-batch-1-s0\runs\cfg-5cd8ce77\plate_notch_s1_c0\t0\wire.png
wrote bench\campaigns\advisor-batch-1-s0\runs\cfg-5cd8ce77\plate_notch_s1_c1\t0\wire.png
wrote bench\campaigns\advisor-batch-1-s0\runs\cfg-5cd8ce77\plate_notch_s2_c0\t0\wire.png
wrote bench\campaigns\advisor-batch-1-s0\runs\cfg-5cd8ce77\plate_notch_s2_c1\t0\wire.png
wrote bench\campaigns\advisor-batch-1-s0\runs\cfg-5cd8ce77\plate_notch_s3_c0\t0\wire.png
wrote bench\campaigns\advisor-batch-1-s0\runs\cfg-5cd8ce77\plate_notch_s3_c1\t0\wire.png
wrote bench\campaigns\advisor-batch-1-s0\runs\cfg-5cd8ce77\sphere_box_s0_c0\t0\wire.png
wrote bench\campaigns\advisor-batch-1-s0\runs\cfg-5cd8ce77\sphere_box_s0_c1\t0\wire.png
wrote bench\campaigns\advisor-batch-1-s0\runs\cfg-5cd8ce77\sphere_box_s1_c0\t0\wire.png
wrote bench\campaigns\advisor-batch-1-s0\runs\cfg-5cd8ce77\sphere_box_s1_c1\t0\wire.png
wrote bench\campaigns\advisor-batch-1-s0\runs\cfg-5cd8ce77\sphere_box_s2_c0\t0\wire.png
wrote bench\campaigns\advisor-batch-1-s0\runs\cfg-5cd8ce77\sphere_box_s2_c1\t0\wire.png
wrote bench\campaigns\advisor-batch-1-s0\runs\cfg-5cd8ce77\sphere_box_s3_c0\t0\wire.png
wrote bench\campaigns\advisor-batch-1-s0\runs\cfg-5cd8ce77\sphere_box_s3_c1\t0\wire.png
wrote bench\campaigns\advisor-batch-1-s0\runs\cfg-5cd8ce77\stepped_shaft_s0_c0\t0\wire.png
wrote bench\campaigns\advisor-batch-1-s0\runs\cfg-5cd8ce77\stepped_shaft_s0_c1\t0\wire.png
wrote bench\campaigns\advisor-batch-1-s0\runs\cfg-5cd8ce77\stepped_shaft_s1_c0\t0\wire.png
wrote bench\campaigns\advisor-batch-1-s0\runs\cfg-5cd8ce77\stepped_shaft_s1_c1\t0\wire.png
wrote bench\campaigns\advisor-batch-1-s0\runs\cfg-5cd8ce77\stepped_shaft_s2_c0\t0\wire.png
wrote bench\campaigns\advisor-batch-1-s0\runs\cfg-5cd8ce77\stepped_shaft_s2_c1\t0\wire.png
wrote bench\campaigns\advisor-batch-1-s0\runs\cfg-5cd8ce77\stepped_shaft_s3_c0\t0\wire.png
wrote bench\campaigns\advisor-batch-1-s0\runs\cfg-5cd8ce77\stepped_shaft_s3_c1\t0\wire.png
wrote bench\campaigns\advisor-batch-1-s0\runs\cfg-6e294be8\box_hole_s0_c0\t0\wire.png
wrote bench\campaigns\advisor-batch-1-s0\runs\cfg-6e294be8\box_hole_s0_c1\t0\wire.png
wrote bench\campaigns\advisor-batch-1-s0\runs\cfg-6e294be8\box_hole_s1_c0\t0\wire.png
wrote bench\campaigns\advisor-batch-1-s0\runs\cfg-6e294be8\box_hole_s1_c1\t0\wire.png
wrote bench\campaigns\advisor-batch-1-s0\runs\cfg-6e294be8\box_hole_s2_c0\t0\wire.png
wrote bench\campaigns\advisor-batch-1-s0\runs\cfg-6e294be8\box_hole_s2_c1\t0\wire.png
wrote bench\campaigns\advisor-batch-1-s0\runs\cfg-6e294be8\box_hole_s3_c0\t0\wire.png
wrote bench\campaigns\advisor-batch-1-s0\runs\cfg-6e294be8\box_hole_s3_c1\t0\wire.png
wrote bench\campaigns\advisor-batch-1-s0\runs\cfg-6e294be8\channel_s3_c0\t0\wire.png
wrote bench\campaigns\advisor-batch-1-s0\runs\cfg-6e294be8\channel_s3_c1\t0\wire.png
wrote bench\campaigns\advisor-batch-1-s0\runs\cfg-6e294be8\l_bracket_s0_c0\t0\wire.png
wrote bench\campaigns\advisor-batch-1-s0\runs\cfg-6e294be8\l_bracket_s0_c1\t0\wire.png
wrote bench\campaigns\advisor-batch-1-s0\runs\cfg-6e294be8\l_bracket_s1_c0\t0\wire.png
wrote bench\campaigns\advisor-batch-1-s0\runs\cfg-6e294be8\l_bracket_s1_c1\t0\wire.png
wrote bench\campaigns\advisor-batch-1-s0\runs\cfg-6e294be8\l_bracket_s2_c0\t0\wire.png
wrote bench\campaigns\advisor-batch-1-s0\runs\cfg-6e294be8\l_bracket_s2_c1\t0\wire.png
wrote bench\campaigns\advisor-batch-1-s0\runs\cfg-6e294be8\l_bracket_s3_c0\t0\wire.png
wrote bench\campaigns\advisor-batch-1-s0\runs\cfg-6e294be8\l_bracket_s3_c1\t0\wire.png
wrote bench\campaigns\advisor-batch-1-s0\runs\cfg-6e294be8\plate_notch_s0_c0\t0\wire.png
wrote bench\campaigns\advisor-batch-1-s0\runs\cfg-6e294be8\plate_notch_s0_c1\t0\wire.png
wrote bench\campaigns\advisor-batch-1-s0\runs\cfg-6e294be8\plate_notch_s1_c0\t0\wire.png
wrote bench\campaigns\advisor-batch-1-s0\runs\cfg-6e294be8\plate_notch_s1_c1\t0\wire.png
wrote bench\campaigns\advisor-batch-1-s0\runs\cfg-6e294be8\plate_notch_s2_c0\t0\wire.png
wrote bench\campaigns\advisor-batch-1-s0\runs\cfg-6e294be8\plate_notch_s2_c1\t0\wire.png
wrote bench\campaigns\advisor-batch-1-s0\runs\cfg-6e294be8\plate_notch_s3_c0\t0\wire.png
wrote bench\campaigns\advisor-batch-1-s0\runs\cfg-6e294be8\plate_notch_s3_c1\t0\wire.png
wrote bench\campaigns\advisor-batch-1-s0\runs\cfg-6e294be8\sphere_box_s0_c0\t0\wire.png
wrote bench\campaigns\advisor-batch-1-s0\runs\cfg-6e294be8\sphere_box_s0_c1\t0\wire.png
wrote bench\campaigns\advisor-batch-1-s0\runs\cfg-6e294be8\sphere_box_s1_c0\t0\wire.png
wrote bench\campaigns\advisor-batch-1-s0\runs\cfg-6e294be8\sphere_box_s1_c1\t0\wire.png
wrote bench\campaigns\advisor-batch-1-s0\runs\cfg-6e294be8\sphere_box_s2_c0\t0\wire.png
wrote bench\campaigns\advisor-batch-1-s0\runs\cfg-6e294be8\sphere_box_s2_c1\t0\wire.png
wrote bench\campaigns\advisor-batch-1-s0\runs\cfg-6e294be8\sphere_box_s3_c0\t0\wire.png
wrote bench\campaigns\advisor-batch-1-s0\runs\cfg-6e294be8\sphere_box_s3_c1\t0\wire.png
wrote bench\campaigns\advisor-batch-1-s0\runs\cfg-6e294be8\stepped_shaft_s0_c0\t0\wire.png
wrote bench\campaigns\advisor-batch-1-s0\runs\cfg-6e294be8\stepped_shaft_s0_c1\t0\wire.png
wrote bench\campaigns\advisor-batch-1-s0\runs\cfg-6e294be8\stepped_shaft_s1_c0\t0\wire.png
wrote bench\campaigns\advisor-batch-1-s0\runs\cfg-6e294be8\stepped_shaft_s1_c1\t0\wire.png
wrote bench\campaigns\advisor-batch-1-s0\runs\cfg-6e294be8\stepped_shaft_s2_c0\t0\wire.png
wrote bench\campaigns\advisor-batch-1-s0\runs\cfg-6e294be8\stepped_shaft_s2_c1\t0\wire.png
wrote bench\campaigns\advisor-batch-1-s0\runs\cfg-6e294be8\stepped_shaft_s3_c0\t0\wire.png
wrote bench\campaigns\advisor-batch-1-s0\runs\cfg-6e294be8\stepped_shaft_s3_c1\t0\wire.png
wrote bench\campaigns\advisor-batch-1-s0\runs\cfg-79d3427c\box_hole_s0_c0\t0\wire.png
wrote bench\campaigns\advisor-batch-1-s0\runs\cfg-79d3427c\box_hole_s0_c1\t0\wire.png
wrote bench\campaigns\advisor-batch-1-s0\runs\cfg-79d3427c\box_hole_s1_c0\t0\wire.png
wrote bench\campaigns\advisor-batch-1-s0\runs\cfg-79d3427c\box_hole_s1_c1\t0\wire.png
wrote bench\campaigns\advisor-batch-1-s0\runs\cfg-79d3427c\box_hole_s2_c0\t0\wire.png
wrote bench\campaigns\advisor-batch-1-s0\runs\cfg-79d3427c\box_hole_s2_c1\t0\wire.png
wrote bench\campaigns\advisor-batch-1-s0\runs\cfg-79d3427c\box_hole_s3_c0\t0\wire.png
wrote bench\campaigns\advisor-batch-1-s0\runs\cfg-79d3427c\box_hole_s3_c1\t0\wire.png
wrote bench\campaigns\advisor-batch-1-s0\runs\cfg-79d3427c\channel_s3_c0\t0\wire.png
wrote bench\campaigns\advisor-batch-1-s0\runs\cfg-79d3427c\channel_s3_c1\t0\wire.png
wrote bench\campaigns\advisor-batch-1-s0\runs\cfg-79d3427c\l_bracket_s0_c0\t0\wire.png
wrote bench\campaigns\advisor-batch-1-s0\runs\cfg-79d3427c\l_bracket_s0_c1\t0\wire.png
wrote bench\campaigns\advisor-batch-1-s0\runs\cfg-79d3427c\l_bracket_s1_c0\t0\wire.png
wrote bench\campaigns\advisor-batch-1-s0\runs\cfg-79d3427c\l_bracket_s1_c1\t0\wire.png
wrote bench\campaigns\advisor-batch-1-s0\runs\cfg-79d3427c\l_bracket_s2_c0\t0\wire.png
wrote bench\campaigns\advisor-batch-1-s0\runs\cfg-79d3427c\l_bracket_s2_c1\t0\wire.png
wrote bench\campaigns\advisor-batch-1-s0\runs\cfg-79d3427c\l_bracket_s3_c0\t0\wire.png
wrote bench\campaigns\advisor-batch-1-s0\runs\cfg-79d3427c\l_bracket_s3_c1\t0\wire.png
wrote bench\campaigns\advisor-batch-1-s0\runs\cfg-79d3427c\plate_notch_s0_c0\t0\wire.png
wrote bench\campaigns\advisor-batch-1-s0\runs\cfg-79d3427c\plate_notch_s0_c1\t0\wire.png
wrote bench\campaigns\advisor-batch-1-s0\runs\cfg-79d3427c\plate_notch_s1_c0\t0\wire.png
wrote bench\campaigns\advisor-batch-1-s0\runs\cfg-79d3427c\plate_notch_s1_c1\t0\wire.png
wrote bench\campaigns\advisor-batch-1-s0\runs\cfg-79d3427c\plate_notch_s2_c0\t0\wire.png
wrote bench\campaigns\advisor-batch-1-s0\runs\cfg-79d3427c\plate_notch_s2_c1\t0\wire.png
wrote bench\campaigns\advisor-batch-1-s0\runs\cfg-79d3427c\plate_notch_s3_c0\t0\wire.png
wrote bench\campaigns\advisor-batch-1-s0\runs\cfg-79d3427c\plate_notch_s3_c1\t0\wire.png
wrote bench\campaigns\advisor-batch-1-s0\runs\cfg-79d3427c\sphere_box_s0_c0\t0\wire.png
wrote bench\campaigns\advisor-batch-1-s0\runs\cfg-79d3427c\sphere_box_s0_c1\t0\wire.png
wrote bench\campaigns\advisor-batch-1-s0\runs\cfg-79d3427c\sphere_box_s1_c0\t0\wire.png
wrote bench\campaigns\advisor-batch-1-s0\runs\cfg-79d3427c\sphere_box_s1_c1\t0\wire.png
wrote bench\campaigns\advisor-batch-1-s0\runs\cfg-79d3427c\sphere_box_s2_c0\t0\wire.png
wrote bench\campaigns\advisor-batch-1-s0\runs\cfg-79d3427c\sphere_box_s2_c1\t0\wire.png
wrote bench\campaigns\advisor-batch-1-s0\runs\cfg-79d3427c\sphere_box_s3_c0\t0\wire.png
wrote bench\campaigns\advisor-batch-1-s0\runs\cfg-79d3427c\sphere_box_s3_c1\t0\wire.png
wrote bench\campaigns\advisor-batch-1-s0\runs\cfg-79d3427c\stepped_shaft_s1_c0\t0\wire.png
wrote bench\campaigns\advisor-batch-1-s0\runs\cfg-79d3427c\stepped_shaft_s1_c1\t0\wire.png
wrote bench\campaigns\advisor-batch-1-s0\runs\cfg-79d3427c\stepped_shaft_s2_c1\t0\wire.png
wrote bench\campaigns\advisor-batch-1-s0\runs\cfg-bc04b23c\box_hole_s0_c0\t0\wire.png
wrote bench\campaigns\advisor-batch-1-s0\runs\cfg-bc04b23c\box_hole_s0_c1\t0\wire.png
wrote bench\campaigns\advisor-batch-1-s0\runs\cfg-bc04b23c\box_hole_s1_c0\t0\wire.png
wrote bench\campaigns\advisor-batch-1-s0\runs\cfg-bc04b23c\box_hole_s1_c1\t0\wire.png
wrote bench\campaigns\advisor-batch-1-s0\runs\cfg-bc04b23c\box_hole_s2_c0\t0\wire.png
wrote bench\campaigns\advisor-batch-1-s0\runs\cfg-bc04b23c\box_hole_s2_c1\t0\wire.png
wrote bench\campaigns\advisor-batch-1-s0\runs\cfg-bc04b23c\box_hole_s3_c0\t0\wire.png
wrote bench\campaigns\advisor-batch-1-s0\runs\cfg-bc04b23c\box_hole_s3_c1\t0\wire.png
wrote bench\campaigns\advisor-batch-1-s0\runs\cfg-bc04b23c\plate_notch_s0_c0\t0\wire.png
wrote bench\campaigns\advisor-batch-1-s0\runs\cfg-bc04b23c\plate_notch_s0_c1\t0\wire.png
wrote bench\campaigns\advisor-batch-1-s0\runs\cfg-bc04b23c\plate_notch_s1_c0\t0\wire.png
wrote bench\campaigns\advisor-batch-1-s0\runs\cfg-bc04b23c\plate_notch_s1_c1\t0\wire.png
wrote bench\campaigns\advisor-batch-1-s0\runs\cfg-bc04b23c\plate_notch_s2_c0\t0\wire.png
wrote bench\campaigns\advisor-batch-1-s0\runs\cfg-bc04b23c\plate_notch_s2_c1\t0\wire.png
wrote bench\campaigns\advisor-batch-1-s0\runs\cfg-bc04b23c\plate_notch_s3_c0\t0\wire.png
wrote bench\campaigns\advisor-batch-1-s0\runs\cfg-bc04b23c\plate_notch_s3_c1\t0\wire.png
wrote bench\campaigns\advisor-batch-1-s0\runs\cfg-bc04b23c\sphere_box_s0_c0\t0\wire.png
wrote bench\campaigns\advisor-batch-1-s0\runs\cfg-bc04b23c\sphere_box_s0_c1\t0\wire.png
wrote bench\campaigns\advisor-batch-1-s0\runs\cfg-bc04b23c\sphere_box_s1_c0\t0\wire.png
wrote bench\campaigns\advisor-batch-1-s0\runs\cfg-bc04b23c\sphere_box_s1_c1\t0\wire.png
wrote bench\campaigns\advisor-batch-1-s0\runs\cfg-bc04b23c\sphere_box_s2_c0\t0\wire.png
wrote bench\campaigns\advisor-batch-1-s0\runs\cfg-bc04b23c\sphere_box_s2_c1\t0\wire.png
wrote bench\campaigns\advisor-batch-1-s0\runs\cfg-bc04b23c\sphere_box_s3_c0\t0\wire.png
wrote bench\campaigns\advisor-batch-1-s0\runs\cfg-bc04b23c\sphere_box_s3_c1\t0\wire.png
wrote bench\campaigns\advisor-batch-1-s0\runs\cfg-bc04b23c\stepped_shaft_s0_c0\t0\wire.png
wrote bench\campaigns\advisor-batch-1-s0\runs\cfg-bc04b23c\stepped_shaft_s0_c1\t0\wire.png
wrote bench\campaigns\advisor-batch-1-s0\runs\cfg-bc04b23c\stepped_shaft_s1_c0\t0\wire.png
wrote bench\campaigns\advisor-batch-1-s0\runs\cfg-bc04b23c\stepped_shaft_s1_c1\t0\wire.png
wrote bench\campaigns\advisor-batch-1-s0\runs\cfg-bc04b23c\stepped_shaft_s2_c0\t0\wire.png
wrote bench\campaigns\advisor-batch-1-s0\runs\cfg-bc04b23c\stepped_shaft_s2_c1\t0\wire.png
wrote bench\campaigns\advisor-batch-1-s0\runs\cfg-bc04b23c\stepped_shaft_s3_c0\t0\wire.png
wrote bench\campaigns\advisor-batch-1-s0\runs\cfg-bc04b23c\stepped_shaft_s3_c1\t0\wire.png
wrote bench\campaigns\advisor-batch-1-s0\runs\cfg-f1ab37a3\box_hole_s0_c0\t0\wire.png
wrote bench\campaigns\advisor-batch-1-s0\runs\cfg-f1ab37a3\box_hole_s0_c1\t0\wire.png
wrote bench\campaigns\advisor-batch-1-s0\runs\cfg-f1ab37a3\box_hole_s1_c0\t0\wire.png
wrote bench\campaigns\advisor-batch-1-s0\runs\cfg-f1ab37a3\box_hole_s1_c1\t0\wire.png
wrote bench\campaigns\advisor-batch-1-s0\runs\cfg-f1ab37a3\box_hole_s2_c0\t0\wire.png
wrote bench\campaigns\advisor-batch-1-s0\runs\cfg-f1ab37a3\box_hole_s2_c1\t0\wire.png
wrote bench\campaigns\advisor-batch-1-s0\runs\cfg-f1ab37a3\box_hole_s3_c0\t0\wire.png
wrote bench\campaigns\advisor-batch-1-s0\runs\cfg-f1ab37a3\box_hole_s3_c1\t0\wire.png
wrote bench\campaigns\advisor-batch-1-s0\runs\cfg-f1ab37a3\channel_s3_c0\t0\wire.png
wrote bench\campaigns\advisor-batch-1-s0\runs\cfg-f1ab37a3\channel_s3_c1\t0\wire.png
wrote bench\campaigns\advisor-batch-1-s0\runs\cfg-f1ab37a3\l_bracket_s0_c0\t0\wire.png
wrote bench\campaigns\advisor-batch-1-s0\runs\cfg-f1ab37a3\l_bracket_s0_c1\t0\wire.png
wrote bench\campaigns\advisor-batch-1-s0\runs\cfg-f1ab37a3\l_bracket_s1_c0\t0\wire.png
wrote bench\campaigns\advisor-batch-1-s0\runs\cfg-f1ab37a3\l_bracket_s1_c1\t0\wire.png
wrote bench\campaigns\advisor-batch-1-s0\runs\cfg-f1ab37a3\l_bracket_s2_c0\t0\wire.png
wrote bench\campaigns\advisor-batch-1-s0\runs\cfg-f1ab37a3\l_bracket_s2_c1\t0\wire.png
wrote bench\campaigns\advisor-batch-1-s0\runs\cfg-f1ab37a3\l_bracket_s3_c0\t0\wire.png
wrote bench\campaigns\advisor-batch-1-s0\runs\cfg-f1ab37a3\l_bracket_s3_c1\t0\wire.png
wrote bench\campaigns\advisor-batch-1-s0\runs\cfg-f1ab37a3\plate_notch_s0_c0\t0\wire.png
wrote bench\campaigns\advisor-batch-1-s0\runs\cfg-f1ab37a3\plate_notch_s0_c1\t0\wire.png
wrote bench\campaigns\advisor-batch-1-s0\runs\cfg-f1ab37a3\plate_notch_s1_c0\t0\wire.png
wrote bench\campaigns\advisor-batch-1-s0\runs\cfg-f1ab37a3\plate_notch_s1_c1\t0\wire.png
wrote bench\campaigns\advisor-batch-1-s0\runs\cfg-f1ab37a3\plate_notch_s2_c0\t0\wire.png
wrote bench\campaigns\advisor-batch-1-s0\runs\cfg-f1ab37a3\plate_notch_s2_c1\t0\wire.png
wrote bench\campaigns\advisor-batch-1-s0\runs\cfg-f1ab37a3\plate_notch_s3_c0\t0\wire.png
wrote bench\campaigns\advisor-batch-1-s0\runs\cfg-f1ab37a3\plate_notch_s3_c1\t0\wire.png
wrote bench\campaigns\advisor-batch-1-s0\runs\cfg-f1ab37a3\sphere_box_s0_c0\t0\wire.png
wrote bench\campaigns\advisor-batch-1-s0\runs\cfg-f1ab37a3\sphere_box_s0_c1\t0\wire.png
wrote bench\campaigns\advisor-batch-1-s0\runs\cfg-f1ab37a3\sphere_box_s1_c0\t0\wire.png
wrote bench\campaigns\advisor-batch-1-s0\runs\cfg-f1ab37a3\sphere_box_s1_c1\t0\wire.png
wrote bench\campaigns\advisor-batch-1-s0\runs\cfg-f1ab37a3\sphere_box_s2_c0\t0\wire.png
wrote bench\campaigns\advisor-batch-1-s0\runs\cfg-f1ab37a3\sphere_box_s2_c1\t0\wire.png
wrote bench\campaigns\advisor-batch-1-s0\runs\cfg-f1ab37a3\sphere_box_s3_c0\t0\wire.png
wrote bench\campaigns\advisor-batch-1-s0\runs\cfg-f1ab37a3\sphere_box_s3_c1\t0\wire.png
wrote bench\campaigns\advisor-batch-1-s0\runs\cfg-f1ab37a3\stepped_shaft_s0_c0\t0\wire.png
wrote bench\campaigns\advisor-batch-1-s0\runs\cfg-f1ab37a3\stepped_shaft_s0_c1\t0\wire.png
wrote bench\campaigns\advisor-batch-1-s0\runs\cfg-f1ab37a3\stepped_shaft_s1_c0\t0\wire.png
wrote bench\campaigns\advisor-batch-1-s0\runs\cfg-f1ab37a3\stepped_shaft_s1_c1\t0\wire.png
wrote bench\campaigns\advisor-batch-1-s0\runs\cfg-f1ab37a3\stepped_shaft_s2_c0\t0\wire.png
wrote bench\campaigns\advisor-batch-1-s0\runs\cfg-f1ab37a3\stepped_shaft_s2_c1\t0\wire.png
wrote bench\campaigns\advisor-batch-1-s0\runs\cfg-f1ab37a3\stepped_shaft_s3_c0\t0\wire.png
wrote bench\campaigns\advisor-batch-1-s0\runs\cfg-f1ab37a3\stepped_shaft_s3_c1\t0\wire.png
warehouse_shots: 286 rendered, 0 skipped (exists), 0 failed (286 mesh.vtu total)
finished: 384 runs → C:\Users\Yakub\Desktop\Polyhedral-FEA\bench\campaigns\advisor-batch-1-s0\results.jsonl
=== exit 0 after 1377.8s
