
=== 2026-08-14T19:40:28Z OMP_NUM_THREADS=3 :: /home/hunter/Desktop/Polyhedral-FEA/build/apps/testlab/polymesh_testlab resume /home/hunter/Desktop/Polyhedral-FEA/bench/campaigns/advisor-batch-2-s2-hunter-pc
campaign advisor-batch-2-s2-hunter-pc: 32 configs, 36 parts, 1 tiers
  max_run_wall_s=180 (override all tiers)
  max_pack_wall_s=21600
tier 0: h_scale=1 keep_frac=1 survivors=8 max_run_wall_s=180
  run cfg-16e7c9c4 part=box_hole_s0_c0 tier=0 ...
  run cfg-16e7c9c4 part=box_hole_s0_c1 tier=0 ...
  run cfg-16e7c9c4 part=box_hole_s0_c2 tier=0 ...
  run cfg-16e7c9c4 part=box_hole_s2_c0 tier=0 ...
  run cfg-16e7c9c4 part=box_hole_s2_c1 tier=0 ...
  run cfg-16e7c9c4 part=box_hole_s2_c2 tier=0 ...
  run cfg-16e7c9c4 part=channel_s0_c0 tier=0 ...
  run cfg-16e7c9c4 part=channel_s0_c1 tier=0 ...
  run cfg-16e7c9c4 part=channel_s0_c2 tier=0 ...
  run cfg-16e7c9c4 part=channel_s2_c0 tier=0 ...
  run cfg-16e7c9c4 part=channel_s2_c1 tier=0 ...
  run cfg-16e7c9c4 part=channel_s2_c2 tier=0 ...
  run cfg-16e7c9c4 part=l_bracket_s0_c0 tier=0 ...
  run cfg-16e7c9c4 part=l_bracket_s0_c1 tier=0 ...
  run cfg-16e7c9c4 part=l_bracket_s0_c2 tier=0 ...
  run cfg-16e7c9c4 part=l_bracket_s2_c0 tier=0 ...
  run cfg-16e7c9c4 part=l_bracket_s2_c1 tier=0 ...
  run cfg-16e7c9c4 part=l_bracket_s2_c2 tier=0 ...
  run cfg-16e7c9c4 part=plate_notch_s0_c0 tier=0 ...
  run cfg-16e7c9c4 part=plate_notch_s0_c1 tier=0 ...
  run cfg-16e7c9c4 part=plate_notch_s0_c2 tier=0 ...
  run cfg-16e7c9c4 part=plate_notch_s2_c0 tier=0 ...
  run cfg-16e7c9c4 part=plate_notch_s2_c1 tier=0 ...
  run cfg-16e7c9c4 part=plate_notch_s2_c2 tier=0 ...
  run cfg-16e7c9c4 part=sphere_box_s0_c0 tier=0 ...
  run cfg-16e7c9c4 part=sphere_box_s0_c1 tier=0 ...
  run cfg-16e7c9c4 part=sphere_box_s0_c2 tier=0 ...
  run cfg-16e7c9c4 part=sphere_box_s2_c0 tier=0 ...
  run cfg-16e7c9c4 part=sphere_box_s2_c1 tier=0 ...
  run cfg-16e7c9c4 part=sphere_box_s2_c2 tier=0 ...
  run cfg-16e7c9c4 part=stepped_shaft_s0_c0 tier=0 ...
  run cfg-16e7c9c4 part=stepped_shaft_s0_c1 tier=0 ...
  run cfg-16e7c9c4 part=stepped_shaft_s0_c2 tier=0 ...
  run cfg-16e7c9c4 part=stepped_shaft_s2_c0 tier=0 ...
  run cfg-16e7c9c4 part=stepped_shaft_s2_c1 tier=0 ...
  run cfg-16e7c9c4 part=stepped_shaft_s2_c2 tier=0 ...
  run cfg-169e43de part=box_hole_s0_c0 tier=0 ...
  run cfg-169e43de part=box_hole_s0_c1 tier=0 ...
  run cfg-169e43de part=box_hole_s0_c2 tier=0 ...
  run cfg-169e43de part=box_hole_s2_c0 tier=0 ...
  run cfg-169e43de part=box_hole_s2_c1 tier=0 ...
  run cfg-169e43de part=box_hole_s2_c2 tier=0 ...
  run cfg-169e43de part=channel_s0_c0 tier=0 ...
  run cfg-169e43de part=channel_s0_c1 tier=0 ...
  run cfg-169e43de part=channel_s0_c2 tier=0 ...
  run cfg-169e43de part=channel_s2_c0 tier=0 ...
  run cfg-169e43de part=channel_s2_c1 tier=0 ...
  run cfg-169e43de part=channel_s2_c2 tier=0 ...
  run cfg-169e43de part=l_bracket_s0_c0 tier=0 ...
  run cfg-169e43de part=l_bracket_s0_c1 tier=0 ...
  run cfg-169e43de part=l_bracket_s0_c2 tier=0 ...
  run cfg-169e43de part=l_bracket_s2_c0 tier=0 ...
  run cfg-169e43de part=l_bracket_s2_c1 tier=0 ...
  run cfg-169e43de part=l_bracket_s2_c2 tier=0 ...
  run cfg-169e43de part=plate_notch_s0_c0 tier=0 ...
  run cfg-169e43de part=plate_notch_s0_c1 tier=0 ...
  run cfg-169e43de part=plate_notch_s0_c2 tier=0 ...
  run cfg-169e43de part=plate_notch_s2_c0 tier=0 ...
  run cfg-169e43de part=plate_notch_s2_c1 tier=0 ...
  run cfg-169e43de part=plate_notch_s2_c2 tier=0 ...
  run cfg-169e43de part=sphere_box_s0_c0 tier=0 ...
  run cfg-169e43de part=sphere_box_s0_c1 tier=0 ...
  run cfg-169e43de part=sphere_box_s0_c2 tier=0 ...
  run cfg-169e43de part=sphere_box_s2_c0 tier=0 ...
  run cfg-169e43de part=sphere_box_s2_c1 tier=0 ...
  run cfg-169e43de part=sphere_box_s2_c2 tier=0 ...
  run cfg-169e43de part=stepped_shaft_s0_c0 tier=0 ...
  run cfg-169e43de part=stepped_shaft_s0_c1 tier=0 ...
  run cfg-169e43de part=stepped_shaft_s0_c2 tier=0 ...
  run cfg-169e43de part=stepped_shaft_s2_c0 tier=0 ...
  run cfg-169e43de part=stepped_shaft_s2_c1 tier=0 ...
  run cfg-169e43de part=stepped_shaft_s2_c2 tier=0 ...
  run cfg-c3f7fc8f part=box_hole_s0_c0 tier=0 ...
  run cfg-c3f7fc8f part=box_hole_s0_c1 tier=0 ...
  run cfg-c3f7fc8f part=box_hole_s0_c2 tier=0 ...
  run cfg-c3f7fc8f part=box_hole_s2_c0 tier=0 ...
  run cfg-c3f7fc8f part=box_hole_s2_c1 tier=0 ...
  run cfg-c3f7fc8f part=box_hole_s2_c2 tier=0 ...
  run cfg-c3f7fc8f part=channel_s0_c0 tier=0 ...
  run cfg-c3f7fc8f part=channel_s0_c1 tier=0 ...
  run cfg-c3f7fc8f part=channel_s0_c2 tier=0 ...
  run cfg-c3f7fc8f part=channel_s2_c0 tier=0 ...
  run cfg-c3f7fc8f part=channel_s2_c1 tier=0 ...
  run cfg-c3f7fc8f part=channel_s2_c2 tier=0 ...
  run cfg-c3f7fc8f part=l_bracket_s0_c0 tier=0 ...
  run cfg-c3f7fc8f part=l_bracket_s0_c1 tier=0 ...
  run cfg-c3f7fc8f part=l_bracket_s0_c2 tier=0 ...
  run cfg-c3f7fc8f part=l_bracket_s2_c0 tier=0 ...
  run cfg-c3f7fc8f part=l_bracket_s2_c1 tier=0 ...
  run cfg-c3f7fc8f part=l_bracket_s2_c2 tier=0 ...
  run cfg-c3f7fc8f part=plate_notch_s0_c0 tier=0 ...
  run cfg-c3f7fc8f part=plate_notch_s0_c1 tier=0 ...
  run cfg-c3f7fc8f part=plate_notch_s0_c2 tier=0 ...
  run cfg-c3f7fc8f part=plate_notch_s2_c0 tier=0 ...
  run cfg-c3f7fc8f part=plate_notch_s2_c1 tier=0 ...
  run cfg-c3f7fc8f part=plate_notch_s2_c2 tier=0 ...
  run cfg-c3f7fc8f part=sphere_box_s0_c0 tier=0 ...
  run cfg-c3f7fc8f part=sphere_box_s0_c1 tier=0 ...
  run cfg-c3f7fc8f part=sphere_box_s0_c2 tier=0 ...
  run cfg-c3f7fc8f part=sphere_box_s2_c0 tier=0 ...
  run cfg-c3f7fc8f part=sphere_box_s2_c1 tier=0 ...
  run cfg-c3f7fc8f part=sphere_box_s2_c2 tier=0 ...
  run cfg-c3f7fc8f part=stepped_shaft_s0_c0 tier=0 ...
  run cfg-c3f7fc8f part=stepped_shaft_s0_c1 tier=0 ...
  run cfg-c3f7fc8f part=stepped_shaft_s0_c2 tier=0 ...
  run cfg-c3f7fc8f part=stepped_shaft_s2_c0 tier=0 ...
  run cfg-c3f7fc8f part=stepped_shaft_s2_c1 tier=0 ...
  run cfg-c3f7fc8f part=stepped_shaft_s2_c2 tier=0 ...
  run cfg-43e1efcd part=box_hole_s0_c0 tier=0 ...
  run cfg-43e1efcd part=box_hole_s0_c1 tier=0 ...
  run cfg-43e1efcd part=box_hole_s0_c2 tier=0 ...
  run cfg-43e1efcd part=box_hole_s2_c0 tier=0 ...
  run cfg-43e1efcd part=box_hole_s2_c1 tier=0 ...
  run cfg-43e1efcd part=box_hole_s2_c2 tier=0 ...
  run cfg-43e1efcd part=channel_s0_c0 tier=0 ...
  run cfg-43e1efcd part=channel_s0_c1 tier=0 ...
  run cfg-43e1efcd part=channel_s0_c2 tier=0 ...
  run cfg-43e1efcd part=channel_s2_c0 tier=0 ...
  run cfg-43e1efcd part=channel_s2_c1 tier=0 ...
  run cfg-43e1efcd part=channel_s2_c2 tier=0 ...
  run cfg-43e1efcd part=l_bracket_s0_c0 tier=0 ...
  run cfg-43e1efcd part=l_bracket_s0_c1 tier=0 ...
  run cfg-43e1efcd part=l_bracket_s0_c2 tier=0 ...
  run cfg-43e1efcd part=l_bracket_s2_c0 tier=0 ...
  run cfg-43e1efcd part=l_bracket_s2_c1 tier=0 ...
  run cfg-43e1efcd part=l_bracket_s2_c2 tier=0 ...
  run cfg-43e1efcd part=plate_notch_s0_c0 tier=0 ...
  run cfg-43e1efcd part=plate_notch_s0_c1 tier=0 ...
  run cfg-43e1efcd part=plate_notch_s0_c2 tier=0 ...
  run cfg-43e1efcd part=plate_notch_s2_c0 tier=0 ...
  run cfg-43e1efcd part=plate_notch_s2_c1 tier=0 ...
  run cfg-43e1efcd part=plate_notch_s2_c2 tier=0 ...
  run cfg-43e1efcd part=sphere_box_s0_c0 tier=0 ...
  run cfg-43e1efcd part=sphere_box_s0_c1 tier=0 ...
  run cfg-43e1efcd part=sphere_box_s0_c2 tier=0 ...
  run cfg-43e1efcd part=sphere_box_s2_c0 tier=0 ...
  run cfg-43e1efcd part=sphere_box_s2_c1 tier=0 ...
  run cfg-43e1efcd part=sphere_box_s2_c2 tier=0 ...
  run cfg-43e1efcd part=stepped_shaft_s0_c0 tier=0 ...
  run cfg-43e1efcd part=stepped_shaft_s0_c1 tier=0 ...
  run cfg-43e1efcd part=stepped_shaft_s0_c2 tier=0 ...
  run cfg-43e1efcd part=stepped_shaft_s2_c0 tier=0 ...
  run cfg-43e1efcd part=stepped_shaft_s2_c1 tier=0 ...
  run cfg-43e1efcd part=stepped_shaft_s2_c2 tier=0 ...
  run cfg-e61acb99 part=box_hole_s0_c0 tier=0 ...
  run cfg-e61acb99 part=box_hole_s0_c1 tier=0 ...
  run cfg-e61acb99 part=box_hole_s0_c2 tier=0 ...
  run cfg-e61acb99 part=box_hole_s2_c0 tier=0 ...
  run cfg-e61acb99 part=box_hole_s2_c1 tier=0 ...
  run cfg-e61acb99 part=box_hole_s2_c2 tier=0 ...
  run cfg-e61acb99 part=channel_s0_c0 tier=0 ...
  run cfg-e61acb99 part=channel_s0_c1 tier=0 ...
  run cfg-e61acb99 part=channel_s0_c2 tier=0 ...
  run cfg-e61acb99 part=channel_s2_c0 tier=0 ...
  run cfg-e61acb99 part=channel_s2_c1 tier=0 ...
  run cfg-e61acb99 part=channel_s2_c2 tier=0 ...
  run cfg-e61acb99 part=l_bracket_s0_c0 tier=0 ...
  run cfg-e61acb99 part=l_bracket_s0_c1 tier=0 ...
  run cfg-e61acb99 part=l_bracket_s0_c2 tier=0 ...
  run cfg-e61acb99 part=l_bracket_s2_c0 tier=0 ...
  run cfg-e61acb99 part=l_bracket_s2_c1 tier=0 ...
  run cfg-e61acb99 part=l_bracket_s2_c2 tier=0 ...
  run cfg-e61acb99 part=plate_notch_s0_c0 tier=0 ...
  run cfg-e61acb99 part=plate_notch_s0_c1 tier=0 ...
  run cfg-e61acb99 part=plate_notch_s0_c2 tier=0 ...
  run cfg-e61acb99 part=plate_notch_s2_c0 tier=0 ...
  run cfg-e61acb99 part=plate_notch_s2_c1 tier=0 ...
  run cfg-e61acb99 part=plate_notch_s2_c2 tier=0 ...
  run cfg-e61acb99 part=sphere_box_s0_c0 tier=0 ...
  run cfg-e61acb99 part=sphere_box_s0_c1 tier=0 ...
  run cfg-e61acb99 part=sphere_box_s0_c2 tier=0 ...
  run cfg-e61acb99 part=sphere_box_s2_c0 tier=0 ...
  run cfg-e61acb99 part=sphere_box_s2_c1 tier=0 ...
  run cfg-e61acb99 part=sphere_box_s2_c2 tier=0 ...
  run cfg-e61acb99 part=stepped_shaft_s0_c0 tier=0 ...
  run cfg-e61acb99 part=stepped_shaft_s0_c1 tier=0 ...
  run cfg-e61acb99 part=stepped_shaft_s0_c2 tier=0 ...
  run cfg-e61acb99 part=stepped_shaft_s2_c0 tier=0 ...
  run cfg-e61acb99 part=stepped_shaft_s2_c1 tier=0 ...
  run cfg-e61acb99 part=stepped_shaft_s2_c2 tier=0 ...
  run cfg-ac7d4883 part=box_hole_s0_c0 tier=0 ...
  run cfg-ac7d4883 part=box_hole_s0_c1 tier=0 ...
  run cfg-ac7d4883 part=box_hole_s0_c2 tier=0 ...
  run cfg-ac7d4883 part=box_hole_s2_c0 tier=0 ...
  run cfg-ac7d4883 part=box_hole_s2_c1 tier=0 ...
  run cfg-ac7d4883 part=box_hole_s2_c2 tier=0 ...
  run cfg-ac7d4883 part=channel_s0_c0 tier=0 ...
  run cfg-ac7d4883 part=channel_s0_c1 tier=0 ...
  run cfg-ac7d4883 part=channel_s0_c2 tier=0 ...
  run cfg-ac7d4883 part=channel_s2_c0 tier=0 ...
  run cfg-ac7d4883 part=channel_s2_c1 tier=0 ...
  run cfg-ac7d4883 part=channel_s2_c2 tier=0 ...
  run cfg-ac7d4883 part=l_bracket_s0_c0 tier=0 ...
  run cfg-ac7d4883 part=l_bracket_s0_c1 tier=0 ...
  run cfg-ac7d4883 part=l_bracket_s0_c2 tier=0 ...
  run cfg-ac7d4883 part=l_bracket_s2_c0 tier=0 ...
  run cfg-ac7d4883 part=l_bracket_s2_c1 tier=0 ...
  run cfg-ac7d4883 part=l_bracket_s2_c2 tier=0 ...
  run cfg-ac7d4883 part=plate_notch_s0_c0 tier=0 ...
  run cfg-ac7d4883 part=plate_notch_s0_c1 tier=0 ...
  run cfg-ac7d4883 part=plate_notch_s0_c2 tier=0 ...
  run cfg-ac7d4883 part=plate_notch_s2_c0 tier=0 ...
  run cfg-ac7d4883 part=plate_notch_s2_c1 tier=0 ...
  run cfg-ac7d4883 part=plate_notch_s2_c2 tier=0 ...
  run cfg-ac7d4883 part=sphere_box_s0_c0 tier=0 ...
  run cfg-ac7d4883 part=sphere_box_s0_c1 tier=0 ...
  run cfg-ac7d4883 part=sphere_box_s0_c2 tier=0 ...
  run cfg-ac7d4883 part=sphere_box_s2_c0 tier=0 ...
  run cfg-ac7d4883 part=sphere_box_s2_c1 tier=0 ...
