
=== 2026-08-14T19:40:28Z OMP_NUM_THREADS=3 :: /home/hunter/Desktop/Polyhedral-FEA/build/apps/testlab/polymesh_testlab resume /home/hunter/Desktop/Polyhedral-FEA/bench/campaigns/advisor-batch-2-s1-hunter-pc
campaign advisor-batch-2-s1-hunter-pc: 32 configs, 36 parts, 1 tiers
  max_run_wall_s=180 (override all tiers)
  max_pack_wall_s=21600
tier 0: h_scale=1 keep_frac=1 survivors=8 max_run_wall_s=180
  run cfg-19863bd4 part=box_hole_s0_c0 tier=0 ...
  run cfg-19863bd4 part=box_hole_s0_c1 tier=0 ...
  run cfg-19863bd4 part=box_hole_s0_c2 tier=0 ...
  run cfg-19863bd4 part=box_hole_s2_c0 tier=0 ...
  run cfg-19863bd4 part=box_hole_s2_c1 tier=0 ...
  run cfg-19863bd4 part=box_hole_s2_c2 tier=0 ...
  run cfg-19863bd4 part=channel_s0_c0 tier=0 ...
  run cfg-19863bd4 part=channel_s0_c1 tier=0 ...
  run cfg-19863bd4 part=channel_s0_c2 tier=0 ...
  run cfg-19863bd4 part=channel_s2_c0 tier=0 ...
  run cfg-19863bd4 part=channel_s2_c1 tier=0 ...
  run cfg-19863bd4 part=channel_s2_c2 tier=0 ...
  run cfg-19863bd4 part=l_bracket_s0_c0 tier=0 ...
  run cfg-19863bd4 part=l_bracket_s0_c1 tier=0 ...
  run cfg-19863bd4 part=l_bracket_s0_c2 tier=0 ...
  run cfg-19863bd4 part=l_bracket_s2_c0 tier=0 ...
  run cfg-19863bd4 part=l_bracket_s2_c1 tier=0 ...
  run cfg-19863bd4 part=l_bracket_s2_c2 tier=0 ...
  run cfg-19863bd4 part=plate_notch_s0_c0 tier=0 ...
  run cfg-19863bd4 part=plate_notch_s0_c1 tier=0 ...
  run cfg-19863bd4 part=plate_notch_s0_c2 tier=0 ...
  run cfg-19863bd4 part=plate_notch_s2_c0 tier=0 ...
  run cfg-19863bd4 part=plate_notch_s2_c1 tier=0 ...
  run cfg-19863bd4 part=plate_notch_s2_c2 tier=0 ...
  run cfg-19863bd4 part=sphere_box_s0_c0 tier=0 ...
  run cfg-19863bd4 part=sphere_box_s0_c1 tier=0 ...
  run cfg-19863bd4 part=sphere_box_s0_c2 tier=0 ...
  run cfg-19863bd4 part=sphere_box_s2_c0 tier=0 ...
  run cfg-19863bd4 part=sphere_box_s2_c1 tier=0 ...
  run cfg-19863bd4 part=sphere_box_s2_c2 tier=0 ...
  run cfg-19863bd4 part=stepped_shaft_s0_c0 tier=0 ...
  run cfg-19863bd4 part=stepped_shaft_s0_c1 tier=0 ...
  run cfg-19863bd4 part=stepped_shaft_s0_c2 tier=0 ...
  run cfg-19863bd4 part=stepped_shaft_s2_c0 tier=0 ...
  run cfg-19863bd4 part=stepped_shaft_s2_c1 tier=0 ...
  run cfg-19863bd4 part=stepped_shaft_s2_c2 tier=0 ...
  run cfg-56133ab6 part=box_hole_s0_c0 tier=0 ...
  run cfg-56133ab6 part=box_hole_s0_c1 tier=0 ...
  run cfg-56133ab6 part=box_hole_s0_c2 tier=0 ...
  run cfg-56133ab6 part=box_hole_s2_c0 tier=0 ...
  run cfg-56133ab6 part=box_hole_s2_c1 tier=0 ...
  run cfg-56133ab6 part=box_hole_s2_c2 tier=0 ...
  run cfg-56133ab6 part=channel_s0_c0 tier=0 ...
  run cfg-56133ab6 part=channel_s0_c1 tier=0 ...
  run cfg-56133ab6 part=channel_s0_c2 tier=0 ...
  run cfg-56133ab6 part=channel_s2_c0 tier=0 ...
  run cfg-56133ab6 part=channel_s2_c1 tier=0 ...
  run cfg-56133ab6 part=channel_s2_c2 tier=0 ...
  run cfg-56133ab6 part=l_bracket_s0_c0 tier=0 ...
  run cfg-56133ab6 part=l_bracket_s0_c1 tier=0 ...
  run cfg-56133ab6 part=l_bracket_s0_c2 tier=0 ...
  run cfg-56133ab6 part=l_bracket_s2_c0 tier=0 ...
  run cfg-56133ab6 part=l_bracket_s2_c1 tier=0 ...
  run cfg-56133ab6 part=l_bracket_s2_c2 tier=0 ...
  run cfg-56133ab6 part=plate_notch_s0_c0 tier=0 ...
  run cfg-56133ab6 part=plate_notch_s0_c1 tier=0 ...
  run cfg-56133ab6 part=plate_notch_s0_c2 tier=0 ...
  run cfg-56133ab6 part=plate_notch_s2_c0 tier=0 ...
  run cfg-56133ab6 part=plate_notch_s2_c1 tier=0 ...
  run cfg-56133ab6 part=plate_notch_s2_c2 tier=0 ...
  run cfg-56133ab6 part=sphere_box_s0_c0 tier=0 ...
  run cfg-56133ab6 part=sphere_box_s0_c1 tier=0 ...
  run cfg-56133ab6 part=sphere_box_s0_c2 tier=0 ...
  run cfg-56133ab6 part=sphere_box_s2_c0 tier=0 ...
  run cfg-56133ab6 part=sphere_box_s2_c1 tier=0 ...
  run cfg-56133ab6 part=sphere_box_s2_c2 tier=0 ...
  run cfg-56133ab6 part=stepped_shaft_s0_c0 tier=0 ...
  run cfg-56133ab6 part=stepped_shaft_s0_c1 tier=0 ...
  run cfg-56133ab6 part=stepped_shaft_s0_c2 tier=0 ...
  run cfg-56133ab6 part=stepped_shaft_s2_c0 tier=0 ...
  run cfg-56133ab6 part=stepped_shaft_s2_c1 tier=0 ...
  run cfg-56133ab6 part=stepped_shaft_s2_c2 tier=0 ...
  run cfg-dadb3b7f part=box_hole_s0_c0 tier=0 ...
  run cfg-dadb3b7f part=box_hole_s0_c1 tier=0 ...
  run cfg-dadb3b7f part=box_hole_s0_c2 tier=0 ...
  run cfg-dadb3b7f part=box_hole_s2_c0 tier=0 ...
  run cfg-dadb3b7f part=box_hole_s2_c1 tier=0 ...
  run cfg-dadb3b7f part=box_hole_s2_c2 tier=0 ...
  run cfg-dadb3b7f part=channel_s0_c0 tier=0 ...
  run cfg-dadb3b7f part=channel_s0_c1 tier=0 ...
  run cfg-dadb3b7f part=channel_s0_c2 tier=0 ...
  run cfg-dadb3b7f part=channel_s2_c0 tier=0 ...
  run cfg-dadb3b7f part=channel_s2_c1 tier=0 ...
  run cfg-dadb3b7f part=channel_s2_c2 tier=0 ...
  run cfg-dadb3b7f part=l_bracket_s0_c0 tier=0 ...
  run cfg-dadb3b7f part=l_bracket_s0_c1 tier=0 ...
  run cfg-dadb3b7f part=l_bracket_s0_c2 tier=0 ...
  run cfg-dadb3b7f part=l_bracket_s2_c0 tier=0 ...
  run cfg-dadb3b7f part=l_bracket_s2_c1 tier=0 ...
  run cfg-dadb3b7f part=l_bracket_s2_c2 tier=0 ...
  run cfg-dadb3b7f part=plate_notch_s0_c0 tier=0 ...
  run cfg-dadb3b7f part=plate_notch_s0_c1 tier=0 ...
  run cfg-dadb3b7f part=plate_notch_s0_c2 tier=0 ...
  run cfg-dadb3b7f part=plate_notch_s2_c0 tier=0 ...
  run cfg-dadb3b7f part=plate_notch_s2_c1 tier=0 ...
  run cfg-dadb3b7f part=plate_notch_s2_c2 tier=0 ...
  run cfg-dadb3b7f part=sphere_box_s0_c0 tier=0 ...
  run cfg-dadb3b7f part=sphere_box_s0_c1 tier=0 ...
  run cfg-dadb3b7f part=sphere_box_s0_c2 tier=0 ...
  run cfg-dadb3b7f part=sphere_box_s2_c0 tier=0 ...
  run cfg-dadb3b7f part=sphere_box_s2_c1 tier=0 ...
  run cfg-dadb3b7f part=sphere_box_s2_c2 tier=0 ...
  run cfg-dadb3b7f part=stepped_shaft_s0_c0 tier=0 ...
  run cfg-dadb3b7f part=stepped_shaft_s0_c1 tier=0 ...
  run cfg-dadb3b7f part=stepped_shaft_s0_c2 tier=0 ...
  run cfg-dadb3b7f part=stepped_shaft_s2_c0 tier=0 ...
  run cfg-dadb3b7f part=stepped_shaft_s2_c1 tier=0 ...
  run cfg-dadb3b7f part=stepped_shaft_s2_c2 tier=0 ...
  run cfg-ffcfb7f5 part=box_hole_s0_c0 tier=0 ...
  run cfg-ffcfb7f5 part=box_hole_s0_c1 tier=0 ...
  run cfg-ffcfb7f5 part=box_hole_s0_c2 tier=0 ...
  run cfg-ffcfb7f5 part=box_hole_s2_c0 tier=0 ...
  run cfg-ffcfb7f5 part=box_hole_s2_c1 tier=0 ...
  run cfg-ffcfb7f5 part=box_hole_s2_c2 tier=0 ...
  run cfg-ffcfb7f5 part=channel_s0_c0 tier=0 ...
  run cfg-ffcfb7f5 part=channel_s0_c1 tier=0 ...
  run cfg-ffcfb7f5 part=channel_s0_c2 tier=0 ...
  run cfg-ffcfb7f5 part=channel_s2_c0 tier=0 ...
  run cfg-ffcfb7f5 part=channel_s2_c1 tier=0 ...
  run cfg-ffcfb7f5 part=channel_s2_c2 tier=0 ...
  run cfg-ffcfb7f5 part=l_bracket_s0_c0 tier=0 ...
  run cfg-ffcfb7f5 part=l_bracket_s0_c1 tier=0 ...
  run cfg-ffcfb7f5 part=l_bracket_s0_c2 tier=0 ...
  run cfg-ffcfb7f5 part=l_bracket_s2_c0 tier=0 ...
  run cfg-ffcfb7f5 part=l_bracket_s2_c1 tier=0 ...
  run cfg-ffcfb7f5 part=l_bracket_s2_c2 tier=0 ...
  run cfg-ffcfb7f5 part=plate_notch_s0_c0 tier=0 ...
  run cfg-ffcfb7f5 part=plate_notch_s0_c1 tier=0 ...
  run cfg-ffcfb7f5 part=plate_notch_s0_c2 tier=0 ...
  run cfg-ffcfb7f5 part=plate_notch_s2_c0 tier=0 ...
  run cfg-ffcfb7f5 part=plate_notch_s2_c1 tier=0 ...
  run cfg-ffcfb7f5 part=plate_notch_s2_c2 tier=0 ...
  run cfg-ffcfb7f5 part=sphere_box_s0_c0 tier=0 ...
  run cfg-ffcfb7f5 part=sphere_box_s0_c1 tier=0 ...
  run cfg-ffcfb7f5 part=sphere_box_s0_c2 tier=0 ...
  run cfg-ffcfb7f5 part=sphere_box_s2_c0 tier=0 ...
  run cfg-ffcfb7f5 part=sphere_box_s2_c1 tier=0 ...
  run cfg-ffcfb7f5 part=sphere_box_s2_c2 tier=0 ...
  run cfg-ffcfb7f5 part=stepped_shaft_s0_c0 tier=0 ...
  run cfg-ffcfb7f5 part=stepped_shaft_s0_c1 tier=0 ...
  run cfg-ffcfb7f5 part=stepped_shaft_s0_c2 tier=0 ...
  run cfg-ffcfb7f5 part=stepped_shaft_s2_c0 tier=0 ...
  run cfg-ffcfb7f5 part=stepped_shaft_s2_c1 tier=0 ...
  run cfg-ffcfb7f5 part=stepped_shaft_s2_c2 tier=0 ...
  run cfg-65494611 part=box_hole_s0_c0 tier=0 ...
  run cfg-65494611 part=box_hole_s0_c1 tier=0 ...
  run cfg-65494611 part=box_hole_s0_c2 tier=0 ...
  run cfg-65494611 part=box_hole_s2_c0 tier=0 ...
  run cfg-65494611 part=box_hole_s2_c1 tier=0 ...
  run cfg-65494611 part=box_hole_s2_c2 tier=0 ...
  run cfg-65494611 part=channel_s0_c0 tier=0 ...
  run cfg-65494611 part=channel_s0_c1 tier=0 ...
  run cfg-65494611 part=channel_s0_c2 tier=0 ...
  run cfg-65494611 part=channel_s2_c0 tier=0 ...
  run cfg-65494611 part=channel_s2_c1 tier=0 ...
  run cfg-65494611 part=channel_s2_c2 tier=0 ...
  run cfg-65494611 part=l_bracket_s0_c0 tier=0 ...
  run cfg-65494611 part=l_bracket_s0_c1 tier=0 ...
  run cfg-65494611 part=l_bracket_s0_c2 tier=0 ...
  run cfg-65494611 part=l_bracket_s2_c0 tier=0 ...
  run cfg-65494611 part=l_bracket_s2_c1 tier=0 ...
  run cfg-65494611 part=l_bracket_s2_c2 tier=0 ...
  run cfg-65494611 part=plate_notch_s0_c0 tier=0 ...
  run cfg-65494611 part=plate_notch_s0_c1 tier=0 ...
  run cfg-65494611 part=plate_notch_s0_c2 tier=0 ...
  run cfg-65494611 part=plate_notch_s2_c0 tier=0 ...
  run cfg-65494611 part=plate_notch_s2_c1 tier=0 ...
  run cfg-65494611 part=plate_notch_s2_c2 tier=0 ...
  run cfg-65494611 part=sphere_box_s0_c0 tier=0 ...
  run cfg-65494611 part=sphere_box_s0_c1 tier=0 ...
  run cfg-65494611 part=sphere_box_s0_c2 tier=0 ...
  run cfg-65494611 part=sphere_box_s2_c0 tier=0 ...
  run cfg-65494611 part=sphere_box_s2_c1 tier=0 ...
  run cfg-65494611 part=sphere_box_s2_c2 tier=0 ...
  run cfg-65494611 part=stepped_shaft_s0_c0 tier=0 ...
  run cfg-65494611 part=stepped_shaft_s0_c1 tier=0 ...
  run cfg-65494611 part=stepped_shaft_s0_c2 tier=0 ...
  run cfg-65494611 part=stepped_shaft_s2_c0 tier=0 ...
  run cfg-65494611 part=stepped_shaft_s2_c1 tier=0 ...
  run cfg-65494611 part=stepped_shaft_s2_c2 tier=0 ...
  run cfg-16b3efb3 part=box_hole_s0_c0 tier=0 ...
  run cfg-16b3efb3 part=box_hole_s0_c1 tier=0 ...
  run cfg-16b3efb3 part=box_hole_s0_c2 tier=0 ...
  run cfg-16b3efb3 part=box_hole_s2_c0 tier=0 ...
  run cfg-16b3efb3 part=box_hole_s2_c1 tier=0 ...
  run cfg-16b3efb3 part=box_hole_s2_c2 tier=0 ...
  run cfg-16b3efb3 part=channel_s0_c0 tier=0 ...
  run cfg-16b3efb3 part=channel_s0_c1 tier=0 ...
  run cfg-16b3efb3 part=channel_s0_c2 tier=0 ...
  run cfg-16b3efb3 part=channel_s2_c0 tier=0 ...
  run cfg-16b3efb3 part=channel_s2_c1 tier=0 ...
  run cfg-16b3efb3 part=channel_s2_c2 tier=0 ...
  run cfg-16b3efb3 part=l_bracket_s0_c0 tier=0 ...
  run cfg-16b3efb3 part=l_bracket_s0_c1 tier=0 ...
  run cfg-16b3efb3 part=l_bracket_s0_c2 tier=0 ...
  run cfg-16b3efb3 part=l_bracket_s2_c0 tier=0 ...
  run cfg-16b3efb3 part=l_bracket_s2_c1 tier=0 ...
  run cfg-16b3efb3 part=l_bracket_s2_c2 tier=0 ...
  run cfg-16b3efb3 part=plate_notch_s0_c0 tier=0 ...
  run cfg-16b3efb3 part=plate_notch_s0_c1 tier=0 ...
  run cfg-16b3efb3 part=plate_notch_s0_c2 tier=0 ...
  run cfg-16b3efb3 part=plate_notch_s2_c0 tier=0 ...
  run cfg-16b3efb3 part=plate_notch_s2_c1 tier=0 ...
  run cfg-16b3efb3 part=plate_notch_s2_c2 tier=0 ...
  run cfg-16b3efb3 part=sphere_box_s0_c0 tier=0 ...
  run cfg-16b3efb3 part=sphere_box_s0_c1 tier=0 ...
  run cfg-16b3efb3 part=sphere_box_s0_c2 tier=0 ...
  run cfg-16b3efb3 part=sphere_box_s2_c0 tier=0 ...
  run cfg-16b3efb3 part=sphere_box_s2_c1 tier=0 ...
  run cfg-16b3efb3 part=sphere_box_s2_c2 tier=0 ...
  run cfg-16b3efb3 part=stepped_shaft_s0_c0 tier=0 ...
  run cfg-16b3efb3 part=stepped_shaft_s0_c1 tier=0 ...
  run cfg-16b3efb3 part=stepped_shaft_s0_c2 tier=0 ...
  run cfg-16b3efb3 part=stepped_shaft_s2_c0 tier=0 ...
  run cfg-16b3efb3 part=stepped_shaft_s2_c1 tier=0 ...
  run cfg-16b3efb3 part=stepped_shaft_s2_c2 tier=0 ...
  run cfg-eeb9488c part=box_hole_s0_c0 tier=0 ...
  run cfg-eeb9488c part=box_hole_s0_c1 tier=0 ...
  run cfg-eeb9488c part=box_hole_s0_c2 tier=0 ...
  run cfg-eeb9488c part=box_hole_s2_c0 tier=0 ...
  run cfg-eeb9488c part=box_hole_s2_c1 tier=0 ...
  run cfg-eeb9488c part=box_hole_s2_c2 tier=0 ...
  run cfg-eeb9488c part=channel_s0_c0 tier=0 ...
  run cfg-eeb9488c part=channel_s0_c1 tier=0 ...
  run cfg-eeb9488c part=channel_s0_c2 tier=0 ...
  run cfg-eeb9488c part=channel_s2_c0 tier=0 ...
  run cfg-eeb9488c part=channel_s2_c1 tier=0 ...
  run cfg-eeb9488c part=channel_s2_c2 tier=0 ...
  run cfg-eeb9488c part=l_bracket_s0_c0 tier=0 ...
  run cfg-eeb9488c part=l_bracket_s0_c1 tier=0 ...
  run cfg-eeb9488c part=l_bracket_s0_c2 tier=0 ...
  run cfg-eeb9488c part=l_bracket_s2_c0 tier=0 ...
  run cfg-eeb9488c part=l_bracket_s2_c1 tier=0 ...
  run cfg-eeb9488c part=l_bracket_s2_c2 tier=0 ...
  run cfg-eeb9488c part=plate_notch_s0_c0 tier=0 ...
  run cfg-eeb9488c part=plate_notch_s0_c1 tier=0 ...
  run cfg-eeb9488c part=plate_notch_s0_c2 tier=0 ...
  run cfg-eeb9488c part=plate_notch_s2_c0 tier=0 ...
  run cfg-eeb9488c part=plate_notch_s2_c1 tier=0 ...
  run cfg-eeb9488c part=plate_notch_s2_c2 tier=0 ...
  run cfg-eeb9488c part=sphere_box_s0_c0 tier=0 ...
  run cfg-eeb9488c part=sphere_box_s0_c1 tier=0 ...
  run cfg-eeb9488c part=sphere_box_s0_c2 tier=0 ...
  run cfg-eeb9488c part=sphere_box_s2_c0 tier=0 ...
  run cfg-eeb9488c part=sphere_box_s2_c1 tier=0 ...
  run cfg-eeb9488c part=sphere_box_s2_c2 tier=0 ...
  run cfg-eeb9488c part=stepped_shaft_s0_c0 tier=0 ...
  run cfg-eeb9488c part=stepped_shaft_s0_c1 tier=0 ...
  run cfg-eeb9488c part=stepped_shaft_s0_c2 tier=0 ...
  run cfg-eeb9488c part=stepped_shaft_s2_c0 tier=0 ...
  run cfg-eeb9488c part=stepped_shaft_s2_c1 tier=0 ...
  run cfg-eeb9488c part=stepped_shaft_s2_c2 tier=0 ...
  run cfg-af210e6e part=box_hole_s0_c0 tier=0 ...
  run cfg-af210e6e part=box_hole_s0_c1 tier=0 ...
  run cfg-af210e6e part=box_hole_s0_c2 tier=0 ...
  run cfg-af210e6e part=box_hole_s2_c0 tier=0 ...
  run cfg-af210e6e part=box_hole_s2_c1 tier=0 ...
  run cfg-af210e6e part=box_hole_s2_c2 tier=0 ...
  run cfg-af210e6e part=channel_s0_c0 tier=0 ...
  run cfg-af210e6e part=channel_s0_c1 tier=0 ...
  run cfg-af210e6e part=channel_s0_c2 tier=0 ...
  run cfg-af210e6e part=channel_s2_c0 tier=0 ...
  run cfg-af210e6e part=channel_s2_c1 tier=0 ...
  run cfg-af210e6e part=channel_s2_c2 tier=0 ...
  run cfg-af210e6e part=l_bracket_s0_c0 tier=0 ...
  run cfg-af210e6e part=l_bracket_s0_c1 tier=0 ...
  run cfg-af210e6e part=l_bracket_s0_c2 tier=0 ...
  run cfg-af210e6e part=l_bracket_s2_c0 tier=0 ...
  run cfg-af210e6e part=l_bracket_s2_c1 tier=0 ...
  run cfg-af210e6e part=l_bracket_s2_c2 tier=0 ...
  run cfg-af210e6e part=plate_notch_s0_c0 tier=0 ...
  run cfg-af210e6e part=plate_notch_s0_c1 tier=0 ...
  run cfg-af210e6e part=plate_notch_s0_c2 tier=0 ...
  run cfg-af210e6e part=plate_notch_s2_c0 tier=0 ...
  run cfg-af210e6e part=plate_notch_s2_c1 tier=0 ...
  run cfg-af210e6e part=plate_notch_s2_c2 tier=0 ...
  run cfg-af210e6e part=sphere_box_s0_c0 tier=0 ...
  run cfg-af210e6e part=sphere_box_s0_c1 tier=0 ...
  run cfg-af210e6e part=sphere_box_s0_c2 tier=0 ...
  run cfg-af210e6e part=sphere_box_s2_c0 tier=0 ...
  run cfg-af210e6e part=sphere_box_s2_c1 tier=0 ...
  run cfg-af210e6e part=sphere_box_s2_c2 tier=0 ...
  run cfg-af210e6e part=stepped_shaft_s0_c0 tier=0 ...
  run cfg-af210e6e part=stepped_shaft_s0_c1 tier=0 ...
  run cfg-af210e6e part=stepped_shaft_s0_c2 tier=0 ...
  run cfg-af210e6e part=stepped_shaft_s2_c0 tier=0 ...
  run cfg-af210e6e part=stepped_shaft_s2_c1 tier=0 ...
  run cfg-af210e6e part=stepped_shaft_s2_c2 tier=0 ...
wrote bench/campaigns/advisor-batch-2-s1-hunter-pc/runs/cfg-16b3efb3/box_hole_s0_c0/t0/wire.png
wrote bench/campaigns/advisor-batch-2-s1-hunter-pc/runs/cfg-16b3efb3/box_hole_s0_c1/t0/wire.png
wrote bench/campaigns/advisor-batch-2-s1-hunter-pc/runs/cfg-16b3efb3/box_hole_s0_c2/t0/wire.png
wrote bench/campaigns/advisor-batch-2-s1-hunter-pc/runs/cfg-16b3efb3/channel_s0_c0/t0/wire.png
wrote bench/campaigns/advisor-batch-2-s1-hunter-pc/runs/cfg-16b3efb3/channel_s0_c1/t0/wire.png
wrote bench/campaigns/advisor-batch-2-s1-hunter-pc/runs/cfg-16b3efb3/channel_s0_c2/t0/wire.png
wrote bench/campaigns/advisor-batch-2-s1-hunter-pc/runs/cfg-16b3efb3/l_bracket_s0_c0/t0/wire.png
wrote bench/campaigns/advisor-batch-2-s1-hunter-pc/runs/cfg-16b3efb3/l_bracket_s0_c1/t0/wire.png
wrote bench/campaigns/advisor-batch-2-s1-hunter-pc/runs/cfg-16b3efb3/l_bracket_s0_c2/t0/wire.png
wrote bench/campaigns/advisor-batch-2-s1-hunter-pc/runs/cfg-16b3efb3/l_bracket_s2_c0/t0/wire.png
wrote bench/campaigns/advisor-batch-2-s1-hunter-pc/runs/cfg-16b3efb3/l_bracket_s2_c1/t0/wire.png
wrote bench/campaigns/advisor-batch-2-s1-hunter-pc/runs/cfg-16b3efb3/l_bracket_s2_c2/t0/wire.png
wrote bench/campaigns/advisor-batch-2-s1-hunter-pc/runs/cfg-16b3efb3/plate_notch_s0_c0/t0/wire.png
wrote bench/campaigns/advisor-batch-2-s1-hunter-pc/runs/cfg-16b3efb3/plate_notch_s0_c1/t0/wire.png
wrote bench/campaigns/advisor-batch-2-s1-hunter-pc/runs/cfg-16b3efb3/plate_notch_s0_c2/t0/wire.png
wrote bench/campaigns/advisor-batch-2-s1-hunter-pc/runs/cfg-16b3efb3/plate_notch_s2_c0/t0/wire.png
wrote bench/campaigns/advisor-batch-2-s1-hunter-pc/runs/cfg-16b3efb3/plate_notch_s2_c1/t0/wire.png
wrote bench/campaigns/advisor-batch-2-s1-hunter-pc/runs/cfg-16b3efb3/plate_notch_s2_c2/t0/wire.png
wrote bench/campaigns/advisor-batch-2-s1-hunter-pc/runs/cfg-16b3efb3/sphere_box_s0_c0/t0/wire.png
wrote bench/campaigns/advisor-batch-2-s1-hunter-pc/runs/cfg-16b3efb3/sphere_box_s0_c1/t0/wire.png
wrote bench/campaigns/advisor-batch-2-s1-hunter-pc/runs/cfg-16b3efb3/sphere_box_s0_c2/t0/wire.png
wrote bench/campaigns/advisor-batch-2-s1-hunter-pc/runs/cfg-19863bd4/box_hole_s0_c0/t0/wire.png
wrote bench/campaigns/advisor-batch-2-s1-hunter-pc/runs/cfg-19863bd4/box_hole_s0_c1/t0/wire.png
wrote bench/campaigns/advisor-batch-2-s1-hunter-pc/runs/cfg-19863bd4/box_hole_s0_c2/t0/wire.png
wrote bench/campaigns/advisor-batch-2-s1-hunter-pc/runs/cfg-19863bd4/channel_s0_c0/t0/wire.png
wrote bench/campaigns/advisor-batch-2-s1-hunter-pc/runs/cfg-19863bd4/channel_s0_c1/t0/wire.png
wrote bench/campaigns/advisor-batch-2-s1-hunter-pc/runs/cfg-19863bd4/channel_s0_c2/t0/wire.png
wrote bench/campaigns/advisor-batch-2-s1-hunter-pc/runs/cfg-19863bd4/l_bracket_s0_c0/t0/wire.png
wrote bench/campaigns/advisor-batch-2-s1-hunter-pc/runs/cfg-19863bd4/l_bracket_s0_c1/t0/wire.png
wrote bench/campaigns/advisor-batch-2-s1-hunter-pc/runs/cfg-19863bd4/l_bracket_s0_c2/t0/wire.png
wrote bench/campaigns/advisor-batch-2-s1-hunter-pc/runs/cfg-19863bd4/l_bracket_s2_c0/t0/wire.png
wrote bench/campaigns/advisor-batch-2-s1-hunter-pc/runs/cfg-19863bd4/l_bracket_s2_c1/t0/wire.png
wrote bench/campaigns/advisor-batch-2-s1-hunter-pc/runs/cfg-19863bd4/l_bracket_s2_c2/t0/wire.png
wrote bench/campaigns/advisor-batch-2-s1-hunter-pc/runs/cfg-19863bd4/plate_notch_s0_c0/t0/wire.png
wrote bench/campaigns/advisor-batch-2-s1-hunter-pc/runs/cfg-19863bd4/plate_notch_s0_c1/t0/wire.png
wrote bench/campaigns/advisor-batch-2-s1-hunter-pc/runs/cfg-19863bd4/plate_notch_s0_c2/t0/wire.png
wrote bench/campaigns/advisor-batch-2-s1-hunter-pc/runs/cfg-19863bd4/plate_notch_s2_c0/t0/wire.png
wrote bench/campaigns/advisor-batch-2-s1-hunter-pc/runs/cfg-19863bd4/plate_notch_s2_c1/t0/wire.png
wrote bench/campaigns/advisor-batch-2-s1-hunter-pc/runs/cfg-19863bd4/plate_notch_s2_c2/t0/wire.png
wrote bench/campaigns/advisor-batch-2-s1-hunter-pc/runs/cfg-19863bd4/sphere_box_s0_c0/t0/wire.png
wrote bench/campaigns/advisor-batch-2-s1-hunter-pc/runs/cfg-19863bd4/sphere_box_s0_c1/t0/wire.png
wrote bench/campaigns/advisor-batch-2-s1-hunter-pc/runs/cfg-19863bd4/sphere_box_s0_c2/t0/wire.png
wrote bench/campaigns/advisor-batch-2-s1-hunter-pc/runs/cfg-19863bd4/sphere_box_s2_c0/t0/wire.png
wrote bench/campaigns/advisor-batch-2-s1-hunter-pc/runs/cfg-19863bd4/sphere_box_s2_c1/t0/wire.png
wrote bench/campaigns/advisor-batch-2-s1-hunter-pc/runs/cfg-19863bd4/sphere_box_s2_c2/t0/wire.png
wrote bench/campaigns/advisor-batch-2-s1-hunter-pc/runs/cfg-56133ab6/box_hole_s0_c0/t0/wire.png
wrote bench/campaigns/advisor-batch-2-s1-hunter-pc/runs/cfg-56133ab6/box_hole_s0_c1/t0/wire.png
wrote bench/campaigns/advisor-batch-2-s1-hunter-pc/runs/cfg-56133ab6/box_hole_s0_c2/t0/wire.png
wrote bench/campaigns/advisor-batch-2-s1-hunter-pc/runs/cfg-56133ab6/channel_s0_c0/t0/wire.png
wrote bench/campaigns/advisor-batch-2-s1-hunter-pc/runs/cfg-56133ab6/channel_s0_c1/t0/wire.png
wrote bench/campaigns/advisor-batch-2-s1-hunter-pc/runs/cfg-56133ab6/channel_s0_c2/t0/wire.png
wrote bench/campaigns/advisor-batch-2-s1-hunter-pc/runs/cfg-56133ab6/l_bracket_s0_c0/t0/wire.png
wrote bench/campaigns/advisor-batch-2-s1-hunter-pc/runs/cfg-56133ab6/l_bracket_s0_c1/t0/wire.png
wrote bench/campaigns/advisor-batch-2-s1-hunter-pc/runs/cfg-56133ab6/l_bracket_s0_c2/t0/wire.png
wrote bench/campaigns/advisor-batch-2-s1-hunter-pc/runs/cfg-56133ab6/l_bracket_s2_c0/t0/wire.png
wrote bench/campaigns/advisor-batch-2-s1-hunter-pc/runs/cfg-56133ab6/l_bracket_s2_c1/t0/wire.png
wrote bench/campaigns/advisor-batch-2-s1-hunter-pc/runs/cfg-56133ab6/l_bracket_s2_c2/t0/wire.png
wrote bench/campaigns/advisor-batch-2-s1-hunter-pc/runs/cfg-56133ab6/plate_notch_s0_c0/t0/wire.png
wrote bench/campaigns/advisor-batch-2-s1-hunter-pc/runs/cfg-56133ab6/plate_notch_s0_c1/t0/wire.png
wrote bench/campaigns/advisor-batch-2-s1-hunter-pc/runs/cfg-56133ab6/plate_notch_s0_c2/t0/wire.png
wrote bench/campaigns/advisor-batch-2-s1-hunter-pc/runs/cfg-56133ab6/plate_notch_s2_c0/t0/wire.png
wrote bench/campaigns/advisor-batch-2-s1-hunter-pc/runs/cfg-56133ab6/plate_notch_s2_c1/t0/wire.png
wrote bench/campaigns/advisor-batch-2-s1-hunter-pc/runs/cfg-56133ab6/plate_notch_s2_c2/t0/wire.png
wrote bench/campaigns/advisor-batch-2-s1-hunter-pc/runs/cfg-56133ab6/sphere_box_s0_c0/t0/wire.png
wrote bench/campaigns/advisor-batch-2-s1-hunter-pc/runs/cfg-56133ab6/sphere_box_s0_c1/t0/wire.png
wrote bench/campaigns/advisor-batch-2-s1-hunter-pc/runs/cfg-56133ab6/sphere_box_s0_c2/t0/wire.png
wrote bench/campaigns/advisor-batch-2-s1-hunter-pc/runs/cfg-65494611/box_hole_s0_c0/t0/wire.png
wrote bench/campaigns/advisor-batch-2-s1-hunter-pc/runs/cfg-65494611/box_hole_s0_c1/t0/wire.png
wrote bench/campaigns/advisor-batch-2-s1-hunter-pc/runs/cfg-65494611/box_hole_s0_c2/t0/wire.png
wrote bench/campaigns/advisor-batch-2-s1-hunter-pc/runs/cfg-65494611/channel_s0_c0/t0/wire.png
wrote bench/campaigns/advisor-batch-2-s1-hunter-pc/runs/cfg-65494611/channel_s0_c1/t0/wire.png
wrote bench/campaigns/advisor-batch-2-s1-hunter-pc/runs/cfg-65494611/channel_s0_c2/t0/wire.png
wrote bench/campaigns/advisor-batch-2-s1-hunter-pc/runs/cfg-65494611/l_bracket_s0_c0/t0/wire.png
wrote bench/campaigns/advisor-batch-2-s1-hunter-pc/runs/cfg-65494611/l_bracket_s0_c1/t0/wire.png
wrote bench/campaigns/advisor-batch-2-s1-hunter-pc/runs/cfg-65494611/l_bracket_s0_c2/t0/wire.png
wrote bench/campaigns/advisor-batch-2-s1-hunter-pc/runs/cfg-65494611/l_bracket_s2_c0/t0/wire.png
wrote bench/campaigns/advisor-batch-2-s1-hunter-pc/runs/cfg-65494611/l_bracket_s2_c1/t0/wire.png
wrote bench/campaigns/advisor-batch-2-s1-hunter-pc/runs/cfg-65494611/l_bracket_s2_c2/t0/wire.png
wrote bench/campaigns/advisor-batch-2-s1-hunter-pc/runs/cfg-65494611/plate_notch_s0_c0/t0/wire.png
wrote bench/campaigns/advisor-batch-2-s1-hunter-pc/runs/cfg-65494611/plate_notch_s0_c1/t0/wire.png
wrote bench/campaigns/advisor-batch-2-s1-hunter-pc/runs/cfg-65494611/plate_notch_s0_c2/t0/wire.png
wrote bench/campaigns/advisor-batch-2-s1-hunter-pc/runs/cfg-65494611/plate_notch_s2_c0/t0/wire.png
wrote bench/campaigns/advisor-batch-2-s1-hunter-pc/runs/cfg-65494611/plate_notch_s2_c1/t0/wire.png
wrote bench/campaigns/advisor-batch-2-s1-hunter-pc/runs/cfg-65494611/plate_notch_s2_c2/t0/wire.png
wrote bench/campaigns/advisor-batch-2-s1-hunter-pc/runs/cfg-65494611/sphere_box_s0_c0/t0/wire.png
wrote bench/campaigns/advisor-batch-2-s1-hunter-pc/runs/cfg-65494611/sphere_box_s0_c1/t0/wire.png
wrote bench/campaigns/advisor-batch-2-s1-hunter-pc/runs/cfg-65494611/sphere_box_s0_c2/t0/wire.png
wrote bench/campaigns/advisor-batch-2-s1-hunter-pc/runs/cfg-65494611/sphere_box_s2_c0/t0/wire.png
wrote bench/campaigns/advisor-batch-2-s1-hunter-pc/runs/cfg-65494611/sphere_box_s2_c1/t0/wire.png
wrote bench/campaigns/advisor-batch-2-s1-hunter-pc/runs/cfg-65494611/sphere_box_s2_c2/t0/wire.png
wrote bench/campaigns/advisor-batch-2-s1-hunter-pc/runs/cfg-af210e6e/box_hole_s0_c0/t0/wire.png
wrote bench/campaigns/advisor-batch-2-s1-hunter-pc/runs/cfg-af210e6e/box_hole_s0_c1/t0/wire.png
wrote bench/campaigns/advisor-batch-2-s1-hunter-pc/runs/cfg-af210e6e/box_hole_s0_c2/t0/wire.png
wrote bench/campaigns/advisor-batch-2-s1-hunter-pc/runs/cfg-af210e6e/channel_s0_c0/t0/wire.png
wrote bench/campaigns/advisor-batch-2-s1-hunter-pc/runs/cfg-af210e6e/channel_s0_c1/t0/wire.png
wrote bench/campaigns/advisor-batch-2-s1-hunter-pc/runs/cfg-af210e6e/channel_s0_c2/t0/wire.png
wrote bench/campaigns/advisor-batch-2-s1-hunter-pc/runs/cfg-af210e6e/l_bracket_s0_c0/t0/wire.png
wrote bench/campaigns/advisor-batch-2-s1-hunter-pc/runs/cfg-af210e6e/l_bracket_s0_c1/t0/wire.png
wrote bench/campaigns/advisor-batch-2-s1-hunter-pc/runs/cfg-af210e6e/l_bracket_s0_c2/t0/wire.png
wrote bench/campaigns/advisor-batch-2-s1-hunter-pc/runs/cfg-af210e6e/l_bracket_s2_c0/t0/wire.png
wrote bench/campaigns/advisor-batch-2-s1-hunter-pc/runs/cfg-af210e6e/l_bracket_s2_c1/t0/wire.png
wrote bench/campaigns/advisor-batch-2-s1-hunter-pc/runs/cfg-af210e6e/l_bracket_s2_c2/t0/wire.png
wrote bench/campaigns/advisor-batch-2-s1-hunter-pc/runs/cfg-af210e6e/plate_notch_s0_c0/t0/wire.png
wrote bench/campaigns/advisor-batch-2-s1-hunter-pc/runs/cfg-af210e6e/plate_notch_s0_c1/t0/wire.png
wrote bench/campaigns/advisor-batch-2-s1-hunter-pc/runs/cfg-af210e6e/plate_notch_s0_c2/t0/wire.png
wrote bench/campaigns/advisor-batch-2-s1-hunter-pc/runs/cfg-af210e6e/plate_notch_s2_c0/t0/wire.png
wrote bench/campaigns/advisor-batch-2-s1-hunter-pc/runs/cfg-af210e6e/plate_notch_s2_c1/t0/wire.png
wrote bench/campaigns/advisor-batch-2-s1-hunter-pc/runs/cfg-af210e6e/plate_notch_s2_c2/t0/wire.png
wrote bench/campaigns/advisor-batch-2-s1-hunter-pc/runs/cfg-af210e6e/sphere_box_s0_c0/t0/wire.png
wrote bench/campaigns/advisor-batch-2-s1-hunter-pc/runs/cfg-af210e6e/sphere_box_s0_c1/t0/wire.png
wrote bench/campaigns/advisor-batch-2-s1-hunter-pc/runs/cfg-af210e6e/sphere_box_s0_c2/t0/wire.png
wrote bench/campaigns/advisor-batch-2-s1-hunter-pc/runs/cfg-af210e6e/sphere_box_s2_c0/t0/wire.png
wrote bench/campaigns/advisor-batch-2-s1-hunter-pc/runs/cfg-af210e6e/sphere_box_s2_c1/t0/wire.png
wrote bench/campaigns/advisor-batch-2-s1-hunter-pc/runs/cfg-af210e6e/sphere_box_s2_c2/t0/wire.png
wrote bench/campaigns/advisor-batch-2-s1-hunter-pc/runs/cfg-dadb3b7f/box_hole_s0_c0/t0/wire.png
wrote bench/campaigns/advisor-batch-2-s1-hunter-pc/runs/cfg-dadb3b7f/box_hole_s0_c1/t0/wire.png
wrote bench/campaigns/advisor-batch-2-s1-hunter-pc/runs/cfg-dadb3b7f/box_hole_s0_c2/t0/wire.png
wrote bench/campaigns/advisor-batch-2-s1-hunter-pc/runs/cfg-dadb3b7f/channel_s0_c0/t0/wire.png
wrote bench/campaigns/advisor-batch-2-s1-hunter-pc/runs/cfg-dadb3b7f/channel_s0_c1/t0/wire.png
wrote bench/campaigns/advisor-batch-2-s1-hunter-pc/runs/cfg-dadb3b7f/channel_s0_c2/t0/wire.png
wrote bench/campaigns/advisor-batch-2-s1-hunter-pc/runs/cfg-dadb3b7f/l_bracket_s0_c0/t0/wire.png
wrote bench/campaigns/advisor-batch-2-s1-hunter-pc/runs/cfg-dadb3b7f/l_bracket_s0_c1/t0/wire.png
wrote bench/campaigns/advisor-batch-2-s1-hunter-pc/runs/cfg-dadb3b7f/l_bracket_s0_c2/t0/wire.png
wrote bench/campaigns/advisor-batch-2-s1-hunter-pc/runs/cfg-dadb3b7f/l_bracket_s2_c0/t0/wire.png
wrote bench/campaigns/advisor-batch-2-s1-hunter-pc/runs/cfg-dadb3b7f/l_bracket_s2_c1/t0/wire.png
wrote bench/campaigns/advisor-batch-2-s1-hunter-pc/runs/cfg-dadb3b7f/l_bracket_s2_c2/t0/wire.png
wrote bench/campaigns/advisor-batch-2-s1-hunter-pc/runs/cfg-dadb3b7f/plate_notch_s0_c0/t0/wire.png
wrote bench/campaigns/advisor-batch-2-s1-hunter-pc/runs/cfg-dadb3b7f/plate_notch_s0_c1/t0/wire.png
wrote bench/campaigns/advisor-batch-2-s1-hunter-pc/runs/cfg-dadb3b7f/plate_notch_s0_c2/t0/wire.png
wrote bench/campaigns/advisor-batch-2-s1-hunter-pc/runs/cfg-dadb3b7f/plate_notch_s2_c0/t0/wire.png
wrote bench/campaigns/advisor-batch-2-s1-hunter-pc/runs/cfg-dadb3b7f/plate_notch_s2_c1/t0/wire.png
wrote bench/campaigns/advisor-batch-2-s1-hunter-pc/runs/cfg-dadb3b7f/plate_notch_s2_c2/t0/wire.png
wrote bench/campaigns/advisor-batch-2-s1-hunter-pc/runs/cfg-dadb3b7f/sphere_box_s0_c0/t0/wire.png
wrote bench/campaigns/advisor-batch-2-s1-hunter-pc/runs/cfg-dadb3b7f/sphere_box_s0_c1/t0/wire.png
wrote bench/campaigns/advisor-batch-2-s1-hunter-pc/runs/cfg-dadb3b7f/sphere_box_s0_c2/t0/wire.png
wrote bench/campaigns/advisor-batch-2-s1-hunter-pc/runs/cfg-dadb3b7f/sphere_box_s2_c0/t0/wire.png
wrote bench/campaigns/advisor-batch-2-s1-hunter-pc/runs/cfg-dadb3b7f/sphere_box_s2_c1/t0/wire.png
wrote bench/campaigns/advisor-batch-2-s1-hunter-pc/runs/cfg-dadb3b7f/sphere_box_s2_c2/t0/wire.png
wrote bench/campaigns/advisor-batch-2-s1-hunter-pc/runs/cfg-eeb9488c/channel_s2_c0/t0/wire.png
wrote bench/campaigns/advisor-batch-2-s1-hunter-pc/runs/cfg-eeb9488c/channel_s2_c1/t0/wire.png
wrote bench/campaigns/advisor-batch-2-s1-hunter-pc/runs/cfg-eeb9488c/channel_s2_c2/t0/wire.png
wrote bench/campaigns/advisor-batch-2-s1-hunter-pc/runs/cfg-eeb9488c/l_bracket_s0_c0/t0/wire.png
wrote bench/campaigns/advisor-batch-2-s1-hunter-pc/runs/cfg-eeb9488c/l_bracket_s0_c1/t0/wire.png
wrote bench/campaigns/advisor-batch-2-s1-hunter-pc/runs/cfg-eeb9488c/l_bracket_s0_c2/t0/wire.png
wrote bench/campaigns/advisor-batch-2-s1-hunter-pc/runs/cfg-eeb9488c/l_bracket_s2_c0/t0/wire.png
wrote bench/campaigns/advisor-batch-2-s1-hunter-pc/runs/cfg-eeb9488c/l_bracket_s2_c1/t0/wire.png
wrote bench/campaigns/advisor-batch-2-s1-hunter-pc/runs/cfg-eeb9488c/l_bracket_s2_c2/t0/wire.png
wrote bench/campaigns/advisor-batch-2-s1-hunter-pc/runs/cfg-eeb9488c/sphere_box_s0_c0/t0/wire.png
wrote bench/campaigns/advisor-batch-2-s1-hunter-pc/runs/cfg-eeb9488c/sphere_box_s0_c1/t0/wire.png
wrote bench/campaigns/advisor-batch-2-s1-hunter-pc/runs/cfg-eeb9488c/sphere_box_s0_c2/t0/wire.png
wrote bench/campaigns/advisor-batch-2-s1-hunter-pc/runs/cfg-eeb9488c/sphere_box_s2_c0/t0/wire.png
wrote bench/campaigns/advisor-batch-2-s1-hunter-pc/runs/cfg-eeb9488c/sphere_box_s2_c1/t0/wire.png
wrote bench/campaigns/advisor-batch-2-s1-hunter-pc/runs/cfg-eeb9488c/sphere_box_s2_c2/t0/wire.png
wrote bench/campaigns/advisor-batch-2-s1-hunter-pc/runs/cfg-ffcfb7f5/box_hole_s0_c0/t0/wire.png
wrote bench/campaigns/advisor-batch-2-s1-hunter-pc/runs/cfg-ffcfb7f5/box_hole_s0_c1/t0/wire.png
wrote bench/campaigns/advisor-batch-2-s1-hunter-pc/runs/cfg-ffcfb7f5/box_hole_s0_c2/t0/wire.png
wrote bench/campaigns/advisor-batch-2-s1-hunter-pc/runs/cfg-ffcfb7f5/channel_s0_c0/t0/wire.png
wrote bench/campaigns/advisor-batch-2-s1-hunter-pc/runs/cfg-ffcfb7f5/channel_s0_c1/t0/wire.png
wrote bench/campaigns/advisor-batch-2-s1-hunter-pc/runs/cfg-ffcfb7f5/channel_s0_c2/t0/wire.png
wrote bench/campaigns/advisor-batch-2-s1-hunter-pc/runs/cfg-ffcfb7f5/l_bracket_s0_c0/t0/wire.png
wrote bench/campaigns/advisor-batch-2-s1-hunter-pc/runs/cfg-ffcfb7f5/l_bracket_s0_c1/t0/wire.png
wrote bench/campaigns/advisor-batch-2-s1-hunter-pc/runs/cfg-ffcfb7f5/l_bracket_s0_c2/t0/wire.png
wrote bench/campaigns/advisor-batch-2-s1-hunter-pc/runs/cfg-ffcfb7f5/l_bracket_s2_c0/t0/wire.png
wrote bench/campaigns/advisor-batch-2-s1-hunter-pc/runs/cfg-ffcfb7f5/l_bracket_s2_c1/t0/wire.png
wrote bench/campaigns/advisor-batch-2-s1-hunter-pc/runs/cfg-ffcfb7f5/l_bracket_s2_c2/t0/wire.png
wrote bench/campaigns/advisor-batch-2-s1-hunter-pc/runs/cfg-ffcfb7f5/plate_notch_s0_c0/t0/wire.png
wrote bench/campaigns/advisor-batch-2-s1-hunter-pc/runs/cfg-ffcfb7f5/plate_notch_s0_c1/t0/wire.png
wrote bench/campaigns/advisor-batch-2-s1-hunter-pc/runs/cfg-ffcfb7f5/plate_notch_s0_c2/t0/wire.png
wrote bench/campaigns/advisor-batch-2-s1-hunter-pc/runs/cfg-ffcfb7f5/plate_notch_s2_c0/t0/wire.png
wrote bench/campaigns/advisor-batch-2-s1-hunter-pc/runs/cfg-ffcfb7f5/plate_notch_s2_c1/t0/wire.png
wrote bench/campaigns/advisor-batch-2-s1-hunter-pc/runs/cfg-ffcfb7f5/plate_notch_s2_c2/t0/wire.png
wrote bench/campaigns/advisor-batch-2-s1-hunter-pc/runs/cfg-ffcfb7f5/sphere_box_s0_c0/t0/wire.png
wrote bench/campaigns/advisor-batch-2-s1-hunter-pc/runs/cfg-ffcfb7f5/sphere_box_s0_c1/t0/wire.png
wrote bench/campaigns/advisor-batch-2-s1-hunter-pc/runs/cfg-ffcfb7f5/sphere_box_s0_c2/t0/wire.png
wrote bench/campaigns/advisor-batch-2-s1-hunter-pc/runs/cfg-ffcfb7f5/sphere_box_s2_c0/t0/wire.png
wrote bench/campaigns/advisor-batch-2-s1-hunter-pc/runs/cfg-ffcfb7f5/sphere_box_s2_c1/t0/wire.png
wrote bench/campaigns/advisor-batch-2-s1-hunter-pc/runs/cfg-ffcfb7f5/sphere_box_s2_c2/t0/wire.png
warehouse_shots: 177 rendered, 0 skipped (exists), 0 failed (177 mesh.vtu total)
finished: 288 runs → /home/hunter/Desktop/Polyhedral-FEA/bench/campaigns/advisor-batch-2-s1-hunter-pc/results.jsonl
=== exit 0 after 278.9s
