
=== 2026-08-14T20:16:54Z OMP_NUM_THREADS=3 :: /home/hunter/Desktop/Polyhedral-FEA/build/apps/testlab/polymesh_testlab resume /home/hunter/Desktop/Polyhedral-FEA/bench/campaigns/advisor-batch-3-s2-hunter-pc
campaign advisor-batch-3-s2-hunter-pc: 16 configs, 6 parts, 1 tiers
  max_run_wall_s=180 (override all tiers)
  max_pack_wall_s=21600
tier 0: h_scale=1 keep_frac=1 survivors=4 max_run_wall_s=180
  run cfg-e04b39c3 part=box_hole_s0_c0 tier=0 ...
  run cfg-e04b39c3 part=box_hole_s0_c1 tier=0 ...
  run cfg-e04b39c3 part=box_hole_s0_c2 tier=0 ...
  run cfg-e04b39c3 part=box_hole_s2_c0 tier=0 ...
  run cfg-e04b39c3 part=box_hole_s2_c1 tier=0 ...
  run cfg-e04b39c3 part=box_hole_s2_c2 tier=0 ...
  run cfg-116b3958 part=box_hole_s0_c0 tier=0 ...
  run cfg-116b3958 part=box_hole_s0_c1 tier=0 ...
  run cfg-116b3958 part=box_hole_s0_c2 tier=0 ...
  run cfg-116b3958 part=box_hole_s2_c0 tier=0 ...
  run cfg-116b3958 part=box_hole_s2_c1 tier=0 ...
  run cfg-116b3958 part=box_hole_s2_c2 tier=0 ...
  run cfg-5ff72b2a part=box_hole_s0_c0 tier=0 ...
  run cfg-5ff72b2a part=box_hole_s0_c1 tier=0 ...
  run cfg-5ff72b2a part=box_hole_s0_c2 tier=0 ...
  run cfg-5ff72b2a part=box_hole_s2_c0 tier=0 ...
  run cfg-5ff72b2a part=box_hole_s2_c1 tier=0 ...
  run cfg-5ff72b2a part=box_hole_s2_c2 tier=0 ...
  run cfg-a1ad5ec9 part=box_hole_s0_c0 tier=0 ...
  run cfg-a1ad5ec9 part=box_hole_s0_c1 tier=0 ...
  run cfg-a1ad5ec9 part=box_hole_s0_c2 tier=0 ...
  run cfg-a1ad5ec9 part=box_hole_s2_c0 tier=0 ...
  run cfg-a1ad5ec9 part=box_hole_s2_c1 tier=0 ...
  run cfg-a1ad5ec9 part=box_hole_s2_c2 tier=0 ...
wrote bench/campaigns/advisor-batch-3-s2-hunter-pc/runs/cfg-116b3958/box_hole_s0_c0/t0/wire.png
wrote bench/campaigns/advisor-batch-3-s2-hunter-pc/runs/cfg-116b3958/box_hole_s0_c1/t0/wire.png
wrote bench/campaigns/advisor-batch-3-s2-hunter-pc/runs/cfg-116b3958/box_hole_s0_c2/t0/wire.png
wrote bench/campaigns/advisor-batch-3-s2-hunter-pc/runs/cfg-5ff72b2a/box_hole_s0_c0/t0/wire.png
wrote bench/campaigns/advisor-batch-3-s2-hunter-pc/runs/cfg-5ff72b2a/box_hole_s0_c1/t0/wire.png
wrote bench/campaigns/advisor-batch-3-s2-hunter-pc/runs/cfg-5ff72b2a/box_hole_s0_c2/t0/wire.png
wrote bench/campaigns/advisor-batch-3-s2-hunter-pc/runs/cfg-a1ad5ec9/box_hole_s0_c0/t0/wire.png
wrote bench/campaigns/advisor-batch-3-s2-hunter-pc/runs/cfg-a1ad5ec9/box_hole_s0_c1/t0/wire.png
wrote bench/campaigns/advisor-batch-3-s2-hunter-pc/runs/cfg-a1ad5ec9/box_hole_s0_c2/t0/wire.png
wrote bench/campaigns/advisor-batch-3-s2-hunter-pc/runs/cfg-e04b39c3/box_hole_s0_c0/t0/wire.png
wrote bench/campaigns/advisor-batch-3-s2-hunter-pc/runs/cfg-e04b39c3/box_hole_s0_c1/t0/wire.png
wrote bench/campaigns/advisor-batch-3-s2-hunter-pc/runs/cfg-e04b39c3/box_hole_s0_c2/t0/wire.png
warehouse_shots: 12 rendered, 0 skipped (exists), 0 failed (12 mesh.vtu total)
finished: 24 runs → /home/hunter/Desktop/Polyhedral-FEA/bench/campaigns/advisor-batch-3-s2-hunter-pc/results.jsonl
=== exit 0 after 31.6s

=== 2026-08-14T20:19:21Z OMP_NUM_THREADS=3 :: /home/hunter/Desktop/Polyhedral-FEA/build/apps/testlab/polymesh_testlab resume /home/hunter/Desktop/Polyhedral-FEA/bench/campaigns/advisor-batch-3-s2-hunter-pc
campaign advisor-batch-3-s2-hunter-pc: 16 configs, 6 parts, 1 tiers
  max_run_wall_s=180 (override all tiers)
  max_pack_wall_s=21600
tier 0: h_scale=1 keep_frac=1 survivors=4 max_run_wall_s=180
  run cfg-e04b39c3 part=channel_s0_c0 tier=0 ...
  run cfg-e04b39c3 part=channel_s0_c1 tier=0 ...
  run cfg-e04b39c3 part=channel_s0_c2 tier=0 ...
  run cfg-e04b39c3 part=channel_s2_c0 tier=0 ...
  run cfg-e04b39c3 part=channel_s2_c1 tier=0 ...
  run cfg-e04b39c3 part=channel_s2_c2 tier=0 ...
  run cfg-116b3958 part=channel_s0_c0 tier=0 ...
  run cfg-116b3958 part=channel_s0_c1 tier=0 ...
  run cfg-116b3958 part=channel_s0_c2 tier=0 ...
  run cfg-116b3958 part=channel_s2_c0 tier=0 ...
  run cfg-116b3958 part=channel_s2_c1 tier=0 ...
  run cfg-116b3958 part=channel_s2_c2 tier=0 ...
  run cfg-5ff72b2a part=channel_s0_c0 tier=0 ...
  run cfg-5ff72b2a part=channel_s0_c1 tier=0 ...
  run cfg-5ff72b2a part=channel_s0_c2 tier=0 ...
  run cfg-5ff72b2a part=channel_s2_c0 tier=0 ...
  run cfg-5ff72b2a part=channel_s2_c1 tier=0 ...
  run cfg-5ff72b2a part=channel_s2_c2 tier=0 ...
  run cfg-a1ad5ec9 part=channel_s0_c0 tier=0 ...
  run cfg-a1ad5ec9 part=channel_s0_c1 tier=0 ...
  run cfg-a1ad5ec9 part=channel_s0_c2 tier=0 ...
  run cfg-a1ad5ec9 part=channel_s2_c0 tier=0 ...
  run cfg-a1ad5ec9 part=channel_s2_c1 tier=0 ...
  run cfg-a1ad5ec9 part=channel_s2_c2 tier=0 ...
wrote bench/campaigns/advisor-batch-3-s2-hunter-pc/runs/cfg-116b3958/channel_s0_c0/t0/wire.png
wrote bench/campaigns/advisor-batch-3-s2-hunter-pc/runs/cfg-116b3958/channel_s0_c1/t0/wire.png
wrote bench/campaigns/advisor-batch-3-s2-hunter-pc/runs/cfg-116b3958/channel_s0_c2/t0/wire.png
wrote bench/campaigns/advisor-batch-3-s2-hunter-pc/runs/cfg-5ff72b2a/channel_s0_c0/t0/wire.png
wrote bench/campaigns/advisor-batch-3-s2-hunter-pc/runs/cfg-5ff72b2a/channel_s0_c1/t0/wire.png
wrote bench/campaigns/advisor-batch-3-s2-hunter-pc/runs/cfg-5ff72b2a/channel_s0_c2/t0/wire.png
wrote bench/campaigns/advisor-batch-3-s2-hunter-pc/runs/cfg-a1ad5ec9/channel_s0_c0/t0/wire.png
wrote bench/campaigns/advisor-batch-3-s2-hunter-pc/runs/cfg-a1ad5ec9/channel_s0_c1/t0/wire.png
wrote bench/campaigns/advisor-batch-3-s2-hunter-pc/runs/cfg-a1ad5ec9/channel_s0_c2/t0/wire.png
wrote bench/campaigns/advisor-batch-3-s2-hunter-pc/runs/cfg-e04b39c3/channel_s0_c0/t0/wire.png
wrote bench/campaigns/advisor-batch-3-s2-hunter-pc/runs/cfg-e04b39c3/channel_s0_c1/t0/wire.png
wrote bench/campaigns/advisor-batch-3-s2-hunter-pc/runs/cfg-e04b39c3/channel_s0_c2/t0/wire.png
warehouse_shots: 12 rendered, 12 skipped (exists), 0 failed (24 mesh.vtu total)
finished: 24 runs → /home/hunter/Desktop/Polyhedral-FEA/bench/campaigns/advisor-batch-3-s2-hunter-pc/results.jsonl
=== exit 0 after 26.4s
