campaign advisor-truth-0: 3 configs, 18 parts, 1 tiers
  max_run_wall_s=1800 (override all tiers)
  max_pack_wall_s=172800
tier 0: h_scale=1 keep_frac=1 survivors=3 max_run_wall_s=1800
  run cfg-709703ab part=box_hole_s0_c0 tier=0 ...
  run cfg-709703ab part=box_hole_s1_c1 tier=0 ...
  run cfg-709703ab part=box_hole_s2_c2 tier=0 ...
  run cfg-709703ab part=l_bracket_s0_c0 tier=0 ...
  run cfg-709703ab part=l_bracket_s1_c1 tier=0 ...
  run cfg-709703ab part=l_bracket_s2_c2 tier=0 ...
  run cfg-709703ab part=plate_notch_s0_c0 tier=0 ...
  run cfg-709703ab part=plate_notch_s1_c1 tier=0 ...
  run cfg-709703ab part=plate_notch_s2_c2 tier=0 ...
  run cfg-709703ab part=channel_s0_c0 tier=0 ...
  run cfg-709703ab part=channel_s1_c1 tier=0 ...
  run cfg-709703ab part=channel_s2_c2 tier=0 ...
  run cfg-709703ab part=sphere_box_s0_c0 tier=0 ...
  run cfg-709703ab part=sphere_box_s1_c1 tier=0 ...
  run cfg-709703ab part=sphere_box_s2_c2 tier=0 ...
  run cfg-97015a68 part=box_hole_s1_c1 tier=0 ...
  run cfg-97015a68 part=l_bracket_s0_c0 tier=0 ...
  run cfg-97015a68 part=l_bracket_s1_c1 tier=0 ...
  run cfg-97015a68 part=plate_notch_s0_c0 tier=0 ...
  run cfg-97015a68 part=plate_notch_s1_c1 tier=0 ...
  run cfg-97015a68 part=stepped_shaft_s0_c0 tier=0 ...
  run cfg-97015a68 part=stepped_shaft_s2_c2 tier=0 ...
  run cfg-97015a68 part=channel_s0_c0 tier=0 ...
  run cfg-97015a68 part=channel_s1_c1 tier=0 ...
  run cfg-97015a68 part=channel_s2_c2 tier=0 ...
  run cfg-97015a68 part=sphere_box_s0_c0 tier=0 ...
