
=== 2026-08-14T11:20:30Z OMP_NUM_THREADS=2 :: C:\Users\Yakub\Desktop\Polyhedral-FEA\build\apps\testlab\polymesh_testlab.exe resume C:\Users\Yakub\Desktop\Polyhedral-FEA\bench\campaigns\advisor-batch-3-s3
campaign advisor-batch-3-s3: 16 configs, 36 parts, 1 tiers
  max_run_wall_s=180 (override all tiers)
  max_pack_wall_s=21600
tier 0: h_scale=1 keep_frac=1 survivors=4 max_run_wall_s=180
  run cfg-9ab082c9 part=box_hole_s0_c0 tier=0 ...
  run cfg-9ab082c9 part=box_hole_s0_c1 tier=0 ...
  run cfg-9ab082c9 part=box_hole_s0_c2 tier=0 ...
  run cfg-9ab082c9 part=box_hole_s2_c0 tier=0 ...
  run cfg-9ab082c9 part=box_hole_s2_c1 tier=0 ...
  run cfg-9ab082c9 part=box_hole_s2_c2 tier=0 ...
  run cfg-9ab082c9 part=channel_s0_c0 tier=0 ...
  run cfg-9ab082c9 part=channel_s0_c1 tier=0 ...
  run cfg-9ab082c9 part=channel_s0_c2 tier=0 ...
  run cfg-9ab082c9 part=channel_s2_c0 tier=0 ...
  run cfg-9ab082c9 part=channel_s2_c1 tier=0 ...
  run cfg-9ab082c9 part=channel_s2_c2 tier=0 ...
  run cfg-9ab082c9 part=l_bracket_s0_c0 tier=0 ...
  run cfg-9ab082c9 part=l_bracket_s0_c1 tier=0 ...
  run cfg-9ab082c9 part=l_bracket_s0_c2 tier=0 ...
  run cfg-9ab082c9 part=l_bracket_s2_c0 tier=0 ...
  run cfg-9ab082c9 part=l_bracket_s2_c1 tier=0 ...
  run cfg-9ab082c9 part=l_bracket_s2_c2 tier=0 ...
  run cfg-9ab082c9 part=plate_notch_s0_c0 tier=0 ...
  run cfg-9ab082c9 part=plate_notch_s0_c1 tier=0 ...
  run cfg-9ab082c9 part=plate_notch_s0_c2 tier=0 ...
  run cfg-9ab082c9 part=plate_notch_s2_c0 tier=0 ...
  run cfg-9ab082c9 part=plate_notch_s2_c1 tier=0 ...
  run cfg-9ab082c9 part=plate_notch_s2_c2 tier=0 ...
  run cfg-9ab082c9 part=sphere_box_s0_c0 tier=0 ...
  run cfg-9ab082c9 part=sphere_box_s0_c1 tier=0 ...
  run cfg-9ab082c9 part=sphere_box_s0_c2 tier=0 ...
  run cfg-9ab082c9 part=sphere_box_s2_c0 tier=0 ...
  run cfg-9ab082c9 part=sphere_box_s2_c1 tier=0 ...
  run cfg-9ab082c9 part=sphere_box_s2_c2 tier=0 ...
  run cfg-9ab082c9 part=stepped_shaft_s0_c0 tier=0 ...
  run cfg-9ab082c9 part=stepped_shaft_s0_c1 tier=0 ...
  run cfg-9ab082c9 part=stepped_shaft_s0_c2 tier=0 ...
  run cfg-9ab082c9 part=stepped_shaft_s2_c0 tier=0 ...
  run cfg-9ab082c9 part=stepped_shaft_s2_c1 tier=0 ...
  run cfg-9ab082c9 part=stepped_shaft_s2_c2 tier=0 ...
  run cfg-bc1e79aa part=box_hole_s0_c0 tier=0 ...
  run cfg-bc1e79aa part=box_hole_s0_c1 tier=0 ...
  run cfg-bc1e79aa part=box_hole_s0_c2 tier=0 ...
  run cfg-bc1e79aa part=box_hole_s2_c0 tier=0 ...
  run cfg-bc1e79aa part=box_hole_s2_c1 tier=0 ...
  run cfg-bc1e79aa part=box_hole_s2_c2 tier=0 ...
  run cfg-bc1e79aa part=channel_s0_c0 tier=0 ...
  run cfg-bc1e79aa part=channel_s0_c1 tier=0 ...
  run cfg-bc1e79aa part=channel_s0_c2 tier=0 ...
  run cfg-bc1e79aa part=channel_s2_c0 tier=0 ...
  run cfg-bc1e79aa part=channel_s2_c1 tier=0 ...
  run cfg-bc1e79aa part=channel_s2_c2 tier=0 ...
  run cfg-bc1e79aa part=l_bracket_s0_c0 tier=0 ...
  run cfg-bc1e79aa part=l_bracket_s0_c1 tier=0 ...
  run cfg-bc1e79aa part=l_bracket_s0_c2 tier=0 ...
  run cfg-bc1e79aa part=l_bracket_s2_c0 tier=0 ...
  run cfg-bc1e79aa part=l_bracket_s2_c1 tier=0 ...
  run cfg-bc1e79aa part=l_bracket_s2_c2 tier=0 ...
  run cfg-bc1e79aa part=plate_notch_s0_c0 tier=0 ...
  run cfg-bc1e79aa part=plate_notch_s0_c1 tier=0 ...
  run cfg-bc1e79aa part=plate_notch_s0_c2 tier=0 ...
  run cfg-bc1e79aa part=plate_notch_s2_c0 tier=0 ...
  run cfg-bc1e79aa part=plate_notch_s2_c1 tier=0 ...
  run cfg-bc1e79aa part=plate_notch_s2_c2 tier=0 ...
  run cfg-bc1e79aa part=sphere_box_s0_c0 tier=0 ...
  run cfg-bc1e79aa part=sphere_box_s0_c1 tier=0 ...
  run cfg-bc1e79aa part=sphere_box_s0_c2 tier=0 ...
  run cfg-bc1e79aa part=sphere_box_s2_c0 tier=0 ...
  run cfg-bc1e79aa part=sphere_box_s2_c1 tier=0 ...
  run cfg-bc1e79aa part=sphere_box_s2_c2 tier=0 ...
  run cfg-bc1e79aa part=stepped_shaft_s0_c0 tier=0 ...
  run cfg-bc1e79aa part=stepped_shaft_s0_c1 tier=0 ...
  run cfg-bc1e79aa part=stepped_shaft_s0_c2 tier=0 ...
  run cfg-bc1e79aa part=stepped_shaft_s2_c0 tier=0 ...
  run cfg-bc1e79aa part=stepped_shaft_s2_c1 tier=0 ...
  run cfg-bc1e79aa part=stepped_shaft_s2_c2 tier=0 ...
  run cfg-6b320550 part=box_hole_s0_c0 tier=0 ...
  run cfg-6b320550 part=box_hole_s0_c1 tier=0 ...
  run cfg-6b320550 part=box_hole_s0_c2 tier=0 ...
  run cfg-6b320550 part=box_hole_s2_c0 tier=0 ...
  run cfg-6b320550 part=box_hole_s2_c1 tier=0 ...
  run cfg-6b320550 part=box_hole_s2_c2 tier=0 ...
  run cfg-6b320550 part=channel_s0_c0 tier=0 ...
  run cfg-6b320550 part=channel_s0_c1 tier=0 ...
  run cfg-6b320550 part=channel_s0_c2 tier=0 ...
  run cfg-6b320550 part=channel_s2_c0 tier=0 ...
  run cfg-6b320550 part=channel_s2_c1 tier=0 ...
  run cfg-6b320550 part=channel_s2_c2 tier=0 ...
  run cfg-6b320550 part=l_bracket_s0_c0 tier=0 ...
  run cfg-6b320550 part=l_bracket_s0_c1 tier=0 ...
  run cfg-6b320550 part=l_bracket_s0_c2 tier=0 ...
  run cfg-6b320550 part=l_bracket_s2_c0 tier=0 ...
  run cfg-6b320550 part=l_bracket_s2_c1 tier=0 ...
  run cfg-6b320550 part=l_bracket_s2_c2 tier=0 ...
  run cfg-6b320550 part=plate_notch_s0_c0 tier=0 ...
  run cfg-6b320550 part=plate_notch_s0_c1 tier=0 ...
  run cfg-6b320550 part=plate_notch_s0_c2 tier=0 ...
  run cfg-6b320550 part=plate_notch_s2_c0 tier=0 ...
  run cfg-6b320550 part=plate_notch_s2_c1 tier=0 ...
  run cfg-6b320550 part=plate_notch_s2_c2 tier=0 ...
  run cfg-6b320550 part=sphere_box_s0_c0 tier=0 ...
  run cfg-6b320550 part=sphere_box_s0_c1 tier=0 ...
  run cfg-6b320550 part=sphere_box_s0_c2 tier=0 ...
  run cfg-6b320550 part=sphere_box_s2_c0 tier=0 ...
  run cfg-6b320550 part=sphere_box_s2_c1 tier=0 ...
  run cfg-6b320550 part=sphere_box_s2_c2 tier=0 ...
  run cfg-6b320550 part=stepped_shaft_s0_c0 tier=0 ...
  run cfg-6b320550 part=stepped_shaft_s0_c1 tier=0 ...
  run cfg-6b320550 part=stepped_shaft_s0_c2 tier=0 ...
  run cfg-6b320550 part=stepped_shaft_s2_c0 tier=0 ...
  run cfg-6b320550 part=stepped_shaft_s2_c1 tier=0 ...
  run cfg-6b320550 part=stepped_shaft_s2_c2 tier=0 ...
  run cfg-1ab25f2b part=box_hole_s0_c0 tier=0 ...
  run cfg-1ab25f2b part=box_hole_s0_c1 tier=0 ...
  run cfg-1ab25f2b part=box_hole_s0_c2 tier=0 ...
  run cfg-1ab25f2b part=box_hole_s2_c0 tier=0 ...
  run cfg-1ab25f2b part=box_hole_s2_c1 tier=0 ...
  run cfg-1ab25f2b part=box_hole_s2_c2 tier=0 ...
  run cfg-1ab25f2b part=channel_s0_c0 tier=0 ...
  run cfg-1ab25f2b part=channel_s0_c1 tier=0 ...
  run cfg-1ab25f2b part=channel_s0_c2 tier=0 ...
  run cfg-1ab25f2b part=channel_s2_c0 tier=0 ...
  run cfg-1ab25f2b part=channel_s2_c1 tier=0 ...
  run cfg-1ab25f2b part=channel_s2_c2 tier=0 ...
  run cfg-1ab25f2b part=l_bracket_s0_c0 tier=0 ...
  run cfg-1ab25f2b part=l_bracket_s0_c1 tier=0 ...
  run cfg-1ab25f2b part=l_bracket_s0_c2 tier=0 ...
  run cfg-1ab25f2b part=l_bracket_s2_c0 tier=0 ...
  run cfg-1ab25f2b part=l_bracket_s2_c1 tier=0 ...
  run cfg-1ab25f2b part=l_bracket_s2_c2 tier=0 ...
  run cfg-1ab25f2b part=plate_notch_s0_c0 tier=0 ...
  run cfg-1ab25f2b part=plate_notch_s0_c1 tier=0 ...
  run cfg-1ab25f2b part=plate_notch_s0_c2 tier=0 ...
  run cfg-1ab25f2b part=plate_notch_s2_c0 tier=0 ...
  run cfg-1ab25f2b part=plate_notch_s2_c1 tier=0 ...
  run cfg-1ab25f2b part=plate_notch_s2_c2 tier=0 ...
  run cfg-1ab25f2b part=sphere_box_s0_c0 tier=0 ...
  run cfg-1ab25f2b part=sphere_box_s0_c1 tier=0 ...
  run cfg-1ab25f2b part=sphere_box_s0_c2 tier=0 ...
  run cfg-1ab25f2b part=sphere_box_s2_c0 tier=0 ...
  run cfg-1ab25f2b part=sphere_box_s2_c1 tier=0 ...
  run cfg-1ab25f2b part=sphere_box_s2_c2 tier=0 ...
  run cfg-1ab25f2b part=stepped_shaft_s0_c0 tier=0 ...
  run cfg-1ab25f2b part=stepped_shaft_s0_c1 tier=0 ...
  run cfg-1ab25f2b part=stepped_shaft_s0_c2 tier=0 ...
  run cfg-1ab25f2b part=stepped_shaft_s2_c0 tier=0 ...
  run cfg-1ab25f2b part=stepped_shaft_s2_c1 tier=0 ...
  run cfg-1ab25f2b part=stepped_shaft_s2_c2 tier=0 ...
wrote bench\campaigns\advisor-batch-3-s3\runs\cfg-1ab25f2b\box_hole_s0_c0\t0\wire.png
wrote bench\campaigns\advisor-batch-3-s3\runs\cfg-1ab25f2b\box_hole_s0_c1\t0\wire.png
wrote bench\campaigns\advisor-batch-3-s3\runs\cfg-1ab25f2b\box_hole_s0_c2\t0\wire.png
wrote bench\campaigns\advisor-batch-3-s3\runs\cfg-1ab25f2b\channel_s0_c0\t0\wire.png
wrote bench\campaigns\advisor-batch-3-s3\runs\cfg-1ab25f2b\channel_s0_c1\t0\wire.png
wrote bench\campaigns\advisor-batch-3-s3\runs\cfg-1ab25f2b\channel_s0_c2\t0\wire.png
wrote bench\campaigns\advisor-batch-3-s3\runs\cfg-1ab25f2b\l_bracket_s0_c0\t0\wire.png
wrote bench\campaigns\advisor-batch-3-s3\runs\cfg-1ab25f2b\l_bracket_s0_c1\t0\wire.png
wrote bench\campaigns\advisor-batch-3-s3\runs\cfg-1ab25f2b\l_bracket_s0_c2\t0\wire.png
wrote bench\campaigns\advisor-batch-3-s3\runs\cfg-1ab25f2b\l_bracket_s2_c0\t0\wire.png
wrote bench\campaigns\advisor-batch-3-s3\runs\cfg-1ab25f2b\l_bracket_s2_c1\t0\wire.png
wrote bench\campaigns\advisor-batch-3-s3\runs\cfg-1ab25f2b\l_bracket_s2_c2\t0\wire.png
wrote bench\campaigns\advisor-batch-3-s3\runs\cfg-1ab25f2b\plate_notch_s0_c0\t0\wire.png
wrote bench\campaigns\advisor-batch-3-s3\runs\cfg-1ab25f2b\plate_notch_s0_c1\t0\wire.png
wrote bench\campaigns\advisor-batch-3-s3\runs\cfg-1ab25f2b\plate_notch_s0_c2\t0\wire.png
wrote bench\campaigns\advisor-batch-3-s3\runs\cfg-1ab25f2b\plate_notch_s2_c0\t0\wire.png
wrote bench\campaigns\advisor-batch-3-s3\runs\cfg-1ab25f2b\plate_notch_s2_c1\t0\wire.png
wrote bench\campaigns\advisor-batch-3-s3\runs\cfg-1ab25f2b\plate_notch_s2_c2\t0\wire.png
wrote bench\campaigns\advisor-batch-3-s3\runs\cfg-6b320550\box_hole_s0_c0\t0\wire.png
wrote bench\campaigns\advisor-batch-3-s3\runs\cfg-6b320550\box_hole_s0_c1\t0\wire.png
wrote bench\campaigns\advisor-batch-3-s3\runs\cfg-6b320550\box_hole_s0_c2\t0\wire.png
wrote bench\campaigns\advisor-batch-3-s3\runs\cfg-6b320550\channel_s0_c0\t0\wire.png
wrote bench\campaigns\advisor-batch-3-s3\runs\cfg-6b320550\channel_s0_c1\t0\wire.png
wrote bench\campaigns\advisor-batch-3-s3\runs\cfg-6b320550\channel_s0_c2\t0\wire.png
wrote bench\campaigns\advisor-batch-3-s3\runs\cfg-6b320550\l_bracket_s0_c0\t0\wire.png
wrote bench\campaigns\advisor-batch-3-s3\runs\cfg-6b320550\l_bracket_s0_c1\t0\wire.png
wrote bench\campaigns\advisor-batch-3-s3\runs\cfg-6b320550\l_bracket_s0_c2\t0\wire.png
wrote bench\campaigns\advisor-batch-3-s3\runs\cfg-6b320550\l_bracket_s2_c0\t0\wire.png
wrote bench\campaigns\advisor-batch-3-s3\runs\cfg-6b320550\l_bracket_s2_c1\t0\wire.png
wrote bench\campaigns\advisor-batch-3-s3\runs\cfg-6b320550\l_bracket_s2_c2\t0\wire.png
wrote bench\campaigns\advisor-batch-3-s3\runs\cfg-6b320550\plate_notch_s0_c0\t0\wire.png
wrote bench\campaigns\advisor-batch-3-s3\runs\cfg-6b320550\plate_notch_s0_c1\t0\wire.png
wrote bench\campaigns\advisor-batch-3-s3\runs\cfg-6b320550\plate_notch_s0_c2\t0\wire.png
wrote bench\campaigns\advisor-batch-3-s3\runs\cfg-6b320550\plate_notch_s2_c0\t0\wire.png
wrote bench\campaigns\advisor-batch-3-s3\runs\cfg-6b320550\plate_notch_s2_c1\t0\wire.png
wrote bench\campaigns\advisor-batch-3-s3\runs\cfg-6b320550\plate_notch_s2_c2\t0\wire.png
wrote bench\campaigns\advisor-batch-3-s3\runs\cfg-9ab082c9\box_hole_s0_c0\t0\wire.png
wrote bench\campaigns\advisor-batch-3-s3\runs\cfg-9ab082c9\box_hole_s0_c1\t0\wire.png
wrote bench\campaigns\advisor-batch-3-s3\runs\cfg-9ab082c9\box_hole_s0_c2\t0\wire.png
wrote bench\campaigns\advisor-batch-3-s3\runs\cfg-9ab082c9\channel_s0_c0\t0\wire.png
wrote bench\campaigns\advisor-batch-3-s3\runs\cfg-9ab082c9\channel_s0_c1\t0\wire.png
wrote bench\campaigns\advisor-batch-3-s3\runs\cfg-9ab082c9\channel_s0_c2\t0\wire.png
wrote bench\campaigns\advisor-batch-3-s3\runs\cfg-9ab082c9\l_bracket_s0_c0\t0\wire.png
wrote bench\campaigns\advisor-batch-3-s3\runs\cfg-9ab082c9\l_bracket_s0_c1\t0\wire.png
wrote bench\campaigns\advisor-batch-3-s3\runs\cfg-9ab082c9\l_bracket_s0_c2\t0\wire.png
wrote bench\campaigns\advisor-batch-3-s3\runs\cfg-9ab082c9\l_bracket_s2_c0\t0\wire.png
wrote bench\campaigns\advisor-batch-3-s3\runs\cfg-9ab082c9\l_bracket_s2_c1\t0\wire.png
wrote bench\campaigns\advisor-batch-3-s3\runs\cfg-9ab082c9\l_bracket_s2_c2\t0\wire.png
wrote bench\campaigns\advisor-batch-3-s3\runs\cfg-9ab082c9\plate_notch_s0_c0\t0\wire.png
wrote bench\campaigns\advisor-batch-3-s3\runs\cfg-9ab082c9\plate_notch_s0_c1\t0\wire.png
wrote bench\campaigns\advisor-batch-3-s3\runs\cfg-9ab082c9\plate_notch_s0_c2\t0\wire.png
wrote bench\campaigns\advisor-batch-3-s3\runs\cfg-9ab082c9\plate_notch_s2_c0\t0\wire.png
wrote bench\campaigns\advisor-batch-3-s3\runs\cfg-9ab082c9\plate_notch_s2_c1\t0\wire.png
wrote bench\campaigns\advisor-batch-3-s3\runs\cfg-9ab082c9\plate_notch_s2_c2\t0\wire.png
wrote bench\campaigns\advisor-batch-3-s3\runs\cfg-bc1e79aa\box_hole_s0_c0\t0\wire.png
wrote bench\campaigns\advisor-batch-3-s3\runs\cfg-bc1e79aa\box_hole_s0_c1\t0\wire.png
wrote bench\campaigns\advisor-batch-3-s3\runs\cfg-bc1e79aa\box_hole_s0_c2\t0\wire.png
wrote bench\campaigns\advisor-batch-3-s3\runs\cfg-bc1e79aa\channel_s0_c0\t0\wire.png
wrote bench\campaigns\advisor-batch-3-s3\runs\cfg-bc1e79aa\channel_s0_c1\t0\wire.png
wrote bench\campaigns\advisor-batch-3-s3\runs\cfg-bc1e79aa\channel_s0_c2\t0\wire.png
wrote bench\campaigns\advisor-batch-3-s3\runs\cfg-bc1e79aa\l_bracket_s0_c0\t0\wire.png
wrote bench\campaigns\advisor-batch-3-s3\runs\cfg-bc1e79aa\l_bracket_s0_c1\t0\wire.png
wrote bench\campaigns\advisor-batch-3-s3\runs\cfg-bc1e79aa\l_bracket_s0_c2\t0\wire.png
wrote bench\campaigns\advisor-batch-3-s3\runs\cfg-bc1e79aa\l_bracket_s2_c0\t0\wire.png
wrote bench\campaigns\advisor-batch-3-s3\runs\cfg-bc1e79aa\l_bracket_s2_c1\t0\wire.png
wrote bench\campaigns\advisor-batch-3-s3\runs\cfg-bc1e79aa\l_bracket_s2_c2\t0\wire.png
wrote bench\campaigns\advisor-batch-3-s3\runs\cfg-bc1e79aa\plate_notch_s0_c0\t0\wire.png
wrote bench\campaigns\advisor-batch-3-s3\runs\cfg-bc1e79aa\plate_notch_s0_c1\t0\wire.png
wrote bench\campaigns\advisor-batch-3-s3\runs\cfg-bc1e79aa\plate_notch_s0_c2\t0\wire.png
wrote bench\campaigns\advisor-batch-3-s3\runs\cfg-bc1e79aa\plate_notch_s2_c0\t0\wire.png
wrote bench\campaigns\advisor-batch-3-s3\runs\cfg-bc1e79aa\plate_notch_s2_c1\t0\wire.png
wrote bench\campaigns\advisor-batch-3-s3\runs\cfg-bc1e79aa\plate_notch_s2_c2\t0\wire.png
warehouse_shots: 72 rendered, 0 skipped (exists), 0 failed (72 mesh.vtu total)
finished: 144 runs → C:\Users\Yakub\Desktop\Polyhedral-FEA\bench\campaigns\advisor-batch-3-s3\results.jsonl
=== exit 0 after 5474.7s
