
=== 2026-08-18T02:40:01Z OMP_NUM_THREADS=2 :: /home/hunter/Desktop/Polyhedral-FEA/build/apps/testlab/polymesh_testlab resume /home/hunter/Desktop/Polyhedral-FEA/bench/campaigns/advisor-batch-2-s4-hunter-pc
campaign advisor-batch-2-s4-hunter-pc: 32 configs, 36 parts, 1 tiers
  max_run_wall_s=180 (override all tiers)
  max_pack_wall_s=21600
tier 0: h_scale=1 keep_frac=1 survivors=5 max_run_wall_s=180
  run cfg-5615708d part=box_hole_s0_c0 tier=0 ...
  run cfg-5615708d part=box_hole_s0_c1 tier=0 ...
  run cfg-5615708d part=box_hole_s0_c2 tier=0 ...
  run cfg-5615708d part=box_hole_s2_c0 tier=0 ...
  run cfg-5615708d part=box_hole_s2_c1 tier=0 ...
  run cfg-5615708d part=box_hole_s2_c2 tier=0 ...
  run cfg-5615708d part=channel_s0_c0 tier=0 ...
  run cfg-5615708d part=channel_s0_c1 tier=0 ...
  run cfg-5615708d part=channel_s0_c2 tier=0 ...
  run cfg-5615708d part=channel_s2_c0 tier=0 ...
  run cfg-5615708d part=channel_s2_c1 tier=0 ...
  run cfg-5615708d part=channel_s2_c2 tier=0 ...
  run cfg-5615708d part=l_bracket_s0_c0 tier=0 ...
  run cfg-5615708d part=l_bracket_s0_c1 tier=0 ...
  run cfg-5615708d part=l_bracket_s0_c2 tier=0 ...
  run cfg-5615708d part=l_bracket_s2_c0 tier=0 ...
  run cfg-5615708d part=l_bracket_s2_c1 tier=0 ...
  run cfg-5615708d part=l_bracket_s2_c2 tier=0 ...
  run cfg-5615708d part=plate_notch_s0_c0 tier=0 ...
  run cfg-5615708d part=plate_notch_s0_c1 tier=0 ...
  run cfg-5615708d part=plate_notch_s0_c2 tier=0 ...
  run cfg-5615708d part=plate_notch_s2_c0 tier=0 ...
  run cfg-5615708d part=plate_notch_s2_c1 tier=0 ...
  run cfg-5615708d part=plate_notch_s2_c2 tier=0 ...
  run cfg-5615708d part=sphere_box_s0_c0 tier=0 ...
  run cfg-5615708d part=sphere_box_s0_c1 tier=0 ...
  run cfg-5615708d part=sphere_box_s0_c2 tier=0 ...
  run cfg-5615708d part=sphere_box_s2_c0 tier=0 ...
  run cfg-5615708d part=sphere_box_s2_c1 tier=0 ...
  run cfg-5615708d part=sphere_box_s2_c2 tier=0 ...
  run cfg-5615708d part=stepped_shaft_s0_c0 tier=0 ...
  run cfg-5615708d part=stepped_shaft_s0_c1 tier=0 ...
  run cfg-5615708d part=stepped_shaft_s0_c2 tier=0 ...
  run cfg-5615708d part=stepped_shaft_s2_c0 tier=0 ...
  run cfg-5615708d part=stepped_shaft_s2_c1 tier=0 ...
  run cfg-5615708d part=stepped_shaft_s2_c2 tier=0 ...
  run cfg-c3f7fc8f part=box_hole_s0_c0 tier=0 ...
  run cfg-c3f7fc8f part=box_hole_s0_c1 tier=0 ...
  run cfg-c3f7fc8f part=box_hole_s0_c2 tier=0 ...
  run cfg-c3f7fc8f part=box_hole_s2_c0 tier=0 ...
  run cfg-c3f7fc8f part=box_hole_s2_c1 tier=0 ...
  run cfg-c3f7fc8f part=box_hole_s2_c2 tier=0 ...
  run cfg-c3f7fc8f part=channel_s0_c0 tier=0 ...
  run cfg-c3f7fc8f part=channel_s0_c1 tier=0 ...
  run cfg-c3f7fc8f part=channel_s0_c2 tier=0 ...
  run cfg-c3f7fc8f part=channel_s2_c0 tier=0 ...
  run cfg-c3f7fc8f part=channel_s2_c1 tier=0 ...
  run cfg-c3f7fc8f part=channel_s2_c2 tier=0 ...
  run cfg-c3f7fc8f part=l_bracket_s0_c0 tier=0 ...
  run cfg-c3f7fc8f part=l_bracket_s0_c1 tier=0 ...
  run cfg-c3f7fc8f part=l_bracket_s0_c2 tier=0 ...
  run cfg-c3f7fc8f part=l_bracket_s2_c0 tier=0 ...
  run cfg-c3f7fc8f part=l_bracket_s2_c1 tier=0 ...
  run cfg-c3f7fc8f part=l_bracket_s2_c2 tier=0 ...
  run cfg-c3f7fc8f part=plate_notch_s0_c0 tier=0 ...
  run cfg-c3f7fc8f part=plate_notch_s0_c1 tier=0 ...
  run cfg-c3f7fc8f part=plate_notch_s0_c2 tier=0 ...
  run cfg-c3f7fc8f part=plate_notch_s2_c0 tier=0 ...
  run cfg-c3f7fc8f part=plate_notch_s2_c1 tier=0 ...
  run cfg-c3f7fc8f part=plate_notch_s2_c2 tier=0 ...
  run cfg-c3f7fc8f part=sphere_box_s0_c0 tier=0 ...
  run cfg-c3f7fc8f part=sphere_box_s0_c1 tier=0 ...
  run cfg-c3f7fc8f part=sphere_box_s0_c2 tier=0 ...
  run cfg-c3f7fc8f part=sphere_box_s2_c0 tier=0 ...
  run cfg-c3f7fc8f part=sphere_box_s2_c1 tier=0 ...
  run cfg-c3f7fc8f part=sphere_box_s2_c2 tier=0 ...
  run cfg-c3f7fc8f part=stepped_shaft_s0_c0 tier=0 ...
  run cfg-c3f7fc8f part=stepped_shaft_s0_c1 tier=0 ...
  run cfg-c3f7fc8f part=stepped_shaft_s0_c2 tier=0 ...
  run cfg-c3f7fc8f part=stepped_shaft_s2_c0 tier=0 ...
  run cfg-c3f7fc8f part=stepped_shaft_s2_c1 tier=0 ...
  run cfg-c3f7fc8f part=stepped_shaft_s2_c2 tier=0 ...
  run cfg-6547103a part=box_hole_s0_c0 tier=0 ...
  run cfg-6547103a part=box_hole_s0_c1 tier=0 ...
  run cfg-6547103a part=box_hole_s0_c2 tier=0 ...
  run cfg-6547103a part=box_hole_s2_c0 tier=0 ...
  run cfg-6547103a part=box_hole_s2_c1 tier=0 ...
  run cfg-6547103a part=box_hole_s2_c2 tier=0 ...
  run cfg-6547103a part=channel_s0_c0 tier=0 ...
  run cfg-6547103a part=channel_s0_c1 tier=0 ...
  run cfg-6547103a part=channel_s0_c2 tier=0 ...
  run cfg-6547103a part=channel_s2_c0 tier=0 ...
  run cfg-6547103a part=channel_s2_c1 tier=0 ...
  run cfg-6547103a part=channel_s2_c2 tier=0 ...
  run cfg-6547103a part=l_bracket_s0_c0 tier=0 ...
  run cfg-6547103a part=l_bracket_s0_c1 tier=0 ...
  run cfg-6547103a part=l_bracket_s0_c2 tier=0 ...
  run cfg-6547103a part=l_bracket_s2_c0 tier=0 ...
  run cfg-6547103a part=l_bracket_s2_c1 tier=0 ...
  run cfg-6547103a part=l_bracket_s2_c2 tier=0 ...
  run cfg-6547103a part=plate_notch_s0_c0 tier=0 ...
  run cfg-6547103a part=plate_notch_s0_c1 tier=0 ...
  run cfg-6547103a part=plate_notch_s0_c2 tier=0 ...
  run cfg-6547103a part=plate_notch_s2_c0 tier=0 ...
  run cfg-6547103a part=plate_notch_s2_c1 tier=0 ...
  run cfg-6547103a part=plate_notch_s2_c2 tier=0 ...
  run cfg-6547103a part=sphere_box_s0_c0 tier=0 ...
  run cfg-6547103a part=sphere_box_s0_c1 tier=0 ...
  run cfg-6547103a part=sphere_box_s0_c2 tier=0 ...
  run cfg-6547103a part=sphere_box_s2_c0 tier=0 ...
  run cfg-6547103a part=sphere_box_s2_c1 tier=0 ...
  run cfg-6547103a part=sphere_box_s2_c2 tier=0 ...
  run cfg-6547103a part=stepped_shaft_s0_c0 tier=0 ...
  run cfg-6547103a part=stepped_shaft_s0_c1 tier=0 ...
  run cfg-6547103a part=stepped_shaft_s0_c2 tier=0 ...
  run cfg-6547103a part=stepped_shaft_s2_c0 tier=0 ...
  run cfg-6547103a part=stepped_shaft_s2_c1 tier=0 ...
  run cfg-6547103a part=stepped_shaft_s2_c2 tier=0 ...
  run cfg-ac7d4883 part=box_hole_s0_c0 tier=0 ...
  run cfg-ac7d4883 part=box_hole_s0_c1 tier=0 ...
  run cfg-ac7d4883 part=box_hole_s0_c2 tier=0 ...
  run cfg-ac7d4883 part=box_hole_s2_c0 tier=0 ...
  run cfg-ac7d4883 part=box_hole_s2_c1 tier=0 ...
  run cfg-ac7d4883 part=box_hole_s2_c2 tier=0 ...
  run cfg-ac7d4883 part=channel_s0_c0 tier=0 ...
  run cfg-ac7d4883 part=channel_s0_c1 tier=0 ...
  run cfg-ac7d4883 part=channel_s0_c2 tier=0 ...
  run cfg-ac7d4883 part=channel_s2_c0 tier=0 ...
  run cfg-ac7d4883 part=channel_s2_c1 tier=0 ...
  run cfg-ac7d4883 part=channel_s2_c2 tier=0 ...
  run cfg-ac7d4883 part=l_bracket_s0_c0 tier=0 ...
  run cfg-ac7d4883 part=l_bracket_s0_c1 tier=0 ...
  run cfg-ac7d4883 part=l_bracket_s0_c2 tier=0 ...
  run cfg-ac7d4883 part=l_bracket_s2_c0 tier=0 ...
  run cfg-ac7d4883 part=l_bracket_s2_c1 tier=0 ...
  run cfg-ac7d4883 part=l_bracket_s2_c2 tier=0 ...
  run cfg-ac7d4883 part=plate_notch_s0_c0 tier=0 ...
  run cfg-ac7d4883 part=plate_notch_s0_c1 tier=0 ...
  run cfg-ac7d4883 part=plate_notch_s0_c2 tier=0 ...
  run cfg-ac7d4883 part=plate_notch_s2_c0 tier=0 ...
  run cfg-ac7d4883 part=plate_notch_s2_c1 tier=0 ...
  run cfg-ac7d4883 part=plate_notch_s2_c2 tier=0 ...
  run cfg-ac7d4883 part=sphere_box_s0_c0 tier=0 ...
  run cfg-ac7d4883 part=sphere_box_s0_c1 tier=0 ...
  run cfg-ac7d4883 part=sphere_box_s0_c2 tier=0 ...
  run cfg-ac7d4883 part=sphere_box_s2_c0 tier=0 ...
  run cfg-ac7d4883 part=sphere_box_s2_c1 tier=0 ...
  run cfg-ac7d4883 part=sphere_box_s2_c2 tier=0 ...
  run cfg-ac7d4883 part=stepped_shaft_s0_c0 tier=0 ...
  run cfg-ac7d4883 part=stepped_shaft_s0_c1 tier=0 ...
  run cfg-ac7d4883 part=stepped_shaft_s0_c2 tier=0 ...
  run cfg-ac7d4883 part=stepped_shaft_s2_c0 tier=0 ...
  run cfg-ac7d4883 part=stepped_shaft_s2_c1 tier=0 ...
  run cfg-ac7d4883 part=stepped_shaft_s2_c2 tier=0 ...
  run cfg-af234445 part=box_hole_s0_c0 tier=0 ...
  run cfg-af234445 part=box_hole_s0_c1 tier=0 ...
  run cfg-af234445 part=box_hole_s0_c2 tier=0 ...
  run cfg-af234445 part=box_hole_s2_c0 tier=0 ...
  run cfg-af234445 part=box_hole_s2_c1 tier=0 ...
  run cfg-af234445 part=box_hole_s2_c2 tier=0 ...
  run cfg-af234445 part=channel_s0_c0 tier=0 ...
  run cfg-af234445 part=channel_s0_c1 tier=0 ...
  run cfg-af234445 part=channel_s0_c2 tier=0 ...
  run cfg-af234445 part=channel_s2_c0 tier=0 ...
  run cfg-af234445 part=channel_s2_c1 tier=0 ...
  run cfg-af234445 part=channel_s2_c2 tier=0 ...
  run cfg-af234445 part=l_bracket_s0_c0 tier=0 ...
  run cfg-af234445 part=l_bracket_s0_c1 tier=0 ...
  run cfg-af234445 part=l_bracket_s0_c2 tier=0 ...
  run cfg-af234445 part=l_bracket_s2_c0 tier=0 ...
  run cfg-af234445 part=l_bracket_s2_c1 tier=0 ...
  run cfg-af234445 part=l_bracket_s2_c2 tier=0 ...
  run cfg-af234445 part=plate_notch_s0_c0 tier=0 ...
  run cfg-af234445 part=plate_notch_s0_c1 tier=0 ...
  run cfg-af234445 part=plate_notch_s0_c2 tier=0 ...
  run cfg-af234445 part=plate_notch_s2_c0 tier=0 ...
  run cfg-af234445 part=plate_notch_s2_c1 tier=0 ...
  run cfg-af234445 part=plate_notch_s2_c2 tier=0 ...
  run cfg-af234445 part=sphere_box_s0_c0 tier=0 ...
  run cfg-af234445 part=sphere_box_s0_c1 tier=0 ...
  run cfg-af234445 part=sphere_box_s0_c2 tier=0 ...
  run cfg-af234445 part=sphere_box_s2_c0 tier=0 ...
  run cfg-af234445 part=sphere_box_s2_c1 tier=0 ...
  run cfg-af234445 part=sphere_box_s2_c2 tier=0 ...
  run cfg-af234445 part=stepped_shaft_s0_c0 tier=0 ...
  run cfg-af234445 part=stepped_shaft_s0_c1 tier=0 ...
  run cfg-af234445 part=stepped_shaft_s0_c2 tier=0 ...
  run cfg-af234445 part=stepped_shaft_s2_c0 tier=0 ...
  run cfg-af234445 part=stepped_shaft_s2_c1 tier=0 ...
  run cfg-af234445 part=stepped_shaft_s2_c2 tier=0 ...
wrote bench/campaigns/advisor-batch-2-s4-hunter-pc/runs/cfg-5615708d/box_hole_s0_c0/t0/wire.png
wrote bench/campaigns/advisor-batch-2-s4-hunter-pc/runs/cfg-5615708d/box_hole_s0_c1/t0/wire.png
wrote bench/campaigns/advisor-batch-2-s4-hunter-pc/runs/cfg-5615708d/box_hole_s0_c2/t0/wire.png
wrote bench/campaigns/advisor-batch-2-s4-hunter-pc/runs/cfg-5615708d/channel_s0_c0/t0/wire.png
wrote bench/campaigns/advisor-batch-2-s4-hunter-pc/runs/cfg-5615708d/channel_s0_c1/t0/wire.png
wrote bench/campaigns/advisor-batch-2-s4-hunter-pc/runs/cfg-5615708d/channel_s0_c2/t0/wire.png
wrote bench/campaigns/advisor-batch-2-s4-hunter-pc/runs/cfg-5615708d/l_bracket_s0_c0/t0/wire.png
wrote bench/campaigns/advisor-batch-2-s4-hunter-pc/runs/cfg-5615708d/l_bracket_s0_c1/t0/wire.png
wrote bench/campaigns/advisor-batch-2-s4-hunter-pc/runs/cfg-5615708d/l_bracket_s0_c2/t0/wire.png
wrote bench/campaigns/advisor-batch-2-s4-hunter-pc/runs/cfg-5615708d/l_bracket_s2_c0/t0/wire.png
wrote bench/campaigns/advisor-batch-2-s4-hunter-pc/runs/cfg-5615708d/l_bracket_s2_c1/t0/wire.png
wrote bench/campaigns/advisor-batch-2-s4-hunter-pc/runs/cfg-5615708d/l_bracket_s2_c2/t0/wire.png
wrote bench/campaigns/advisor-batch-2-s4-hunter-pc/runs/cfg-5615708d/plate_notch_s0_c0/t0/wire.png
wrote bench/campaigns/advisor-batch-2-s4-hunter-pc/runs/cfg-5615708d/plate_notch_s0_c1/t0/wire.png
wrote bench/campaigns/advisor-batch-2-s4-hunter-pc/runs/cfg-5615708d/plate_notch_s0_c2/t0/wire.png
wrote bench/campaigns/advisor-batch-2-s4-hunter-pc/runs/cfg-5615708d/plate_notch_s2_c0/t0/wire.png
wrote bench/campaigns/advisor-batch-2-s4-hunter-pc/runs/cfg-5615708d/plate_notch_s2_c1/t0/wire.png
wrote bench/campaigns/advisor-batch-2-s4-hunter-pc/runs/cfg-5615708d/plate_notch_s2_c2/t0/wire.png
wrote bench/campaigns/advisor-batch-2-s4-hunter-pc/runs/cfg-5615708d/sphere_box_s0_c0/t0/wire.png
wrote bench/campaigns/advisor-batch-2-s4-hunter-pc/runs/cfg-5615708d/sphere_box_s0_c1/t0/wire.png
wrote bench/campaigns/advisor-batch-2-s4-hunter-pc/runs/cfg-5615708d/sphere_box_s0_c2/t0/wire.png
wrote bench/campaigns/advisor-batch-2-s4-hunter-pc/runs/cfg-5615708d/stepped_shaft_s0_c0/t0/wire.png
wrote bench/campaigns/advisor-batch-2-s4-hunter-pc/runs/cfg-5615708d/stepped_shaft_s0_c1/t0/wire.png
wrote bench/campaigns/advisor-batch-2-s4-hunter-pc/runs/cfg-5615708d/stepped_shaft_s0_c2/t0/wire.png
wrote bench/campaigns/advisor-batch-2-s4-hunter-pc/runs/cfg-5615708d/stepped_shaft_s2_c0/t0/wire.png
wrote bench/campaigns/advisor-batch-2-s4-hunter-pc/runs/cfg-5615708d/stepped_shaft_s2_c1/t0/wire.png
wrote bench/campaigns/advisor-batch-2-s4-hunter-pc/runs/cfg-5615708d/stepped_shaft_s2_c2/t0/wire.png
wrote bench/campaigns/advisor-batch-2-s4-hunter-pc/runs/cfg-6547103a/box_hole_s0_c0/t0/wire.png
wrote bench/campaigns/advisor-batch-2-s4-hunter-pc/runs/cfg-6547103a/box_hole_s0_c1/t0/wire.png
wrote bench/campaigns/advisor-batch-2-s4-hunter-pc/runs/cfg-6547103a/box_hole_s0_c2/t0/wire.png
wrote bench/campaigns/advisor-batch-2-s4-hunter-pc/runs/cfg-6547103a/channel_s0_c0/t0/wire.png
wrote bench/campaigns/advisor-batch-2-s4-hunter-pc/runs/cfg-6547103a/channel_s0_c1/t0/wire.png
wrote bench/campaigns/advisor-batch-2-s4-hunter-pc/runs/cfg-6547103a/channel_s0_c2/t0/wire.png
wrote bench/campaigns/advisor-batch-2-s4-hunter-pc/runs/cfg-6547103a/l_bracket_s0_c0/t0/wire.png
wrote bench/campaigns/advisor-batch-2-s4-hunter-pc/runs/cfg-6547103a/l_bracket_s0_c1/t0/wire.png
wrote bench/campaigns/advisor-batch-2-s4-hunter-pc/runs/cfg-6547103a/l_bracket_s0_c2/t0/wire.png
wrote bench/campaigns/advisor-batch-2-s4-hunter-pc/runs/cfg-6547103a/l_bracket_s2_c0/t0/wire.png
wrote bench/campaigns/advisor-batch-2-s4-hunter-pc/runs/cfg-6547103a/l_bracket_s2_c1/t0/wire.png
wrote bench/campaigns/advisor-batch-2-s4-hunter-pc/runs/cfg-6547103a/l_bracket_s2_c2/t0/wire.png
wrote bench/campaigns/advisor-batch-2-s4-hunter-pc/runs/cfg-6547103a/plate_notch_s0_c0/t0/wire.png
wrote bench/campaigns/advisor-batch-2-s4-hunter-pc/runs/cfg-6547103a/plate_notch_s0_c1/t0/wire.png
wrote bench/campaigns/advisor-batch-2-s4-hunter-pc/runs/cfg-6547103a/plate_notch_s0_c2/t0/wire.png
wrote bench/campaigns/advisor-batch-2-s4-hunter-pc/runs/cfg-6547103a/plate_notch_s2_c0/t0/wire.png
wrote bench/campaigns/advisor-batch-2-s4-hunter-pc/runs/cfg-6547103a/plate_notch_s2_c1/t0/wire.png
wrote bench/campaigns/advisor-batch-2-s4-hunter-pc/runs/cfg-6547103a/plate_notch_s2_c2/t0/wire.png
wrote bench/campaigns/advisor-batch-2-s4-hunter-pc/runs/cfg-6547103a/sphere_box_s0_c0/t0/wire.png
wrote bench/campaigns/advisor-batch-2-s4-hunter-pc/runs/cfg-6547103a/sphere_box_s0_c1/t0/wire.png
wrote bench/campaigns/advisor-batch-2-s4-hunter-pc/runs/cfg-6547103a/sphere_box_s0_c2/t0/wire.png
wrote bench/campaigns/advisor-batch-2-s4-hunter-pc/runs/cfg-6547103a/sphere_box_s2_c0/t0/wire.png
wrote bench/campaigns/advisor-batch-2-s4-hunter-pc/runs/cfg-6547103a/sphere_box_s2_c1/t0/wire.png
wrote bench/campaigns/advisor-batch-2-s4-hunter-pc/runs/cfg-6547103a/sphere_box_s2_c2/t0/wire.png
wrote bench/campaigns/advisor-batch-2-s4-hunter-pc/runs/cfg-ac7d4883/box_hole_s0_c0/t0/wire.png
wrote bench/campaigns/advisor-batch-2-s4-hunter-pc/runs/cfg-ac7d4883/box_hole_s0_c1/t0/wire.png
wrote bench/campaigns/advisor-batch-2-s4-hunter-pc/runs/cfg-ac7d4883/box_hole_s0_c2/t0/wire.png
wrote bench/campaigns/advisor-batch-2-s4-hunter-pc/runs/cfg-ac7d4883/channel_s0_c0/t0/wire.png
wrote bench/campaigns/advisor-batch-2-s4-hunter-pc/runs/cfg-ac7d4883/channel_s0_c1/t0/wire.png
wrote bench/campaigns/advisor-batch-2-s4-hunter-pc/runs/cfg-ac7d4883/channel_s0_c2/t0/wire.png
wrote bench/campaigns/advisor-batch-2-s4-hunter-pc/runs/cfg-ac7d4883/l_bracket_s0_c0/t0/wire.png
wrote bench/campaigns/advisor-batch-2-s4-hunter-pc/runs/cfg-ac7d4883/l_bracket_s0_c1/t0/wire.png
wrote bench/campaigns/advisor-batch-2-s4-hunter-pc/runs/cfg-ac7d4883/l_bracket_s0_c2/t0/wire.png
wrote bench/campaigns/advisor-batch-2-s4-hunter-pc/runs/cfg-ac7d4883/l_bracket_s2_c0/t0/wire.png
wrote bench/campaigns/advisor-batch-2-s4-hunter-pc/runs/cfg-ac7d4883/l_bracket_s2_c1/t0/wire.png
wrote bench/campaigns/advisor-batch-2-s4-hunter-pc/runs/cfg-ac7d4883/l_bracket_s2_c2/t0/wire.png
wrote bench/campaigns/advisor-batch-2-s4-hunter-pc/runs/cfg-ac7d4883/plate_notch_s0_c0/t0/wire.png
wrote bench/campaigns/advisor-batch-2-s4-hunter-pc/runs/cfg-ac7d4883/plate_notch_s0_c1/t0/wire.png
wrote bench/campaigns/advisor-batch-2-s4-hunter-pc/runs/cfg-ac7d4883/plate_notch_s0_c2/t0/wire.png
wrote bench/campaigns/advisor-batch-2-s4-hunter-pc/runs/cfg-ac7d4883/plate_notch_s2_c0/t0/wire.png
wrote bench/campaigns/advisor-batch-2-s4-hunter-pc/runs/cfg-ac7d4883/plate_notch_s2_c1/t0/wire.png
wrote bench/campaigns/advisor-batch-2-s4-hunter-pc/runs/cfg-ac7d4883/plate_notch_s2_c2/t0/wire.png
wrote bench/campaigns/advisor-batch-2-s4-hunter-pc/runs/cfg-ac7d4883/stepped_shaft_s0_c0/t0/wire.png
wrote bench/campaigns/advisor-batch-2-s4-hunter-pc/runs/cfg-ac7d4883/stepped_shaft_s0_c1/t0/wire.png
wrote bench/campaigns/advisor-batch-2-s4-hunter-pc/runs/cfg-ac7d4883/stepped_shaft_s0_c2/t0/wire.png
wrote bench/campaigns/advisor-batch-2-s4-hunter-pc/runs/cfg-ac7d4883/stepped_shaft_s2_c0/t0/wire.png
wrote bench/campaigns/advisor-batch-2-s4-hunter-pc/runs/cfg-ac7d4883/stepped_shaft_s2_c1/t0/wire.png
wrote bench/campaigns/advisor-batch-2-s4-hunter-pc/runs/cfg-ac7d4883/stepped_shaft_s2_c2/t0/wire.png
wrote bench/campaigns/advisor-batch-2-s4-hunter-pc/runs/cfg-af234445/box_hole_s0_c0/t0/wire.png
wrote bench/campaigns/advisor-batch-2-s4-hunter-pc/runs/cfg-af234445/box_hole_s0_c1/t0/wire.png
wrote bench/campaigns/advisor-batch-2-s4-hunter-pc/runs/cfg-af234445/box_hole_s0_c2/t0/wire.png
wrote bench/campaigns/advisor-batch-2-s4-hunter-pc/runs/cfg-af234445/channel_s0_c0/t0/wire.png
wrote bench/campaigns/advisor-batch-2-s4-hunter-pc/runs/cfg-af234445/channel_s0_c1/t0/wire.png
wrote bench/campaigns/advisor-batch-2-s4-hunter-pc/runs/cfg-af234445/channel_s0_c2/t0/wire.png
wrote bench/campaigns/advisor-batch-2-s4-hunter-pc/runs/cfg-af234445/l_bracket_s0_c0/t0/wire.png
wrote bench/campaigns/advisor-batch-2-s4-hunter-pc/runs/cfg-af234445/l_bracket_s0_c1/t0/wire.png
wrote bench/campaigns/advisor-batch-2-s4-hunter-pc/runs/cfg-af234445/l_bracket_s0_c2/t0/wire.png
wrote bench/campaigns/advisor-batch-2-s4-hunter-pc/runs/cfg-af234445/l_bracket_s2_c0/t0/wire.png
wrote bench/campaigns/advisor-batch-2-s4-hunter-pc/runs/cfg-af234445/l_bracket_s2_c1/t0/wire.png
wrote bench/campaigns/advisor-batch-2-s4-hunter-pc/runs/cfg-af234445/l_bracket_s2_c2/t0/wire.png
wrote bench/campaigns/advisor-batch-2-s4-hunter-pc/runs/cfg-af234445/plate_notch_s0_c0/t0/wire.png
wrote bench/campaigns/advisor-batch-2-s4-hunter-pc/runs/cfg-af234445/plate_notch_s0_c1/t0/wire.png
wrote bench/campaigns/advisor-batch-2-s4-hunter-pc/runs/cfg-af234445/plate_notch_s0_c2/t0/wire.png
wrote bench/campaigns/advisor-batch-2-s4-hunter-pc/runs/cfg-af234445/plate_notch_s2_c0/t0/wire.png
wrote bench/campaigns/advisor-batch-2-s4-hunter-pc/runs/cfg-af234445/plate_notch_s2_c1/t0/wire.png
wrote bench/campaigns/advisor-batch-2-s4-hunter-pc/runs/cfg-af234445/plate_notch_s2_c2/t0/wire.png
wrote bench/campaigns/advisor-batch-2-s4-hunter-pc/runs/cfg-af234445/sphere_box_s0_c0/t0/wire.png
wrote bench/campaigns/advisor-batch-2-s4-hunter-pc/runs/cfg-af234445/sphere_box_s0_c1/t0/wire.png
wrote bench/campaigns/advisor-batch-2-s4-hunter-pc/runs/cfg-af234445/sphere_box_s0_c2/t0/wire.png
wrote bench/campaigns/advisor-batch-2-s4-hunter-pc/runs/cfg-af234445/sphere_box_s2_c0/t0/wire.png
wrote bench/campaigns/advisor-batch-2-s4-hunter-pc/runs/cfg-af234445/sphere_box_s2_c1/t0/wire.png
wrote bench/campaigns/advisor-batch-2-s4-hunter-pc/runs/cfg-af234445/sphere_box_s2_c2/t0/wire.png
wrote bench/campaigns/advisor-batch-2-s4-hunter-pc/runs/cfg-af234445/stepped_shaft_s0_c0/t0/wire.png
wrote bench/campaigns/advisor-batch-2-s4-hunter-pc/runs/cfg-af234445/stepped_shaft_s0_c1/t0/wire.png
wrote bench/campaigns/advisor-batch-2-s4-hunter-pc/runs/cfg-af234445/stepped_shaft_s0_c2/t0/wire.png
wrote bench/campaigns/advisor-batch-2-s4-hunter-pc/runs/cfg-af234445/stepped_shaft_s2_c0/t0/wire.png
wrote bench/campaigns/advisor-batch-2-s4-hunter-pc/runs/cfg-af234445/stepped_shaft_s2_c1/t0/wire.png
wrote bench/campaigns/advisor-batch-2-s4-hunter-pc/runs/cfg-af234445/stepped_shaft_s2_c2/t0/wire.png
wrote bench/campaigns/advisor-batch-2-s4-hunter-pc/runs/cfg-c3f7fc8f/box_hole_s0_c0/t0/wire.png
wrote bench/campaigns/advisor-batch-2-s4-hunter-pc/runs/cfg-c3f7fc8f/box_hole_s0_c1/t0/wire.png
wrote bench/campaigns/advisor-batch-2-s4-hunter-pc/runs/cfg-c3f7fc8f/box_hole_s0_c2/t0/wire.png
wrote bench/campaigns/advisor-batch-2-s4-hunter-pc/runs/cfg-c3f7fc8f/channel_s0_c0/t0/wire.png
wrote bench/campaigns/advisor-batch-2-s4-hunter-pc/runs/cfg-c3f7fc8f/channel_s0_c1/t0/wire.png
wrote bench/campaigns/advisor-batch-2-s4-hunter-pc/runs/cfg-c3f7fc8f/channel_s0_c2/t0/wire.png
wrote bench/campaigns/advisor-batch-2-s4-hunter-pc/runs/cfg-c3f7fc8f/l_bracket_s0_c0/t0/wire.png
wrote bench/campaigns/advisor-batch-2-s4-hunter-pc/runs/cfg-c3f7fc8f/l_bracket_s0_c1/t0/wire.png
wrote bench/campaigns/advisor-batch-2-s4-hunter-pc/runs/cfg-c3f7fc8f/l_bracket_s0_c2/t0/wire.png
wrote bench/campaigns/advisor-batch-2-s4-hunter-pc/runs/cfg-c3f7fc8f/l_bracket_s2_c0/t0/wire.png
wrote bench/campaigns/advisor-batch-2-s4-hunter-pc/runs/cfg-c3f7fc8f/l_bracket_s2_c1/t0/wire.png
wrote bench/campaigns/advisor-batch-2-s4-hunter-pc/runs/cfg-c3f7fc8f/l_bracket_s2_c2/t0/wire.png
wrote bench/campaigns/advisor-batch-2-s4-hunter-pc/runs/cfg-c3f7fc8f/plate_notch_s0_c0/t0/wire.png
wrote bench/campaigns/advisor-batch-2-s4-hunter-pc/runs/cfg-c3f7fc8f/plate_notch_s0_c1/t0/wire.png
wrote bench/campaigns/advisor-batch-2-s4-hunter-pc/runs/cfg-c3f7fc8f/plate_notch_s0_c2/t0/wire.png
wrote bench/campaigns/advisor-batch-2-s4-hunter-pc/runs/cfg-c3f7fc8f/plate_notch_s2_c0/t0/wire.png
wrote bench/campaigns/advisor-batch-2-s4-hunter-pc/runs/cfg-c3f7fc8f/plate_notch_s2_c1/t0/wire.png
wrote bench/campaigns/advisor-batch-2-s4-hunter-pc/runs/cfg-c3f7fc8f/plate_notch_s2_c2/t0/wire.png
warehouse_shots: 123 rendered, 0 skipped (exists), 0 failed (123 mesh.vtu total)
finished: 180 runs → /home/hunter/Desktop/Polyhedral-FEA/bench/campaigns/advisor-batch-2-s4-hunter-pc/results.jsonl
=== exit 0 after 1675.8s
