
=== 2026-08-14T18:06:33Z OMP_NUM_THREADS=2 :: /home/liveuser/Polyhedral-FEA/build/apps/testlab/polymesh_testlab resume /home/liveuser/Polyhedral-FEA/bench/campaigns/advisor-batch-4-s1-livingroom-pc
campaign advisor-batch-4-s1-livingroom-pc: 2 configs, 6 parts, 1 tiers
  max_run_wall_s=180 (override all tiers)
  max_pack_wall_s=21600
tier 0: h_scale=1 keep_frac=1 survivors=1 max_run_wall_s=180
  run cfg-821713a4 part=plate_notch_s0_c0 tier=0 ...
  run cfg-821713a4 part=plate_notch_s0_c1 tier=0 ...
  run cfg-821713a4 part=plate_notch_s0_c2 tier=0 ...
  run cfg-821713a4 part=plate_notch_s2_c0 tier=0 ...
  run cfg-821713a4 part=plate_notch_s2_c1 tier=0 ...
  run cfg-821713a4 part=plate_notch_s2_c2 tier=0 ...
wrote bench/campaigns/advisor-batch-4-s1-livingroom-pc/runs/cfg-821713a4/plate_notch_s0_c0/t0/wire.png
wrote bench/campaigns/advisor-batch-4-s1-livingroom-pc/runs/cfg-821713a4/plate_notch_s0_c1/t0/wire.png
wrote bench/campaigns/advisor-batch-4-s1-livingroom-pc/runs/cfg-821713a4/plate_notch_s0_c2/t0/wire.png
wrote bench/campaigns/advisor-batch-4-s1-livingroom-pc/runs/cfg-821713a4/plate_notch_s2_c0/t0/wire.png
wrote bench/campaigns/advisor-batch-4-s1-livingroom-pc/runs/cfg-821713a4/plate_notch_s2_c1/t0/wire.png
wrote bench/campaigns/advisor-batch-4-s1-livingroom-pc/runs/cfg-821713a4/plate_notch_s2_c2/t0/wire.png
warehouse_shots: 6 rendered, 0 skipped (exists), 0 failed (6 mesh.vtu total)
finished: 6 runs → /home/liveuser/Polyhedral-FEA/bench/campaigns/advisor-batch-4-s1-livingroom-pc/results.jsonl
=== exit 0 after 87.3s

=== 2026-08-14T19:25:22Z OMP_NUM_THREADS=2 :: /home/liveuser/Polyhedral-FEA/build/apps/testlab/polymesh_testlab resume /home/liveuser/Polyhedral-FEA/bench/campaigns/advisor-batch-4-s1-livingroom-pc
campaign advisor-batch-4-s1-livingroom-pc: 2 configs, 6 parts, 1 tiers
  max_run_wall_s=180 (override all tiers)
  max_pack_wall_s=21600
tier 0: h_scale=1 keep_frac=1 survivors=1 max_run_wall_s=180
  run cfg-821713a4 part=sphere_box_s0_c0 tier=0 ...
  run cfg-821713a4 part=sphere_box_s0_c1 tier=0 ...
  run cfg-821713a4 part=sphere_box_s0_c2 tier=0 ...
  run cfg-821713a4 part=sphere_box_s2_c0 tier=0 ...
  run cfg-821713a4 part=sphere_box_s2_c1 tier=0 ...
  run cfg-821713a4 part=sphere_box_s2_c2 tier=0 ...
wrote bench/campaigns/advisor-batch-4-s1-livingroom-pc/runs/cfg-821713a4/sphere_box_s0_c0/t0/wire.png
wrote bench/campaigns/advisor-batch-4-s1-livingroom-pc/runs/cfg-821713a4/sphere_box_s0_c1/t0/wire.png
wrote bench/campaigns/advisor-batch-4-s1-livingroom-pc/runs/cfg-821713a4/sphere_box_s0_c2/t0/wire.png
warehouse_shots: 3 rendered, 6 skipped (exists), 0 failed (9 mesh.vtu total)
finished: 6 runs → /home/liveuser/Polyhedral-FEA/bench/campaigns/advisor-batch-4-s1-livingroom-pc/results.jsonl
=== exit 0 after 342.0s

=== 2026-08-14T19:31:18Z OMP_NUM_THREADS=2 :: /home/liveuser/Polyhedral-FEA/build/apps/testlab/polymesh_testlab resume /home/liveuser/Polyhedral-FEA/bench/campaigns/advisor-batch-4-s1-livingroom-pc
campaign advisor-batch-4-s1-livingroom-pc: 2 configs, 6 parts, 1 tiers
  max_run_wall_s=180 (override all tiers)
  max_pack_wall_s=21600
tier 0: h_scale=1 keep_frac=1 survivors=1 max_run_wall_s=180
  run cfg-821713a4 part=stepped_shaft_s0_c0 tier=0 ...
  run cfg-821713a4 part=stepped_shaft_s0_c1 tier=0 ...
  run cfg-821713a4 part=stepped_shaft_s0_c2 tier=0 ...
  run cfg-821713a4 part=stepped_shaft_s2_c0 tier=0 ...
  run cfg-821713a4 part=stepped_shaft_s2_c1 tier=0 ...
  run cfg-821713a4 part=stepped_shaft_s2_c2 tier=0 ...
wrote bench/campaigns/advisor-batch-4-s1-livingroom-pc/runs/cfg-821713a4/stepped_shaft_s0_c0/t0/wire.png
wrote bench/campaigns/advisor-batch-4-s1-livingroom-pc/runs/cfg-821713a4/stepped_shaft_s2_c0/t0/wire.png
wrote bench/campaigns/advisor-batch-4-s1-livingroom-pc/runs/cfg-821713a4/stepped_shaft_s2_c1/t0/wire.png
wrote bench/campaigns/advisor-batch-4-s1-livingroom-pc/runs/cfg-821713a4/stepped_shaft_s2_c2/t0/wire.png
warehouse_shots: 4 rendered, 9 skipped (exists), 0 failed (13 mesh.vtu total)
finished: 6 runs → /home/liveuser/Polyhedral-FEA/bench/campaigns/advisor-batch-4-s1-livingroom-pc/results.jsonl
=== exit 0 after 664.6s

=== 2026-08-14T20:18:58Z OMP_NUM_THREADS=2 :: /home/liveuser/Polyhedral-FEA/build/apps/testlab/polymesh_testlab resume /home/liveuser/Polyhedral-FEA/bench/campaigns/advisor-batch-4-s1-livingroom-pc
campaign advisor-batch-4-s1-livingroom-pc: 2 configs, 6 parts, 1 tiers
  max_run_wall_s=180 (override all tiers)
  max_pack_wall_s=21600
tier 0: h_scale=1 keep_frac=1 survivors=1 max_run_wall_s=180
  run cfg-821713a4 part=l_bracket_s0_c0 tier=0 ...
  run cfg-821713a4 part=l_bracket_s0_c1 tier=0 ...
  run cfg-821713a4 part=l_bracket_s0_c2 tier=0 ...
  run cfg-821713a4 part=l_bracket_s2_c0 tier=0 ...
  run cfg-821713a4 part=l_bracket_s2_c1 tier=0 ...
  run cfg-821713a4 part=l_bracket_s2_c2 tier=0 ...
wrote bench/campaigns/advisor-batch-4-s1-livingroom-pc/runs/cfg-821713a4/l_bracket_s0_c0/t0/wire.png
wrote bench/campaigns/advisor-batch-4-s1-livingroom-pc/runs/cfg-821713a4/l_bracket_s0_c1/t0/wire.png
wrote bench/campaigns/advisor-batch-4-s1-livingroom-pc/runs/cfg-821713a4/l_bracket_s0_c2/t0/wire.png
wrote bench/campaigns/advisor-batch-4-s1-livingroom-pc/runs/cfg-821713a4/l_bracket_s2_c0/t0/wire.png
wrote bench/campaigns/advisor-batch-4-s1-livingroom-pc/runs/cfg-821713a4/l_bracket_s2_c1/t0/wire.png
wrote bench/campaigns/advisor-batch-4-s1-livingroom-pc/runs/cfg-821713a4/l_bracket_s2_c2/t0/wire.png
warehouse_shots: 6 rendered, 13 skipped (exists), 0 failed (19 mesh.vtu total)
finished: 6 runs → /home/liveuser/Polyhedral-FEA/bench/campaigns/advisor-batch-4-s1-livingroom-pc/results.jsonl
=== exit 0 after 38.8s
