
=== 2026-08-14T18:01:01Z OMP_NUM_THREADS=2 :: /home/liveuser/Polyhedral-FEA/build/apps/testlab/polymesh_testlab resume /home/liveuser/Polyhedral-FEA/bench/campaigns/advisor-batch-2-s2-livingroom-pc
campaign advisor-batch-2-s2-livingroom-pc: 32 configs, 6 parts, 1 tiers
  max_run_wall_s=180 (override all tiers)
  max_pack_wall_s=21600
tier 0: h_scale=1 keep_frac=1 survivors=8 max_run_wall_s=180
  run cfg-16e7c9c4 part=plate_notch_s0_c0 tier=0 ...
  run cfg-16e7c9c4 part=plate_notch_s0_c1 tier=0 ...
  run cfg-16e7c9c4 part=plate_notch_s0_c2 tier=0 ...
  run cfg-16e7c9c4 part=plate_notch_s2_c0 tier=0 ...
  run cfg-16e7c9c4 part=plate_notch_s2_c1 tier=0 ...
  run cfg-16e7c9c4 part=plate_notch_s2_c2 tier=0 ...
  run cfg-169e43de part=plate_notch_s0_c0 tier=0 ...
  run cfg-169e43de part=plate_notch_s0_c1 tier=0 ...
  run cfg-169e43de part=plate_notch_s0_c2 tier=0 ...
  run cfg-169e43de part=plate_notch_s2_c0 tier=0 ...
  run cfg-169e43de part=plate_notch_s2_c1 tier=0 ...
  run cfg-169e43de part=plate_notch_s2_c2 tier=0 ...
  run cfg-c3f7fc8f part=plate_notch_s0_c0 tier=0 ...
  run cfg-c3f7fc8f part=plate_notch_s0_c1 tier=0 ...
  run cfg-c3f7fc8f part=plate_notch_s0_c2 tier=0 ...
  run cfg-c3f7fc8f part=plate_notch_s2_c0 tier=0 ...
  run cfg-c3f7fc8f part=plate_notch_s2_c1 tier=0 ...
  run cfg-c3f7fc8f part=plate_notch_s2_c2 tier=0 ...
  run cfg-43e1efcd part=plate_notch_s0_c0 tier=0 ...
  run cfg-43e1efcd part=plate_notch_s0_c1 tier=0 ...
  run cfg-43e1efcd part=plate_notch_s0_c2 tier=0 ...
  run cfg-43e1efcd part=plate_notch_s2_c0 tier=0 ...
  run cfg-43e1efcd part=plate_notch_s2_c1 tier=0 ...
  run cfg-43e1efcd part=plate_notch_s2_c2 tier=0 ...
  run cfg-e61acb99 part=plate_notch_s0_c0 tier=0 ...
  run cfg-e61acb99 part=plate_notch_s0_c1 tier=0 ...
  run cfg-e61acb99 part=plate_notch_s0_c2 tier=0 ...
  run cfg-e61acb99 part=plate_notch_s2_c0 tier=0 ...
  run cfg-e61acb99 part=plate_notch_s2_c1 tier=0 ...
  run cfg-e61acb99 part=plate_notch_s2_c2 tier=0 ...
  run cfg-ac7d4883 part=plate_notch_s0_c0 tier=0 ...
  run cfg-ac7d4883 part=plate_notch_s0_c1 tier=0 ...
  run cfg-ac7d4883 part=plate_notch_s0_c2 tier=0 ...
  run cfg-ac7d4883 part=plate_notch_s2_c0 tier=0 ...
  run cfg-ac7d4883 part=plate_notch_s2_c1 tier=0 ...
  run cfg-ac7d4883 part=plate_notch_s2_c2 tier=0 ...
  run cfg-277b991c part=plate_notch_s0_c0 tier=0 ...
  run cfg-277b991c part=plate_notch_s0_c1 tier=0 ...
  run cfg-277b991c part=plate_notch_s0_c2 tier=0 ...
  run cfg-277b991c part=plate_notch_s2_c0 tier=0 ...
  run cfg-277b991c part=plate_notch_s2_c1 tier=0 ...
  run cfg-277b991c part=plate_notch_s2_c2 tier=0 ...
  run cfg-57078a16 part=plate_notch_s0_c0 tier=0 ...
  run cfg-57078a16 part=plate_notch_s0_c1 tier=0 ...
  run cfg-57078a16 part=plate_notch_s0_c2 tier=0 ...
  run cfg-57078a16 part=plate_notch_s2_c0 tier=0 ...
  run cfg-57078a16 part=plate_notch_s2_c1 tier=0 ...
  run cfg-57078a16 part=plate_notch_s2_c2 tier=0 ...
wrote bench/campaigns/advisor-batch-2-s2-livingroom-pc/runs/cfg-169e43de/plate_notch_s0_c0/t0/wire.png
wrote bench/campaigns/advisor-batch-2-s2-livingroom-pc/runs/cfg-169e43de/plate_notch_s0_c1/t0/wire.png
wrote bench/campaigns/advisor-batch-2-s2-livingroom-pc/runs/cfg-169e43de/plate_notch_s0_c2/t0/wire.png
wrote bench/campaigns/advisor-batch-2-s2-livingroom-pc/runs/cfg-169e43de/plate_notch_s2_c0/t0/wire.png
wrote bench/campaigns/advisor-batch-2-s2-livingroom-pc/runs/cfg-169e43de/plate_notch_s2_c1/t0/wire.png
wrote bench/campaigns/advisor-batch-2-s2-livingroom-pc/runs/cfg-169e43de/plate_notch_s2_c2/t0/wire.png
wrote bench/campaigns/advisor-batch-2-s2-livingroom-pc/runs/cfg-16e7c9c4/plate_notch_s0_c0/t0/wire.png
wrote bench/campaigns/advisor-batch-2-s2-livingroom-pc/runs/cfg-16e7c9c4/plate_notch_s0_c1/t0/wire.png
wrote bench/campaigns/advisor-batch-2-s2-livingroom-pc/runs/cfg-16e7c9c4/plate_notch_s0_c2/t0/wire.png
wrote bench/campaigns/advisor-batch-2-s2-livingroom-pc/runs/cfg-16e7c9c4/plate_notch_s2_c0/t0/wire.png
wrote bench/campaigns/advisor-batch-2-s2-livingroom-pc/runs/cfg-16e7c9c4/plate_notch_s2_c1/t0/wire.png
wrote bench/campaigns/advisor-batch-2-s2-livingroom-pc/runs/cfg-16e7c9c4/plate_notch_s2_c2/t0/wire.png
wrote bench/campaigns/advisor-batch-2-s2-livingroom-pc/runs/cfg-43e1efcd/plate_notch_s0_c0/t0/wire.png
wrote bench/campaigns/advisor-batch-2-s2-livingroom-pc/runs/cfg-43e1efcd/plate_notch_s0_c1/t0/wire.png
wrote bench/campaigns/advisor-batch-2-s2-livingroom-pc/runs/cfg-43e1efcd/plate_notch_s0_c2/t0/wire.png
wrote bench/campaigns/advisor-batch-2-s2-livingroom-pc/runs/cfg-43e1efcd/plate_notch_s2_c0/t0/wire.png
wrote bench/campaigns/advisor-batch-2-s2-livingroom-pc/runs/cfg-43e1efcd/plate_notch_s2_c1/t0/wire.png
wrote bench/campaigns/advisor-batch-2-s2-livingroom-pc/runs/cfg-43e1efcd/plate_notch_s2_c2/t0/wire.png
wrote bench/campaigns/advisor-batch-2-s2-livingroom-pc/runs/cfg-57078a16/plate_notch_s0_c0/t0/wire.png
wrote bench/campaigns/advisor-batch-2-s2-livingroom-pc/runs/cfg-57078a16/plate_notch_s0_c1/t0/wire.png
wrote bench/campaigns/advisor-batch-2-s2-livingroom-pc/runs/cfg-57078a16/plate_notch_s0_c2/t0/wire.png
wrote bench/campaigns/advisor-batch-2-s2-livingroom-pc/runs/cfg-57078a16/plate_notch_s2_c0/t0/wire.png
wrote bench/campaigns/advisor-batch-2-s2-livingroom-pc/runs/cfg-57078a16/plate_notch_s2_c1/t0/wire.png
wrote bench/campaigns/advisor-batch-2-s2-livingroom-pc/runs/cfg-57078a16/plate_notch_s2_c2/t0/wire.png
wrote bench/campaigns/advisor-batch-2-s2-livingroom-pc/runs/cfg-ac7d4883/plate_notch_s0_c0/t0/wire.png
wrote bench/campaigns/advisor-batch-2-s2-livingroom-pc/runs/cfg-ac7d4883/plate_notch_s0_c1/t0/wire.png
wrote bench/campaigns/advisor-batch-2-s2-livingroom-pc/runs/cfg-ac7d4883/plate_notch_s0_c2/t0/wire.png
wrote bench/campaigns/advisor-batch-2-s2-livingroom-pc/runs/cfg-ac7d4883/plate_notch_s2_c0/t0/wire.png
wrote bench/campaigns/advisor-batch-2-s2-livingroom-pc/runs/cfg-ac7d4883/plate_notch_s2_c1/t0/wire.png
wrote bench/campaigns/advisor-batch-2-s2-livingroom-pc/runs/cfg-ac7d4883/plate_notch_s2_c2/t0/wire.png
wrote bench/campaigns/advisor-batch-2-s2-livingroom-pc/runs/cfg-c3f7fc8f/plate_notch_s0_c0/t0/wire.png
wrote bench/campaigns/advisor-batch-2-s2-livingroom-pc/runs/cfg-c3f7fc8f/plate_notch_s0_c1/t0/wire.png
wrote bench/campaigns/advisor-batch-2-s2-livingroom-pc/runs/cfg-c3f7fc8f/plate_notch_s0_c2/t0/wire.png
wrote bench/campaigns/advisor-batch-2-s2-livingroom-pc/runs/cfg-c3f7fc8f/plate_notch_s2_c0/t0/wire.png
wrote bench/campaigns/advisor-batch-2-s2-livingroom-pc/runs/cfg-c3f7fc8f/plate_notch_s2_c1/t0/wire.png
wrote bench/campaigns/advisor-batch-2-s2-livingroom-pc/runs/cfg-c3f7fc8f/plate_notch_s2_c2/t0/wire.png
wrote bench/campaigns/advisor-batch-2-s2-livingroom-pc/runs/cfg-e61acb99/plate_notch_s0_c0/t0/wire.png
wrote bench/campaigns/advisor-batch-2-s2-livingroom-pc/runs/cfg-e61acb99/plate_notch_s0_c1/t0/wire.png
wrote bench/campaigns/advisor-batch-2-s2-livingroom-pc/runs/cfg-e61acb99/plate_notch_s0_c2/t0/wire.png
wrote bench/campaigns/advisor-batch-2-s2-livingroom-pc/runs/cfg-e61acb99/plate_notch_s2_c0/t0/wire.png
wrote bench/campaigns/advisor-batch-2-s2-livingroom-pc/runs/cfg-e61acb99/plate_notch_s2_c1/t0/wire.png
wrote bench/campaigns/advisor-batch-2-s2-livingroom-pc/runs/cfg-e61acb99/plate_notch_s2_c2/t0/wire.png
warehouse_shots: 42 rendered, 0 skipped (exists), 0 failed (42 mesh.vtu total)
finished: 48 runs → /home/liveuser/Polyhedral-FEA/bench/campaigns/advisor-batch-2-s2-livingroom-pc/results.jsonl
=== exit 0 after 112.7s

=== 2026-08-14T18:08:58Z OMP_NUM_THREADS=2 :: /home/liveuser/Polyhedral-FEA/build/apps/testlab/polymesh_testlab resume /home/liveuser/Polyhedral-FEA/bench/campaigns/advisor-batch-2-s2-livingroom-pc
campaign advisor-batch-2-s2-livingroom-pc: 32 configs, 6 parts, 1 tiers
  max_run_wall_s=180 (override all tiers)
  max_pack_wall_s=21600
tier 0: h_scale=1 keep_frac=1 survivors=8 max_run_wall_s=180
  run cfg-16e7c9c4 part=sphere_box_s0_c0 tier=0 ...
  run cfg-16e7c9c4 part=sphere_box_s0_c1 tier=0 ...
  run cfg-16e7c9c4 part=sphere_box_s0_c2 tier=0 ...
  run cfg-16e7c9c4 part=sphere_box_s2_c0 tier=0 ...
  run cfg-16e7c9c4 part=sphere_box_s2_c1 tier=0 ...
  run cfg-16e7c9c4 part=sphere_box_s2_c2 tier=0 ...
  run cfg-169e43de part=sphere_box_s0_c0 tier=0 ...
  run cfg-169e43de part=sphere_box_s0_c1 tier=0 ...
  run cfg-169e43de part=sphere_box_s0_c2 tier=0 ...
  run cfg-169e43de part=sphere_box_s2_c0 tier=0 ...
  run cfg-169e43de part=sphere_box_s2_c1 tier=0 ...
  run cfg-169e43de part=sphere_box_s2_c2 tier=0 ...
  run cfg-c3f7fc8f part=sphere_box_s0_c0 tier=0 ...
  run cfg-c3f7fc8f part=sphere_box_s0_c1 tier=0 ...
  run cfg-c3f7fc8f part=sphere_box_s0_c2 tier=0 ...
  run cfg-c3f7fc8f part=sphere_box_s2_c0 tier=0 ...
  run cfg-c3f7fc8f part=sphere_box_s2_c1 tier=0 ...
  run cfg-c3f7fc8f part=sphere_box_s2_c2 tier=0 ...
  run cfg-43e1efcd part=sphere_box_s0_c0 tier=0 ...
  run cfg-43e1efcd part=sphere_box_s0_c1 tier=0 ...
  run cfg-43e1efcd part=sphere_box_s0_c2 tier=0 ...
  run cfg-43e1efcd part=sphere_box_s2_c0 tier=0 ...
  run cfg-43e1efcd part=sphere_box_s2_c1 tier=0 ...
  run cfg-43e1efcd part=sphere_box_s2_c2 tier=0 ...
  run cfg-e61acb99 part=sphere_box_s0_c0 tier=0 ...
  run cfg-e61acb99 part=sphere_box_s0_c1 tier=0 ...
  run cfg-e61acb99 part=sphere_box_s0_c2 tier=0 ...
  run cfg-e61acb99 part=sphere_box_s2_c0 tier=0 ...
  run cfg-e61acb99 part=sphere_box_s2_c1 tier=0 ...
  run cfg-e61acb99 part=sphere_box_s2_c2 tier=0 ...
  run cfg-ac7d4883 part=sphere_box_s0_c0 tier=0 ...
  run cfg-ac7d4883 part=sphere_box_s0_c1 tier=0 ...
  run cfg-ac7d4883 part=sphere_box_s0_c2 tier=0 ...
  run cfg-ac7d4883 part=sphere_box_s2_c0 tier=0 ...
  run cfg-ac7d4883 part=sphere_box_s2_c1 tier=0 ...
  run cfg-ac7d4883 part=sphere_box_s2_c2 tier=0 ...
  run cfg-277b991c part=sphere_box_s0_c0 tier=0 ...
  run cfg-277b991c part=sphere_box_s0_c1 tier=0 ...
  run cfg-277b991c part=sphere_box_s0_c2 tier=0 ...
  run cfg-277b991c part=sphere_box_s2_c0 tier=0 ...
  run cfg-277b991c part=sphere_box_s2_c1 tier=0 ...
  run cfg-277b991c part=sphere_box_s2_c2 tier=0 ...
  run cfg-57078a16 part=sphere_box_s0_c0 tier=0 ...
  run cfg-57078a16 part=sphere_box_s0_c1 tier=0 ...
  run cfg-57078a16 part=sphere_box_s0_c2 tier=0 ...
  run cfg-57078a16 part=sphere_box_s2_c0 tier=0 ...
  run cfg-57078a16 part=sphere_box_s2_c1 tier=0 ...
  run cfg-57078a16 part=sphere_box_s2_c2 tier=0 ...
wrote bench/campaigns/advisor-batch-2-s2-livingroom-pc/runs/cfg-16e7c9c4/sphere_box_s0_c0/t0/wire.png
wrote bench/campaigns/advisor-batch-2-s2-livingroom-pc/runs/cfg-16e7c9c4/sphere_box_s0_c1/t0/wire.png
wrote bench/campaigns/advisor-batch-2-s2-livingroom-pc/runs/cfg-16e7c9c4/sphere_box_s0_c2/t0/wire.png
wrote bench/campaigns/advisor-batch-2-s2-livingroom-pc/runs/cfg-16e7c9c4/sphere_box_s2_c0/t0/wire.png
wrote bench/campaigns/advisor-batch-2-s2-livingroom-pc/runs/cfg-16e7c9c4/sphere_box_s2_c1/t0/wire.png
wrote bench/campaigns/advisor-batch-2-s2-livingroom-pc/runs/cfg-16e7c9c4/sphere_box_s2_c2/t0/wire.png
wrote bench/campaigns/advisor-batch-2-s2-livingroom-pc/runs/cfg-277b991c/sphere_box_s0_c0/t0/wire.png
wrote bench/campaigns/advisor-batch-2-s2-livingroom-pc/runs/cfg-277b991c/sphere_box_s0_c1/t0/wire.png
wrote bench/campaigns/advisor-batch-2-s2-livingroom-pc/runs/cfg-277b991c/sphere_box_s0_c2/t0/wire.png
wrote bench/campaigns/advisor-batch-2-s2-livingroom-pc/runs/cfg-277b991c/sphere_box_s2_c0/t0/wire.png
wrote bench/campaigns/advisor-batch-2-s2-livingroom-pc/runs/cfg-277b991c/sphere_box_s2_c1/t0/wire.png
wrote bench/campaigns/advisor-batch-2-s2-livingroom-pc/runs/cfg-277b991c/sphere_box_s2_c2/t0/wire.png
wrote bench/campaigns/advisor-batch-2-s2-livingroom-pc/runs/cfg-43e1efcd/sphere_box_s0_c0/t0/wire.png
wrote bench/campaigns/advisor-batch-2-s2-livingroom-pc/runs/cfg-43e1efcd/sphere_box_s0_c1/t0/wire.png
wrote bench/campaigns/advisor-batch-2-s2-livingroom-pc/runs/cfg-43e1efcd/sphere_box_s0_c2/t0/wire.png
wrote bench/campaigns/advisor-batch-2-s2-livingroom-pc/runs/cfg-43e1efcd/sphere_box_s2_c0/t0/wire.png
wrote bench/campaigns/advisor-batch-2-s2-livingroom-pc/runs/cfg-43e1efcd/sphere_box_s2_c1/t0/wire.png
wrote bench/campaigns/advisor-batch-2-s2-livingroom-pc/runs/cfg-43e1efcd/sphere_box_s2_c2/t0/wire.png
wrote bench/campaigns/advisor-batch-2-s2-livingroom-pc/runs/cfg-57078a16/sphere_box_s0_c0/t0/wire.png
wrote bench/campaigns/advisor-batch-2-s2-livingroom-pc/runs/cfg-57078a16/sphere_box_s0_c1/t0/wire.png
wrote bench/campaigns/advisor-batch-2-s2-livingroom-pc/runs/cfg-57078a16/sphere_box_s0_c2/t0/wire.png
wrote bench/campaigns/advisor-batch-2-s2-livingroom-pc/runs/cfg-57078a16/sphere_box_s2_c0/t0/wire.png
wrote bench/campaigns/advisor-batch-2-s2-livingroom-pc/runs/cfg-57078a16/sphere_box_s2_c1/t0/wire.png
wrote bench/campaigns/advisor-batch-2-s2-livingroom-pc/runs/cfg-57078a16/sphere_box_s2_c2/t0/wire.png
wrote bench/campaigns/advisor-batch-2-s2-livingroom-pc/runs/cfg-c3f7fc8f/sphere_box_s0_c0/t0/wire.png
wrote bench/campaigns/advisor-batch-2-s2-livingroom-pc/runs/cfg-c3f7fc8f/sphere_box_s0_c1/t0/wire.png
wrote bench/campaigns/advisor-batch-2-s2-livingroom-pc/runs/cfg-c3f7fc8f/sphere_box_s0_c2/t0/wire.png
wrote bench/campaigns/advisor-batch-2-s2-livingroom-pc/runs/cfg-c3f7fc8f/sphere_box_s2_c0/t0/wire.png
wrote bench/campaigns/advisor-batch-2-s2-livingroom-pc/runs/cfg-c3f7fc8f/sphere_box_s2_c1/t0/wire.png
wrote bench/campaigns/advisor-batch-2-s2-livingroom-pc/runs/cfg-c3f7fc8f/sphere_box_s2_c2/t0/wire.png
wrote bench/campaigns/advisor-batch-2-s2-livingroom-pc/runs/cfg-e61acb99/sphere_box_s0_c0/t0/wire.png
wrote bench/campaigns/advisor-batch-2-s2-livingroom-pc/runs/cfg-e61acb99/sphere_box_s0_c1/t0/wire.png
wrote bench/campaigns/advisor-batch-2-s2-livingroom-pc/runs/cfg-e61acb99/sphere_box_s0_c2/t0/wire.png
wrote bench/campaigns/advisor-batch-2-s2-livingroom-pc/runs/cfg-e61acb99/sphere_box_s2_c0/t0/wire.png
wrote bench/campaigns/advisor-batch-2-s2-livingroom-pc/runs/cfg-e61acb99/sphere_box_s2_c1/t0/wire.png
wrote bench/campaigns/advisor-batch-2-s2-livingroom-pc/runs/cfg-e61acb99/sphere_box_s2_c2/t0/wire.png
warehouse_shots: 36 rendered, 42 skipped (exists), 0 failed (78 mesh.vtu total)
finished: 48 runs → /home/liveuser/Polyhedral-FEA/bench/campaigns/advisor-batch-2-s2-livingroom-pc/results.jsonl
=== exit 0 after 2316.9s

=== 2026-08-14T19:31:05Z OMP_NUM_THREADS=2 :: /home/liveuser/Polyhedral-FEA/build/apps/testlab/polymesh_testlab resume /home/liveuser/Polyhedral-FEA/bench/campaigns/advisor-batch-2-s2-livingroom-pc
campaign advisor-batch-2-s2-livingroom-pc: 32 configs, 6 parts, 1 tiers
  max_run_wall_s=180 (override all tiers)
  max_pack_wall_s=21600
tier 0: h_scale=1 keep_frac=1 survivors=8 max_run_wall_s=180
  run cfg-16e7c9c4 part=stepped_shaft_s0_c0 tier=0 ...
  run cfg-16e7c9c4 part=stepped_shaft_s0_c1 tier=0 ...
  run cfg-16e7c9c4 part=stepped_shaft_s0_c2 tier=0 ...
  run cfg-16e7c9c4 part=stepped_shaft_s2_c0 tier=0 ...
  run cfg-16e7c9c4 part=stepped_shaft_s2_c1 tier=0 ...
  run cfg-16e7c9c4 part=stepped_shaft_s2_c2 tier=0 ...
  run cfg-169e43de part=stepped_shaft_s0_c0 tier=0 ...
  run cfg-169e43de part=stepped_shaft_s0_c1 tier=0 ...
  run cfg-169e43de part=stepped_shaft_s0_c2 tier=0 ...
  run cfg-169e43de part=stepped_shaft_s2_c0 tier=0 ...
  run cfg-169e43de part=stepped_shaft_s2_c1 tier=0 ...
  run cfg-169e43de part=stepped_shaft_s2_c2 tier=0 ...
  run cfg-c3f7fc8f part=stepped_shaft_s0_c0 tier=0 ...
  run cfg-c3f7fc8f part=stepped_shaft_s0_c1 tier=0 ...
  run cfg-c3f7fc8f part=stepped_shaft_s0_c2 tier=0 ...
  run cfg-c3f7fc8f part=stepped_shaft_s2_c0 tier=0 ...
  run cfg-c3f7fc8f part=stepped_shaft_s2_c1 tier=0 ...
  run cfg-c3f7fc8f part=stepped_shaft_s2_c2 tier=0 ...
  run cfg-43e1efcd part=stepped_shaft_s0_c0 tier=0 ...
  run cfg-43e1efcd part=stepped_shaft_s0_c1 tier=0 ...
  run cfg-43e1efcd part=stepped_shaft_s0_c2 tier=0 ...
  run cfg-43e1efcd part=stepped_shaft_s2_c0 tier=0 ...
  run cfg-43e1efcd part=stepped_shaft_s2_c1 tier=0 ...
  run cfg-43e1efcd part=stepped_shaft_s2_c2 tier=0 ...
  run cfg-e61acb99 part=stepped_shaft_s0_c0 tier=0 ...
  run cfg-e61acb99 part=stepped_shaft_s0_c1 tier=0 ...
  run cfg-e61acb99 part=stepped_shaft_s0_c2 tier=0 ...
  run cfg-e61acb99 part=stepped_shaft_s2_c0 tier=0 ...
  run cfg-e61acb99 part=stepped_shaft_s2_c1 tier=0 ...
  run cfg-e61acb99 part=stepped_shaft_s2_c2 tier=0 ...
  run cfg-ac7d4883 part=stepped_shaft_s0_c0 tier=0 ...
  run cfg-ac7d4883 part=stepped_shaft_s0_c1 tier=0 ...
  run cfg-ac7d4883 part=stepped_shaft_s0_c2 tier=0 ...
  run cfg-ac7d4883 part=stepped_shaft_s2_c0 tier=0 ...
  run cfg-ac7d4883 part=stepped_shaft_s2_c1 tier=0 ...
  run cfg-ac7d4883 part=stepped_shaft_s2_c2 tier=0 ...
  run cfg-277b991c part=stepped_shaft_s0_c0 tier=0 ...
  run cfg-277b991c part=stepped_shaft_s0_c1 tier=0 ...
  run cfg-277b991c part=stepped_shaft_s0_c2 tier=0 ...
  run cfg-277b991c part=stepped_shaft_s2_c0 tier=0 ...
  run cfg-277b991c part=stepped_shaft_s2_c1 tier=0 ...
  run cfg-277b991c part=stepped_shaft_s2_c2 tier=0 ...
  run cfg-57078a16 part=stepped_shaft_s0_c0 tier=0 ...
  run cfg-57078a16 part=stepped_shaft_s0_c1 tier=0 ...
  run cfg-57078a16 part=stepped_shaft_s0_c2 tier=0 ...
  run cfg-57078a16 part=stepped_shaft_s2_c0 tier=0 ...
  run cfg-57078a16 part=stepped_shaft_s2_c1 tier=0 ...
  run cfg-57078a16 part=stepped_shaft_s2_c2 tier=0 ...
warehouse_shots: 0 rendered, 78 skipped (exists), 0 failed (78 mesh.vtu total)
finished: 48 runs → /home/liveuser/Polyhedral-FEA/bench/campaigns/advisor-batch-2-s2-livingroom-pc/results.jsonl
=== exit 0 after 6.3s

=== 2026-08-14T20:17:02Z OMP_NUM_THREADS=2 :: /home/liveuser/Polyhedral-FEA/build/apps/testlab/polymesh_testlab resume /home/liveuser/Polyhedral-FEA/bench/campaigns/advisor-batch-2-s2-livingroom-pc
campaign advisor-batch-2-s2-livingroom-pc: 32 configs, 6 parts, 1 tiers
  max_run_wall_s=180 (override all tiers)
  max_pack_wall_s=21600
tier 0: h_scale=1 keep_frac=1 survivors=1 max_run_wall_s=180
  run cfg-57078a16 part=l_bracket_s0_c0 tier=0 ...
  run cfg-57078a16 part=l_bracket_s0_c1 tier=0 ...
  run cfg-57078a16 part=l_bracket_s0_c2 tier=0 ...
  run cfg-57078a16 part=l_bracket_s2_c0 tier=0 ...
  run cfg-57078a16 part=l_bracket_s2_c1 tier=0 ...
  run cfg-57078a16 part=l_bracket_s2_c2 tier=0 ...
wrote bench/campaigns/advisor-batch-2-s2-livingroom-pc/runs/cfg-57078a16/l_bracket_s0_c0/t0/wire.png
wrote bench/campaigns/advisor-batch-2-s2-livingroom-pc/runs/cfg-57078a16/l_bracket_s0_c1/t0/wire.png
wrote bench/campaigns/advisor-batch-2-s2-livingroom-pc/runs/cfg-57078a16/l_bracket_s0_c2/t0/wire.png
wrote bench/campaigns/advisor-batch-2-s2-livingroom-pc/runs/cfg-57078a16/l_bracket_s2_c0/t0/wire.png
wrote bench/campaigns/advisor-batch-2-s2-livingroom-pc/runs/cfg-57078a16/l_bracket_s2_c1/t0/wire.png
wrote bench/campaigns/advisor-batch-2-s2-livingroom-pc/runs/cfg-57078a16/l_bracket_s2_c2/t0/wire.png
warehouse_shots: 6 rendered, 78 skipped (exists), 0 failed (84 mesh.vtu total)
finished: 6 runs → /home/liveuser/Polyhedral-FEA/bench/campaigns/advisor-batch-2-s2-livingroom-pc/results.jsonl
=== exit 0 after 5.8s
