
=== 2026-08-18T02:17:43Z OMP_NUM_THREADS=2 :: /home/hunter/Desktop/Polyhedral-FEA/build/apps/testlab/polymesh_testlab resume /home/hunter/Desktop/Polyhedral-FEA/bench/campaigns/advisor-batch-1-s3-hunter-pc
campaign advisor-batch-1-s3-hunter-pc: 288 configs, 6 parts, 1 tiers
  max_run_wall_s=45 (override all tiers)
  max_pack_wall_s=86400
tier 0: h_scale=1 keep_frac=1 survivors=48 max_run_wall_s=45
  run cfg-c5352e83 part=smoke_bar tier=0 ...
  run cfg-c5352e83 part=plate_hole tier=0 ...
  run cfg-c5352e83 part=cantilever tier=0 ...
  run cfg-c5352e83 part=cylinder tier=0 ...
  run cfg-c5352e83 part=sphere tier=0 ...
  run cfg-c5352e83 part=icecream_cone tier=0 ...
  run cfg-ccd99376 part=smoke_bar tier=0 ...
  run cfg-ccd99376 part=plate_hole tier=0 ...
  run cfg-ccd99376 part=cantilever tier=0 ...
  run cfg-ccd99376 part=cylinder tier=0 ...
  run cfg-ccd99376 part=sphere tier=0 ...
  run cfg-ccd99376 part=icecream_cone tier=0 ...
  run cfg-e997b1be part=smoke_bar tier=0 ...
  run cfg-e997b1be part=plate_hole tier=0 ...
  run cfg-e997b1be part=cantilever tier=0 ...
  run cfg-e997b1be part=cylinder tier=0 ...
  run cfg-e997b1be part=sphere tier=0 ...
  run cfg-e997b1be part=icecream_cone tier=0 ...
  run cfg-26768af2 part=smoke_bar tier=0 ...
  run cfg-26768af2 part=plate_hole tier=0 ...
  run cfg-26768af2 part=cantilever tier=0 ...
  run cfg-26768af2 part=cylinder tier=0 ...
  run cfg-26768af2 part=sphere tier=0 ...
  run cfg-26768af2 part=icecream_cone tier=0 ...
  run cfg-c4d9bae4 part=smoke_bar tier=0 ...
  run cfg-c4d9bae4 part=plate_hole tier=0 ...
  run cfg-c4d9bae4 part=cantilever tier=0 ...
  run cfg-c4d9bae4 part=cylinder tier=0 ...
  run cfg-c4d9bae4 part=sphere tier=0 ...
  run cfg-c4d9bae4 part=icecream_cone tier=0 ...
  run cfg-4a7a5b13 part=smoke_bar tier=0 ...
  run cfg-4a7a5b13 part=plate_hole tier=0 ...
  run cfg-4a7a5b13 part=cantilever tier=0 ...
  run cfg-4a7a5b13 part=cylinder tier=0 ...
  run cfg-4a7a5b13 part=sphere tier=0 ...
  run cfg-4a7a5b13 part=icecream_cone tier=0 ...
  run cfg-a0f78aaf part=smoke_bar tier=0 ...
  run cfg-a0f78aaf part=plate_hole tier=0 ...
  run cfg-a0f78aaf part=cantilever tier=0 ...
  run cfg-a0f78aaf part=cylinder tier=0 ...
  run cfg-a0f78aaf part=sphere tier=0 ...
  run cfg-a0f78aaf part=icecream_cone tier=0 ...
  run cfg-1036e283 part=smoke_bar tier=0 ...
  run cfg-1036e283 part=plate_hole tier=0 ...
  run cfg-1036e283 part=cantilever tier=0 ...
  run cfg-1036e283 part=cylinder tier=0 ...
  run cfg-1036e283 part=sphere tier=0 ...
  run cfg-1036e283 part=icecream_cone tier=0 ...
  run cfg-9df5f2c0 part=smoke_bar tier=0 ...
  run cfg-9df5f2c0 part=plate_hole tier=0 ...
  run cfg-9df5f2c0 part=cantilever tier=0 ...
  run cfg-9df5f2c0 part=cylinder tier=0 ...
  run cfg-9df5f2c0 part=sphere tier=0 ...
  run cfg-9df5f2c0 part=icecream_cone tier=0 ...
  run cfg-6ba87f6f part=smoke_bar tier=0 ...
  run cfg-6ba87f6f part=plate_hole tier=0 ...
  run cfg-6ba87f6f part=cantilever tier=0 ...
  run cfg-6ba87f6f part=cylinder tier=0 ...
  run cfg-6ba87f6f part=sphere tier=0 ...
  run cfg-6ba87f6f part=icecream_cone tier=0 ...
  run cfg-cd218003 part=smoke_bar tier=0 ...
  run cfg-cd218003 part=plate_hole tier=0 ...
  run cfg-cd218003 part=cantilever tier=0 ...
  run cfg-cd218003 part=cylinder tier=0 ...
  run cfg-cd218003 part=sphere tier=0 ...
  run cfg-cd218003 part=icecream_cone tier=0 ...
  run cfg-d9231bff part=smoke_bar tier=0 ...
  run cfg-d9231bff part=plate_hole tier=0 ...
  run cfg-d9231bff part=cantilever tier=0 ...
  run cfg-d9231bff part=cylinder tier=0 ...
  run cfg-d9231bff part=sphere tier=0 ...
  run cfg-d9231bff part=icecream_cone tier=0 ...
  run cfg-e648507d part=smoke_bar tier=0 ...
  run cfg-e648507d part=plate_hole tier=0 ...
  run cfg-e648507d part=cantilever tier=0 ...
  run cfg-e648507d part=cylinder tier=0 ...
  run cfg-e648507d part=sphere tier=0 ...
  run cfg-e648507d part=icecream_cone tier=0 ...
  run cfg-1c7e40f4 part=smoke_bar tier=0 ...
  run cfg-1c7e40f4 part=plate_hole tier=0 ...
  run cfg-1c7e40f4 part=cantilever tier=0 ...
  run cfg-1c7e40f4 part=cylinder tier=0 ...
  run cfg-1c7e40f4 part=sphere tier=0 ...
  run cfg-1c7e40f4 part=icecream_cone tier=0 ...
  run cfg-fc8839ec part=smoke_bar tier=0 ...
  run cfg-fc8839ec part=plate_hole tier=0 ...
  run cfg-fc8839ec part=cantilever tier=0 ...
  run cfg-fc8839ec part=cylinder tier=0 ...
  run cfg-fc8839ec part=sphere tier=0 ...
  run cfg-fc8839ec part=icecream_cone tier=0 ...
  run cfg-8db857d0 part=smoke_bar tier=0 ...
  run cfg-8db857d0 part=plate_hole tier=0 ...
  run cfg-8db857d0 part=cantilever tier=0 ...
  run cfg-8db857d0 part=cylinder tier=0 ...
  run cfg-8db857d0 part=sphere tier=0 ...
  run cfg-8db857d0 part=icecream_cone tier=0 ...
  run cfg-3c34b7c0 part=smoke_bar tier=0 ...
  run cfg-3c34b7c0 part=plate_hole tier=0 ...
  run cfg-3c34b7c0 part=cantilever tier=0 ...
  run cfg-3c34b7c0 part=cylinder tier=0 ...
  run cfg-3c34b7c0 part=sphere tier=0 ...
  run cfg-3c34b7c0 part=icecream_cone tier=0 ...
  run cfg-50513e6f part=smoke_bar tier=0 ...
  run cfg-50513e6f part=plate_hole tier=0 ...
  run cfg-50513e6f part=cantilever tier=0 ...
  run cfg-50513e6f part=cylinder tier=0 ...
  run cfg-50513e6f part=sphere tier=0 ...
  run cfg-50513e6f part=icecream_cone tier=0 ...
  run cfg-b1ca3f03 part=smoke_bar tier=0 ...
  run cfg-b1ca3f03 part=plate_hole tier=0 ...
  run cfg-b1ca3f03 part=cantilever tier=0 ...
  run cfg-b1ca3f03 part=cylinder tier=0 ...
  run cfg-b1ca3f03 part=sphere tier=0 ...
  run cfg-b1ca3f03 part=icecream_cone tier=0 ...
  run cfg-e579faff part=smoke_bar tier=0 ...
  run cfg-e579faff part=plate_hole tier=0 ...
  run cfg-e579faff part=cantilever tier=0 ...
  run cfg-e579faff part=cylinder tier=0 ...
  run cfg-e579faff part=sphere tier=0 ...
  run cfg-e579faff part=icecream_cone tier=0 ...
  run cfg-caf10f7d part=smoke_bar tier=0 ...
  run cfg-caf10f7d part=plate_hole tier=0 ...
  run cfg-caf10f7d part=cantilever tier=0 ...
  run cfg-caf10f7d part=cylinder tier=0 ...
  run cfg-caf10f7d part=sphere tier=0 ...
  run cfg-caf10f7d part=icecream_cone tier=0 ...
  run cfg-a73acdf4 part=smoke_bar tier=0 ...
  run cfg-a73acdf4 part=plate_hole tier=0 ...
  run cfg-a73acdf4 part=cantilever tier=0 ...
  run cfg-a73acdf4 part=cylinder tier=0 ...
  run cfg-a73acdf4 part=sphere tier=0 ...
  run cfg-a73acdf4 part=icecream_cone tier=0 ...
  run cfg-8744c6ec part=smoke_bar tier=0 ...
  run cfg-8744c6ec part=plate_hole tier=0 ...
  run cfg-8744c6ec part=cantilever tier=0 ...
  run cfg-8744c6ec part=cylinder tier=0 ...
  run cfg-8744c6ec part=sphere tier=0 ...
  run cfg-8744c6ec part=icecream_cone tier=0 ...
  run cfg-855544d0 part=smoke_bar tier=0 ...
  run cfg-855544d0 part=plate_hole tier=0 ...
  run cfg-855544d0 part=cantilever tier=0 ...
  run cfg-855544d0 part=cylinder tier=0 ...
  run cfg-855544d0 part=sphere tier=0 ...
  run cfg-855544d0 part=icecream_cone tier=0 ...
  run cfg-b3a708f0 part=smoke_bar tier=0 ...
  run cfg-b3a708f0 part=plate_hole tier=0 ...
  run cfg-b3a708f0 part=cantilever tier=0 ...
  run cfg-b3a708f0 part=cylinder tier=0 ...
  run cfg-b3a708f0 part=sphere tier=0 ...
  run cfg-b3a708f0 part=icecream_cone tier=0 ...
  run cfg-f1652adf part=smoke_bar tier=0 ...
  run cfg-f1652adf part=plate_hole tier=0 ...
  run cfg-f1652adf part=cantilever tier=0 ...
  run cfg-f1652adf part=cylinder tier=0 ...
  run cfg-f1652adf part=sphere tier=0 ...
  run cfg-f1652adf part=icecream_cone tier=0 ...
  run cfg-74f6cf33 part=smoke_bar tier=0 ...
  run cfg-74f6cf33 part=plate_hole tier=0 ...
  run cfg-74f6cf33 part=cantilever tier=0 ...
  run cfg-74f6cf33 part=cylinder tier=0 ...
  run cfg-74f6cf33 part=sphere tier=0 ...
  run cfg-74f6cf33 part=icecream_cone tier=0 ...
  run cfg-adb1886f part=smoke_bar tier=0 ...
  run cfg-adb1886f part=plate_hole tier=0 ...
  run cfg-adb1886f part=cantilever tier=0 ...
  run cfg-adb1886f part=cylinder tier=0 ...
  run cfg-adb1886f part=sphere tier=0 ...
  run cfg-adb1886f part=icecream_cone tier=0 ...
  run cfg-878d918d part=smoke_bar tier=0 ...
  run cfg-878d918d part=plate_hole tier=0 ...
  run cfg-878d918d part=cantilever tier=0 ...
  run cfg-878d918d part=cylinder tier=0 ...
  run cfg-878d918d part=sphere tier=0 ...
  run cfg-878d918d part=icecream_cone tier=0 ...
  run cfg-9a7172c4 part=smoke_bar tier=0 ...
  run cfg-9a7172c4 part=plate_hole tier=0 ...
  run cfg-9a7172c4 part=cantilever tier=0 ...
  run cfg-9a7172c4 part=cylinder tier=0 ...
  run cfg-9a7172c4 part=sphere tier=0 ...
  run cfg-9a7172c4 part=icecream_cone tier=0 ...
  run cfg-cbe6647c part=smoke_bar tier=0 ...
  run cfg-cbe6647c part=plate_hole tier=0 ...
  run cfg-cbe6647c part=cantilever tier=0 ...
  run cfg-cbe6647c part=cylinder tier=0 ...
  run cfg-cbe6647c part=sphere tier=0 ...
  run cfg-cbe6647c part=icecream_cone tier=0 ...
  run cfg-20cf92e0 part=smoke_bar tier=0 ...
  run cfg-20cf92e0 part=plate_hole tier=0 ...
  run cfg-20cf92e0 part=cantilever tier=0 ...
  run cfg-20cf92e0 part=cylinder tier=0 ...
  run cfg-20cf92e0 part=sphere tier=0 ...
  run cfg-20cf92e0 part=icecream_cone tier=0 ...
  run cfg-2f1f809f part=smoke_bar tier=0 ...
  run cfg-2f1f809f part=plate_hole tier=0 ...
  run cfg-2f1f809f part=cantilever tier=0 ...
  run cfg-2f1f809f part=cylinder tier=0 ...
  run cfg-2f1f809f part=sphere tier=0 ...
  run cfg-2f1f809f part=icecream_cone tier=0 ...
  run cfg-f43106e2 part=smoke_bar tier=0 ...
  run cfg-f43106e2 part=plate_hole tier=0 ...
  run cfg-f43106e2 part=cantilever tier=0 ...
  run cfg-f43106e2 part=cylinder tier=0 ...
  run cfg-f43106e2 part=sphere tier=0 ...
  run cfg-f43106e2 part=icecream_cone tier=0 ...
  run cfg-2a2df0a2 part=smoke_bar tier=0 ...
  run cfg-2a2df0a2 part=plate_hole tier=0 ...
  run cfg-2a2df0a2 part=cantilever tier=0 ...
  run cfg-2a2df0a2 part=cylinder tier=0 ...
  run cfg-2a2df0a2 part=sphere tier=0 ...
  run cfg-2a2df0a2 part=icecream_cone tier=0 ...
  run cfg-63bd3b4e part=smoke_bar tier=0 ...
  run cfg-63bd3b4e part=plate_hole tier=0 ...
  run cfg-63bd3b4e part=cantilever tier=0 ...
  run cfg-63bd3b4e part=cylinder tier=0 ...
  run cfg-63bd3b4e part=sphere tier=0 ...
  run cfg-63bd3b4e part=icecream_cone tier=0 ...
  run cfg-d0562d78 part=smoke_bar tier=0 ...
  run cfg-d0562d78 part=plate_hole tier=0 ...
  run cfg-d0562d78 part=cantilever tier=0 ...
  run cfg-d0562d78 part=cylinder tier=0 ...
  run cfg-d0562d78 part=sphere tier=0 ...
  run cfg-d0562d78 part=icecream_cone tier=0 ...
  run cfg-1da428f7 part=smoke_bar tier=0 ...
  run cfg-1da428f7 part=plate_hole tier=0 ...
  run cfg-1da428f7 part=cantilever tier=0 ...
  run cfg-1da428f7 part=cylinder tier=0 ...
  run cfg-1da428f7 part=sphere tier=0 ...
  run cfg-1da428f7 part=icecream_cone tier=0 ...
  run cfg-2ef2c26b part=smoke_bar tier=0 ...
  run cfg-2ef2c26b part=plate_hole tier=0 ...
  run cfg-2ef2c26b part=cantilever tier=0 ...
  run cfg-2ef2c26b part=cylinder tier=0 ...
  run cfg-2ef2c26b part=sphere tier=0 ...
  run cfg-2ef2c26b part=icecream_cone tier=0 ...
  run cfg-7388d637 part=smoke_bar tier=0 ...
  run cfg-7388d637 part=plate_hole tier=0 ...
  run cfg-7388d637 part=cantilever tier=0 ...
  run cfg-7388d637 part=cylinder tier=0 ...
  run cfg-7388d637 part=sphere tier=0 ...
  run cfg-7388d637 part=icecream_cone tier=0 ...
  run cfg-08ad2651 part=smoke_bar tier=0 ...
  run cfg-08ad2651 part=plate_hole tier=0 ...
  run cfg-08ad2651 part=cantilever tier=0 ...
  run cfg-08ad2651 part=cylinder tier=0 ...
  run cfg-08ad2651 part=sphere tier=0 ...
  run cfg-08ad2651 part=icecream_cone tier=0 ...
  run cfg-ab90fdf8 part=smoke_bar tier=0 ...
  run cfg-ab90fdf8 part=plate_hole tier=0 ...
  run cfg-ab90fdf8 part=cantilever tier=0 ...
  run cfg-ab90fdf8 part=cylinder tier=0 ...
  run cfg-ab90fdf8 part=sphere tier=0 ...
  run cfg-ab90fdf8 part=icecream_cone tier=0 ...
  run cfg-197a6b98 part=smoke_bar tier=0 ...
  run cfg-197a6b98 part=plate_hole tier=0 ...
  run cfg-197a6b98 part=cantilever tier=0 ...
  run cfg-197a6b98 part=cylinder tier=0 ...
  run cfg-197a6b98 part=sphere tier=0 ...
  run cfg-197a6b98 part=icecream_cone tier=0 ...
  run cfg-e825d824 part=smoke_bar tier=0 ...
  run cfg-e825d824 part=plate_hole tier=0 ...
  run cfg-e825d824 part=cantilever tier=0 ...
  run cfg-e825d824 part=cylinder tier=0 ...
  run cfg-e825d824 part=sphere tier=0 ...
  run cfg-e825d824 part=icecream_cone tier=0 ...
  run cfg-f8231c1a part=smoke_bar tier=0 ...
  run cfg-f8231c1a part=plate_hole tier=0 ...
  run cfg-f8231c1a part=cantilever tier=0 ...
  run cfg-f8231c1a part=cylinder tier=0 ...
  run cfg-f8231c1a part=sphere tier=0 ...
  run cfg-f8231c1a part=icecream_cone tier=0 ...
  run cfg-699aeefd part=smoke_bar tier=0 ...
  run cfg-699aeefd part=plate_hole tier=0 ...
  run cfg-699aeefd part=cantilever tier=0 ...
  run cfg-699aeefd part=cylinder tier=0 ...
  run cfg-699aeefd part=sphere tier=0 ...
  run cfg-699aeefd part=icecream_cone tier=0 ...
  run cfg-06a4a731 part=smoke_bar tier=0 ...
  run cfg-06a4a731 part=plate_hole tier=0 ...
  run cfg-06a4a731 part=cantilever tier=0 ...
  run cfg-06a4a731 part=cylinder tier=0 ...
  run cfg-06a4a731 part=sphere tier=0 ...
  run cfg-06a4a731 part=icecream_cone tier=0 ...
  run cfg-91741cf5 part=smoke_bar tier=0 ...
  run cfg-91741cf5 part=plate_hole tier=0 ...
  run cfg-91741cf5 part=cantilever tier=0 ...
  run cfg-91741cf5 part=cylinder tier=0 ...
  run cfg-91741cf5 part=sphere tier=0 ...
  run cfg-91741cf5 part=icecream_cone tier=0 ...
wrote bench/campaigns/advisor-batch-1-s3-hunter-pc/runs/cfg-06a4a731/cantilever/t0/wire.png
wrote bench/campaigns/advisor-batch-1-s3-hunter-pc/runs/cfg-06a4a731/cylinder/t0/wire.png
wrote bench/campaigns/advisor-batch-1-s3-hunter-pc/runs/cfg-06a4a731/icecream_cone/t0/wire.png
wrote bench/campaigns/advisor-batch-1-s3-hunter-pc/runs/cfg-06a4a731/smoke_bar/t0/wire.png
wrote bench/campaigns/advisor-batch-1-s3-hunter-pc/runs/cfg-06a4a731/sphere/t0/wire.png
wrote bench/campaigns/advisor-batch-1-s3-hunter-pc/runs/cfg-08ad2651/cantilever/t0/wire.png
wrote bench/campaigns/advisor-batch-1-s3-hunter-pc/runs/cfg-08ad2651/cylinder/t0/wire.png
wrote bench/campaigns/advisor-batch-1-s3-hunter-pc/runs/cfg-08ad2651/icecream_cone/t0/wire.png
wrote bench/campaigns/advisor-batch-1-s3-hunter-pc/runs/cfg-08ad2651/smoke_bar/t0/wire.png
wrote bench/campaigns/advisor-batch-1-s3-hunter-pc/runs/cfg-08ad2651/sphere/t0/wire.png
wrote bench/campaigns/advisor-batch-1-s3-hunter-pc/runs/cfg-1036e283/cantilever/t0/wire.png
wrote bench/campaigns/advisor-batch-1-s3-hunter-pc/runs/cfg-1036e283/cylinder/t0/wire.png
wrote bench/campaigns/advisor-batch-1-s3-hunter-pc/runs/cfg-1036e283/plate_hole/t0/wire.png
wrote bench/campaigns/advisor-batch-1-s3-hunter-pc/runs/cfg-1036e283/smoke_bar/t0/wire.png
wrote bench/campaigns/advisor-batch-1-s3-hunter-pc/runs/cfg-1036e283/sphere/t0/wire.png
wrote bench/campaigns/advisor-batch-1-s3-hunter-pc/runs/cfg-197a6b98/cantilever/t0/wire.png
wrote bench/campaigns/advisor-batch-1-s3-hunter-pc/runs/cfg-197a6b98/cylinder/t0/wire.png
wrote bench/campaigns/advisor-batch-1-s3-hunter-pc/runs/cfg-197a6b98/icecream_cone/t0/wire.png
wrote bench/campaigns/advisor-batch-1-s3-hunter-pc/runs/cfg-197a6b98/plate_hole/t0/wire.png
wrote bench/campaigns/advisor-batch-1-s3-hunter-pc/runs/cfg-197a6b98/smoke_bar/t0/wire.png
wrote bench/campaigns/advisor-batch-1-s3-hunter-pc/runs/cfg-197a6b98/sphere/t0/wire.png
wrote bench/campaigns/advisor-batch-1-s3-hunter-pc/runs/cfg-1c7e40f4/cantilever/t0/wire.png
wrote bench/campaigns/advisor-batch-1-s3-hunter-pc/runs/cfg-1c7e40f4/icecream_cone/t0/wire.png
wrote bench/campaigns/advisor-batch-1-s3-hunter-pc/runs/cfg-1c7e40f4/plate_hole/t0/wire.png
wrote bench/campaigns/advisor-batch-1-s3-hunter-pc/runs/cfg-1c7e40f4/smoke_bar/t0/wire.png
wrote bench/campaigns/advisor-batch-1-s3-hunter-pc/runs/cfg-1da428f7/cantilever/t0/wire.png
wrote bench/campaigns/advisor-batch-1-s3-hunter-pc/runs/cfg-1da428f7/smoke_bar/t0/wire.png
wrote bench/campaigns/advisor-batch-1-s3-hunter-pc/runs/cfg-20cf92e0/cantilever/t0/wire.png
wrote bench/campaigns/advisor-batch-1-s3-hunter-pc/runs/cfg-20cf92e0/cylinder/t0/wire.png
wrote bench/campaigns/advisor-batch-1-s3-hunter-pc/runs/cfg-20cf92e0/plate_hole/t0/wire.png
wrote bench/campaigns/advisor-batch-1-s3-hunter-pc/runs/cfg-20cf92e0/smoke_bar/t0/wire.png
wrote bench/campaigns/advisor-batch-1-s3-hunter-pc/runs/cfg-20cf92e0/sphere/t0/wire.png
wrote bench/campaigns/advisor-batch-1-s3-hunter-pc/runs/cfg-26768af2/cantilever/t0/wire.png
wrote bench/campaigns/advisor-batch-1-s3-hunter-pc/runs/cfg-26768af2/cylinder/t0/wire.png
wrote bench/campaigns/advisor-batch-1-s3-hunter-pc/runs/cfg-26768af2/plate_hole/t0/wire.png
wrote bench/campaigns/advisor-batch-1-s3-hunter-pc/runs/cfg-26768af2/smoke_bar/t0/wire.png
wrote bench/campaigns/advisor-batch-1-s3-hunter-pc/runs/cfg-26768af2/sphere/t0/wire.png
wrote bench/campaigns/advisor-batch-1-s3-hunter-pc/runs/cfg-2a2df0a2/cantilever/t0/wire.png
wrote bench/campaigns/advisor-batch-1-s3-hunter-pc/runs/cfg-2a2df0a2/cylinder/t0/wire.png
wrote bench/campaigns/advisor-batch-1-s3-hunter-pc/runs/cfg-2a2df0a2/icecream_cone/t0/wire.png
wrote bench/campaigns/advisor-batch-1-s3-hunter-pc/runs/cfg-2a2df0a2/plate_hole/t0/wire.png
wrote bench/campaigns/advisor-batch-1-s3-hunter-pc/runs/cfg-2a2df0a2/smoke_bar/t0/wire.png
wrote bench/campaigns/advisor-batch-1-s3-hunter-pc/runs/cfg-2a2df0a2/sphere/t0/wire.png
wrote bench/campaigns/advisor-batch-1-s3-hunter-pc/runs/cfg-2ef2c26b/cantilever/t0/wire.png
wrote bench/campaigns/advisor-batch-1-s3-hunter-pc/runs/cfg-2ef2c26b/cylinder/t0/wire.png
wrote bench/campaigns/advisor-batch-1-s3-hunter-pc/runs/cfg-2ef2c26b/icecream_cone/t0/wire.png
wrote bench/campaigns/advisor-batch-1-s3-hunter-pc/runs/cfg-2ef2c26b/smoke_bar/t0/wire.png
wrote bench/campaigns/advisor-batch-1-s3-hunter-pc/runs/cfg-2ef2c26b/sphere/t0/wire.png
wrote bench/campaigns/advisor-batch-1-s3-hunter-pc/runs/cfg-2f1f809f/cantilever/t0/wire.png
wrote bench/campaigns/advisor-batch-1-s3-hunter-pc/runs/cfg-2f1f809f/cylinder/t0/wire.png
wrote bench/campaigns/advisor-batch-1-s3-hunter-pc/runs/cfg-2f1f809f/icecream_cone/t0/wire.png
wrote bench/campaigns/advisor-batch-1-s3-hunter-pc/runs/cfg-2f1f809f/plate_hole/t0/wire.png
wrote bench/campaigns/advisor-batch-1-s3-hunter-pc/runs/cfg-2f1f809f/smoke_bar/t0/wire.png
wrote bench/campaigns/advisor-batch-1-s3-hunter-pc/runs/cfg-2f1f809f/sphere/t0/wire.png
wrote bench/campaigns/advisor-batch-1-s3-hunter-pc/runs/cfg-3c34b7c0/cantilever/t0/wire.png
wrote bench/campaigns/advisor-batch-1-s3-hunter-pc/runs/cfg-3c34b7c0/cylinder/t0/wire.png
wrote bench/campaigns/advisor-batch-1-s3-hunter-pc/runs/cfg-3c34b7c0/icecream_cone/t0/wire.png
wrote bench/campaigns/advisor-batch-1-s3-hunter-pc/runs/cfg-3c34b7c0/smoke_bar/t0/wire.png
wrote bench/campaigns/advisor-batch-1-s3-hunter-pc/runs/cfg-3c34b7c0/sphere/t0/wire.png
wrote bench/campaigns/advisor-batch-1-s3-hunter-pc/runs/cfg-4a7a5b13/cantilever/t0/wire.png
wrote bench/campaigns/advisor-batch-1-s3-hunter-pc/runs/cfg-4a7a5b13/cylinder/t0/wire.png
wrote bench/campaigns/advisor-batch-1-s3-hunter-pc/runs/cfg-4a7a5b13/smoke_bar/t0/wire.png
wrote bench/campaigns/advisor-batch-1-s3-hunter-pc/runs/cfg-4a7a5b13/sphere/t0/wire.png
wrote bench/campaigns/advisor-batch-1-s3-hunter-pc/runs/cfg-50513e6f/cantilever/t0/wire.png
wrote bench/campaigns/advisor-batch-1-s3-hunter-pc/runs/cfg-50513e6f/cylinder/t0/wire.png
wrote bench/campaigns/advisor-batch-1-s3-hunter-pc/runs/cfg-50513e6f/icecream_cone/t0/wire.png
wrote bench/campaigns/advisor-batch-1-s3-hunter-pc/runs/cfg-50513e6f/plate_hole/t0/wire.png
wrote bench/campaigns/advisor-batch-1-s3-hunter-pc/runs/cfg-50513e6f/smoke_bar/t0/wire.png
wrote bench/campaigns/advisor-batch-1-s3-hunter-pc/runs/cfg-50513e6f/sphere/t0/wire.png
wrote bench/campaigns/advisor-batch-1-s3-hunter-pc/runs/cfg-63bd3b4e/cantilever/t0/wire.png
wrote bench/campaigns/advisor-batch-1-s3-hunter-pc/runs/cfg-63bd3b4e/cylinder/t0/wire.png
wrote bench/campaigns/advisor-batch-1-s3-hunter-pc/runs/cfg-63bd3b4e/plate_hole/t0/wire.png
wrote bench/campaigns/advisor-batch-1-s3-hunter-pc/runs/cfg-63bd3b4e/smoke_bar/t0/wire.png
wrote bench/campaigns/advisor-batch-1-s3-hunter-pc/runs/cfg-63bd3b4e/sphere/t0/wire.png
wrote bench/campaigns/advisor-batch-1-s3-hunter-pc/runs/cfg-699aeefd/cantilever/t0/wire.png
wrote bench/campaigns/advisor-batch-1-s3-hunter-pc/runs/cfg-699aeefd/cylinder/t0/wire.png
wrote bench/campaigns/advisor-batch-1-s3-hunter-pc/runs/cfg-699aeefd/icecream_cone/t0/wire.png
wrote bench/campaigns/advisor-batch-1-s3-hunter-pc/runs/cfg-699aeefd/smoke_bar/t0/wire.png
wrote bench/campaigns/advisor-batch-1-s3-hunter-pc/runs/cfg-699aeefd/sphere/t0/wire.png
wrote bench/campaigns/advisor-batch-1-s3-hunter-pc/runs/cfg-6ba87f6f/cantilever/t0/wire.png
wrote bench/campaigns/advisor-batch-1-s3-hunter-pc/runs/cfg-6ba87f6f/cylinder/t0/wire.png
wrote bench/campaigns/advisor-batch-1-s3-hunter-pc/runs/cfg-6ba87f6f/icecream_cone/t0/wire.png
wrote bench/campaigns/advisor-batch-1-s3-hunter-pc/runs/cfg-6ba87f6f/plate_hole/t0/wire.png
wrote bench/campaigns/advisor-batch-1-s3-hunter-pc/runs/cfg-6ba87f6f/smoke_bar/t0/wire.png
wrote bench/campaigns/advisor-batch-1-s3-hunter-pc/runs/cfg-6ba87f6f/sphere/t0/wire.png
wrote bench/campaigns/advisor-batch-1-s3-hunter-pc/runs/cfg-7388d637/cantilever/t0/wire.png
wrote bench/campaigns/advisor-batch-1-s3-hunter-pc/runs/cfg-7388d637/cylinder/t0/wire.png
wrote bench/campaigns/advisor-batch-1-s3-hunter-pc/runs/cfg-7388d637/plate_hole/t0/wire.png
wrote bench/campaigns/advisor-batch-1-s3-hunter-pc/runs/cfg-7388d637/smoke_bar/t0/wire.png
wrote bench/campaigns/advisor-batch-1-s3-hunter-pc/runs/cfg-7388d637/sphere/t0/wire.png
wrote bench/campaigns/advisor-batch-1-s3-hunter-pc/runs/cfg-74f6cf33/cantilever/t0/wire.png
wrote bench/campaigns/advisor-batch-1-s3-hunter-pc/runs/cfg-74f6cf33/cylinder/t0/wire.png
wrote bench/campaigns/advisor-batch-1-s3-hunter-pc/runs/cfg-74f6cf33/smoke_bar/t0/wire.png
wrote bench/campaigns/advisor-batch-1-s3-hunter-pc/runs/cfg-74f6cf33/sphere/t0/wire.png
wrote bench/campaigns/advisor-batch-1-s3-hunter-pc/runs/cfg-855544d0/cantilever/t0/wire.png
wrote bench/campaigns/advisor-batch-1-s3-hunter-pc/runs/cfg-855544d0/cylinder/t0/wire.png
wrote bench/campaigns/advisor-batch-1-s3-hunter-pc/runs/cfg-855544d0/icecream_cone/t0/wire.png
wrote bench/campaigns/advisor-batch-1-s3-hunter-pc/runs/cfg-855544d0/plate_hole/t0/wire.png
wrote bench/campaigns/advisor-batch-1-s3-hunter-pc/runs/cfg-855544d0/smoke_bar/t0/wire.png
wrote bench/campaigns/advisor-batch-1-s3-hunter-pc/runs/cfg-855544d0/sphere/t0/wire.png
wrote bench/campaigns/advisor-batch-1-s3-hunter-pc/runs/cfg-8744c6ec/cantilever/t0/wire.png
wrote bench/campaigns/advisor-batch-1-s3-hunter-pc/runs/cfg-8744c6ec/cylinder/t0/wire.png
wrote bench/campaigns/advisor-batch-1-s3-hunter-pc/runs/cfg-8744c6ec/icecream_cone/t0/wire.png
wrote bench/campaigns/advisor-batch-1-s3-hunter-pc/runs/cfg-8744c6ec/plate_hole/t0/wire.png
wrote bench/campaigns/advisor-batch-1-s3-hunter-pc/runs/cfg-8744c6ec/smoke_bar/t0/wire.png
wrote bench/campaigns/advisor-batch-1-s3-hunter-pc/runs/cfg-8744c6ec/sphere/t0/wire.png
wrote bench/campaigns/advisor-batch-1-s3-hunter-pc/runs/cfg-878d918d/cantilever/t0/wire.png
wrote bench/campaigns/advisor-batch-1-s3-hunter-pc/runs/cfg-878d918d/cylinder/t0/wire.png
wrote bench/campaigns/advisor-batch-1-s3-hunter-pc/runs/cfg-878d918d/smoke_bar/t0/wire.png
wrote bench/campaigns/advisor-batch-1-s3-hunter-pc/runs/cfg-8db857d0/cantilever/t0/wire.png
wrote bench/campaigns/advisor-batch-1-s3-hunter-pc/runs/cfg-8db857d0/cylinder/t0/wire.png
wrote bench/campaigns/advisor-batch-1-s3-hunter-pc/runs/cfg-8db857d0/plate_hole/t0/wire.png
wrote bench/campaigns/advisor-batch-1-s3-hunter-pc/runs/cfg-8db857d0/smoke_bar/t0/wire.png
wrote bench/campaigns/advisor-batch-1-s3-hunter-pc/runs/cfg-8db857d0/sphere/t0/wire.png
wrote bench/campaigns/advisor-batch-1-s3-hunter-pc/runs/cfg-91741cf5/cantilever/t0/wire.png
wrote bench/campaigns/advisor-batch-1-s3-hunter-pc/runs/cfg-91741cf5/cylinder/t0/wire.png
wrote bench/campaigns/advisor-batch-1-s3-hunter-pc/runs/cfg-91741cf5/icecream_cone/t0/wire.png
wrote bench/campaigns/advisor-batch-1-s3-hunter-pc/runs/cfg-91741cf5/plate_hole/t0/wire.png
wrote bench/campaigns/advisor-batch-1-s3-hunter-pc/runs/cfg-91741cf5/smoke_bar/t0/wire.png
wrote bench/campaigns/advisor-batch-1-s3-hunter-pc/runs/cfg-91741cf5/sphere/t0/wire.png
wrote bench/campaigns/advisor-batch-1-s3-hunter-pc/runs/cfg-9a7172c4/cantilever/t0/wire.png
wrote bench/campaigns/advisor-batch-1-s3-hunter-pc/runs/cfg-9a7172c4/cylinder/t0/wire.png
wrote bench/campaigns/advisor-batch-1-s3-hunter-pc/runs/cfg-9a7172c4/smoke_bar/t0/wire.png
wrote bench/campaigns/advisor-batch-1-s3-hunter-pc/runs/cfg-9a7172c4/sphere/t0/wire.png
wrote bench/campaigns/advisor-batch-1-s3-hunter-pc/runs/cfg-9df5f2c0/cantilever/t0/wire.png
wrote bench/campaigns/advisor-batch-1-s3-hunter-pc/runs/cfg-9df5f2c0/cylinder/t0/wire.png
wrote bench/campaigns/advisor-batch-1-s3-hunter-pc/runs/cfg-9df5f2c0/icecream_cone/t0/wire.png
wrote bench/campaigns/advisor-batch-1-s3-hunter-pc/runs/cfg-9df5f2c0/plate_hole/t0/wire.png
wrote bench/campaigns/advisor-batch-1-s3-hunter-pc/runs/cfg-9df5f2c0/smoke_bar/t0/wire.png
wrote bench/campaigns/advisor-batch-1-s3-hunter-pc/runs/cfg-9df5f2c0/sphere/t0/wire.png
wrote bench/campaigns/advisor-batch-1-s3-hunter-pc/runs/cfg-a0f78aaf/cantilever/t0/wire.png
wrote bench/campaigns/advisor-batch-1-s3-hunter-pc/runs/cfg-a0f78aaf/cylinder/t0/wire.png
wrote bench/campaigns/advisor-batch-1-s3-hunter-pc/runs/cfg-a0f78aaf/smoke_bar/t0/wire.png
wrote bench/campaigns/advisor-batch-1-s3-hunter-pc/runs/cfg-a0f78aaf/sphere/t0/wire.png
wrote bench/campaigns/advisor-batch-1-s3-hunter-pc/runs/cfg-a73acdf4/cantilever/t0/wire.png
wrote bench/campaigns/advisor-batch-1-s3-hunter-pc/runs/cfg-a73acdf4/cylinder/t0/wire.png
wrote bench/campaigns/advisor-batch-1-s3-hunter-pc/runs/cfg-a73acdf4/icecream_cone/t0/wire.png
wrote bench/campaigns/advisor-batch-1-s3-hunter-pc/runs/cfg-a73acdf4/plate_hole/t0/wire.png
wrote bench/campaigns/advisor-batch-1-s3-hunter-pc/runs/cfg-a73acdf4/smoke_bar/t0/wire.png
wrote bench/campaigns/advisor-batch-1-s3-hunter-pc/runs/cfg-a73acdf4/sphere/t0/wire.png
wrote bench/campaigns/advisor-batch-1-s3-hunter-pc/runs/cfg-ab90fdf8/cantilever/t0/wire.png
wrote bench/campaigns/advisor-batch-1-s3-hunter-pc/runs/cfg-ab90fdf8/cylinder/t0/wire.png
wrote bench/campaigns/advisor-batch-1-s3-hunter-pc/runs/cfg-ab90fdf8/icecream_cone/t0/wire.png
wrote bench/campaigns/advisor-batch-1-s3-hunter-pc/runs/cfg-ab90fdf8/plate_hole/t0/wire.png
wrote bench/campaigns/advisor-batch-1-s3-hunter-pc/runs/cfg-ab90fdf8/smoke_bar/t0/wire.png
wrote bench/campaigns/advisor-batch-1-s3-hunter-pc/runs/cfg-ab90fdf8/sphere/t0/wire.png
wrote bench/campaigns/advisor-batch-1-s3-hunter-pc/runs/cfg-adb1886f/cantilever/t0/wire.png
wrote bench/campaigns/advisor-batch-1-s3-hunter-pc/runs/cfg-adb1886f/cylinder/t0/wire.png
wrote bench/campaigns/advisor-batch-1-s3-hunter-pc/runs/cfg-adb1886f/plate_hole/t0/wire.png
wrote bench/campaigns/advisor-batch-1-s3-hunter-pc/runs/cfg-adb1886f/smoke_bar/t0/wire.png
wrote bench/campaigns/advisor-batch-1-s3-hunter-pc/runs/cfg-adb1886f/sphere/t0/wire.png
wrote bench/campaigns/advisor-batch-1-s3-hunter-pc/runs/cfg-b1ca3f03/cantilever/t0/wire.png
wrote bench/campaigns/advisor-batch-1-s3-hunter-pc/runs/cfg-b1ca3f03/cylinder/t0/wire.png
wrote bench/campaigns/advisor-batch-1-s3-hunter-pc/runs/cfg-b1ca3f03/icecream_cone/t0/wire.png
wrote bench/campaigns/advisor-batch-1-s3-hunter-pc/runs/cfg-b1ca3f03/plate_hole/t0/wire.png
wrote bench/campaigns/advisor-batch-1-s3-hunter-pc/runs/cfg-b1ca3f03/smoke_bar/t0/wire.png
wrote bench/campaigns/advisor-batch-1-s3-hunter-pc/runs/cfg-b1ca3f03/sphere/t0/wire.png
wrote bench/campaigns/advisor-batch-1-s3-hunter-pc/runs/cfg-b3a708f0/cantilever/t0/wire.png
wrote bench/campaigns/advisor-batch-1-s3-hunter-pc/runs/cfg-b3a708f0/cylinder/t0/wire.png
wrote bench/campaigns/advisor-batch-1-s3-hunter-pc/runs/cfg-b3a708f0/smoke_bar/t0/wire.png
wrote bench/campaigns/advisor-batch-1-s3-hunter-pc/runs/cfg-c4d9bae4/cantilever/t0/wire.png
wrote bench/campaigns/advisor-batch-1-s3-hunter-pc/runs/cfg-c4d9bae4/cylinder/t0/wire.png
wrote bench/campaigns/advisor-batch-1-s3-hunter-pc/runs/cfg-c4d9bae4/smoke_bar/t0/wire.png
wrote bench/campaigns/advisor-batch-1-s3-hunter-pc/runs/cfg-c5352e83/cantilever/t0/wire.png
wrote bench/campaigns/advisor-batch-1-s3-hunter-pc/runs/cfg-c5352e83/cylinder/t0/wire.png
wrote bench/campaigns/advisor-batch-1-s3-hunter-pc/runs/cfg-c5352e83/smoke_bar/t0/wire.png
wrote bench/campaigns/advisor-batch-1-s3-hunter-pc/runs/cfg-caf10f7d/cantilever/t0/wire.png
wrote bench/campaigns/advisor-batch-1-s3-hunter-pc/runs/cfg-caf10f7d/cylinder/t0/wire.png
wrote bench/campaigns/advisor-batch-1-s3-hunter-pc/runs/cfg-caf10f7d/icecream_cone/t0/wire.png
wrote bench/campaigns/advisor-batch-1-s3-hunter-pc/runs/cfg-caf10f7d/smoke_bar/t0/wire.png
wrote bench/campaigns/advisor-batch-1-s3-hunter-pc/runs/cfg-caf10f7d/sphere/t0/wire.png
wrote bench/campaigns/advisor-batch-1-s3-hunter-pc/runs/cfg-cbe6647c/cantilever/t0/wire.png
wrote bench/campaigns/advisor-batch-1-s3-hunter-pc/runs/cfg-cbe6647c/cylinder/t0/wire.png
wrote bench/campaigns/advisor-batch-1-s3-hunter-pc/runs/cfg-cbe6647c/smoke_bar/t0/wire.png
wrote bench/campaigns/advisor-batch-1-s3-hunter-pc/runs/cfg-cbe6647c/sphere/t0/wire.png
wrote bench/campaigns/advisor-batch-1-s3-hunter-pc/runs/cfg-ccd99376/cantilever/t0/wire.png
wrote bench/campaigns/advisor-batch-1-s3-hunter-pc/runs/cfg-ccd99376/cylinder/t0/wire.png
wrote bench/campaigns/advisor-batch-1-s3-hunter-pc/runs/cfg-ccd99376/smoke_bar/t0/wire.png
wrote bench/campaigns/advisor-batch-1-s3-hunter-pc/runs/cfg-ccd99376/sphere/t0/wire.png
wrote bench/campaigns/advisor-batch-1-s3-hunter-pc/runs/cfg-cd218003/cantilever/t0/wire.png
wrote bench/campaigns/advisor-batch-1-s3-hunter-pc/runs/cfg-cd218003/cylinder/t0/wire.png
wrote bench/campaigns/advisor-batch-1-s3-hunter-pc/runs/cfg-cd218003/icecream_cone/t0/wire.png
wrote bench/campaigns/advisor-batch-1-s3-hunter-pc/runs/cfg-cd218003/plate_hole/t0/wire.png
wrote bench/campaigns/advisor-batch-1-s3-hunter-pc/runs/cfg-cd218003/smoke_bar/t0/wire.png
wrote bench/campaigns/advisor-batch-1-s3-hunter-pc/runs/cfg-cd218003/sphere/t0/wire.png
wrote bench/campaigns/advisor-batch-1-s3-hunter-pc/runs/cfg-d0562d78/cantilever/t0/wire.png
wrote bench/campaigns/advisor-batch-1-s3-hunter-pc/runs/cfg-d0562d78/cylinder/t0/wire.png
wrote bench/campaigns/advisor-batch-1-s3-hunter-pc/runs/cfg-d0562d78/icecream_cone/t0/wire.png
wrote bench/campaigns/advisor-batch-1-s3-hunter-pc/runs/cfg-d0562d78/smoke_bar/t0/wire.png
wrote bench/campaigns/advisor-batch-1-s3-hunter-pc/runs/cfg-d0562d78/sphere/t0/wire.png
wrote bench/campaigns/advisor-batch-1-s3-hunter-pc/runs/cfg-d9231bff/cantilever/t0/wire.png
wrote bench/campaigns/advisor-batch-1-s3-hunter-pc/runs/cfg-d9231bff/cylinder/t0/wire.png
wrote bench/campaigns/advisor-batch-1-s3-hunter-pc/runs/cfg-d9231bff/plate_hole/t0/wire.png
wrote bench/campaigns/advisor-batch-1-s3-hunter-pc/runs/cfg-d9231bff/smoke_bar/t0/wire.png
wrote bench/campaigns/advisor-batch-1-s3-hunter-pc/runs/cfg-d9231bff/sphere/t0/wire.png
wrote bench/campaigns/advisor-batch-1-s3-hunter-pc/runs/cfg-e579faff/cantilever/t0/wire.png
wrote bench/campaigns/advisor-batch-1-s3-hunter-pc/runs/cfg-e579faff/cylinder/t0/wire.png
wrote bench/campaigns/advisor-batch-1-s3-hunter-pc/runs/cfg-e579faff/icecream_cone/t0/wire.png
wrote bench/campaigns/advisor-batch-1-s3-hunter-pc/runs/cfg-e579faff/plate_hole/t0/wire.png
wrote bench/campaigns/advisor-batch-1-s3-hunter-pc/runs/cfg-e579faff/smoke_bar/t0/wire.png
wrote bench/campaigns/advisor-batch-1-s3-hunter-pc/runs/cfg-e579faff/sphere/t0/wire.png
wrote bench/campaigns/advisor-batch-1-s3-hunter-pc/runs/cfg-e648507d/cantilever/t0/wire.png
wrote bench/campaigns/advisor-batch-1-s3-hunter-pc/runs/cfg-e648507d/cylinder/t0/wire.png
wrote bench/campaigns/advisor-batch-1-s3-hunter-pc/runs/cfg-e648507d/icecream_cone/t0/wire.png
wrote bench/campaigns/advisor-batch-1-s3-hunter-pc/runs/cfg-e648507d/smoke_bar/t0/wire.png
wrote bench/campaigns/advisor-batch-1-s3-hunter-pc/runs/cfg-e648507d/sphere/t0/wire.png
wrote bench/campaigns/advisor-batch-1-s3-hunter-pc/runs/cfg-e825d824/cantilever/t0/wire.png
wrote bench/campaigns/advisor-batch-1-s3-hunter-pc/runs/cfg-e825d824/cylinder/t0/wire.png
wrote bench/campaigns/advisor-batch-1-s3-hunter-pc/runs/cfg-e825d824/icecream_cone/t0/wire.png
wrote bench/campaigns/advisor-batch-1-s3-hunter-pc/runs/cfg-e825d824/plate_hole/t0/wire.png
wrote bench/campaigns/advisor-batch-1-s3-hunter-pc/runs/cfg-e825d824/smoke_bar/t0/wire.png
wrote bench/campaigns/advisor-batch-1-s3-hunter-pc/runs/cfg-e825d824/sphere/t0/wire.png
wrote bench/campaigns/advisor-batch-1-s3-hunter-pc/runs/cfg-e997b1be/cantilever/t0/wire.png
wrote bench/campaigns/advisor-batch-1-s3-hunter-pc/runs/cfg-e997b1be/cylinder/t0/wire.png
wrote bench/campaigns/advisor-batch-1-s3-hunter-pc/runs/cfg-e997b1be/smoke_bar/t0/wire.png
wrote bench/campaigns/advisor-batch-1-s3-hunter-pc/runs/cfg-e997b1be/sphere/t0/wire.png
wrote bench/campaigns/advisor-batch-1-s3-hunter-pc/runs/cfg-f1652adf/cantilever/t0/wire.png
wrote bench/campaigns/advisor-batch-1-s3-hunter-pc/runs/cfg-f1652adf/cylinder/t0/wire.png
wrote bench/campaigns/advisor-batch-1-s3-hunter-pc/runs/cfg-f1652adf/smoke_bar/t0/wire.png
wrote bench/campaigns/advisor-batch-1-s3-hunter-pc/runs/cfg-f1652adf/sphere/t0/wire.png
wrote bench/campaigns/advisor-batch-1-s3-hunter-pc/runs/cfg-f43106e2/cantilever/t0/wire.png
wrote bench/campaigns/advisor-batch-1-s3-hunter-pc/runs/cfg-f43106e2/cylinder/t0/wire.png
wrote bench/campaigns/advisor-batch-1-s3-hunter-pc/runs/cfg-f43106e2/icecream_cone/t0/wire.png
wrote bench/campaigns/advisor-batch-1-s3-hunter-pc/runs/cfg-f43106e2/plate_hole/t0/wire.png
wrote bench/campaigns/advisor-batch-1-s3-hunter-pc/runs/cfg-f43106e2/smoke_bar/t0/wire.png
wrote bench/campaigns/advisor-batch-1-s3-hunter-pc/runs/cfg-f43106e2/sphere/t0/wire.png
wrote bench/campaigns/advisor-batch-1-s3-hunter-pc/runs/cfg-f8231c1a/cantilever/t0/wire.png
wrote bench/campaigns/advisor-batch-1-s3-hunter-pc/runs/cfg-f8231c1a/cylinder/t0/wire.png
wrote bench/campaigns/advisor-batch-1-s3-hunter-pc/runs/cfg-f8231c1a/smoke_bar/t0/wire.png
wrote bench/campaigns/advisor-batch-1-s3-hunter-pc/runs/cfg-fc8839ec/cantilever/t0/wire.png
wrote bench/campaigns/advisor-batch-1-s3-hunter-pc/runs/cfg-fc8839ec/cylinder/t0/wire.png
wrote bench/campaigns/advisor-batch-1-s3-hunter-pc/runs/cfg-fc8839ec/icecream_cone/t0/wire.png
wrote bench/campaigns/advisor-batch-1-s3-hunter-pc/runs/cfg-fc8839ec/plate_hole/t0/wire.png
wrote bench/campaigns/advisor-batch-1-s3-hunter-pc/runs/cfg-fc8839ec/smoke_bar/t0/wire.png
wrote bench/campaigns/advisor-batch-1-s3-hunter-pc/runs/cfg-fc8839ec/sphere/t0/wire.png
warehouse_shots: 235 rendered, 0 skipped (exists), 0 failed (235 mesh.vtu total)
finished: 288 runs → /home/hunter/Desktop/Polyhedral-FEA/bench/campaigns/advisor-batch-1-s3-hunter-pc/results.jsonl
=== exit 0 after 417.1s
