
=== 2026-08-17T18:09:57Z OMP_NUM_THREADS=2 :: /home/hunter/Desktop/Polyhedral-FEA/build/apps/testlab/polymesh_testlab resume /home/hunter/Desktop/Polyhedral-FEA/bench/campaigns/advisor-batch-3-s5-hunter-pc
campaign advisor-batch-3-s5-hunter-pc: 16 configs, 36 parts, 1 tiers
  max_run_wall_s=180 (override all tiers)
  max_pack_wall_s=21600
tier 0: h_scale=1 keep_frac=1 survivors=2 max_run_wall_s=180
  run cfg-d91fb0f4 part=box_hole_s0_c0 tier=0 ...
  run cfg-d91fb0f4 part=box_hole_s0_c1 tier=0 ...
  run cfg-d91fb0f4 part=box_hole_s0_c2 tier=0 ...
  run cfg-d91fb0f4 part=box_hole_s2_c0 tier=0 ...
  run cfg-d91fb0f4 part=box_hole_s2_c1 tier=0 ...
  run cfg-d91fb0f4 part=box_hole_s2_c2 tier=0 ...
  run cfg-d91fb0f4 part=channel_s0_c0 tier=0 ...
  run cfg-d91fb0f4 part=channel_s0_c1 tier=0 ...
  run cfg-d91fb0f4 part=channel_s0_c2 tier=0 ...
  run cfg-d91fb0f4 part=channel_s2_c0 tier=0 ...
  run cfg-d91fb0f4 part=channel_s2_c1 tier=0 ...
  run cfg-d91fb0f4 part=channel_s2_c2 tier=0 ...
  run cfg-d91fb0f4 part=l_bracket_s0_c0 tier=0 ...
  run cfg-d91fb0f4 part=l_bracket_s0_c1 tier=0 ...
  run cfg-d91fb0f4 part=l_bracket_s0_c2 tier=0 ...
  run cfg-d91fb0f4 part=l_bracket_s2_c0 tier=0 ...
  run cfg-d91fb0f4 part=l_bracket_s2_c1 tier=0 ...
  run cfg-d91fb0f4 part=l_bracket_s2_c2 tier=0 ...
  run cfg-d91fb0f4 part=plate_notch_s0_c0 tier=0 ...
  run cfg-d91fb0f4 part=plate_notch_s0_c1 tier=0 ...
  run cfg-d91fb0f4 part=plate_notch_s0_c2 tier=0 ...
  run cfg-d91fb0f4 part=plate_notch_s2_c0 tier=0 ...
  run cfg-d91fb0f4 part=plate_notch_s2_c1 tier=0 ...
  run cfg-d91fb0f4 part=plate_notch_s2_c2 tier=0 ...
  run cfg-d91fb0f4 part=sphere_box_s0_c0 tier=0 ...
  run cfg-d91fb0f4 part=sphere_box_s0_c1 tier=0 ...
  run cfg-d91fb0f4 part=sphere_box_s0_c2 tier=0 ...
  run cfg-d91fb0f4 part=sphere_box_s2_c0 tier=0 ...
  run cfg-d91fb0f4 part=sphere_box_s2_c1 tier=0 ...
  run cfg-d91fb0f4 part=sphere_box_s2_c2 tier=0 ...
  run cfg-d91fb0f4 part=stepped_shaft_s0_c0 tier=0 ...
  run cfg-d91fb0f4 part=stepped_shaft_s0_c1 tier=0 ...
  run cfg-d91fb0f4 part=stepped_shaft_s0_c2 tier=0 ...
  run cfg-d91fb0f4 part=stepped_shaft_s2_c0 tier=0 ...
  run cfg-d91fb0f4 part=stepped_shaft_s2_c1 tier=0 ...
  run cfg-d91fb0f4 part=stepped_shaft_s2_c2 tier=0 ...
  run cfg-6b320550 part=box_hole_s0_c0 tier=0 ...
  run cfg-6b320550 part=box_hole_s0_c1 tier=0 ...
  run cfg-6b320550 part=box_hole_s0_c2 tier=0 ...
  run cfg-6b320550 part=box_hole_s2_c0 tier=0 ...
  run cfg-6b320550 part=box_hole_s2_c1 tier=0 ...
  run cfg-6b320550 part=box_hole_s2_c2 tier=0 ...
  run cfg-6b320550 part=channel_s0_c0 tier=0 ...
  run cfg-6b320550 part=channel_s0_c1 tier=0 ...
  run cfg-6b320550 part=channel_s0_c2 tier=0 ...
  run cfg-6b320550 part=channel_s2_c0 tier=0 ...
  run cfg-6b320550 part=channel_s2_c1 tier=0 ...
  run cfg-6b320550 part=channel_s2_c2 tier=0 ...
  run cfg-6b320550 part=l_bracket_s0_c0 tier=0 ...
  run cfg-6b320550 part=l_bracket_s0_c1 tier=0 ...
  run cfg-6b320550 part=l_bracket_s0_c2 tier=0 ...
  run cfg-6b320550 part=l_bracket_s2_c0 tier=0 ...
  run cfg-6b320550 part=l_bracket_s2_c1 tier=0 ...
  run cfg-6b320550 part=l_bracket_s2_c2 tier=0 ...
  run cfg-6b320550 part=plate_notch_s0_c0 tier=0 ...
  run cfg-6b320550 part=plate_notch_s0_c1 tier=0 ...
  run cfg-6b320550 part=plate_notch_s0_c2 tier=0 ...
  run cfg-6b320550 part=plate_notch_s2_c0 tier=0 ...
  run cfg-6b320550 part=plate_notch_s2_c1 tier=0 ...
  run cfg-6b320550 part=plate_notch_s2_c2 tier=0 ...
  run cfg-6b320550 part=sphere_box_s0_c0 tier=0 ...
  run cfg-6b320550 part=sphere_box_s0_c1 tier=0 ...
  run cfg-6b320550 part=sphere_box_s0_c2 tier=0 ...
  run cfg-6b320550 part=sphere_box_s2_c0 tier=0 ...
  run cfg-6b320550 part=sphere_box_s2_c1 tier=0 ...
  run cfg-6b320550 part=sphere_box_s2_c2 tier=0 ...
  run cfg-6b320550 part=stepped_shaft_s0_c0 tier=0 ...
  run cfg-6b320550 part=stepped_shaft_s0_c1 tier=0 ...
  run cfg-6b320550 part=stepped_shaft_s0_c2 tier=0 ...
  run cfg-6b320550 part=stepped_shaft_s2_c0 tier=0 ...
  run cfg-6b320550 part=stepped_shaft_s2_c1 tier=0 ...
  run cfg-6b320550 part=stepped_shaft_s2_c2 tier=0 ...
wrote bench/campaigns/advisor-batch-3-s5-hunter-pc/runs/cfg-6b320550/box_hole_s0_c0/t0/wire.png
wrote bench/campaigns/advisor-batch-3-s5-hunter-pc/runs/cfg-6b320550/box_hole_s0_c1/t0/wire.png
wrote bench/campaigns/advisor-batch-3-s5-hunter-pc/runs/cfg-6b320550/box_hole_s0_c2/t0/wire.png
wrote bench/campaigns/advisor-batch-3-s5-hunter-pc/runs/cfg-6b320550/channel_s0_c0/t0/wire.png
wrote bench/campaigns/advisor-batch-3-s5-hunter-pc/runs/cfg-6b320550/channel_s0_c1/t0/wire.png
wrote bench/campaigns/advisor-batch-3-s5-hunter-pc/runs/cfg-6b320550/channel_s0_c2/t0/wire.png
wrote bench/campaigns/advisor-batch-3-s5-hunter-pc/runs/cfg-6b320550/l_bracket_s0_c0/t0/wire.png
wrote bench/campaigns/advisor-batch-3-s5-hunter-pc/runs/cfg-6b320550/l_bracket_s0_c1/t0/wire.png
wrote bench/campaigns/advisor-batch-3-s5-hunter-pc/runs/cfg-6b320550/l_bracket_s0_c2/t0/wire.png
wrote bench/campaigns/advisor-batch-3-s5-hunter-pc/runs/cfg-6b320550/l_bracket_s2_c0/t0/wire.png
wrote bench/campaigns/advisor-batch-3-s5-hunter-pc/runs/cfg-6b320550/l_bracket_s2_c1/t0/wire.png
wrote bench/campaigns/advisor-batch-3-s5-hunter-pc/runs/cfg-6b320550/l_bracket_s2_c2/t0/wire.png
wrote bench/campaigns/advisor-batch-3-s5-hunter-pc/runs/cfg-6b320550/plate_notch_s0_c0/t0/wire.png
wrote bench/campaigns/advisor-batch-3-s5-hunter-pc/runs/cfg-6b320550/plate_notch_s0_c1/t0/wire.png
wrote bench/campaigns/advisor-batch-3-s5-hunter-pc/runs/cfg-6b320550/plate_notch_s0_c2/t0/wire.png
wrote bench/campaigns/advisor-batch-3-s5-hunter-pc/runs/cfg-6b320550/plate_notch_s2_c0/t0/wire.png
wrote bench/campaigns/advisor-batch-3-s5-hunter-pc/runs/cfg-6b320550/plate_notch_s2_c1/t0/wire.png
wrote bench/campaigns/advisor-batch-3-s5-hunter-pc/runs/cfg-6b320550/plate_notch_s2_c2/t0/wire.png
wrote bench/campaigns/advisor-batch-3-s5-hunter-pc/runs/cfg-d91fb0f4/box_hole_s0_c0/t0/wire.png
wrote bench/campaigns/advisor-batch-3-s5-hunter-pc/runs/cfg-d91fb0f4/box_hole_s0_c1/t0/wire.png
wrote bench/campaigns/advisor-batch-3-s5-hunter-pc/runs/cfg-d91fb0f4/box_hole_s0_c2/t0/wire.png
wrote bench/campaigns/advisor-batch-3-s5-hunter-pc/runs/cfg-d91fb0f4/channel_s0_c0/t0/wire.png
wrote bench/campaigns/advisor-batch-3-s5-hunter-pc/runs/cfg-d91fb0f4/channel_s0_c1/t0/wire.png
wrote bench/campaigns/advisor-batch-3-s5-hunter-pc/runs/cfg-d91fb0f4/channel_s0_c2/t0/wire.png
wrote bench/campaigns/advisor-batch-3-s5-hunter-pc/runs/cfg-d91fb0f4/l_bracket_s0_c0/t0/wire.png
wrote bench/campaigns/advisor-batch-3-s5-hunter-pc/runs/cfg-d91fb0f4/l_bracket_s0_c1/t0/wire.png
wrote bench/campaigns/advisor-batch-3-s5-hunter-pc/runs/cfg-d91fb0f4/l_bracket_s0_c2/t0/wire.png
wrote bench/campaigns/advisor-batch-3-s5-hunter-pc/runs/cfg-d91fb0f4/l_bracket_s2_c0/t0/wire.png
wrote bench/campaigns/advisor-batch-3-s5-hunter-pc/runs/cfg-d91fb0f4/l_bracket_s2_c1/t0/wire.png
wrote bench/campaigns/advisor-batch-3-s5-hunter-pc/runs/cfg-d91fb0f4/l_bracket_s2_c2/t0/wire.png
wrote bench/campaigns/advisor-batch-3-s5-hunter-pc/runs/cfg-d91fb0f4/plate_notch_s0_c0/t0/wire.png
wrote bench/campaigns/advisor-batch-3-s5-hunter-pc/runs/cfg-d91fb0f4/plate_notch_s0_c1/t0/wire.png
wrote bench/campaigns/advisor-batch-3-s5-hunter-pc/runs/cfg-d91fb0f4/plate_notch_s0_c2/t0/wire.png
wrote bench/campaigns/advisor-batch-3-s5-hunter-pc/runs/cfg-d91fb0f4/plate_notch_s2_c0/t0/wire.png
wrote bench/campaigns/advisor-batch-3-s5-hunter-pc/runs/cfg-d91fb0f4/plate_notch_s2_c1/t0/wire.png
wrote bench/campaigns/advisor-batch-3-s5-hunter-pc/runs/cfg-d91fb0f4/plate_notch_s2_c2/t0/wire.png
warehouse_shots: 36 rendered, 0 skipped (exists), 0 failed (36 mesh.vtu total)
finished: 72 runs → /home/hunter/Desktop/Polyhedral-FEA/bench/campaigns/advisor-batch-3-s5-hunter-pc/results.jsonl
=== exit 0 after 1192.9s
