
=== 2026-08-12T09:00:02Z OMP_NUM_THREADS=3 :: C:\Users\Yakub\Desktop\Polyhedral-FEA\build\apps\testlab\polymesh_testlab.exe resume C:\Users\Yakub\Desktop\Polyhedral-FEA\bench\campaigns\advisor-batch-1-s2
campaign advisor-batch-1-s2: 32 configs, 48 parts, 1 tiers
  max_run_wall_s=45 (override all tiers)
  max_pack_wall_s=86400
tier 0: h_scale=1 keep_frac=1 survivors=8 max_run_wall_s=45
  run cfg-fb12fb05 part=box_hole_s0_c0 tier=0 ...
  run cfg-fb12fb05 part=box_hole_s0_c1 tier=0 ...
  run cfg-fb12fb05 part=box_hole_s1_c0 tier=0 ...
  run cfg-fb12fb05 part=box_hole_s1_c1 tier=0 ...
  run cfg-fb12fb05 part=box_hole_s2_c0 tier=0 ...
  run cfg-fb12fb05 part=box_hole_s2_c1 tier=0 ...
  run cfg-fb12fb05 part=box_hole_s3_c0 tier=0 ...
  run cfg-fb12fb05 part=box_hole_s3_c1 tier=0 ...
  run cfg-fb12fb05 part=channel_s0_c0 tier=0 ...
  run cfg-fb12fb05 part=channel_s0_c1 tier=0 ...
  run cfg-fb12fb05 part=channel_s1_c0 tier=0 ...
  run cfg-fb12fb05 part=channel_s1_c1 tier=0 ...
  run cfg-fb12fb05 part=channel_s2_c0 tier=0 ...
  run cfg-fb12fb05 part=channel_s2_c1 tier=0 ...
  run cfg-fb12fb05 part=channel_s3_c0 tier=0 ...
  run cfg-fb12fb05 part=channel_s3_c1 tier=0 ...
  run cfg-fb12fb05 part=l_bracket_s0_c0 tier=0 ...
  run cfg-fb12fb05 part=l_bracket_s0_c1 tier=0 ...
  run cfg-fb12fb05 part=l_bracket_s1_c0 tier=0 ...
  run cfg-fb12fb05 part=l_bracket_s1_c1 tier=0 ...
  run cfg-fb12fb05 part=l_bracket_s2_c0 tier=0 ...
  run cfg-fb12fb05 part=l_bracket_s2_c1 tier=0 ...
  run cfg-fb12fb05 part=l_bracket_s3_c0 tier=0 ...
  run cfg-fb12fb05 part=l_bracket_s3_c1 tier=0 ...
  run cfg-fb12fb05 part=plate_notch_s0_c0 tier=0 ...
  run cfg-fb12fb05 part=plate_notch_s0_c1 tier=0 ...
  run cfg-fb12fb05 part=plate_notch_s1_c0 tier=0 ...
  run cfg-fb12fb05 part=plate_notch_s1_c1 tier=0 ...
  run cfg-fb12fb05 part=plate_notch_s2_c0 tier=0 ...
  run cfg-fb12fb05 part=plate_notch_s2_c1 tier=0 ...
  run cfg-fb12fb05 part=plate_notch_s3_c0 tier=0 ...
  run cfg-fb12fb05 part=plate_notch_s3_c1 tier=0 ...
  run cfg-fb12fb05 part=sphere_box_s0_c0 tier=0 ...
  run cfg-fb12fb05 part=sphere_box_s0_c1 tier=0 ...
  run cfg-fb12fb05 part=sphere_box_s1_c0 tier=0 ...
  run cfg-fb12fb05 part=sphere_box_s1_c1 tier=0 ...
  run cfg-fb12fb05 part=sphere_box_s2_c0 tier=0 ...
  run cfg-fb12fb05 part=sphere_box_s2_c1 tier=0 ...
  run cfg-fb12fb05 part=sphere_box_s3_c0 tier=0 ...
  run cfg-fb12fb05 part=sphere_box_s3_c1 tier=0 ...
  run cfg-fb12fb05 part=stepped_shaft_s0_c0 tier=0 ...
  run cfg-fb12fb05 part=stepped_shaft_s0_c1 tier=0 ...
  run cfg-fb12fb05 part=stepped_shaft_s1_c0 tier=0 ...
  run cfg-fb12fb05 part=stepped_shaft_s1_c1 tier=0 ...
  run cfg-fb12fb05 part=stepped_shaft_s2_c0 tier=0 ...
  run cfg-fb12fb05 part=stepped_shaft_s2_c1 tier=0 ...
  run cfg-fb12fb05 part=stepped_shaft_s3_c0 tier=0 ...
  run cfg-fb12fb05 part=stepped_shaft_s3_c1 tier=0 ...
  run cfg-8a044572 part=box_hole_s0_c0 tier=0 ...
  run cfg-8a044572 part=box_hole_s0_c1 tier=0 ...
  run cfg-8a044572 part=box_hole_s1_c0 tier=0 ...
  run cfg-8a044572 part=box_hole_s1_c1 tier=0 ...
  run cfg-8a044572 part=box_hole_s2_c0 tier=0 ...
  run cfg-8a044572 part=box_hole_s2_c1 tier=0 ...
  run cfg-8a044572 part=box_hole_s3_c0 tier=0 ...
  run cfg-8a044572 part=box_hole_s3_c1 tier=0 ...
  run cfg-8a044572 part=channel_s0_c0 tier=0 ...
  run cfg-8a044572 part=channel_s0_c1 tier=0 ...
  run cfg-8a044572 part=channel_s1_c0 tier=0 ...
  run cfg-8a044572 part=channel_s1_c1 tier=0 ...
  run cfg-8a044572 part=channel_s2_c0 tier=0 ...
  run cfg-8a044572 part=channel_s2_c1 tier=0 ...
  run cfg-8a044572 part=channel_s3_c0 tier=0 ...
  run cfg-8a044572 part=channel_s3_c1 tier=0 ...
  run cfg-8a044572 part=l_bracket_s0_c0 tier=0 ...
  run cfg-8a044572 part=l_bracket_s0_c1 tier=0 ...
  run cfg-8a044572 part=l_bracket_s1_c0 tier=0 ...
  run cfg-8a044572 part=l_bracket_s1_c1 tier=0 ...
  run cfg-8a044572 part=l_bracket_s2_c0 tier=0 ...
  run cfg-8a044572 part=l_bracket_s2_c1 tier=0 ...
  run cfg-8a044572 part=l_bracket_s3_c0 tier=0 ...
  run cfg-8a044572 part=l_bracket_s3_c1 tier=0 ...
  run cfg-8a044572 part=plate_notch_s0_c0 tier=0 ...
  run cfg-8a044572 part=plate_notch_s0_c1 tier=0 ...
  run cfg-8a044572 part=plate_notch_s1_c0 tier=0 ...
  run cfg-8a044572 part=plate_notch_s1_c1 tier=0 ...
  run cfg-8a044572 part=plate_notch_s2_c0 tier=0 ...
  run cfg-8a044572 part=plate_notch_s2_c1 tier=0 ...
  run cfg-8a044572 part=plate_notch_s3_c0 tier=0 ...
  run cfg-8a044572 part=plate_notch_s3_c1 tier=0 ...
  run cfg-8a044572 part=sphere_box_s0_c0 tier=0 ...
  run cfg-8a044572 part=sphere_box_s0_c1 tier=0 ...
  run cfg-8a044572 part=sphere_box_s1_c0 tier=0 ...
  run cfg-8a044572 part=sphere_box_s1_c1 tier=0 ...
  run cfg-8a044572 part=sphere_box_s2_c0 tier=0 ...
  run cfg-8a044572 part=sphere_box_s2_c1 tier=0 ...
  run cfg-8a044572 part=sphere_box_s3_c0 tier=0 ...
  run cfg-8a044572 part=sphere_box_s3_c1 tier=0 ...
  run cfg-8a044572 part=stepped_shaft_s0_c0 tier=0 ...
  run cfg-8a044572 part=stepped_shaft_s0_c1 tier=0 ...
  run cfg-8a044572 part=stepped_shaft_s1_c0 tier=0 ...
  run cfg-8a044572 part=stepped_shaft_s1_c1 tier=0 ...
  run cfg-8a044572 part=stepped_shaft_s2_c0 tier=0 ...
  run cfg-8a044572 part=stepped_shaft_s2_c1 tier=0 ...
  run cfg-8a044572 part=stepped_shaft_s3_c0 tier=0 ...
  run cfg-8a044572 part=stepped_shaft_s3_c1 tier=0 ...
  run cfg-903b881c part=box_hole_s0_c0 tier=0 ...
  run cfg-903b881c part=box_hole_s0_c1 tier=0 ...
  run cfg-903b881c part=box_hole_s1_c0 tier=0 ...
  run cfg-903b881c part=box_hole_s1_c1 tier=0 ...
  run cfg-903b881c part=box_hole_s2_c0 tier=0 ...
  run cfg-903b881c part=box_hole_s2_c1 tier=0 ...
  run cfg-903b881c part=box_hole_s3_c0 tier=0 ...
  run cfg-903b881c part=box_hole_s3_c1 tier=0 ...
  run cfg-903b881c part=channel_s0_c0 tier=0 ...
  run cfg-903b881c part=channel_s0_c1 tier=0 ...
  run cfg-903b881c part=channel_s1_c0 tier=0 ...
  run cfg-903b881c part=channel_s1_c1 tier=0 ...
  run cfg-903b881c part=channel_s2_c0 tier=0 ...
  run cfg-903b881c part=channel_s2_c1 tier=0 ...
  run cfg-903b881c part=channel_s3_c0 tier=0 ...
  run cfg-903b881c part=channel_s3_c1 tier=0 ...
  run cfg-903b881c part=l_bracket_s0_c0 tier=0 ...
  run cfg-903b881c part=l_bracket_s0_c1 tier=0 ...
  run cfg-903b881c part=l_bracket_s1_c0 tier=0 ...
  run cfg-903b881c part=l_bracket_s1_c1 tier=0 ...
  run cfg-903b881c part=l_bracket_s2_c0 tier=0 ...
  run cfg-903b881c part=l_bracket_s2_c1 tier=0 ...
  run cfg-903b881c part=l_bracket_s3_c0 tier=0 ...
  run cfg-903b881c part=l_bracket_s3_c1 tier=0 ...
  run cfg-903b881c part=plate_notch_s0_c0 tier=0 ...
  run cfg-903b881c part=plate_notch_s0_c1 tier=0 ...
  run cfg-903b881c part=plate_notch_s1_c0 tier=0 ...
  run cfg-903b881c part=plate_notch_s1_c1 tier=0 ...
  run cfg-903b881c part=plate_notch_s2_c0 tier=0 ...
  run cfg-903b881c part=plate_notch_s2_c1 tier=0 ...
  run cfg-903b881c part=plate_notch_s3_c0 tier=0 ...
  run cfg-903b881c part=plate_notch_s3_c1 tier=0 ...
  run cfg-903b881c part=sphere_box_s0_c0 tier=0 ...
  run cfg-903b881c part=sphere_box_s0_c1 tier=0 ...
  run cfg-903b881c part=sphere_box_s1_c0 tier=0 ...
  run cfg-903b881c part=sphere_box_s1_c1 tier=0 ...
  run cfg-903b881c part=sphere_box_s2_c0 tier=0 ...
  run cfg-903b881c part=sphere_box_s2_c1 tier=0 ...
  run cfg-903b881c part=sphere_box_s3_c0 tier=0 ...
  run cfg-903b881c part=sphere_box_s3_c1 tier=0 ...
  run cfg-903b881c part=stepped_shaft_s0_c0 tier=0 ...
  run cfg-903b881c part=stepped_shaft_s0_c1 tier=0 ...
  run cfg-903b881c part=stepped_shaft_s1_c0 tier=0 ...
  run cfg-903b881c part=stepped_shaft_s1_c1 tier=0 ...
  run cfg-903b881c part=stepped_shaft_s2_c0 tier=0 ...
  run cfg-903b881c part=stepped_shaft_s2_c1 tier=0 ...
  run cfg-903b881c part=stepped_shaft_s3_c0 tier=0 ...
  run cfg-903b881c part=stepped_shaft_s3_c1 tier=0 ...
  run cfg-10a5d6e1 part=box_hole_s0_c0 tier=0 ...
  run cfg-10a5d6e1 part=box_hole_s0_c1 tier=0 ...
  run cfg-10a5d6e1 part=box_hole_s1_c0 tier=0 ...
  run cfg-10a5d6e1 part=box_hole_s1_c1 tier=0 ...
  run cfg-10a5d6e1 part=box_hole_s2_c0 tier=0 ...
  run cfg-10a5d6e1 part=box_hole_s2_c1 tier=0 ...
  run cfg-10a5d6e1 part=box_hole_s3_c0 tier=0 ...
  run cfg-10a5d6e1 part=box_hole_s3_c1 tier=0 ...
  run cfg-10a5d6e1 part=channel_s0_c0 tier=0 ...
  run cfg-10a5d6e1 part=channel_s0_c1 tier=0 ...
  run cfg-10a5d6e1 part=channel_s1_c0 tier=0 ...
  run cfg-10a5d6e1 part=channel_s1_c1 tier=0 ...
  run cfg-10a5d6e1 part=channel_s2_c0 tier=0 ...
  run cfg-10a5d6e1 part=channel_s2_c1 tier=0 ...
  run cfg-10a5d6e1 part=channel_s3_c0 tier=0 ...
  run cfg-10a5d6e1 part=channel_s3_c1 tier=0 ...
  run cfg-10a5d6e1 part=l_bracket_s0_c0 tier=0 ...
  run cfg-10a5d6e1 part=l_bracket_s0_c1 tier=0 ...
  run cfg-10a5d6e1 part=l_bracket_s1_c0 tier=0 ...
  run cfg-10a5d6e1 part=l_bracket_s1_c1 tier=0 ...
  run cfg-10a5d6e1 part=l_bracket_s2_c0 tier=0 ...
  run cfg-10a5d6e1 part=l_bracket_s2_c1 tier=0 ...
  run cfg-10a5d6e1 part=l_bracket_s3_c0 tier=0 ...
  run cfg-10a5d6e1 part=l_bracket_s3_c1 tier=0 ...
  run cfg-10a5d6e1 part=plate_notch_s0_c0 tier=0 ...
  run cfg-10a5d6e1 part=plate_notch_s0_c1 tier=0 ...
  run cfg-10a5d6e1 part=plate_notch_s1_c0 tier=0 ...
  run cfg-10a5d6e1 part=plate_notch_s1_c1 tier=0 ...
  run cfg-10a5d6e1 part=plate_notch_s2_c0 tier=0 ...
  run cfg-10a5d6e1 part=plate_notch_s2_c1 tier=0 ...
  run cfg-10a5d6e1 part=plate_notch_s3_c0 tier=0 ...
  run cfg-10a5d6e1 part=plate_notch_s3_c1 tier=0 ...
  run cfg-10a5d6e1 part=sphere_box_s0_c0 tier=0 ...
  run cfg-10a5d6e1 part=sphere_box_s0_c1 tier=0 ...
  run cfg-10a5d6e1 part=sphere_box_s1_c0 tier=0 ...
  run cfg-10a5d6e1 part=sphere_box_s1_c1 tier=0 ...
  run cfg-10a5d6e1 part=sphere_box_s2_c0 tier=0 ...
  run cfg-10a5d6e1 part=sphere_box_s2_c1 tier=0 ...
  run cfg-10a5d6e1 part=sphere_box_s3_c0 tier=0 ...
  run cfg-10a5d6e1 part=sphere_box_s3_c1 tier=0 ...
  run cfg-10a5d6e1 part=stepped_shaft_s0_c0 tier=0 ...
  run cfg-10a5d6e1 part=stepped_shaft_s0_c1 tier=0 ...
  run cfg-10a5d6e1 part=stepped_shaft_s1_c0 tier=0 ...
  run cfg-10a5d6e1 part=stepped_shaft_s1_c1 tier=0 ...
  run cfg-10a5d6e1 part=stepped_shaft_s2_c0 tier=0 ...
  run cfg-10a5d6e1 part=stepped_shaft_s2_c1 tier=0 ...
  run cfg-10a5d6e1 part=stepped_shaft_s3_c0 tier=0 ...
  run cfg-10a5d6e1 part=stepped_shaft_s3_c1 tier=0 ...
  run cfg-300fd306 part=box_hole_s0_c0 tier=0 ...
  run cfg-300fd306 part=box_hole_s0_c1 tier=0 ...
  run cfg-300fd306 part=box_hole_s1_c0 tier=0 ...
  run cfg-300fd306 part=box_hole_s1_c1 tier=0 ...
  run cfg-300fd306 part=box_hole_s2_c0 tier=0 ...
  run cfg-300fd306 part=box_hole_s2_c1 tier=0 ...
  run cfg-300fd306 part=box_hole_s3_c0 tier=0 ...
  run cfg-300fd306 part=box_hole_s3_c1 tier=0 ...
  run cfg-300fd306 part=channel_s0_c0 tier=0 ...
  run cfg-300fd306 part=channel_s0_c1 tier=0 ...
  run cfg-300fd306 part=channel_s1_c0 tier=0 ...
  run cfg-300fd306 part=channel_s1_c1 tier=0 ...
  run cfg-300fd306 part=channel_s2_c0 tier=0 ...
  run cfg-300fd306 part=channel_s2_c1 tier=0 ...
  run cfg-300fd306 part=channel_s3_c0 tier=0 ...
  run cfg-300fd306 part=channel_s3_c1 tier=0 ...
  run cfg-300fd306 part=l_bracket_s0_c0 tier=0 ...
  run cfg-300fd306 part=l_bracket_s0_c1 tier=0 ...
  run cfg-300fd306 part=l_bracket_s1_c0 tier=0 ...
  run cfg-300fd306 part=l_bracket_s1_c1 tier=0 ...
  run cfg-300fd306 part=l_bracket_s2_c0 tier=0 ...
  run cfg-300fd306 part=l_bracket_s2_c1 tier=0 ...
  run cfg-300fd306 part=l_bracket_s3_c0 tier=0 ...
  run cfg-300fd306 part=l_bracket_s3_c1 tier=0 ...
  run cfg-300fd306 part=plate_notch_s0_c0 tier=0 ...
  run cfg-300fd306 part=plate_notch_s0_c1 tier=0 ...
  run cfg-300fd306 part=plate_notch_s1_c0 tier=0 ...
  run cfg-300fd306 part=plate_notch_s1_c1 tier=0 ...
  run cfg-300fd306 part=plate_notch_s2_c0 tier=0 ...
  run cfg-300fd306 part=plate_notch_s2_c1 tier=0 ...
  run cfg-300fd306 part=plate_notch_s3_c0 tier=0 ...
  run cfg-300fd306 part=plate_notch_s3_c1 tier=0 ...
  run cfg-300fd306 part=sphere_box_s0_c0 tier=0 ...
  run cfg-300fd306 part=sphere_box_s0_c1 tier=0 ...
  run cfg-300fd306 part=sphere_box_s1_c0 tier=0 ...
  run cfg-300fd306 part=sphere_box_s1_c1 tier=0 ...
  run cfg-300fd306 part=sphere_box_s2_c0 tier=0 ...
  run cfg-300fd306 part=sphere_box_s2_c1 tier=0 ...
  run cfg-300fd306 part=sphere_box_s3_c0 tier=0 ...
  run cfg-300fd306 part=sphere_box_s3_c1 tier=0 ...
  run cfg-300fd306 part=stepped_shaft_s0_c0 tier=0 ...
  run cfg-300fd306 part=stepped_shaft_s0_c1 tier=0 ...
  run cfg-300fd306 part=stepped_shaft_s1_c0 tier=0 ...
  run cfg-300fd306 part=stepped_shaft_s1_c1 tier=0 ...
  run cfg-300fd306 part=stepped_shaft_s2_c0 tier=0 ...
  run cfg-300fd306 part=stepped_shaft_s2_c1 tier=0 ...
  run cfg-300fd306 part=stepped_shaft_s3_c0 tier=0 ...
  run cfg-300fd306 part=stepped_shaft_s3_c1 tier=0 ...
  run cfg-0560758f part=box_hole_s0_c0 tier=0 ...
  run cfg-0560758f part=box_hole_s0_c1 tier=0 ...
  run cfg-0560758f part=box_hole_s1_c0 tier=0 ...
  run cfg-0560758f part=box_hole_s1_c1 tier=0 ...
  run cfg-0560758f part=box_hole_s2_c0 tier=0 ...
  run cfg-0560758f part=box_hole_s2_c1 tier=0 ...
  run cfg-0560758f part=box_hole_s3_c0 tier=0 ...
  run cfg-0560758f part=box_hole_s3_c1 tier=0 ...
  run cfg-0560758f part=channel_s0_c0 tier=0 ...
  run cfg-0560758f part=channel_s0_c1 tier=0 ...
  run cfg-0560758f part=channel_s1_c0 tier=0 ...
  run cfg-0560758f part=channel_s1_c1 tier=0 ...
  run cfg-0560758f part=channel_s2_c0 tier=0 ...
  run cfg-0560758f part=channel_s2_c1 tier=0 ...
  run cfg-0560758f part=channel_s3_c0 tier=0 ...
  run cfg-0560758f part=channel_s3_c1 tier=0 ...
  run cfg-0560758f part=l_bracket_s0_c0 tier=0 ...
  run cfg-0560758f part=l_bracket_s0_c1 tier=0 ...
  run cfg-0560758f part=l_bracket_s1_c0 tier=0 ...
  run cfg-0560758f part=l_bracket_s1_c1 tier=0 ...
  run cfg-0560758f part=l_bracket_s2_c0 tier=0 ...
  run cfg-0560758f part=l_bracket_s2_c1 tier=0 ...
  run cfg-0560758f part=l_bracket_s3_c0 tier=0 ...
  run cfg-0560758f part=l_bracket_s3_c1 tier=0 ...
  run cfg-0560758f part=plate_notch_s0_c0 tier=0 ...
  run cfg-0560758f part=plate_notch_s0_c1 tier=0 ...
  run cfg-0560758f part=plate_notch_s1_c0 tier=0 ...
  run cfg-0560758f part=plate_notch_s1_c1 tier=0 ...
  run cfg-0560758f part=plate_notch_s2_c0 tier=0 ...
  run cfg-0560758f part=plate_notch_s2_c1 tier=0 ...
  run cfg-0560758f part=plate_notch_s3_c0 tier=0 ...
  run cfg-0560758f part=plate_notch_s3_c1 tier=0 ...
  run cfg-0560758f part=sphere_box_s0_c0 tier=0 ...
  run cfg-0560758f part=sphere_box_s0_c1 tier=0 ...
  run cfg-0560758f part=sphere_box_s1_c0 tier=0 ...
  run cfg-0560758f part=sphere_box_s1_c1 tier=0 ...
  run cfg-0560758f part=sphere_box_s2_c0 tier=0 ...
  run cfg-0560758f part=sphere_box_s2_c1 tier=0 ...
  run cfg-0560758f part=sphere_box_s3_c0 tier=0 ...
  run cfg-0560758f part=sphere_box_s3_c1 tier=0 ...
  run cfg-0560758f part=stepped_shaft_s0_c0 tier=0 ...
  run cfg-0560758f part=stepped_shaft_s0_c1 tier=0 ...
  run cfg-0560758f part=stepped_shaft_s1_c0 tier=0 ...
  run cfg-0560758f part=stepped_shaft_s1_c1 tier=0 ...
  run cfg-0560758f part=stepped_shaft_s2_c0 tier=0 ...
  run cfg-0560758f part=stepped_shaft_s2_c1 tier=0 ...
  run cfg-0560758f part=stepped_shaft_s3_c0 tier=0 ...
  run cfg-0560758f part=stepped_shaft_s3_c1 tier=0 ...
  run cfg-383b7181 part=box_hole_s0_c0 tier=0 ...
  run cfg-383b7181 part=box_hole_s0_c1 tier=0 ...
  run cfg-383b7181 part=box_hole_s1_c0 tier=0 ...
  run cfg-383b7181 part=box_hole_s1_c1 tier=0 ...
  run cfg-383b7181 part=box_hole_s2_c0 tier=0 ...
  run cfg-383b7181 part=box_hole_s2_c1 tier=0 ...
  run cfg-383b7181 part=box_hole_s3_c0 tier=0 ...
  run cfg-383b7181 part=box_hole_s3_c1 tier=0 ...
  run cfg-383b7181 part=channel_s0_c0 tier=0 ...
  run cfg-383b7181 part=channel_s0_c1 tier=0 ...
  run cfg-383b7181 part=channel_s1_c0 tier=0 ...
  run cfg-383b7181 part=channel_s1_c1 tier=0 ...
  run cfg-383b7181 part=channel_s2_c0 tier=0 ...
  run cfg-383b7181 part=channel_s2_c1 tier=0 ...
  run cfg-383b7181 part=channel_s3_c0 tier=0 ...
  run cfg-383b7181 part=channel_s3_c1 tier=0 ...
  run cfg-383b7181 part=l_bracket_s0_c0 tier=0 ...
  run cfg-383b7181 part=l_bracket_s0_c1 tier=0 ...
  run cfg-383b7181 part=l_bracket_s1_c0 tier=0 ...
  run cfg-383b7181 part=l_bracket_s1_c1 tier=0 ...
  run cfg-383b7181 part=l_bracket_s2_c0 tier=0 ...
  run cfg-383b7181 part=l_bracket_s2_c1 tier=0 ...
  run cfg-383b7181 part=l_bracket_s3_c0 tier=0 ...
  run cfg-383b7181 part=l_bracket_s3_c1 tier=0 ...
  run cfg-383b7181 part=plate_notch_s0_c0 tier=0 ...
  run cfg-383b7181 part=plate_notch_s0_c1 tier=0 ...
  run cfg-383b7181 part=plate_notch_s1_c0 tier=0 ...
  run cfg-383b7181 part=plate_notch_s1_c1 tier=0 ...
  run cfg-383b7181 part=plate_notch_s2_c0 tier=0 ...
  run cfg-383b7181 part=plate_notch_s2_c1 tier=0 ...
  run cfg-383b7181 part=plate_notch_s3_c0 tier=0 ...
  run cfg-383b7181 part=plate_notch_s3_c1 tier=0 ...
  run cfg-383b7181 part=sphere_box_s0_c0 tier=0 ...
  run cfg-383b7181 part=sphere_box_s0_c1 tier=0 ...
  run cfg-383b7181 part=sphere_box_s1_c0 tier=0 ...
  run cfg-383b7181 part=sphere_box_s1_c1 tier=0 ...
  run cfg-383b7181 part=sphere_box_s2_c0 tier=0 ...
  run cfg-383b7181 part=sphere_box_s2_c1 tier=0 ...
  run cfg-383b7181 part=sphere_box_s3_c0 tier=0 ...
  run cfg-383b7181 part=sphere_box_s3_c1 tier=0 ...
  run cfg-383b7181 part=stepped_shaft_s0_c0 tier=0 ...
  run cfg-383b7181 part=stepped_shaft_s0_c1 tier=0 ...
  run cfg-383b7181 part=stepped_shaft_s1_c0 tier=0 ...
  run cfg-383b7181 part=stepped_shaft_s1_c1 tier=0 ...
  run cfg-383b7181 part=stepped_shaft_s2_c0 tier=0 ...
  run cfg-383b7181 part=stepped_shaft_s2_c1 tier=0 ...
  run cfg-383b7181 part=stepped_shaft_s3_c0 tier=0 ...
  run cfg-383b7181 part=stepped_shaft_s3_c1 tier=0 ...
  run cfg-00713046 part=box_hole_s0_c0 tier=0 ...
  run cfg-00713046 part=box_hole_s0_c1 tier=0 ...
  run cfg-00713046 part=box_hole_s1_c0 tier=0 ...
  run cfg-00713046 part=box_hole_s1_c1 tier=0 ...
  run cfg-00713046 part=box_hole_s2_c0 tier=0 ...
  run cfg-00713046 part=box_hole_s2_c1 tier=0 ...
  run cfg-00713046 part=box_hole_s3_c0 tier=0 ...
  run cfg-00713046 part=box_hole_s3_c1 tier=0 ...
  run cfg-00713046 part=channel_s0_c0 tier=0 ...
  run cfg-00713046 part=channel_s0_c1 tier=0 ...
  run cfg-00713046 part=channel_s1_c0 tier=0 ...
  run cfg-00713046 part=channel_s1_c1 tier=0 ...
  run cfg-00713046 part=channel_s2_c0 tier=0 ...
  run cfg-00713046 part=channel_s2_c1 tier=0 ...
  run cfg-00713046 part=channel_s3_c0 tier=0 ...
  run cfg-00713046 part=channel_s3_c1 tier=0 ...
  run cfg-00713046 part=l_bracket_s0_c0 tier=0 ...
  run cfg-00713046 part=l_bracket_s0_c1 tier=0 ...
  run cfg-00713046 part=l_bracket_s1_c0 tier=0 ...
  run cfg-00713046 part=l_bracket_s1_c1 tier=0 ...
  run cfg-00713046 part=l_bracket_s2_c0 tier=0 ...
  run cfg-00713046 part=l_bracket_s2_c1 tier=0 ...
  run cfg-00713046 part=l_bracket_s3_c0 tier=0 ...
  run cfg-00713046 part=l_bracket_s3_c1 tier=0 ...
  run cfg-00713046 part=plate_notch_s0_c0 tier=0 ...
  run cfg-00713046 part=plate_notch_s0_c1 tier=0 ...
  run cfg-00713046 part=plate_notch_s1_c0 tier=0 ...
  run cfg-00713046 part=plate_notch_s1_c1 tier=0 ...
  run cfg-00713046 part=plate_notch_s2_c0 tier=0 ...
  run cfg-00713046 part=plate_notch_s2_c1 tier=0 ...
  run cfg-00713046 part=plate_notch_s3_c0 tier=0 ...
  run cfg-00713046 part=plate_notch_s3_c1 tier=0 ...
  run cfg-00713046 part=sphere_box_s0_c0 tier=0 ...
  run cfg-00713046 part=sphere_box_s0_c1 tier=0 ...
  run cfg-00713046 part=sphere_box_s1_c0 tier=0 ...
  run cfg-00713046 part=sphere_box_s1_c1 tier=0 ...
  run cfg-00713046 part=sphere_box_s2_c0 tier=0 ...
  run cfg-00713046 part=sphere_box_s2_c1 tier=0 ...
  run cfg-00713046 part=sphere_box_s3_c0 tier=0 ...
  run cfg-00713046 part=sphere_box_s3_c1 tier=0 ...
  run cfg-00713046 part=stepped_shaft_s0_c0 tier=0 ...
  run cfg-00713046 part=stepped_shaft_s0_c1 tier=0 ...
  run cfg-00713046 part=stepped_shaft_s1_c0 tier=0 ...
  run cfg-00713046 part=stepped_shaft_s1_c1 tier=0 ...
  run cfg-00713046 part=stepped_shaft_s2_c0 tier=0 ...
  run cfg-00713046 part=stepped_shaft_s2_c1 tier=0 ...
  run cfg-00713046 part=stepped_shaft_s3_c0 tier=0 ...
  run cfg-00713046 part=stepped_shaft_s3_c1 tier=0 ...
Could not find platform independent libraries <prefix>
wrote bench\campaigns\advisor-batch-1-s2\runs\cfg-00713046\box_hole_s0_c0\t0\wire.png
wrote bench\campaigns\advisor-batch-1-s2\runs\cfg-00713046\box_hole_s0_c1\t0\wire.png
wrote bench\campaigns\advisor-batch-1-s2\runs\cfg-00713046\box_hole_s1_c0\t0\wire.png
wrote bench\campaigns\advisor-batch-1-s2\runs\cfg-00713046\box_hole_s1_c1\t0\wire.png
wrote bench\campaigns\advisor-batch-1-s2\runs\cfg-00713046\box_hole_s2_c0\t0\wire.png
wrote bench\campaigns\advisor-batch-1-s2\runs\cfg-00713046\box_hole_s2_c1\t0\wire.png
wrote bench\campaigns\advisor-batch-1-s2\runs\cfg-00713046\box_hole_s3_c0\t0\wire.png
wrote bench\campaigns\advisor-batch-1-s2\runs\cfg-00713046\box_hole_s3_c1\t0\wire.png
wrote bench\campaigns\advisor-batch-1-s2\runs\cfg-00713046\channel_s3_c0\t0\wire.png
wrote bench\campaigns\advisor-batch-1-s2\runs\cfg-00713046\channel_s3_c1\t0\wire.png
wrote bench\campaigns\advisor-batch-1-s2\runs\cfg-00713046\l_bracket_s0_c0\t0\wire.png
wrote bench\campaigns\advisor-batch-1-s2\runs\cfg-00713046\l_bracket_s0_c1\t0\wire.png
wrote bench\campaigns\advisor-batch-1-s2\runs\cfg-00713046\l_bracket_s1_c0\t0\wire.png
wrote bench\campaigns\advisor-batch-1-s2\runs\cfg-00713046\l_bracket_s1_c1\t0\wire.png
wrote bench\campaigns\advisor-batch-1-s2\runs\cfg-00713046\l_bracket_s2_c0\t0\wire.png
wrote bench\campaigns\advisor-batch-1-s2\runs\cfg-00713046\l_bracket_s2_c1\t0\wire.png
wrote bench\campaigns\advisor-batch-1-s2\runs\cfg-00713046\l_bracket_s3_c0\t0\wire.png
wrote bench\campaigns\advisor-batch-1-s2\runs\cfg-00713046\l_bracket_s3_c1\t0\wire.png
wrote bench\campaigns\advisor-batch-1-s2\runs\cfg-00713046\plate_notch_s0_c0\t0\wire.png
wrote bench\campaigns\advisor-batch-1-s2\runs\cfg-00713046\plate_notch_s0_c1\t0\wire.png
wrote bench\campaigns\advisor-batch-1-s2\runs\cfg-00713046\plate_notch_s1_c0\t0\wire.png
wrote bench\campaigns\advisor-batch-1-s2\runs\cfg-00713046\plate_notch_s1_c1\t0\wire.png
wrote bench\campaigns\advisor-batch-1-s2\runs\cfg-00713046\plate_notch_s2_c0\t0\wire.png
wrote bench\campaigns\advisor-batch-1-s2\runs\cfg-00713046\plate_notch_s2_c1\t0\wire.png
wrote bench\campaigns\advisor-batch-1-s2\runs\cfg-00713046\plate_notch_s3_c0\t0\wire.png
wrote bench\campaigns\advisor-batch-1-s2\runs\cfg-00713046\plate_notch_s3_c1\t0\wire.png
wrote bench\campaigns\advisor-batch-1-s2\runs\cfg-00713046\sphere_box_s3_c0\t0\wire.png
wrote bench\campaigns\advisor-batch-1-s2\runs\cfg-00713046\sphere_box_s3_c1\t0\wire.png
wrote bench\campaigns\advisor-batch-1-s2\runs\cfg-00713046\stepped_shaft_s0_c0\t0\wire.png
wrote bench\campaigns\advisor-batch-1-s2\runs\cfg-00713046\stepped_shaft_s0_c1\t0\wire.png
wrote bench\campaigns\advisor-batch-1-s2\runs\cfg-00713046\stepped_shaft_s1_c0\t0\wire.png
wrote bench\campaigns\advisor-batch-1-s2\runs\cfg-00713046\stepped_shaft_s1_c1\t0\wire.png
wrote bench\campaigns\advisor-batch-1-s2\runs\cfg-00713046\stepped_shaft_s2_c0\t0\wire.png
wrote bench\campaigns\advisor-batch-1-s2\runs\cfg-00713046\stepped_shaft_s2_c1\t0\wire.png
wrote bench\campaigns\advisor-batch-1-s2\runs\cfg-00713046\stepped_shaft_s3_c0\t0\wire.png
wrote bench\campaigns\advisor-batch-1-s2\runs\cfg-00713046\stepped_shaft_s3_c1\t0\wire.png
wrote bench\campaigns\advisor-batch-1-s2\runs\cfg-0560758f\box_hole_s0_c0\t0\wire.png
wrote bench\campaigns\advisor-batch-1-s2\runs\cfg-0560758f\box_hole_s0_c1\t0\wire.png
wrote bench\campaigns\advisor-batch-1-s2\runs\cfg-0560758f\box_hole_s1_c0\t0\wire.png
wrote bench\campaigns\advisor-batch-1-s2\runs\cfg-0560758f\box_hole_s1_c1\t0\wire.png
wrote bench\campaigns\advisor-batch-1-s2\runs\cfg-0560758f\box_hole_s2_c0\t0\wire.png
wrote bench\campaigns\advisor-batch-1-s2\runs\cfg-0560758f\box_hole_s2_c1\t0\wire.png
wrote bench\campaigns\advisor-batch-1-s2\runs\cfg-0560758f\box_hole_s3_c0\t0\wire.png
wrote bench\campaigns\advisor-batch-1-s2\runs\cfg-0560758f\box_hole_s3_c1\t0\wire.png
wrote bench\campaigns\advisor-batch-1-s2\runs\cfg-0560758f\channel_s3_c0\t0\wire.png
wrote bench\campaigns\advisor-batch-1-s2\runs\cfg-0560758f\channel_s3_c1\t0\wire.png
wrote bench\campaigns\advisor-batch-1-s2\runs\cfg-0560758f\l_bracket_s0_c0\t0\wire.png
wrote bench\campaigns\advisor-batch-1-s2\runs\cfg-0560758f\l_bracket_s0_c1\t0\wire.png
wrote bench\campaigns\advisor-batch-1-s2\runs\cfg-0560758f\l_bracket_s1_c0\t0\wire.png
wrote bench\campaigns\advisor-batch-1-s2\runs\cfg-0560758f\l_bracket_s1_c1\t0\wire.png
wrote bench\campaigns\advisor-batch-1-s2\runs\cfg-0560758f\l_bracket_s2_c0\t0\wire.png
wrote bench\campaigns\advisor-batch-1-s2\runs\cfg-0560758f\l_bracket_s2_c1\t0\wire.png
wrote bench\campaigns\advisor-batch-1-s2\runs\cfg-0560758f\l_bracket_s3_c0\t0\wire.png
wrote bench\campaigns\advisor-batch-1-s2\runs\cfg-0560758f\l_bracket_s3_c1\t0\wire.png
wrote bench\campaigns\advisor-batch-1-s2\runs\cfg-0560758f\plate_notch_s0_c0\t0\wire.png
wrote bench\campaigns\advisor-batch-1-s2\runs\cfg-0560758f\plate_notch_s0_c1\t0\wire.png
wrote bench\campaigns\advisor-batch-1-s2\runs\cfg-0560758f\plate_notch_s1_c0\t0\wire.png
wrote bench\campaigns\advisor-batch-1-s2\runs\cfg-0560758f\plate_notch_s1_c1\t0\wire.png
wrote bench\campaigns\advisor-batch-1-s2\runs\cfg-0560758f\plate_notch_s2_c0\t0\wire.png
wrote bench\campaigns\advisor-batch-1-s2\runs\cfg-0560758f\plate_notch_s2_c1\t0\wire.png
wrote bench\campaigns\advisor-batch-1-s2\runs\cfg-0560758f\plate_notch_s3_c0\t0\wire.png
wrote bench\campaigns\advisor-batch-1-s2\runs\cfg-0560758f\plate_notch_s3_c1\t0\wire.png
wrote bench\campaigns\advisor-batch-1-s2\runs\cfg-0560758f\sphere_box_s3_c0\t0\wire.png
wrote bench\campaigns\advisor-batch-1-s2\runs\cfg-0560758f\sphere_box_s3_c1\t0\wire.png
wrote bench\campaigns\advisor-batch-1-s2\runs\cfg-0560758f\stepped_shaft_s0_c0\t0\wire.png
wrote bench\campaigns\advisor-batch-1-s2\runs\cfg-0560758f\stepped_shaft_s0_c1\t0\wire.png
wrote bench\campaigns\advisor-batch-1-s2\runs\cfg-0560758f\stepped_shaft_s1_c0\t0\wire.png
wrote bench\campaigns\advisor-batch-1-s2\runs\cfg-0560758f\stepped_shaft_s1_c1\t0\wire.png
wrote bench\campaigns\advisor-batch-1-s2\runs\cfg-0560758f\stepped_shaft_s2_c0\t0\wire.png
wrote bench\campaigns\advisor-batch-1-s2\runs\cfg-0560758f\stepped_shaft_s2_c1\t0\wire.png
wrote bench\campaigns\advisor-batch-1-s2\runs\cfg-0560758f\stepped_shaft_s3_c0\t0\wire.png
wrote bench\campaigns\advisor-batch-1-s2\runs\cfg-0560758f\stepped_shaft_s3_c1\t0\wire.png
wrote bench\campaigns\advisor-batch-1-s2\runs\cfg-10a5d6e1\box_hole_s0_c0\t0\wire.png
wrote bench\campaigns\advisor-batch-1-s2\runs\cfg-10a5d6e1\box_hole_s0_c1\t0\wire.png
wrote bench\campaigns\advisor-batch-1-s2\runs\cfg-10a5d6e1\box_hole_s1_c0\t0\wire.png
wrote bench\campaigns\advisor-batch-1-s2\runs\cfg-10a5d6e1\box_hole_s1_c1\t0\wire.png
wrote bench\campaigns\advisor-batch-1-s2\runs\cfg-10a5d6e1\box_hole_s2_c0\t0\wire.png
wrote bench\campaigns\advisor-batch-1-s2\runs\cfg-10a5d6e1\box_hole_s2_c1\t0\wire.png
wrote bench\campaigns\advisor-batch-1-s2\runs\cfg-10a5d6e1\box_hole_s3_c0\t0\wire.png
wrote bench\campaigns\advisor-batch-1-s2\runs\cfg-10a5d6e1\box_hole_s3_c1\t0\wire.png
wrote bench\campaigns\advisor-batch-1-s2\runs\cfg-10a5d6e1\channel_s3_c0\t0\wire.png
wrote bench\campaigns\advisor-batch-1-s2\runs\cfg-10a5d6e1\channel_s3_c1\t0\wire.png
wrote bench\campaigns\advisor-batch-1-s2\runs\cfg-10a5d6e1\l_bracket_s0_c0\t0\wire.png
wrote bench\campaigns\advisor-batch-1-s2\runs\cfg-10a5d6e1\l_bracket_s0_c1\t0\wire.png
wrote bench\campaigns\advisor-batch-1-s2\runs\cfg-10a5d6e1\l_bracket_s1_c0\t0\wire.png
wrote bench\campaigns\advisor-batch-1-s2\runs\cfg-10a5d6e1\l_bracket_s1_c1\t0\wire.png
wrote bench\campaigns\advisor-batch-1-s2\runs\cfg-10a5d6e1\l_bracket_s2_c0\t0\wire.png
wrote bench\campaigns\advisor-batch-1-s2\runs\cfg-10a5d6e1\l_bracket_s2_c1\t0\wire.png
wrote bench\campaigns\advisor-batch-1-s2\runs\cfg-10a5d6e1\l_bracket_s3_c0\t0\wire.png
wrote bench\campaigns\advisor-batch-1-s2\runs\cfg-10a5d6e1\l_bracket_s3_c1\t0\wire.png
wrote bench\campaigns\advisor-batch-1-s2\runs\cfg-10a5d6e1\plate_notch_s0_c0\t0\wire.png
wrote bench\campaigns\advisor-batch-1-s2\runs\cfg-10a5d6e1\plate_notch_s0_c1\t0\wire.png
wrote bench\campaigns\advisor-batch-1-s2\runs\cfg-10a5d6e1\plate_notch_s1_c0\t0\wire.png
wrote bench\campaigns\advisor-batch-1-s2\runs\cfg-10a5d6e1\plate_notch_s1_c1\t0\wire.png
wrote bench\campaigns\advisor-batch-1-s2\runs\cfg-10a5d6e1\plate_notch_s2_c0\t0\wire.png
wrote bench\campaigns\advisor-batch-1-s2\runs\cfg-10a5d6e1\plate_notch_s2_c1\t0\wire.png
wrote bench\campaigns\advisor-batch-1-s2\runs\cfg-10a5d6e1\plate_notch_s3_c0\t0\wire.png
wrote bench\campaigns\advisor-batch-1-s2\runs\cfg-10a5d6e1\plate_notch_s3_c1\t0\wire.png
wrote bench\campaigns\advisor-batch-1-s2\runs\cfg-10a5d6e1\sphere_box_s0_c0\t0\wire.png
wrote bench\campaigns\advisor-batch-1-s2\runs\cfg-10a5d6e1\sphere_box_s0_c1\t0\wire.png
wrote bench\campaigns\advisor-batch-1-s2\runs\cfg-10a5d6e1\sphere_box_s1_c0\t0\wire.png
wrote bench\campaigns\advisor-batch-1-s2\runs\cfg-10a5d6e1\sphere_box_s1_c1\t0\wire.png
wrote bench\campaigns\advisor-batch-1-s2\runs\cfg-10a5d6e1\sphere_box_s2_c0\t0\wire.png
wrote bench\campaigns\advisor-batch-1-s2\runs\cfg-10a5d6e1\sphere_box_s2_c1\t0\wire.png
wrote bench\campaigns\advisor-batch-1-s2\runs\cfg-10a5d6e1\sphere_box_s3_c0\t0\wire.png
wrote bench\campaigns\advisor-batch-1-s2\runs\cfg-10a5d6e1\sphere_box_s3_c1\t0\wire.png
wrote bench\campaigns\advisor-batch-1-s2\runs\cfg-10a5d6e1\stepped_shaft_s0_c0\t0\wire.png
wrote bench\campaigns\advisor-batch-1-s2\runs\cfg-10a5d6e1\stepped_shaft_s0_c1\t0\wire.png
wrote bench\campaigns\advisor-batch-1-s2\runs\cfg-10a5d6e1\stepped_shaft_s1_c0\t0\wire.png
wrote bench\campaigns\advisor-batch-1-s2\runs\cfg-10a5d6e1\stepped_shaft_s1_c1\t0\wire.png
wrote bench\campaigns\advisor-batch-1-s2\runs\cfg-10a5d6e1\stepped_shaft_s2_c0\t0\wire.png
wrote bench\campaigns\advisor-batch-1-s2\runs\cfg-10a5d6e1\stepped_shaft_s2_c1\t0\wire.png
wrote bench\campaigns\advisor-batch-1-s2\runs\cfg-10a5d6e1\stepped_shaft_s3_c0\t0\wire.png
wrote bench\campaigns\advisor-batch-1-s2\runs\cfg-10a5d6e1\stepped_shaft_s3_c1\t0\wire.png
wrote bench\campaigns\advisor-batch-1-s2\runs\cfg-300fd306\box_hole_s0_c0\t0\wire.png
wrote bench\campaigns\advisor-batch-1-s2\runs\cfg-300fd306\box_hole_s0_c1\t0\wire.png
wrote bench\campaigns\advisor-batch-1-s2\runs\cfg-300fd306\box_hole_s1_c0\t0\wire.png
wrote bench\campaigns\advisor-batch-1-s2\runs\cfg-300fd306\box_hole_s1_c1\t0\wire.png
wrote bench\campaigns\advisor-batch-1-s2\runs\cfg-300fd306\box_hole_s2_c0\t0\wire.png
wrote bench\campaigns\advisor-batch-1-s2\runs\cfg-300fd306\box_hole_s2_c1\t0\wire.png
wrote bench\campaigns\advisor-batch-1-s2\runs\cfg-300fd306\box_hole_s3_c0\t0\wire.png
wrote bench\campaigns\advisor-batch-1-s2\runs\cfg-300fd306\box_hole_s3_c1\t0\wire.png
wrote bench\campaigns\advisor-batch-1-s2\runs\cfg-300fd306\plate_notch_s0_c0\t0\wire.png
wrote bench\campaigns\advisor-batch-1-s2\runs\cfg-300fd306\plate_notch_s0_c1\t0\wire.png
wrote bench\campaigns\advisor-batch-1-s2\runs\cfg-300fd306\plate_notch_s1_c0\t0\wire.png
wrote bench\campaigns\advisor-batch-1-s2\runs\cfg-300fd306\plate_notch_s1_c1\t0\wire.png
wrote bench\campaigns\advisor-batch-1-s2\runs\cfg-300fd306\plate_notch_s2_c0\t0\wire.png
wrote bench\campaigns\advisor-batch-1-s2\runs\cfg-300fd306\plate_notch_s2_c1\t0\wire.png
wrote bench\campaigns\advisor-batch-1-s2\runs\cfg-300fd306\plate_notch_s3_c0\t0\wire.png
wrote bench\campaigns\advisor-batch-1-s2\runs\cfg-300fd306\plate_notch_s3_c1\t0\wire.png
wrote bench\campaigns\advisor-batch-1-s2\runs\cfg-300fd306\sphere_box_s0_c0\t0\wire.png
wrote bench\campaigns\advisor-batch-1-s2\runs\cfg-300fd306\sphere_box_s0_c1\t0\wire.png
wrote bench\campaigns\advisor-batch-1-s2\runs\cfg-300fd306\sphere_box_s2_c0\t0\wire.png
wrote bench\campaigns\advisor-batch-1-s2\runs\cfg-300fd306\sphere_box_s2_c1\t0\wire.png
wrote bench\campaigns\advisor-batch-1-s2\runs\cfg-300fd306\sphere_box_s3_c0\t0\wire.png
wrote bench\campaigns\advisor-batch-1-s2\runs\cfg-300fd306\sphere_box_s3_c1\t0\wire.png
wrote bench\campaigns\advisor-batch-1-s2\runs\cfg-300fd306\stepped_shaft_s0_c0\t0\wire.png
wrote bench\campaigns\advisor-batch-1-s2\runs\cfg-300fd306\stepped_shaft_s0_c1\t0\wire.png
wrote bench\campaigns\advisor-batch-1-s2\runs\cfg-300fd306\stepped_shaft_s1_c0\t0\wire.png
wrote bench\campaigns\advisor-batch-1-s2\runs\cfg-300fd306\stepped_shaft_s1_c1\t0\wire.png
wrote bench\campaigns\advisor-batch-1-s2\runs\cfg-300fd306\stepped_shaft_s2_c0\t0\wire.png
wrote bench\campaigns\advisor-batch-1-s2\runs\cfg-300fd306\stepped_shaft_s2_c1\t0\wire.png
wrote bench\campaigns\advisor-batch-1-s2\runs\cfg-300fd306\stepped_shaft_s3_c0\t0\wire.png
wrote bench\campaigns\advisor-batch-1-s2\runs\cfg-300fd306\stepped_shaft_s3_c1\t0\wire.png
wrote bench\campaigns\advisor-batch-1-s2\runs\cfg-383b7181\box_hole_s0_c0\t0\wire.png
wrote bench\campaigns\advisor-batch-1-s2\runs\cfg-383b7181\box_hole_s0_c1\t0\wire.png
wrote bench\campaigns\advisor-batch-1-s2\runs\cfg-383b7181\box_hole_s1_c0\t0\wire.png
wrote bench\campaigns\advisor-batch-1-s2\runs\cfg-383b7181\box_hole_s1_c1\t0\wire.png
wrote bench\campaigns\advisor-batch-1-s2\runs\cfg-383b7181\box_hole_s2_c0\t0\wire.png
wrote bench\campaigns\advisor-batch-1-s2\runs\cfg-383b7181\box_hole_s2_c1\t0\wire.png
wrote bench\campaigns\advisor-batch-1-s2\runs\cfg-383b7181\box_hole_s3_c0\t0\wire.png
wrote bench\campaigns\advisor-batch-1-s2\runs\cfg-383b7181\box_hole_s3_c1\t0\wire.png
wrote bench\campaigns\advisor-batch-1-s2\runs\cfg-383b7181\plate_notch_s0_c0\t0\wire.png
wrote bench\campaigns\advisor-batch-1-s2\runs\cfg-383b7181\plate_notch_s0_c1\t0\wire.png
wrote bench\campaigns\advisor-batch-1-s2\runs\cfg-383b7181\plate_notch_s1_c0\t0\wire.png
wrote bench\campaigns\advisor-batch-1-s2\runs\cfg-383b7181\plate_notch_s1_c1\t0\wire.png
wrote bench\campaigns\advisor-batch-1-s2\runs\cfg-383b7181\plate_notch_s2_c0\t0\wire.png
wrote bench\campaigns\advisor-batch-1-s2\runs\cfg-383b7181\plate_notch_s2_c1\t0\wire.png
wrote bench\campaigns\advisor-batch-1-s2\runs\cfg-383b7181\plate_notch_s3_c0\t0\wire.png
wrote bench\campaigns\advisor-batch-1-s2\runs\cfg-383b7181\plate_notch_s3_c1\t0\wire.png
wrote bench\campaigns\advisor-batch-1-s2\runs\cfg-383b7181\sphere_box_s0_c0\t0\wire.png
wrote bench\campaigns\advisor-batch-1-s2\runs\cfg-383b7181\sphere_box_s0_c1\t0\wire.png
wrote bench\campaigns\advisor-batch-1-s2\runs\cfg-383b7181\sphere_box_s2_c0\t0\wire.png
wrote bench\campaigns\advisor-batch-1-s2\runs\cfg-383b7181\sphere_box_s2_c1\t0\wire.png
wrote bench\campaigns\advisor-batch-1-s2\runs\cfg-383b7181\sphere_box_s3_c0\t0\wire.png
wrote bench\campaigns\advisor-batch-1-s2\runs\cfg-383b7181\sphere_box_s3_c1\t0\wire.png
wrote bench\campaigns\advisor-batch-1-s2\runs\cfg-383b7181\stepped_shaft_s0_c0\t0\wire.png
wrote bench\campaigns\advisor-batch-1-s2\runs\cfg-383b7181\stepped_shaft_s0_c1\t0\wire.png
wrote bench\campaigns\advisor-batch-1-s2\runs\cfg-383b7181\stepped_shaft_s1_c0\t0\wire.png
wrote bench\campaigns\advisor-batch-1-s2\runs\cfg-383b7181\stepped_shaft_s1_c1\t0\wire.png
wrote bench\campaigns\advisor-batch-1-s2\runs\cfg-383b7181\stepped_shaft_s2_c0\t0\wire.png
wrote bench\campaigns\advisor-batch-1-s2\runs\cfg-383b7181\stepped_shaft_s2_c1\t0\wire.png
wrote bench\campaigns\advisor-batch-1-s2\runs\cfg-383b7181\stepped_shaft_s3_c0\t0\wire.png
wrote bench\campaigns\advisor-batch-1-s2\runs\cfg-383b7181\stepped_shaft_s3_c1\t0\wire.png
wrote bench\campaigns\advisor-batch-1-s2\runs\cfg-8a044572\box_hole_s0_c0\t0\wire.png
wrote bench\campaigns\advisor-batch-1-s2\runs\cfg-8a044572\box_hole_s0_c1\t0\wire.png
wrote bench\campaigns\advisor-batch-1-s2\runs\cfg-8a044572\box_hole_s1_c0\t0\wire.png
wrote bench\campaigns\advisor-batch-1-s2\runs\cfg-8a044572\box_hole_s1_c1\t0\wire.png
wrote bench\campaigns\advisor-batch-1-s2\runs\cfg-8a044572\box_hole_s2_c0\t0\wire.png
wrote bench\campaigns\advisor-batch-1-s2\runs\cfg-8a044572\box_hole_s2_c1\t0\wire.png
wrote bench\campaigns\advisor-batch-1-s2\runs\cfg-8a044572\box_hole_s3_c0\t0\wire.png
wrote bench\campaigns\advisor-batch-1-s2\runs\cfg-8a044572\box_hole_s3_c1\t0\wire.png
wrote bench\campaigns\advisor-batch-1-s2\runs\cfg-8a044572\channel_s3_c0\t0\wire.png
wrote bench\campaigns\advisor-batch-1-s2\runs\cfg-8a044572\channel_s3_c1\t0\wire.png
wrote bench\campaigns\advisor-batch-1-s2\runs\cfg-8a044572\l_bracket_s0_c0\t0\wire.png
wrote bench\campaigns\advisor-batch-1-s2\runs\cfg-8a044572\l_bracket_s0_c1\t0\wire.png
wrote bench\campaigns\advisor-batch-1-s2\runs\cfg-8a044572\l_bracket_s1_c0\t0\wire.png
wrote bench\campaigns\advisor-batch-1-s2\runs\cfg-8a044572\l_bracket_s1_c1\t0\wire.png
wrote bench\campaigns\advisor-batch-1-s2\runs\cfg-8a044572\l_bracket_s2_c0\t0\wire.png
wrote bench\campaigns\advisor-batch-1-s2\runs\cfg-8a044572\l_bracket_s2_c1\t0\wire.png
wrote bench\campaigns\advisor-batch-1-s2\runs\cfg-8a044572\l_bracket_s3_c0\t0\wire.png
wrote bench\campaigns\advisor-batch-1-s2\runs\cfg-8a044572\l_bracket_s3_c1\t0\wire.png
wrote bench\campaigns\advisor-batch-1-s2\runs\cfg-8a044572\plate_notch_s0_c0\t0\wire.png
wrote bench\campaigns\advisor-batch-1-s2\runs\cfg-8a044572\plate_notch_s0_c1\t0\wire.png
wrote bench\campaigns\advisor-batch-1-s2\runs\cfg-8a044572\plate_notch_s1_c0\t0\wire.png
wrote bench\campaigns\advisor-batch-1-s2\runs\cfg-8a044572\plate_notch_s1_c1\t0\wire.png
wrote bench\campaigns\advisor-batch-1-s2\runs\cfg-8a044572\plate_notch_s2_c0\t0\wire.png
wrote bench\campaigns\advisor-batch-1-s2\runs\cfg-8a044572\plate_notch_s2_c1\t0\wire.png
wrote bench\campaigns\advisor-batch-1-s2\runs\cfg-8a044572\plate_notch_s3_c0\t0\wire.png
wrote bench\campaigns\advisor-batch-1-s2\runs\cfg-8a044572\plate_notch_s3_c1\t0\wire.png
wrote bench\campaigns\advisor-batch-1-s2\runs\cfg-8a044572\sphere_box_s0_c0\t0\wire.png
wrote bench\campaigns\advisor-batch-1-s2\runs\cfg-8a044572\sphere_box_s0_c1\t0\wire.png
wrote bench\campaigns\advisor-batch-1-s2\runs\cfg-8a044572\sphere_box_s1_c0\t0\wire.png
wrote bench\campaigns\advisor-batch-1-s2\runs\cfg-8a044572\sphere_box_s1_c1\t0\wire.png
wrote bench\campaigns\advisor-batch-1-s2\runs\cfg-8a044572\sphere_box_s2_c0\t0\wire.png
wrote bench\campaigns\advisor-batch-1-s2\runs\cfg-8a044572\sphere_box_s2_c1\t0\wire.png
wrote bench\campaigns\advisor-batch-1-s2\runs\cfg-8a044572\sphere_box_s3_c0\t0\wire.png
wrote bench\campaigns\advisor-batch-1-s2\runs\cfg-8a044572\sphere_box_s3_c1\t0\wire.png
wrote bench\campaigns\advisor-batch-1-s2\runs\cfg-8a044572\stepped_shaft_s0_c0\t0\wire.png
wrote bench\campaigns\advisor-batch-1-s2\runs\cfg-8a044572\stepped_shaft_s0_c1\t0\wire.png
wrote bench\campaigns\advisor-batch-1-s2\runs\cfg-8a044572\stepped_shaft_s1_c0\t0\wire.png
wrote bench\campaigns\advisor-batch-1-s2\runs\cfg-8a044572\stepped_shaft_s1_c1\t0\wire.png
wrote bench\campaigns\advisor-batch-1-s2\runs\cfg-8a044572\stepped_shaft_s2_c0\t0\wire.png
wrote bench\campaigns\advisor-batch-1-s2\runs\cfg-8a044572\stepped_shaft_s2_c1\t0\wire.png
wrote bench\campaigns\advisor-batch-1-s2\runs\cfg-8a044572\stepped_shaft_s3_c0\t0\wire.png
wrote bench\campaigns\advisor-batch-1-s2\runs\cfg-8a044572\stepped_shaft_s3_c1\t0\wire.png
wrote bench\campaigns\advisor-batch-1-s2\runs\cfg-903b881c\box_hole_s0_c0\t0\wire.png
wrote bench\campaigns\advisor-batch-1-s2\runs\cfg-903b881c\box_hole_s0_c1\t0\wire.png
wrote bench\campaigns\advisor-batch-1-s2\runs\cfg-903b881c\box_hole_s1_c0\t0\wire.png
wrote bench\campaigns\advisor-batch-1-s2\runs\cfg-903b881c\box_hole_s1_c1\t0\wire.png
wrote bench\campaigns\advisor-batch-1-s2\runs\cfg-903b881c\box_hole_s2_c0\t0\wire.png
wrote bench\campaigns\advisor-batch-1-s2\runs\cfg-903b881c\box_hole_s2_c1\t0\wire.png
wrote bench\campaigns\advisor-batch-1-s2\runs\cfg-903b881c\box_hole_s3_c0\t0\wire.png
wrote bench\campaigns\advisor-batch-1-s2\runs\cfg-903b881c\box_hole_s3_c1\t0\wire.png
wrote bench\campaigns\advisor-batch-1-s2\runs\cfg-903b881c\plate_notch_s0_c0\t0\wire.png
wrote bench\campaigns\advisor-batch-1-s2\runs\cfg-903b881c\plate_notch_s0_c1\t0\wire.png
wrote bench\campaigns\advisor-batch-1-s2\runs\cfg-903b881c\plate_notch_s1_c0\t0\wire.png
wrote bench\campaigns\advisor-batch-1-s2\runs\cfg-903b881c\plate_notch_s1_c1\t0\wire.png
wrote bench\campaigns\advisor-batch-1-s2\runs\cfg-903b881c\plate_notch_s2_c0\t0\wire.png
wrote bench\campaigns\advisor-batch-1-s2\runs\cfg-903b881c\plate_notch_s2_c1\t0\wire.png
wrote bench\campaigns\advisor-batch-1-s2\runs\cfg-903b881c\plate_notch_s3_c0\t0\wire.png
wrote bench\campaigns\advisor-batch-1-s2\runs\cfg-903b881c\plate_notch_s3_c1\t0\wire.png
wrote bench\campaigns\advisor-batch-1-s2\runs\cfg-903b881c\sphere_box_s0_c0\t0\wire.png
wrote bench\campaigns\advisor-batch-1-s2\runs\cfg-903b881c\sphere_box_s0_c1\t0\wire.png
wrote bench\campaigns\advisor-batch-1-s2\runs\cfg-903b881c\sphere_box_s1_c0\t0\wire.png
wrote bench\campaigns\advisor-batch-1-s2\runs\cfg-903b881c\sphere_box_s1_c1\t0\wire.png
wrote bench\campaigns\advisor-batch-1-s2\runs\cfg-903b881c\sphere_box_s2_c0\t0\wire.png
wrote bench\campaigns\advisor-batch-1-s2\runs\cfg-903b881c\sphere_box_s2_c1\t0\wire.png
wrote bench\campaigns\advisor-batch-1-s2\runs\cfg-903b881c\sphere_box_s3_c0\t0\wire.png
wrote bench\campaigns\advisor-batch-1-s2\runs\cfg-903b881c\sphere_box_s3_c1\t0\wire.png
wrote bench\campaigns\advisor-batch-1-s2\runs\cfg-903b881c\stepped_shaft_s0_c0\t0\wire.png
wrote bench\campaigns\advisor-batch-1-s2\runs\cfg-903b881c\stepped_shaft_s0_c1\t0\wire.png
wrote bench\campaigns\advisor-batch-1-s2\runs\cfg-903b881c\stepped_shaft_s1_c0\t0\wire.png
wrote bench\campaigns\advisor-batch-1-s2\runs\cfg-903b881c\stepped_shaft_s1_c1\t0\wire.png
wrote bench\campaigns\advisor-batch-1-s2\runs\cfg-903b881c\stepped_shaft_s2_c0\t0\wire.png
wrote bench\campaigns\advisor-batch-1-s2\runs\cfg-903b881c\stepped_shaft_s2_c1\t0\wire.png
wrote bench\campaigns\advisor-batch-1-s2\runs\cfg-903b881c\stepped_shaft_s3_c0\t0\wire.png
wrote bench\campaigns\advisor-batch-1-s2\runs\cfg-903b881c\stepped_shaft_s3_c1\t0\wire.png
wrote bench\campaigns\advisor-batch-1-s2\runs\cfg-fb12fb05\box_hole_s0_c0\t0\wire.png
wrote bench\campaigns\advisor-batch-1-s2\runs\cfg-fb12fb05\box_hole_s0_c1\t0\wire.png
wrote bench\campaigns\advisor-batch-1-s2\runs\cfg-fb12fb05\box_hole_s1_c0\t0\wire.png
wrote bench\campaigns\advisor-batch-1-s2\runs\cfg-fb12fb05\box_hole_s1_c1\t0\wire.png
wrote bench\campaigns\advisor-batch-1-s2\runs\cfg-fb12fb05\box_hole_s2_c0\t0\wire.png
wrote bench\campaigns\advisor-batch-1-s2\runs\cfg-fb12fb05\box_hole_s2_c1\t0\wire.png
wrote bench\campaigns\advisor-batch-1-s2\runs\cfg-fb12fb05\box_hole_s3_c0\t0\wire.png
wrote bench\campaigns\advisor-batch-1-s2\runs\cfg-fb12fb05\box_hole_s3_c1\t0\wire.png
wrote bench\campaigns\advisor-batch-1-s2\runs\cfg-fb12fb05\plate_notch_s0_c0\t0\wire.png
wrote bench\campaigns\advisor-batch-1-s2\runs\cfg-fb12fb05\plate_notch_s0_c1\t0\wire.png
wrote bench\campaigns\advisor-batch-1-s2\runs\cfg-fb12fb05\plate_notch_s1_c0\t0\wire.png
wrote bench\campaigns\advisor-batch-1-s2\runs\cfg-fb12fb05\plate_notch_s1_c1\t0\wire.png
wrote bench\campaigns\advisor-batch-1-s2\runs\cfg-fb12fb05\plate_notch_s2_c0\t0\wire.png
wrote bench\campaigns\advisor-batch-1-s2\runs\cfg-fb12fb05\plate_notch_s2_c1\t0\wire.png
wrote bench\campaigns\advisor-batch-1-s2\runs\cfg-fb12fb05\plate_notch_s3_c0\t0\wire.png
wrote bench\campaigns\advisor-batch-1-s2\runs\cfg-fb12fb05\plate_notch_s3_c1\t0\wire.png
wrote bench\campaigns\advisor-batch-1-s2\runs\cfg-fb12fb05\sphere_box_s0_c0\t0\wire.png
wrote bench\campaigns\advisor-batch-1-s2\runs\cfg-fb12fb05\sphere_box_s0_c1\t0\wire.png
wrote bench\campaigns\advisor-batch-1-s2\runs\cfg-fb12fb05\sphere_box_s1_c0\t0\wire.png
wrote bench\campaigns\advisor-batch-1-s2\runs\cfg-fb12fb05\sphere_box_s1_c1\t0\wire.png
wrote bench\campaigns\advisor-batch-1-s2\runs\cfg-fb12fb05\sphere_box_s2_c0\t0\wire.png
wrote bench\campaigns\advisor-batch-1-s2\runs\cfg-fb12fb05\sphere_box_s2_c1\t0\wire.png
wrote bench\campaigns\advisor-batch-1-s2\runs\cfg-fb12fb05\sphere_box_s3_c0\t0\wire.png
wrote bench\campaigns\advisor-batch-1-s2\runs\cfg-fb12fb05\sphere_box_s3_c1\t0\wire.png
wrote bench\campaigns\advisor-batch-1-s2\runs\cfg-fb12fb05\stepped_shaft_s0_c0\t0\wire.png
wrote bench\campaigns\advisor-batch-1-s2\runs\cfg-fb12fb05\stepped_shaft_s0_c1\t0\wire.png
wrote bench\campaigns\advisor-batch-1-s2\runs\cfg-fb12fb05\stepped_shaft_s1_c0\t0\wire.png
wrote bench\campaigns\advisor-batch-1-s2\runs\cfg-fb12fb05\stepped_shaft_s1_c1\t0\wire.png
wrote bench\campaigns\advisor-batch-1-s2\runs\cfg-fb12fb05\stepped_shaft_s2_c0\t0\wire.png
wrote bench\campaigns\advisor-batch-1-s2\runs\cfg-fb12fb05\stepped_shaft_s2_c1\t0\wire.png
wrote bench\campaigns\advisor-batch-1-s2\runs\cfg-fb12fb05\stepped_shaft_s3_c0\t0\wire.png
wrote bench\campaigns\advisor-batch-1-s2\runs\cfg-fb12fb05\stepped_shaft_s3_c1\t0\wire.png
warehouse_shots: 280 rendered, 0 skipped (exists), 0 failed (280 mesh.vtu total)
finished: 384 runs → C:\Users\Yakub\Desktop\Polyhedral-FEA\bench\campaigns\advisor-batch-1-s2\results.jsonl
=== exit 0 after 2006.9s
