
=== 2026-08-14T20:18:01Z OMP_NUM_THREADS=3 :: /home/hunter/Desktop/Polyhedral-FEA/build/apps/testlab/polymesh_testlab resume /home/hunter/Desktop/Polyhedral-FEA/bench/campaigns/advisor-batch-4-s1-hunter-pc
campaign advisor-batch-4-s1-hunter-pc: 2 configs, 6 parts, 1 tiers
  max_run_wall_s=180 (override all tiers)
  max_pack_wall_s=21600
tier 0: h_scale=1 keep_frac=1 survivors=1 max_run_wall_s=180
  run cfg-821713a4 part=box_hole_s0_c0 tier=0 ...
  run cfg-821713a4 part=box_hole_s0_c1 tier=0 ...
  run cfg-821713a4 part=box_hole_s0_c2 tier=0 ...
  run cfg-821713a4 part=box_hole_s2_c0 tier=0 ...
  run cfg-821713a4 part=box_hole_s2_c1 tier=0 ...
  run cfg-821713a4 part=box_hole_s2_c2 tier=0 ...
wrote bench/campaigns/advisor-batch-4-s1-hunter-pc/runs/cfg-821713a4/box_hole_s0_c0/t0/wire.png
wrote bench/campaigns/advisor-batch-4-s1-hunter-pc/runs/cfg-821713a4/box_hole_s0_c1/t0/wire.png
wrote bench/campaigns/advisor-batch-4-s1-hunter-pc/runs/cfg-821713a4/box_hole_s0_c2/t0/wire.png
wrote bench/campaigns/advisor-batch-4-s1-hunter-pc/runs/cfg-821713a4/box_hole_s2_c0/t0/wire.png
wrote bench/campaigns/advisor-batch-4-s1-hunter-pc/runs/cfg-821713a4/box_hole_s2_c1/t0/wire.png
wrote bench/campaigns/advisor-batch-4-s1-hunter-pc/runs/cfg-821713a4/box_hole_s2_c2/t0/wire.png
warehouse_shots: 6 rendered, 0 skipped (exists), 0 failed (6 mesh.vtu total)
finished: 6 runs → /home/hunter/Desktop/Polyhedral-FEA/bench/campaigns/advisor-batch-4-s1-hunter-pc/results.jsonl
=== exit 0 after 73.7s

=== 2026-08-14T20:22:42Z OMP_NUM_THREADS=3 :: /home/hunter/Desktop/Polyhedral-FEA/build/apps/testlab/polymesh_testlab resume /home/hunter/Desktop/Polyhedral-FEA/bench/campaigns/advisor-batch-4-s1-hunter-pc
campaign advisor-batch-4-s1-hunter-pc: 2 configs, 6 parts, 1 tiers
  max_run_wall_s=180 (override all tiers)
  max_pack_wall_s=21600
tier 0: h_scale=1 keep_frac=1 survivors=1 max_run_wall_s=180
  run cfg-821713a4 part=channel_s0_c0 tier=0 ...
  run cfg-821713a4 part=channel_s0_c1 tier=0 ...
  run cfg-821713a4 part=channel_s0_c2 tier=0 ...
  run cfg-821713a4 part=channel_s2_c0 tier=0 ...
  run cfg-821713a4 part=channel_s2_c1 tier=0 ...
  run cfg-821713a4 part=channel_s2_c2 tier=0 ...
wrote bench/campaigns/advisor-batch-4-s1-hunter-pc/runs/cfg-821713a4/channel_s0_c0/t0/wire.png
wrote bench/campaigns/advisor-batch-4-s1-hunter-pc/runs/cfg-821713a4/channel_s0_c1/t0/wire.png
wrote bench/campaigns/advisor-batch-4-s1-hunter-pc/runs/cfg-821713a4/channel_s0_c2/t0/wire.png
warehouse_shots: 3 rendered, 6 skipped (exists), 0 failed (9 mesh.vtu total)
finished: 6 runs → /home/hunter/Desktop/Polyhedral-FEA/bench/campaigns/advisor-batch-4-s1-hunter-pc/results.jsonl
=== exit 0 after 661.8s
