campaign advisor-batch-2-s2: 32 configs, 36 parts, 1 tiers
  max_run_wall_s=180 (override all tiers)
  max_pack_wall_s=21600
tier 0: h_scale=1 keep_frac=1 survivors=8 max_run_wall_s=180
  run cfg-16e7c9c4 part=box_hole_s0_c0 tier=0 ...
  run cfg-16e7c9c4 part=box_hole_s0_c1 tier=0 ...
  run cfg-16e7c9c4 part=box_hole_s0_c2 tier=0 ...
  run cfg-16e7c9c4 part=box_hole_s2_c0 tier=0 ...
  run cfg-16e7c9c4 part=box_hole_s2_c1 tier=0 ...
  run cfg-16e7c9c4 part=box_hole_s2_c2 tier=0 ...
  run cfg-16e7c9c4 part=channel_s0_c0 tier=0 ...
  run cfg-16e7c9c4 part=channel_s0_c1 tier=0 ...
  run cfg-16e7c9c4 part=channel_s0_c2 tier=0 ...
  run cfg-16e7c9c4 part=channel_s2_c0 tier=0 ...
  run cfg-16e7c9c4 part=channel_s2_c1 tier=0 ...
  run cfg-16e7c9c4 part=channel_s2_c2 tier=0 ...
  run cfg-16e7c9c4 part=l_bracket_s0_c0 tier=0 ...
  run cfg-16e7c9c4 part=l_bracket_s0_c1 tier=0 ...
  run cfg-16e7c9c4 part=l_bracket_s0_c2 tier=0 ...
  run cfg-16e7c9c4 part=l_bracket_s2_c0 tier=0 ...
  run cfg-16e7c9c4 part=l_bracket_s2_c1 tier=0 ...
  run cfg-16e7c9c4 part=l_bracket_s2_c2 tier=0 ...
  run cfg-16e7c9c4 part=plate_notch_s0_c0 tier=0 ...
  run cfg-16e7c9c4 part=plate_notch_s0_c1 tier=0 ...
  run cfg-16e7c9c4 part=plate_notch_s0_c2 tier=0 ...
  run cfg-16e7c9c4 part=plate_notch_s2_c0 tier=0 ...
  run cfg-16e7c9c4 part=plate_notch_s2_c1 tier=0 ...
  run cfg-16e7c9c4 part=plate_notch_s2_c2 tier=0 ...
  run cfg-16e7c9c4 part=sphere_box_s0_c0 tier=0 ...
  run cfg-16e7c9c4 part=sphere_box_s0_c1 tier=0 ...
  run cfg-16e7c9c4 part=sphere_box_s0_c2 tier=0 ...
  run cfg-16e7c9c4 part=sphere_box_s2_c0 tier=0 ...
  run cfg-16e7c9c4 part=sphere_box_s2_c1 tier=0 ...
  run cfg-16e7c9c4 part=sphere_box_s2_c2 tier=0 ...
  run cfg-16e7c9c4 part=stepped_shaft_s0_c0 tier=0 ...
  run cfg-16e7c9c4 part=stepped_shaft_s0_c1 tier=0 ...
  run cfg-16e7c9c4 part=stepped_shaft_s0_c2 tier=0 ...
  run cfg-16e7c9c4 part=stepped_shaft_s2_c0 tier=0 ...
  run cfg-16e7c9c4 part=stepped_shaft_s2_c1 tier=0 ...
  run cfg-16e7c9c4 part=stepped_shaft_s2_c2 tier=0 ...
  run cfg-169e43de part=box_hole_s0_c0 tier=0 ...
  run cfg-169e43de part=box_hole_s0_c1 tier=0 ...
  run cfg-169e43de part=box_hole_s0_c2 tier=0 ...
  run cfg-169e43de part=box_hole_s2_c0 tier=0 ...
  run cfg-169e43de part=box_hole_s2_c1 tier=0 ...
  run cfg-169e43de part=box_hole_s2_c2 tier=0 ...
  run cfg-169e43de part=channel_s0_c0 tier=0 ...
  run cfg-169e43de part=channel_s0_c1 tier=0 ...
  run cfg-169e43de part=channel_s0_c2 tier=0 ...
  run cfg-169e43de part=channel_s2_c0 tier=0 ...
  run cfg-169e43de part=channel_s2_c1 tier=0 ...
  run cfg-169e43de part=channel_s2_c2 tier=0 ...
  run cfg-169e43de part=l_bracket_s0_c0 tier=0 ...
  run cfg-169e43de part=l_bracket_s0_c1 tier=0 ...
  run cfg-169e43de part=l_bracket_s0_c2 tier=0 ...
  run cfg-169e43de part=l_bracket_s2_c0 tier=0 ...
  run cfg-169e43de part=l_bracket_s2_c1 tier=0 ...
  run cfg-169e43de part=l_bracket_s2_c2 tier=0 ...
  run cfg-169e43de part=plate_notch_s0_c0 tier=0 ...
  run cfg-169e43de part=plate_notch_s0_c1 tier=0 ...
  run cfg-169e43de part=plate_notch_s0_c2 tier=0 ...
  run cfg-169e43de part=plate_notch_s2_c0 tier=0 ...
  run cfg-169e43de part=plate_notch_s2_c1 tier=0 ...
  run cfg-169e43de part=plate_notch_s2_c2 tier=0 ...
  run cfg-169e43de part=sphere_box_s0_c0 tier=0 ...
  run cfg-169e43de part=sphere_box_s0_c1 tier=0 ...
  run cfg-169e43de part=sphere_box_s0_c2 tier=0 ...
  run cfg-169e43de part=sphere_box_s2_c0 tier=0 ...
  run cfg-169e43de part=sphere_box_s2_c1 tier=0 ...
  run cfg-169e43de part=sphere_box_s2_c2 tier=0 ...
  run cfg-169e43de part=stepped_shaft_s0_c0 tier=0 ...
  run cfg-169e43de part=stepped_shaft_s0_c1 tier=0 ...
  run cfg-169e43de part=stepped_shaft_s0_c2 tier=0 ...
  run cfg-169e43de part=stepped_shaft_s2_c0 tier=0 ...
  run cfg-169e43de part=stepped_shaft_s2_c1 tier=0 ...
  run cfg-169e43de part=stepped_shaft_s2_c2 tier=0 ...
  run cfg-c3f7fc8f part=box_hole_s0_c0 tier=0 ...
  run cfg-c3f7fc8f part=box_hole_s0_c1 tier=0 ...
  run cfg-c3f7fc8f part=box_hole_s0_c2 tier=0 ...
  run cfg-c3f7fc8f part=box_hole_s2_c0 tier=0 ...
  run cfg-c3f7fc8f part=box_hole_s2_c1 tier=0 ...
  run cfg-c3f7fc8f part=box_hole_s2_c2 tier=0 ...
  run cfg-c3f7fc8f part=channel_s0_c0 tier=0 ...
  run cfg-c3f7fc8f part=channel_s0_c1 tier=0 ...
  run cfg-c3f7fc8f part=channel_s0_c2 tier=0 ...
  run cfg-c3f7fc8f part=channel_s2_c0 tier=0 ...
  run cfg-c3f7fc8f part=channel_s2_c1 tier=0 ...
  run cfg-c3f7fc8f part=channel_s2_c2 tier=0 ...
  run cfg-c3f7fc8f part=l_bracket_s0_c0 tier=0 ...
  run cfg-c3f7fc8f part=l_bracket_s0_c1 tier=0 ...
  run cfg-c3f7fc8f part=l_bracket_s0_c2 tier=0 ...
  run cfg-c3f7fc8f part=l_bracket_s2_c0 tier=0 ...
  run cfg-c3f7fc8f part=l_bracket_s2_c1 tier=0 ...
  run cfg-c3f7fc8f part=l_bracket_s2_c2 tier=0 ...
  run cfg-c3f7fc8f part=plate_notch_s0_c0 tier=0 ...
  run cfg-c3f7fc8f part=plate_notch_s0_c1 tier=0 ...
  run cfg-c3f7fc8f part=plate_notch_s0_c2 tier=0 ...
  run cfg-c3f7fc8f part=plate_notch_s2_c0 tier=0 ...
  run cfg-c3f7fc8f part=plate_notch_s2_c1 tier=0 ...
  run cfg-c3f7fc8f part=plate_notch_s2_c2 tier=0 ...
  run cfg-c3f7fc8f part=sphere_box_s0_c0 tier=0 ...
  run cfg-c3f7fc8f part=sphere_box_s0_c1 tier=0 ...
  run cfg-c3f7fc8f part=sphere_box_s0_c2 tier=0 ...
  run cfg-c3f7fc8f part=sphere_box_s2_c0 tier=0 ...
  run cfg-c3f7fc8f part=sphere_box_s2_c1 tier=0 ...
  run cfg-c3f7fc8f part=sphere_box_s2_c2 tier=0 ...
  run cfg-c3f7fc8f part=stepped_shaft_s0_c0 tier=0 ...
  run cfg-c3f7fc8f part=stepped_shaft_s0_c1 tier=0 ...
  run cfg-c3f7fc8f part=stepped_shaft_s0_c2 tier=0 ...
  run cfg-c3f7fc8f part=stepped_shaft_s2_c0 tier=0 ...
  run cfg-c3f7fc8f part=stepped_shaft_s2_c1 tier=0 ...
  run cfg-c3f7fc8f part=stepped_shaft_s2_c2 tier=0 ...
  run cfg-43e1efcd part=box_hole_s0_c0 tier=0 ...
  run cfg-43e1efcd part=box_hole_s0_c1 tier=0 ...
  run cfg-43e1efcd part=box_hole_s0_c2 tier=0 ...
  run cfg-43e1efcd part=box_hole_s2_c0 tier=0 ...
  run cfg-43e1efcd part=box_hole_s2_c1 tier=0 ...
  run cfg-43e1efcd part=box_hole_s2_c2 tier=0 ...
  run cfg-43e1efcd part=channel_s0_c0 tier=0 ...
  run cfg-43e1efcd part=channel_s0_c1 tier=0 ...
  run cfg-43e1efcd part=channel_s0_c2 tier=0 ...
  run cfg-43e1efcd part=channel_s2_c0 tier=0 ...
  run cfg-43e1efcd part=channel_s2_c1 tier=0 ...
  run cfg-43e1efcd part=channel_s2_c2 tier=0 ...
  run cfg-43e1efcd part=l_bracket_s0_c0 tier=0 ...
  run cfg-43e1efcd part=l_bracket_s0_c1 tier=0 ...
  run cfg-43e1efcd part=l_bracket_s0_c2 tier=0 ...
  run cfg-43e1efcd part=l_bracket_s2_c0 tier=0 ...
  run cfg-43e1efcd part=l_bracket_s2_c1 tier=0 ...
  run cfg-43e1efcd part=l_bracket_s2_c2 tier=0 ...
  run cfg-43e1efcd part=plate_notch_s0_c0 tier=0 ...
  run cfg-43e1efcd part=plate_notch_s0_c1 tier=0 ...
  run cfg-43e1efcd part=plate_notch_s0_c2 tier=0 ...
  run cfg-43e1efcd part=plate_notch_s2_c0 tier=0 ...
  run cfg-43e1efcd part=plate_notch_s2_c1 tier=0 ...
  run cfg-43e1efcd part=plate_notch_s2_c2 tier=0 ...
  run cfg-43e1efcd part=sphere_box_s0_c0 tier=0 ...
  run cfg-43e1efcd part=sphere_box_s0_c1 tier=0 ...
  run cfg-43e1efcd part=sphere_box_s0_c2 tier=0 ...
  run cfg-43e1efcd part=sphere_box_s2_c0 tier=0 ...
  run cfg-43e1efcd part=sphere_box_s2_c1 tier=0 ...
  run cfg-43e1efcd part=sphere_box_s2_c2 tier=0 ...
  run cfg-43e1efcd part=stepped_shaft_s0_c0 tier=0 ...
  run cfg-43e1efcd part=stepped_shaft_s0_c1 tier=0 ...
  run cfg-43e1efcd part=stepped_shaft_s0_c2 tier=0 ...
  run cfg-43e1efcd part=stepped_shaft_s2_c0 tier=0 ...
  run cfg-43e1efcd part=stepped_shaft_s2_c1 tier=0 ...
  run cfg-43e1efcd part=stepped_shaft_s2_c2 tier=0 ...
  run cfg-e61acb99 part=box_hole_s0_c0 tier=0 ...
  run cfg-e61acb99 part=box_hole_s0_c1 tier=0 ...
  run cfg-e61acb99 part=box_hole_s0_c2 tier=0 ...
  run cfg-e61acb99 part=box_hole_s2_c0 tier=0 ...
  run cfg-e61acb99 part=box_hole_s2_c1 tier=0 ...
  run cfg-e61acb99 part=box_hole_s2_c2 tier=0 ...
  run cfg-e61acb99 part=channel_s0_c0 tier=0 ...
  run cfg-e61acb99 part=channel_s0_c1 tier=0 ...
  run cfg-e61acb99 part=channel_s0_c2 tier=0 ...
  run cfg-e61acb99 part=channel_s2_c0 tier=0 ...
  run cfg-e61acb99 part=channel_s2_c1 tier=0 ...
  run cfg-e61acb99 part=channel_s2_c2 tier=0 ...
  run cfg-e61acb99 part=l_bracket_s0_c0 tier=0 ...
  run cfg-e61acb99 part=l_bracket_s0_c1 tier=0 ...
  run cfg-e61acb99 part=l_bracket_s0_c2 tier=0 ...
  run cfg-e61acb99 part=l_bracket_s2_c0 tier=0 ...
  run cfg-e61acb99 part=l_bracket_s2_c1 tier=0 ...
  run cfg-e61acb99 part=l_bracket_s2_c2 tier=0 ...
  run cfg-e61acb99 part=plate_notch_s0_c0 tier=0 ...
  run cfg-e61acb99 part=plate_notch_s0_c1 tier=0 ...
  run cfg-e61acb99 part=plate_notch_s0_c2 tier=0 ...
  run cfg-e61acb99 part=plate_notch_s2_c0 tier=0 ...
  run cfg-e61acb99 part=plate_notch_s2_c1 tier=0 ...
  run cfg-e61acb99 part=plate_notch_s2_c2 tier=0 ...
  run cfg-e61acb99 part=sphere_box_s0_c0 tier=0 ...
  run cfg-e61acb99 part=sphere_box_s0_c1 tier=0 ...
  run cfg-e61acb99 part=sphere_box_s0_c2 tier=0 ...
  run cfg-e61acb99 part=sphere_box_s2_c0 tier=0 ...
  run cfg-e61acb99 part=sphere_box_s2_c1 tier=0 ...
  run cfg-e61acb99 part=sphere_box_s2_c2 tier=0 ...
  run cfg-e61acb99 part=stepped_shaft_s0_c0 tier=0 ...
  run cfg-e61acb99 part=stepped_shaft_s0_c1 tier=0 ...
  run cfg-e61acb99 part=stepped_shaft_s0_c2 tier=0 ...
  run cfg-e61acb99 part=stepped_shaft_s2_c0 tier=0 ...
  run cfg-e61acb99 part=stepped_shaft_s2_c1 tier=0 ...
  run cfg-e61acb99 part=stepped_shaft_s2_c2 tier=0 ...
  run cfg-ac7d4883 part=box_hole_s0_c0 tier=0 ...
  run cfg-ac7d4883 part=box_hole_s0_c1 tier=0 ...
  run cfg-ac7d4883 part=box_hole_s0_c2 tier=0 ...
  run cfg-ac7d4883 part=box_hole_s2_c0 tier=0 ...
  run cfg-ac7d4883 part=box_hole_s2_c1 tier=0 ...
  run cfg-ac7d4883 part=box_hole_s2_c2 tier=0 ...
  run cfg-ac7d4883 part=channel_s0_c0 tier=0 ...
  run cfg-ac7d4883 part=channel_s0_c1 tier=0 ...
  run cfg-ac7d4883 part=channel_s0_c2 tier=0 ...
  run cfg-ac7d4883 part=channel_s2_c0 tier=0 ...
  run cfg-ac7d4883 part=channel_s2_c1 tier=0 ...
  run cfg-ac7d4883 part=channel_s2_c2 tier=0 ...
  run cfg-ac7d4883 part=l_bracket_s0_c0 tier=0 ...
  run cfg-ac7d4883 part=l_bracket_s0_c1 tier=0 ...
  run cfg-ac7d4883 part=l_bracket_s0_c2 tier=0 ...
  run cfg-ac7d4883 part=l_bracket_s2_c0 tier=0 ...
  run cfg-ac7d4883 part=l_bracket_s2_c1 tier=0 ...
  run cfg-ac7d4883 part=l_bracket_s2_c2 tier=0 ...
  run cfg-ac7d4883 part=plate_notch_s0_c0 tier=0 ...
  run cfg-ac7d4883 part=plate_notch_s0_c1 tier=0 ...
  run cfg-ac7d4883 part=plate_notch_s0_c2 tier=0 ...
  run cfg-ac7d4883 part=plate_notch_s2_c0 tier=0 ...
  run cfg-ac7d4883 part=plate_notch_s2_c1 tier=0 ...
  run cfg-ac7d4883 part=plate_notch_s2_c2 tier=0 ...
  run cfg-ac7d4883 part=sphere_box_s0_c0 tier=0 ...
  run cfg-ac7d4883 part=sphere_box_s0_c1 tier=0 ...
  run cfg-ac7d4883 part=sphere_box_s0_c2 tier=0 ...
  run cfg-ac7d4883 part=sphere_box_s2_c0 tier=0 ...
  run cfg-ac7d4883 part=sphere_box_s2_c1 tier=0 ...
  run cfg-ac7d4883 part=sphere_box_s2_c2 tier=0 ...
  run cfg-ac7d4883 part=stepped_shaft_s0_c0 tier=0 ...
  run cfg-ac7d4883 part=stepped_shaft_s0_c1 tier=0 ...
  run cfg-ac7d4883 part=stepped_shaft_s0_c2 tier=0 ...
  run cfg-ac7d4883 part=stepped_shaft_s2_c0 tier=0 ...
  run cfg-ac7d4883 part=stepped_shaft_s2_c1 tier=0 ...
  run cfg-ac7d4883 part=stepped_shaft_s2_c2 tier=0 ...
  run cfg-277b991c part=box_hole_s0_c0 tier=0 ...
  run cfg-277b991c part=box_hole_s0_c1 tier=0 ...
  run cfg-277b991c part=box_hole_s0_c2 tier=0 ...
  run cfg-277b991c part=box_hole_s2_c0 tier=0 ...
  run cfg-277b991c part=box_hole_s2_c1 tier=0 ...
  run cfg-277b991c part=box_hole_s2_c2 tier=0 ...
  run cfg-277b991c part=channel_s0_c0 tier=0 ...
  run cfg-277b991c part=channel_s0_c1 tier=0 ...
  run cfg-277b991c part=channel_s0_c2 tier=0 ...
  run cfg-277b991c part=channel_s2_c0 tier=0 ...
  run cfg-277b991c part=channel_s2_c1 tier=0 ...
  run cfg-277b991c part=channel_s2_c2 tier=0 ...
  run cfg-277b991c part=l_bracket_s0_c0 tier=0 ...
  run cfg-277b991c part=l_bracket_s0_c1 tier=0 ...
  run cfg-277b991c part=l_bracket_s0_c2 tier=0 ...
  run cfg-277b991c part=l_bracket_s2_c0 tier=0 ...
  run cfg-277b991c part=l_bracket_s2_c1 tier=0 ...
  run cfg-277b991c part=l_bracket_s2_c2 tier=0 ...
  run cfg-277b991c part=plate_notch_s0_c0 tier=0 ...
  run cfg-277b991c part=plate_notch_s0_c1 tier=0 ...
  run cfg-277b991c part=plate_notch_s0_c2 tier=0 ...
  run cfg-277b991c part=plate_notch_s2_c0 tier=0 ...
  run cfg-277b991c part=plate_notch_s2_c1 tier=0 ...
  run cfg-277b991c part=plate_notch_s2_c2 tier=0 ...
  run cfg-277b991c part=sphere_box_s0_c0 tier=0 ...
  run cfg-277b991c part=sphere_box_s0_c1 tier=0 ...
  run cfg-277b991c part=sphere_box_s0_c2 tier=0 ...
  run cfg-277b991c part=sphere_box_s2_c0 tier=0 ...
  run cfg-277b991c part=sphere_box_s2_c1 tier=0 ...
  run cfg-277b991c part=sphere_box_s2_c2 tier=0 ...
  run cfg-277b991c part=stepped_shaft_s0_c0 tier=0 ...
  run cfg-277b991c part=stepped_shaft_s0_c1 tier=0 ...
  run cfg-277b991c part=stepped_shaft_s0_c2 tier=0 ...
  run cfg-277b991c part=stepped_shaft_s2_c0 tier=0 ...
  run cfg-277b991c part=stepped_shaft_s2_c1 tier=0 ...
  run cfg-277b991c part=stepped_shaft_s2_c2 tier=0 ...
  run cfg-57078a16 part=box_hole_s0_c0 tier=0 ...
  run cfg-57078a16 part=box_hole_s0_c1 tier=0 ...
  run cfg-57078a16 part=box_hole_s0_c2 tier=0 ...
  run cfg-57078a16 part=box_hole_s2_c0 tier=0 ...
  run cfg-57078a16 part=box_hole_s2_c1 tier=0 ...
  run cfg-57078a16 part=box_hole_s2_c2 tier=0 ...
  run cfg-57078a16 part=channel_s0_c0 tier=0 ...
  run cfg-57078a16 part=channel_s0_c1 tier=0 ...
  run cfg-57078a16 part=channel_s0_c2 tier=0 ...
  run cfg-57078a16 part=channel_s2_c0 tier=0 ...
  run cfg-57078a16 part=channel_s2_c1 tier=0 ...
  run cfg-57078a16 part=channel_s2_c2 tier=0 ...
  run cfg-57078a16 part=l_bracket_s0_c0 tier=0 ...
  run cfg-57078a16 part=l_bracket_s0_c1 tier=0 ...
  run cfg-57078a16 part=l_bracket_s0_c2 tier=0 ...
  run cfg-57078a16 part=l_bracket_s2_c0 tier=0 ...
  run cfg-57078a16 part=l_bracket_s2_c1 tier=0 ...
  run cfg-57078a16 part=l_bracket_s2_c2 tier=0 ...
  run cfg-57078a16 part=plate_notch_s0_c0 tier=0 ...
  run cfg-57078a16 part=plate_notch_s0_c1 tier=0 ...
  run cfg-57078a16 part=plate_notch_s0_c2 tier=0 ...
  run cfg-57078a16 part=plate_notch_s2_c0 tier=0 ...
  run cfg-57078a16 part=plate_notch_s2_c1 tier=0 ...
  run cfg-57078a16 part=plate_notch_s2_c2 tier=0 ...
  run cfg-57078a16 part=sphere_box_s0_c0 tier=0 ...
  run cfg-57078a16 part=sphere_box_s0_c1 tier=0 ...
  run cfg-57078a16 part=sphere_box_s0_c2 tier=0 ...
  run cfg-57078a16 part=sphere_box_s2_c0 tier=0 ...
  run cfg-57078a16 part=sphere_box_s2_c1 tier=0 ...
  run cfg-57078a16 part=sphere_box_s2_c2 tier=0 ...
  run cfg-57078a16 part=stepped_shaft_s0_c0 tier=0 ...
  run cfg-57078a16 part=stepped_shaft_s0_c1 tier=0 ...
  run cfg-57078a16 part=stepped_shaft_s0_c2 tier=0 ...
  run cfg-57078a16 part=stepped_shaft_s2_c0 tier=0 ...
  run cfg-57078a16 part=stepped_shaft_s2_c1 tier=0 ...
  run cfg-57078a16 part=stepped_shaft_s2_c2 tier=0 ...
Could not find platform independent libraries <prefix>
FAIL bench\campaigns\advisor-batch-2-s2\runs\cfg-169e43de\box_hole_s0_c0\t0\mesh.vtu: Could not find platform independent libraries <prefix>
Traceback (most recent call last):
  File "C:\Users\Yakub\Desktop\Polyhedral-FEA\scripts\vtu_wire_png.py", line 23, in <module>
    import figstyle as fs  # noqa: E402
    ^^^^^^^^^^^^^^^^^^^^^
  File "C:\Users\Yakub\Desktop\Polyhedral-FEA\scripts\figstyle.py", line 45, in <module>
    import numpy as np
ModuleNotFoundError: No module named 'numpy'
FAIL bench\campaigns\advisor-batch-2-s2\runs\cfg-169e43de\box_hole_s0_c1\t0\mesh.vtu: Could not find platform independent libraries <prefix>
Traceback (most recent call last):
  File "C:\Users\Yakub\Desktop\Polyhedral-FEA\scripts\vtu_wire_png.py", line 23, in <module>
    import figstyle as fs  # noqa: E402
    ^^^^^^^^^^^^^^^^^^^^^
  File "C:\Users\Yakub\Desktop\Polyhedral-FEA\scripts\figstyle.py", line 45, in <module>
    import numpy as np
ModuleNotFoundError: No module named 'numpy'
FAIL bench\campaigns\advisor-batch-2-s2\runs\cfg-169e43de\box_hole_s0_c2\t0\mesh.vtu: Could not find platform independent libraries <prefix>
Traceback (most recent call last):
  File "C:\Users\Yakub\Desktop\Polyhedral-FEA\scripts\vtu_wire_png.py", line 23, in <module>
    import figstyle as fs  # noqa: E402
    ^^^^^^^^^^^^^^^^^^^^^
  File "C:\Users\Yakub\Desktop\Polyhedral-FEA\scripts\figstyle.py", line 45, in <module>
    import numpy as np
ModuleNotFoundError: No module named 'numpy'
FAIL bench\campaigns\advisor-batch-2-s2\runs\cfg-169e43de\channel_s0_c0\t0\mesh.vtu: Could not find platform independent libraries <prefix>
Traceback (most recent call last):
  File "C:\Users\Yakub\Desktop\Polyhedral-FEA\scripts\vtu_wire_png.py", line 23, in <module>
    import figstyle as fs  # noqa: E402
    ^^^^^^^^^^^^^^^^^^^^^
  File "C:\Users\Yakub\Desktop\Polyhedral-FEA\scripts\figstyle.py", line 45, in <module>
    import numpy as np
ModuleNotFoundError: No module named 'numpy'
FAIL bench\campaigns\advisor-batch-2-s2\runs\cfg-169e43de\channel_s0_c1\t0\mesh.vtu: Could not find platform independent libraries <prefix>
Traceback (most recent call last):
  File "C:\Users\Yakub\Desktop\Polyhedral-FEA\scripts\vtu_wire_png.py", line 23, in <module>
    import figstyle as fs  # noqa: E402
    ^^^^^^^^^^^^^^^^^^^^^
  File "C:\Users\Yakub\Desktop\Polyhedral-FEA\scripts\figstyle.py", line 45, in <module>
    import numpy as np
ModuleNotFoundError: No module named 'numpy'
FAIL bench\campaigns\advisor-batch-2-s2\runs\cfg-169e43de\channel_s0_c2\t0\mesh.vtu: Could not find platform independent libraries <prefix>
Traceback (most recent call last):
  File "C:\Users\Yakub\Desktop\Polyhedral-FEA\scripts\vtu_wire_png.py", line 23, in <module>
    import figstyle as fs  # noqa: E402
    ^^^^^^^^^^^^^^^^^^^^^
  File "C:\Users\Yakub\Desktop\Polyhedral-FEA\scripts\figstyle.py", line 45, in <module>
    import numpy as np
ModuleNotFoundError: No module named 'numpy'
FAIL bench\campaigns\advisor-batch-2-s2\runs\cfg-169e43de\l_bracket_s2_c0\t0\mesh.vtu: Could not find platform independent libraries <prefix>
Traceback (most recent call last):
  File "C:\Users\Yakub\Desktop\Polyhedral-FEA\scripts\vtu_wire_png.py", line 23, in <module>
    import figstyle as fs  # noqa: E402
    ^^^^^^^^^^^^^^^^^^^^^
  File "C:\Users\Yakub\Desktop\Polyhedral-FEA\scripts\figstyle.py", line 45, in <module>
    import numpy as np
ModuleNotFoundError: No module named 'numpy'
FAIL bench\campaigns\advisor-batch-2-s2\runs\cfg-169e43de\l_bracket_s2_c1\t0\mesh.vtu: Could not find platform independent libraries <prefix>
Traceback (most recent call last):
  File "C:\Users\Yakub\Desktop\Polyhedral-FEA\scripts\vtu_wire_png.py", line 23, in <module>
    import figstyle as fs  # noqa: E402
    ^^^^^^^^^^^^^^^^^^^^^
  File "C:\Users\Yakub\Desktop\Polyhedral-FEA\scripts\figstyle.py", line 45, in <module>
    import numpy as np
ModuleNotFoundError: No module named 'numpy'
FAIL bench\campaigns\advisor-batch-2-s2\runs\cfg-169e43de\l_bracket_s2_c2\t0\mesh.vtu: Could not find platform independent libraries <prefix>
Traceback (most recent call last):
  File "C:\Users\Yakub\Desktop\Polyhedral-FEA\scripts\vtu_wire_png.py", line 23, in <module>
    import figstyle as fs  # noqa: E402
    ^^^^^^^^^^^^^^^^^^^^^
  File "C:\Users\Yakub\Desktop\Polyhedral-FEA\scripts\figstyle.py", line 45, in <module>
    import numpy as np
ModuleNotFoundError: No module named 'numpy'
FAIL bench\campaigns\advisor-batch-2-s2\runs\cfg-169e43de\plate_notch_s0_c0\t0\mesh.vtu: Could not find platform independent libraries <prefix>
Traceback (most recent call last):
  File "C:\Users\Yakub\Desktop\Polyhedral-FEA\scripts\vtu_wire_png.py", line 23, in <module>
    import figstyle as fs  # noqa: E402
    ^^^^^^^^^^^^^^^^^^^^^
  File "C:\Users\Yakub\Desktop\Polyhedral-FEA\scripts\figstyle.py", line 45, in <module>
    import numpy as np
ModuleNotFoundError: No module named 'numpy'
FAIL bench\campaigns\advisor-batch-2-s2\runs\cfg-169e43de\plate_notch_s0_c1\t0\mesh.vtu: Could not find platform independent libraries <prefix>
Traceback (most recent call last):
  File "C:\Users\Yakub\Desktop\Polyhedral-FEA\scripts\vtu_wire_png.py", line 23, in <module>
    import figstyle as fs  # noqa: E402
    ^^^^^^^^^^^^^^^^^^^^^
  File "C:\Users\Yakub\Desktop\Polyhedral-FEA\scripts\figstyle.py", line 45, in <module>
    import numpy as np
ModuleNotFoundError: No module named 'numpy'
FAIL bench\campaigns\advisor-batch-2-s2\runs\cfg-169e43de\plate_notch_s0_c2\t0\mesh.vtu: Could not find platform independent libraries <prefix>
Traceback (most recent call last):
  File "C:\Users\Yakub\Desktop\Polyhedral-FEA\scripts\vtu_wire_png.py", line 23, in <module>
    import figstyle as fs  # noqa: E402
    ^^^^^^^^^^^^^^^^^^^^^
  File "C:\Users\Yakub\Desktop\Polyhedral-FEA\scripts\figstyle.py", line 45, in <module>
    import numpy as np
ModuleNotFoundError: No module named 'numpy'
FAIL bench\campaigns\advisor-batch-2-s2\runs\cfg-169e43de\plate_notch_s2_c0\t0\mesh.vtu: Could not find platform independent libraries <prefix>
Traceback (most recent call last):
  File "C:\Users\Yakub\Desktop\Polyhedral-FEA\scripts\vtu_wire_png.py", line 23, in <module>
    import figstyle as fs  # noqa: E402
    ^^^^^^^^^^^^^^^^^^^^^
  File "C:\Users\Yakub\Desktop\Polyhedral-FEA\scripts\figstyle.py", line 45, in <module>
    import numpy as np
ModuleNotFoundError: No module named 'numpy'
FAIL bench\campaigns\advisor-batch-2-s2\runs\cfg-169e43de\plate_notch_s2_c1\t0\mesh.vtu: Could not find platform independent libraries <prefix>
Traceback (most recent call last):
  File "C:\Users\Yakub\Desktop\Polyhedral-FEA\scripts\vtu_wire_png.py", line 23, in <module>
    import figstyle as fs  # noqa: E402
    ^^^^^^^^^^^^^^^^^^^^^
  File "C:\Users\Yakub\Desktop\Polyhedral-FEA\scripts\figstyle.py", line 45, in <module>
    import numpy as np
ModuleNotFoundError: No module named 'numpy'
FAIL bench\campaigns\advisor-batch-2-s2\runs\cfg-169e43de\plate_notch_s2_c2\t0\mesh.vtu: Could not find platform independent libraries <prefix>
Traceback (most recent call last):
  File "C:\Users\Yakub\Desktop\Polyhedral-FEA\scripts\vtu_wire_png.py", line 23, in <module>
    import figstyle as fs  # noqa: E402
    ^^^^^^^^^^^^^^^^^^^^^
  File "C:\Users\Yakub\Desktop\Polyhedral-FEA\scripts\figstyle.py", line 45, in <module>
    import numpy as np
ModuleNotFoundError: No module named 'numpy'
FAIL bench\campaigns\advisor-batch-2-s2\runs\cfg-169e43de\sphere_box_s0_c0\t0\mesh.vtu: Could not find platform independent libraries <prefix>
Traceback (most recent call last):
  File "C:\Users\Yakub\Desktop\Polyhedral-FEA\scripts\vtu_wire_png.py", line 23, in <module>
    import figstyle as fs  # noqa: E402
    ^^^^^^^^^^^^^^^^^^^^^
  File "C:\Users\Yakub\Desktop\Polyhedral-FEA\scripts\figstyle.py", line 45, in <module>
    import numpy as np
ModuleNotFoundError: No module named 'numpy'
FAIL bench\campaigns\advisor-batch-2-s2\runs\cfg-169e43de\sphere_box_s0_c2\t0\mesh.vtu: Could not find platform independent libraries <prefix>
Traceback (most recent call last):
  File "C:\Users\Yakub\Desktop\Polyhedral-FEA\scripts\vtu_wire_png.py", line 23, in <module>
    import figstyle as fs  # noqa: E402
    ^^^^^^^^^^^^^^^^^^^^^
  File "C:\Users\Yakub\Desktop\Polyhedral-FEA\scripts\figstyle.py", line 45, in <module>
    import numpy as np
ModuleNotFoundError: No module named 'numpy'
FAIL bench\campaigns\advisor-batch-2-s2\runs\cfg-16e7c9c4\box_hole_s0_c0\t0\mesh.vtu: Could not find platform independent libraries <prefix>
Traceback (most recent call last):
  File "C:\Users\Yakub\Desktop\Polyhedral-FEA\scripts\vtu_wire_png.py", line 23, in <module>
    import figstyle as fs  # noqa: E402
    ^^^^^^^^^^^^^^^^^^^^^
  File "C:\Users\Yakub\Desktop\Polyhedral-FEA\scripts\figstyle.py", line 45, in <module>
    import numpy as np
ModuleNotFoundError: No module named 'numpy'
FAIL bench\campaigns\advisor-batch-2-s2\runs\cfg-16e7c9c4\box_hole_s0_c1\t0\mesh.vtu: Could not find platform independent libraries <prefix>
Traceback (most recent call last):
  File "C:\Users\Yakub\Desktop\Polyhedral-FEA\scripts\vtu_wire_png.py", line 23, in <module>
    import figstyle as fs  # noqa: E402
    ^^^^^^^^^^^^^^^^^^^^^
  File "C:\Users\Yakub\Desktop\Polyhedral-FEA\scripts\figstyle.py", line 45, in <module>
    import numpy as np
ModuleNotFoundError: No module named 'numpy'
FAIL bench\campaigns\advisor-batch-2-s2\runs\cfg-16e7c9c4\box_hole_s0_c2\t0\mesh.vtu: Could not find platform independent libraries <prefix>
Traceback (most recent call last):
  File "C:\Users\Yakub\Desktop\Polyhedral-FEA\scripts\vtu_wire_png.py", line 23, in <module>
    import figstyle as fs  # noqa: E402
    ^^^^^^^^^^^^^^^^^^^^^
  File "C:\Users\Yakub\Desktop\Polyhedral-FEA\scripts\figstyle.py", line 45, in <module>
    import numpy as np
ModuleNotFoundError: No module named 'numpy'
FAIL bench\campaigns\advisor-batch-2-s2\runs\cfg-16e7c9c4\channel_s0_c0\t0\mesh.vtu: Could not find platform independent libraries <prefix>
Traceback (most recent call last):
  File "C:\Users\Yakub\Desktop\Polyhedral-FEA\scripts\vtu_wire_png.py", line 23, in <module>
    import figstyle as fs  # noqa: E402
    ^^^^^^^^^^^^^^^^^^^^^
  File "C:\Users\Yakub\Desktop\Polyhedral-FEA\scripts\figstyle.py", line 45, in <module>
    import numpy as np
ModuleNotFoundError: No module named 'numpy'
FAIL bench\campaigns\advisor-batch-2-s2\runs\cfg-16e7c9c4\channel_s0_c1\t0\mesh.vtu: Could not find platform independent libraries <prefix>
Traceback (most recent call last):
  File "C:\Users\Yakub\Desktop\Polyhedral-FEA\scripts\vtu_wire_png.py", line 23, in <module>
    import figstyle as fs  # noqa: E402
    ^^^^^^^^^^^^^^^^^^^^^
  File "C:\Users\Yakub\Desktop\Polyhedral-FEA\scripts\figstyle.py", line 45, in <module>
    import numpy as np
ModuleNotFoundError: No module named 'numpy'
FAIL bench\campaigns\advisor-batch-2-s2\runs\cfg-16e7c9c4\channel_s0_c2\t0\mesh.vtu: Could not find platform independent libraries <prefix>
Traceback (most recent call last):
  File "C:\Users\Yakub\Desktop\Polyhedral-FEA\scripts\vtu_wire_png.py", line 23, in <module>
    import figstyle as fs  # noqa: E402
    ^^^^^^^^^^^^^^^^^^^^^
  File "C:\Users\Yakub\Desktop\Polyhedral-FEA\scripts\figstyle.py", line 45, in <module>
    import numpy as np
ModuleNotFoundError: No module named 'numpy'
FAIL bench\campaigns\advisor-batch-2-s2\runs\cfg-16e7c9c4\l_bracket_s0_c0\t0\mesh.vtu: Could not find platform independent libraries <prefix>
Traceback (most recent call last):
  File "C:\Users\Yakub\Desktop\Polyhedral-FEA\scripts\vtu_wire_png.py", line 23, in <module>
    import figstyle as fs  # noqa: E402
    ^^^^^^^^^^^^^^^^^^^^^
  File "C:\Users\Yakub\Desktop\Polyhedral-FEA\scripts\figstyle.py", line 45, in <module>
    import numpy as np
ModuleNotFoundError: No module named 'numpy'
FAIL bench\campaigns\advisor-batch-2-s2\runs\cfg-16e7c9c4\l_bracket_s0_c1\t0\mesh.vtu: Could not find platform independent libraries <prefix>
Traceback (most recent call last):
  File "C:\Users\Yakub\Desktop\Polyhedral-FEA\scripts\vtu_wire_png.py", line 23, in <module>
    import figstyle as fs  # noqa: E402
    ^^^^^^^^^^^^^^^^^^^^^
  File "C:\Users\Yakub\Desktop\Polyhedral-FEA\scripts\figstyle.py", line 45, in <module>
    import numpy as np
ModuleNotFoundError: No module named 'numpy'
FAIL bench\campaigns\advisor-batch-2-s2\runs\cfg-16e7c9c4\l_bracket_s0_c2\t0\mesh.vtu: Could not find platform independent libraries <prefix>
Traceback (most recent call last):
  File "C:\Users\Yakub\Desktop\Polyhedral-FEA\scripts\vtu_wire_png.py", line 23, in <module>
    import figstyle as fs  # noqa: E402
    ^^^^^^^^^^^^^^^^^^^^^
  File "C:\Users\Yakub\Desktop\Polyhedral-FEA\scripts\figstyle.py", line 45, in <module>
    import numpy as np
ModuleNotFoundError: No module named 'numpy'
FAIL bench\campaigns\advisor-batch-2-s2\runs\cfg-16e7c9c4\l_bracket_s2_c0\t0\mesh.vtu: Could not find platform independent libraries <prefix>
Traceback (most recent call last):
  File "C:\Users\Yakub\Desktop\Polyhedral-FEA\scripts\vtu_wire_png.py", line 23, in <module>
    import figstyle as fs  # noqa: E402
    ^^^^^^^^^^^^^^^^^^^^^
  File "C:\Users\Yakub\Desktop\Polyhedral-FEA\scripts\figstyle.py", line 45, in <module>
    import numpy as np
ModuleNotFoundError: No module named 'numpy'
FAIL bench\campaigns\advisor-batch-2-s2\runs\cfg-16e7c9c4\l_bracket_s2_c1\t0\mesh.vtu: Could not find platform independent libraries <prefix>
Traceback (most recent call last):
  File "C:\Users\Yakub\Desktop\Polyhedral-FEA\scripts\vtu_wire_png.py", line 23, in <module>
    import figstyle as fs  # noqa: E402
    ^^^^^^^^^^^^^^^^^^^^^
  File "C:\Users\Yakub\Desktop\Polyhedral-FEA\scripts\figstyle.py", line 45, in <module>
    import numpy as np
ModuleNotFoundError: No module named 'numpy'
FAIL bench\campaigns\advisor-batch-2-s2\runs\cfg-16e7c9c4\l_bracket_s2_c2\t0\mesh.vtu: Could not find platform independent libraries <prefix>
Traceback (most recent call last):
  File "C:\Users\Yakub\Desktop\Polyhedral-FEA\scripts\vtu_wire_png.py", line 23, in <module>
    import figstyle as fs  # noqa: E402
    ^^^^^^^^^^^^^^^^^^^^^
  File "C:\Users\Yakub\Desktop\Polyhedral-FEA\scripts\figstyle.py", line 45, in <module>
    import numpy as np
ModuleNotFoundError: No module named 'numpy'
FAIL bench\campaigns\advisor-batch-2-s2\runs\cfg-16e7c9c4\plate_notch_s0_c0\t0\mesh.vtu: Could not find platform independent libraries <prefix>
Traceback (most recent call last):
  File "C:\Users\Yakub\Desktop\Polyhedral-FEA\scripts\vtu_wire_png.py", line 23, in <module>
    import figstyle as fs  # noqa: E402
    ^^^^^^^^^^^^^^^^^^^^^
  File "C:\Users\Yakub\Desktop\Polyhedral-FEA\scripts\figstyle.py", line 45, in <module>
    import numpy as np
ModuleNotFoundError: No module named 'numpy'
FAIL bench\campaigns\advisor-batch-2-s2\runs\cfg-16e7c9c4\plate_notch_s0_c1\t0\mesh.vtu: Could not find platform independent libraries <prefix>
Traceback (most recent call last):
  File "C:\Users\Yakub\Desktop\Polyhedral-FEA\scripts\vtu_wire_png.py", line 23, in <module>
    import figstyle as fs  # noqa: E402
    ^^^^^^^^^^^^^^^^^^^^^
  File "C:\Users\Yakub\Desktop\Polyhedral-FEA\scripts\figstyle.py", line 45, in <module>
    import numpy as np
ModuleNotFoundError: No module named 'numpy'
FAIL bench\campaigns\advisor-batch-2-s2\runs\cfg-16e7c9c4\plate_notch_s0_c2\t0\mesh.vtu: Could not find platform independent libraries <prefix>
Traceback (most recent call last):
  File "C:\Users\Yakub\Desktop\Polyhedral-FEA\scripts\vtu_wire_png.py", line 23, in <module>
    import figstyle as fs  # noqa: E402
    ^^^^^^^^^^^^^^^^^^^^^
  File "C:\Users\Yakub\Desktop\Polyhedral-FEA\scripts\figstyle.py", line 45, in <module>
    import numpy as np
ModuleNotFoundError: No module named 'numpy'
FAIL bench\campaigns\advisor-batch-2-s2\runs\cfg-16e7c9c4\plate_notch_s2_c0\t0\mesh.vtu: Could not find platform independent libraries <prefix>
Traceback (most recent call last):
  File "C:\Users\Yakub\Desktop\Polyhedral-FEA\scripts\vtu_wire_png.py", line 23, in <module>
    import figstyle as fs  # noqa: E402
    ^^^^^^^^^^^^^^^^^^^^^
  File "C:\Users\Yakub\Desktop\Polyhedral-FEA\scripts\figstyle.py", line 45, in <module>
    import numpy as np
ModuleNotFoundError: No module named 'numpy'
FAIL bench\campaigns\advisor-batch-2-s2\runs\cfg-16e7c9c4\plate_notch_s2_c1\t0\mesh.vtu: Could not find platform independent libraries <prefix>
Traceback (most recent call last):
  File "C:\Users\Yakub\Desktop\Polyhedral-FEA\scripts\vtu_wire_png.py", line 23, in <module>
    import figstyle as fs  # noqa: E402
    ^^^^^^^^^^^^^^^^^^^^^
  File "C:\Users\Yakub\Desktop\Polyhedral-FEA\scripts\figstyle.py", line 45, in <module>
    import numpy as np
ModuleNotFoundError: No module named 'numpy'
FAIL bench\campaigns\advisor-batch-2-s2\runs\cfg-16e7c9c4\plate_notch_s2_c2\t0\mesh.vtu: Could not find platform independent libraries <prefix>
Traceback (most recent call last):
  File "C:\Users\Yakub\Desktop\Polyhedral-FEA\scripts\vtu_wire_png.py", line 23, in <module>
    import figstyle as fs  # noqa: E402
    ^^^^^^^^^^^^^^^^^^^^^
  File "C:\Users\Yakub\Desktop\Polyhedral-FEA\scripts\figstyle.py", line 45, in <module>
    import numpy as np
ModuleNotFoundError: No module named 'numpy'
FAIL bench\campaigns\advisor-batch-2-s2\runs\cfg-16e7c9c4\sphere_box_s0_c0\t0\mesh.vtu: Could not find platform independent libraries <prefix>
Traceback (most recent call last):
  File "C:\Users\Yakub\Desktop\Polyhedral-FEA\scripts\vtu_wire_png.py", line 23, in <module>
    import figstyle as fs  # noqa: E402
    ^^^^^^^^^^^^^^^^^^^^^
  File "C:\Users\Yakub\Desktop\Polyhedral-FEA\scripts\figstyle.py", line 45, in <module>
    import numpy as np
ModuleNotFoundError: No module named 'numpy'
FAIL bench\campaigns\advisor-batch-2-s2\runs\cfg-16e7c9c4\sphere_box_s0_c1\t0\mesh.vtu: Could not find platform independent libraries <prefix>
Traceback (most recent call last):
  File "C:\Users\Yakub\Desktop\Polyhedral-FEA\scripts\vtu_wire_png.py", line 23, in <module>
    import figstyle as fs  # noqa: E402
    ^^^^^^^^^^^^^^^^^^^^^
  File "C:\Users\Yakub\Desktop\Polyhedral-FEA\scripts\figstyle.py", line 45, in <module>
    import numpy as np
ModuleNotFoundError: No module named 'numpy'
FAIL bench\campaigns\advisor-batch-2-s2\runs\cfg-16e7c9c4\sphere_box_s0_c2\t0\mesh.vtu: Could not find platform independent libraries <prefix>
Traceback (most recent call last):
  File "C:\Users\Yakub\Desktop\Polyhedral-FEA\scripts\vtu_wire_png.py", line 23, in <module>
    import figstyle as fs  # noqa: E402
    ^^^^^^^^^^^^^^^^^^^^^
  File "C:\Users\Yakub\Desktop\Polyhedral-FEA\scripts\figstyle.py", line 45, in <module>
    import numpy as np
ModuleNotFoundError: No module named 'numpy'
FAIL bench\campaigns\advisor-batch-2-s2\runs\cfg-16e7c9c4\sphere_box_s2_c0\t0\mesh.vtu: Could not find platform independent libraries <prefix>
Traceback (most recent call last):
  File "C:\Users\Yakub\Desktop\Polyhedral-FEA\scripts\vtu_wire_png.py", line 23, in <module>
    import figstyle as fs  # noqa: E402
    ^^^^^^^^^^^^^^^^^^^^^
  File "C:\Users\Yakub\Desktop\Polyhedral-FEA\scripts\figstyle.py", line 45, in <module>
    import numpy as np
ModuleNotFoundError: No module named 'numpy'
FAIL bench\campaigns\advisor-batch-2-s2\runs\cfg-16e7c9c4\sphere_box_s2_c1\t0\mesh.vtu: Could not find platform independent libraries <prefix>
Traceback (most recent call last):
  File "C:\Users\Yakub\Desktop\Polyhedral-FEA\scripts\vtu_wire_png.py", line 23, in <module>
    import figstyle as fs  # noqa: E402
    ^^^^^^^^^^^^^^^^^^^^^
  File "C:\Users\Yakub\Desktop\Polyhedral-FEA\scripts\figstyle.py", line 45, in <module>
    import numpy as np
ModuleNotFoundError: No module named 'numpy'
FAIL bench\campaigns\advisor-batch-2-s2\runs\cfg-16e7c9c4\sphere_box_s2_c2\t0\mesh.vtu: Could not find platform independent libraries <prefix>
Traceback (most recent call last):
  File "C:\Users\Yakub\Desktop\Polyhedral-FEA\scripts\vtu_wire_png.py", line 23, in <module>
    import figstyle as fs  # noqa: E402
    ^^^^^^^^^^^^^^^^^^^^^
  File "C:\Users\Yakub\Desktop\Polyhedral-FEA\scripts\figstyle.py", line 45, in <module>
    import numpy as np
ModuleNotFoundError: No module named 'numpy'
FAIL bench\campaigns\advisor-batch-2-s2\runs\cfg-277b991c\channel_s0_c0\t0\mesh.vtu: Could not find platform independent libraries <prefix>
Traceback (most recent call last):
  File "C:\Users\Yakub\Desktop\Polyhedral-FEA\scripts\vtu_wire_png.py", line 23, in <module>
    import figstyle as fs  # noqa: E402
    ^^^^^^^^^^^^^^^^^^^^^
  File "C:\Users\Yakub\Desktop\Polyhedral-FEA\scripts\figstyle.py", line 45, in <module>
    import numpy as np
ModuleNotFoundError: No module named 'numpy'
FAIL bench\campaigns\advisor-batch-2-s2\runs\cfg-277b991c\channel_s0_c1\t0\mesh.vtu: Could not find platform independent libraries <prefix>
Traceback (most recent call last):
  File "C:\Users\Yakub\Desktop\Polyhedral-FEA\scripts\vtu_wire_png.py", line 23, in <module>
    import figstyle as fs  # noqa: E402
    ^^^^^^^^^^^^^^^^^^^^^
  File "C:\Users\Yakub\Desktop\Polyhedral-FEA\scripts\figstyle.py", line 45, in <module>
    import numpy as np
ModuleNotFoundError: No module named 'numpy'
FAIL bench\campaigns\advisor-batch-2-s2\runs\cfg-277b991c\channel_s0_c2\t0\mesh.vtu: Could not find platform independent libraries <prefix>
Traceback (most recent call last):
  File "C:\Users\Yakub\Desktop\Polyhedral-FEA\scripts\vtu_wire_png.py", line 23, in <module>
    import figstyle as fs  # noqa: E402
    ^^^^^^^^^^^^^^^^^^^^^
  File "C:\Users\Yakub\Desktop\Polyhedral-FEA\scripts\figstyle.py", line 45, in <module>
    import numpy as np
ModuleNotFoundError: No module named 'numpy'
FAIL bench\campaigns\advisor-batch-2-s2\runs\cfg-43e1efcd\box_hole_s0_c0\t0\mesh.vtu: Could not find platform independent libraries <prefix>
Traceback (most recent call last):
  File "C:\Users\Yakub\Desktop\Polyhedral-FEA\scripts\vtu_wire_png.py", line 23, in <module>
    import figstyle as fs  # noqa: E402
    ^^^^^^^^^^^^^^^^^^^^^
  File "C:\Users\Yakub\Desktop\Polyhedral-FEA\scripts\figstyle.py", line 45, in <module>
    import numpy as np
ModuleNotFoundError: No module named 'numpy'
FAIL bench\campaigns\advisor-batch-2-s2\runs\cfg-43e1efcd\box_hole_s0_c1\t0\mesh.vtu: Could not find platform independent libraries <prefix>
Traceback (most recent call last):
  File "C:\Users\Yakub\Desktop\Polyhedral-FEA\scripts\vtu_wire_png.py", line 23, in <module>
    import figstyle as fs  # noqa: E402
    ^^^^^^^^^^^^^^^^^^^^^
  File "C:\Users\Yakub\Desktop\Polyhedral-FEA\scripts\figstyle.py", line 45, in <module>
    import numpy as np
ModuleNotFoundError: No module named 'numpy'
FAIL bench\campaigns\advisor-batch-2-s2\runs\cfg-43e1efcd\box_hole_s0_c2\t0\mesh.vtu: Could not find platform independent libraries <prefix>
Traceback (most recent call last):
  File "C:\Users\Yakub\Desktop\Polyhedral-FEA\scripts\vtu_wire_png.py", line 23, in <module>
    import figstyle as fs  # noqa: E402
    ^^^^^^^^^^^^^^^^^^^^^
  File "C:\Users\Yakub\Desktop\Polyhedral-FEA\scripts\figstyle.py", line 45, in <module>
    import numpy as np
ModuleNotFoundError: No module named 'numpy'
FAIL bench\campaigns\advisor-batch-2-s2\runs\cfg-43e1efcd\channel_s0_c0\t0\mesh.vtu: Could not find platform independent libraries <prefix>
Traceback (most recent call last):
  File "C:\Users\Yakub\Desktop\Polyhedral-FEA\scripts\vtu_wire_png.py", line 23, in <module>
    import figstyle as fs  # noqa: E402
    ^^^^^^^^^^^^^^^^^^^^^
  File "C:\Users\Yakub\Desktop\Polyhedral-FEA\scripts\figstyle.py", line 45, in <module>
    import numpy as np
ModuleNotFoundError: No module named 'numpy'
FAIL bench\campaigns\advisor-batch-2-s2\runs\cfg-43e1efcd\channel_s0_c1\t0\mesh.vtu: Could not find platform independent libraries <prefix>
Traceback (most recent call last):
  File "C:\Users\Yakub\Desktop\Polyhedral-FEA\scripts\vtu_wire_png.py", line 23, in <module>
    import figstyle as fs  # noqa: E402
    ^^^^^^^^^^^^^^^^^^^^^
  File "C:\Users\Yakub\Desktop\Polyhedral-FEA\scripts\figstyle.py", line 45, in <module>
    import numpy as np
ModuleNotFoundError: No module named 'numpy'
FAIL bench\campaigns\advisor-batch-2-s2\runs\cfg-43e1efcd\channel_s0_c2\t0\mesh.vtu: Could not find platform independent libraries <prefix>
Traceback (most recent call last):
  File "C:\Users\Yakub\Desktop\Polyhedral-FEA\scripts\vtu_wire_png.py", line 23, in <module>
    import figstyle as fs  # noqa: E402
    ^^^^^^^^^^^^^^^^^^^^^
  File "C:\Users\Yakub\Desktop\Polyhedral-FEA\scripts\figstyle.py", line 45, in <module>
    import numpy as np
ModuleNotFoundError: No module named 'numpy'
FAIL bench\campaigns\advisor-batch-2-s2\runs\cfg-43e1efcd\l_bracket_s2_c0\t0\mesh.vtu: Could not find platform independent libraries <prefix>
Traceback (most recent call last):
  File "C:\Users\Yakub\Desktop\Polyhedral-FEA\scripts\vtu_wire_png.py", line 23, in <module>
    import figstyle as fs  # noqa: E402
    ^^^^^^^^^^^^^^^^^^^^^
  File "C:\Users\Yakub\Desktop\Polyhedral-FEA\scripts\figstyle.py", line 45, in <module>
    import numpy as np
ModuleNotFoundError: No module named 'numpy'
FAIL bench\campaigns\advisor-batch-2-s2\runs\cfg-43e1efcd\l_bracket_s2_c1\t0\mesh.vtu: Could not find platform independent libraries <prefix>
Traceback (most recent call last):
  File "C:\Users\Yakub\Desktop\Polyhedral-FEA\scripts\vtu_wire_png.py", line 23, in <module>
    import figstyle as fs  # noqa: E402
    ^^^^^^^^^^^^^^^^^^^^^
  File "C:\Users\Yakub\Desktop\Polyhedral-FEA\scripts\figstyle.py", line 45, in <module>
    import numpy as np
ModuleNotFoundError: No module named 'numpy'
FAIL bench\campaigns\advisor-batch-2-s2\runs\cfg-43e1efcd\l_bracket_s2_c2\t0\mesh.vtu: Could not find platform independent libraries <prefix>
Traceback (most recent call last):
  File "C:\Users\Yakub\Desktop\Polyhedral-FEA\scripts\vtu_wire_png.py", line 23, in <module>
    import figstyle as fs  # noqa: E402
    ^^^^^^^^^^^^^^^^^^^^^
  File "C:\Users\Yakub\Desktop\Polyhedral-FEA\scripts\figstyle.py", line 45, in <module>
    import numpy as np
ModuleNotFoundError: No module named 'numpy'
FAIL bench\campaigns\advisor-batch-2-s2\runs\cfg-43e1efcd\plate_notch_s0_c0\t0\mesh.vtu: Could not find platform independent libraries <prefix>
Traceback (most recent call last):
  File "C:\Users\Yakub\Desktop\Polyhedral-FEA\scripts\vtu_wire_png.py", line 23, in <module>
    import figstyle as fs  # noqa: E402
    ^^^^^^^^^^^^^^^^^^^^^
  File "C:\Users\Yakub\Desktop\Polyhedral-FEA\scripts\figstyle.py", line 45, in <module>
    import numpy as np
ModuleNotFoundError: No module named 'numpy'
FAIL bench\campaigns\advisor-batch-2-s2\runs\cfg-43e1efcd\plate_notch_s0_c1\t0\mesh.vtu: Could not find platform independent libraries <prefix>
Traceback (most recent call last):
  File "C:\Users\Yakub\Desktop\Polyhedral-FEA\scripts\vtu_wire_png.py", line 23, in <module>
    import figstyle as fs  # noqa: E402
    ^^^^^^^^^^^^^^^^^^^^^
  File "C:\Users\Yakub\Desktop\Polyhedral-FEA\scripts\figstyle.py", line 45, in <module>
    import numpy as np
ModuleNotFoundError: No module named 'numpy'
FAIL bench\campaigns\advisor-batch-2-s2\runs\cfg-43e1efcd\plate_notch_s0_c2\t0\mesh.vtu: Could not find platform independent libraries <prefix>
Traceback (most recent call last):
  File "C:\Users\Yakub\Desktop\Polyhedral-FEA\scripts\vtu_wire_png.py", line 23, in <module>
    import figstyle as fs  # noqa: E402
    ^^^^^^^^^^^^^^^^^^^^^
  File "C:\Users\Yakub\Desktop\Polyhedral-FEA\scripts\figstyle.py", line 45, in <module>
    import numpy as np
ModuleNotFoundError: No module named 'numpy'
FAIL bench\campaigns\advisor-batch-2-s2\runs\cfg-43e1efcd\plate_notch_s2_c0\t0\mesh.vtu: Could not find platform independent libraries <prefix>
Traceback (most recent call last):
  File "C:\Users\Yakub\Desktop\Polyhedral-FEA\scripts\vtu_wire_png.py", line 23, in <module>
    import figstyle as fs  # noqa: E402
    ^^^^^^^^^^^^^^^^^^^^^
  File "C:\Users\Yakub\Desktop\Polyhedral-FEA\scripts\figstyle.py", line 45, in <module>
    import numpy as np
ModuleNotFoundError: No module named 'numpy'
FAIL bench\campaigns\advisor-batch-2-s2\runs\cfg-43e1efcd\plate_notch_s2_c1\t0\mesh.vtu: Could not find platform independent libraries <prefix>
Traceback (most recent call last):
  File "C:\Users\Yakub\Desktop\Polyhedral-FEA\scripts\vtu_wire_png.py", line 23, in <module>
    import figstyle as fs  # noqa: E402
    ^^^^^^^^^^^^^^^^^^^^^
  File "C:\Users\Yakub\Desktop\Polyhedral-FEA\scripts\figstyle.py", line 45, in <module>
    import numpy as np
ModuleNotFoundError: No module named 'numpy'
FAIL bench\campaigns\advisor-batch-2-s2\runs\cfg-43e1efcd\plate_notch_s2_c2\t0\mesh.vtu: Could not find platform independent libraries <prefix>
Traceback (most recent call last):
  File "C:\Users\Yakub\Desktop\Polyhedral-FEA\scripts\vtu_wire_png.py", line 23, in <module>
    import figstyle as fs  # noqa: E402
    ^^^^^^^^^^^^^^^^^^^^^
  File "C:\Users\Yakub\Desktop\Polyhedral-FEA\scripts\figstyle.py", line 45, in <module>
    import numpy as np
ModuleNotFoundError: No module named 'numpy'
FAIL bench\campaigns\advisor-batch-2-s2\runs\cfg-43e1efcd\sphere_box_s0_c0\t0\mesh.vtu: Could not find platform independent libraries <prefix>
Traceback (most recent call last):
  File "C:\Users\Yakub\Desktop\Polyhedral-FEA\scripts\vtu_wire_png.py", line 23, in <module>
    import figstyle as fs  # noqa: E402
    ^^^^^^^^^^^^^^^^^^^^^
  File "C:\Users\Yakub\Desktop\Polyhedral-FEA\scripts\figstyle.py", line 45, in <module>
    import numpy as np
ModuleNotFoundError: No module named 'numpy'
FAIL bench\campaigns\advisor-batch-2-s2\runs\cfg-43e1efcd\sphere_box_s0_c1\t0\mesh.vtu: Could not find platform independent libraries <prefix>
Traceback (most recent call last):
  File "C:\Users\Yakub\Desktop\Polyhedral-FEA\scripts\vtu_wire_png.py", line 23, in <module>
    import figstyle as fs  # noqa: E402
    ^^^^^^^^^^^^^^^^^^^^^
  File "C:\Users\Yakub\Desktop\Polyhedral-FEA\scripts\figstyle.py", line 45, in <module>
    import numpy as np
ModuleNotFoundError: No module named 'numpy'
FAIL bench\campaigns\advisor-batch-2-s2\runs\cfg-43e1efcd\sphere_box_s0_c2\t0\mesh.vtu: Could not find platform independent libraries <prefix>
Traceback (most recent call last):
  File "C:\Users\Yakub\Desktop\Polyhedral-FEA\scripts\vtu_wire_png.py", line 23, in <module>
    import figstyle as fs  # noqa: E402
    ^^^^^^^^^^^^^^^^^^^^^
  File "C:\Users\Yakub\Desktop\Polyhedral-FEA\scripts\figstyle.py", line 45, in <module>
    import numpy as np
ModuleNotFoundError: No module named 'numpy'
FAIL bench\campaigns\advisor-batch-2-s2\runs\cfg-43e1efcd\sphere_box_s2_c0\t0\mesh.vtu: Could not find platform independent libraries <prefix>
Traceback (most recent call last):
  File "C:\Users\Yakub\Desktop\Polyhedral-FEA\scripts\vtu_wire_png.py", line 23, in <module>
    import figstyle as fs  # noqa: E402
    ^^^^^^^^^^^^^^^^^^^^^
  File "C:\Users\Yakub\Desktop\Polyhedral-FEA\scripts\figstyle.py", line 45, in <module>
    import numpy as np
ModuleNotFoundError: No module named 'numpy'
FAIL bench\campaigns\advisor-batch-2-s2\runs\cfg-43e1efcd\sphere_box_s2_c1\t0\mesh.vtu: Could not find platform independent libraries <prefix>
Traceback (most recent call last):
  File "C:\Users\Yakub\Desktop\Polyhedral-FEA\scripts\vtu_wire_png.py", line 23, in <module>
    import figstyle as fs  # noqa: E402
    ^^^^^^^^^^^^^^^^^^^^^
  File "C:\Users\Yakub\Desktop\Polyhedral-FEA\scripts\figstyle.py", line 45, in <module>
    import numpy as np
ModuleNotFoundError: No module named 'numpy'
FAIL bench\campaigns\advisor-batch-2-s2\runs\cfg-43e1efcd\sphere_box_s2_c2\t0\mesh.vtu: Could not find platform independent libraries <prefix>
Traceback (most recent call last):
  File "C:\Users\Yakub\Desktop\Polyhedral-FEA\scripts\vtu_wire_png.py", line 23, in <module>
    import figstyle as fs  # noqa: E402
    ^^^^^^^^^^^^^^^^^^^^^
  File "C:\Users\Yakub\Desktop\Polyhedral-FEA\scripts\figstyle.py", line 45, in <module>
    import numpy as np
ModuleNotFoundError: No module named 'numpy'
FAIL bench\campaigns\advisor-batch-2-s2\runs\cfg-57078a16\box_hole_s0_c0\t0\mesh.vtu: Could not find platform independent libraries <prefix>
Traceback (most recent call last):
  File "C:\Users\Yakub\Desktop\Polyhedral-FEA\scripts\vtu_wire_png.py", line 23, in <module>
    import figstyle as fs  # noqa: E402
    ^^^^^^^^^^^^^^^^^^^^^
  File "C:\Users\Yakub\Desktop\Polyhedral-FEA\scripts\figstyle.py", line 45, in <module>
    import numpy as np
ModuleNotFoundError: No module named 'numpy'
FAIL bench\campaigns\advisor-batch-2-s2\runs\cfg-57078a16\box_hole_s0_c1\t0\mesh.vtu: Could not find platform independent libraries <prefix>
Traceback (most recent call last):
  File "C:\Users\Yakub\Desktop\Polyhedral-FEA\scripts\vtu_wire_png.py", line 23, in <module>
    import figstyle as fs  # noqa: E402
    ^^^^^^^^^^^^^^^^^^^^^
  File "C:\Users\Yakub\Desktop\Polyhedral-FEA\scripts\figstyle.py", line 45, in <module>
    import numpy as np
ModuleNotFoundError: No module named 'numpy'
FAIL bench\campaigns\advisor-batch-2-s2\runs\cfg-57078a16\box_hole_s0_c2\t0\mesh.vtu: Could not find platform independent libraries <prefix>
Traceback (most recent call last):
  File "C:\Users\Yakub\Desktop\Polyhedral-FEA\scripts\vtu_wire_png.py", line 23, in <module>
    import figstyle as fs  # noqa: E402
    ^^^^^^^^^^^^^^^^^^^^^
  File "C:\Users\Yakub\Desktop\Polyhedral-FEA\scripts\figstyle.py", line 45, in <module>
    import numpy as np
ModuleNotFoundError: No module named 'numpy'
FAIL bench\campaigns\advisor-batch-2-s2\runs\cfg-57078a16\channel_s0_c0\t0\mesh.vtu: Could not find platform independent libraries <prefix>
Traceback (most recent call last):
  File "C:\Users\Yakub\Desktop\Polyhedral-FEA\scripts\vtu_wire_png.py", line 23, in <module>
    import figstyle as fs  # noqa: E402
    ^^^^^^^^^^^^^^^^^^^^^
  File "C:\Users\Yakub\Desktop\Polyhedral-FEA\scripts\figstyle.py", line 45, in <module>
    import numpy as np
ModuleNotFoundError: No module named 'numpy'
FAIL bench\campaigns\advisor-batch-2-s2\runs\cfg-57078a16\channel_s0_c1\t0\mesh.vtu: Could not find platform independent libraries <prefix>
Traceback (most recent call last):
  File "C:\Users\Yakub\Desktop\Polyhedral-FEA\scripts\vtu_wire_png.py", line 23, in <module>
    import figstyle as fs  # noqa: E402
    ^^^^^^^^^^^^^^^^^^^^^
  File "C:\Users\Yakub\Desktop\Polyhedral-FEA\scripts\figstyle.py", line 45, in <module>
    import numpy as np
ModuleNotFoundError: No module named 'numpy'
FAIL bench\campaigns\advisor-batch-2-s2\runs\cfg-57078a16\channel_s0_c2\t0\mesh.vtu: Could not find platform independent libraries <prefix>
Traceback (most recent call last):
  File "C:\Users\Yakub\Desktop\Polyhedral-FEA\scripts\vtu_wire_png.py", line 23, in <module>
    import figstyle as fs  # noqa: E402
    ^^^^^^^^^^^^^^^^^^^^^
  File "C:\Users\Yakub\Desktop\Polyhedral-FEA\scripts\figstyle.py", line 45, in <module>
    import numpy as np
ModuleNotFoundError: No module named 'numpy'
FAIL bench\campaigns\advisor-batch-2-s2\runs\cfg-57078a16\l_bracket_s2_c0\t0\mesh.vtu: Could not find platform independent libraries <prefix>
Traceback (most recent call last):
  File "C:\Users\Yakub\Desktop\Polyhedral-FEA\scripts\vtu_wire_png.py", line 23, in <module>
    import figstyle as fs  # noqa: E402
    ^^^^^^^^^^^^^^^^^^^^^
  File "C:\Users\Yakub\Desktop\Polyhedral-FEA\scripts\figstyle.py", line 45, in <module>
    import numpy as np
ModuleNotFoundError: No module named 'numpy'
FAIL bench\campaigns\advisor-batch-2-s2\runs\cfg-57078a16\l_bracket_s2_c1\t0\mesh.vtu: Could not find platform independent libraries <prefix>
Traceback (most recent call last):
  File "C:\Users\Yakub\Desktop\Polyhedral-FEA\scripts\vtu_wire_png.py", line 23, in <module>
    import figstyle as fs  # noqa: E402
    ^^^^^^^^^^^^^^^^^^^^^
  File "C:\Users\Yakub\Desktop\Polyhedral-FEA\scripts\figstyle.py", line 45, in <module>
    import numpy as np
ModuleNotFoundError: No module named 'numpy'
FAIL bench\campaigns\advisor-batch-2-s2\runs\cfg-57078a16\l_bracket_s2_c2\t0\mesh.vtu: Could not find platform independent libraries <prefix>
Traceback (most recent call last):
  File "C:\Users\Yakub\Desktop\Polyhedral-FEA\scripts\vtu_wire_png.py", line 23, in <module>
    import figstyle as fs  # noqa: E402
    ^^^^^^^^^^^^^^^^^^^^^
  File "C:\Users\Yakub\Desktop\Polyhedral-FEA\scripts\figstyle.py", line 45, in <module>
    import numpy as np
ModuleNotFoundError: No module named 'numpy'
FAIL bench\campaigns\advisor-batch-2-s2\runs\cfg-57078a16\plate_notch_s0_c0\t0\mesh.vtu: Could not find platform independent libraries <prefix>
Traceback (most recent call last):
  File "C:\Users\Yakub\Desktop\Polyhedral-FEA\scripts\vtu_wire_png.py", line 23, in <module>
    import figstyle as fs  # noqa: E402
    ^^^^^^^^^^^^^^^^^^^^^
  File "C:\Users\Yakub\Desktop\Polyhedral-FEA\scripts\figstyle.py", line 45, in <module>
    import numpy as np
ModuleNotFoundError: No module named 'numpy'
FAIL bench\campaigns\advisor-batch-2-s2\runs\cfg-57078a16\plate_notch_s0_c1\t0\mesh.vtu: Could not find platform independent libraries <prefix>
Traceback (most recent call last):
  File "C:\Users\Yakub\Desktop\Polyhedral-FEA\scripts\vtu_wire_png.py", line 23, in <module>
    import figstyle as fs  # noqa: E402
    ^^^^^^^^^^^^^^^^^^^^^
  File "C:\Users\Yakub\Desktop\Polyhedral-FEA\scripts\figstyle.py", line 45, in <module>
    import numpy as np
ModuleNotFoundError: No module named 'numpy'
FAIL bench\campaigns\advisor-batch-2-s2\runs\cfg-57078a16\plate_notch_s0_c2\t0\mesh.vtu: Could not find platform independent libraries <prefix>
Traceback (most recent call last):
  File "C:\Users\Yakub\Desktop\Polyhedral-FEA\scripts\vtu_wire_png.py", line 23, in <module>
    import figstyle as fs  # noqa: E402
    ^^^^^^^^^^^^^^^^^^^^^
  File "C:\Users\Yakub\Desktop\Polyhedral-FEA\scripts\figstyle.py", line 45, in <module>
    import numpy as np
ModuleNotFoundError: No module named 'numpy'
FAIL bench\campaigns\advisor-batch-2-s2\runs\cfg-57078a16\plate_notch_s2_c0\t0\mesh.vtu: Could not find platform independent libraries <prefix>
Traceback (most recent call last):
  File "C:\Users\Yakub\Desktop\Polyhedral-FEA\scripts\vtu_wire_png.py", line 23, in <module>
    import figstyle as fs  # noqa: E402
    ^^^^^^^^^^^^^^^^^^^^^
  File "C:\Users\Yakub\Desktop\Polyhedral-FEA\scripts\figstyle.py", line 45, in <module>
    import numpy as np
ModuleNotFoundError: No module named 'numpy'
FAIL bench\campaigns\advisor-batch-2-s2\runs\cfg-57078a16\plate_notch_s2_c1\t0\mesh.vtu: Could not find platform independent libraries <prefix>
Traceback (most recent call last):
  File "C:\Users\Yakub\Desktop\Polyhedral-FEA\scripts\vtu_wire_png.py", line 23, in <module>
    import figstyle as fs  # noqa: E402
    ^^^^^^^^^^^^^^^^^^^^^
  File "C:\Users\Yakub\Desktop\Polyhedral-FEA\scripts\figstyle.py", line 45, in <module>
    import numpy as np
ModuleNotFoundError: No module named 'numpy'
FAIL bench\campaigns\advisor-batch-2-s2\runs\cfg-57078a16\plate_notch_s2_c2\t0\mesh.vtu: Could not find platform independent libraries <prefix>
Traceback (most recent call last):
  File "C:\Users\Yakub\Desktop\Polyhedral-FEA\scripts\vtu_wire_png.py", line 23, in <module>
    import figstyle as fs  # noqa: E402
    ^^^^^^^^^^^^^^^^^^^^^
  File "C:\Users\Yakub\Desktop\Polyhedral-FEA\scripts\figstyle.py", line 45, in <module>
    import numpy as np
ModuleNotFoundError: No module named 'numpy'
FAIL bench\campaigns\advisor-batch-2-s2\runs\cfg-57078a16\sphere_box_s0_c0\t0\mesh.vtu: Could not find platform independent libraries <prefix>
Traceback (most recent call last):
  File "C:\Users\Yakub\Desktop\Polyhedral-FEA\scripts\vtu_wire_png.py", line 23, in <module>
    import figstyle as fs  # noqa: E402
    ^^^^^^^^^^^^^^^^^^^^^
  File "C:\Users\Yakub\Desktop\Polyhedral-FEA\scripts\figstyle.py", line 45, in <module>
    import numpy as np
ModuleNotFoundError: No module named 'numpy'
FAIL bench\campaigns\advisor-batch-2-s2\runs\cfg-57078a16\sphere_box_s0_c1\t0\mesh.vtu: Could not find platform independent libraries <prefix>
Traceback (most recent call last):
  File "C:\Users\Yakub\Desktop\Polyhedral-FEA\scripts\vtu_wire_png.py", line 23, in <module>
    import figstyle as fs  # noqa: E402
    ^^^^^^^^^^^^^^^^^^^^^
  File "C:\Users\Yakub\Desktop\Polyhedral-FEA\scripts\figstyle.py", line 45, in <module>
    import numpy as np
ModuleNotFoundError: No module named 'numpy'
FAIL bench\campaigns\advisor-batch-2-s2\runs\cfg-57078a16\sphere_box_s0_c2\t0\mesh.vtu: Could not find platform independent libraries <prefix>
Traceback (most recent call last):
  File "C:\Users\Yakub\Desktop\Polyhedral-FEA\scripts\vtu_wire_png.py", line 23, in <module>
    import figstyle as fs  # noqa: E402
    ^^^^^^^^^^^^^^^^^^^^^
  File "C:\Users\Yakub\Desktop\Polyhedral-FEA\scripts\figstyle.py", line 45, in <module>
    import numpy as np
ModuleNotFoundError: No module named 'numpy'
FAIL bench\campaigns\advisor-batch-2-s2\runs\cfg-57078a16\sphere_box_s2_c0\t0\mesh.vtu: Could not find platform independent libraries <prefix>
Traceback (most recent call last):
  File "C:\Users\Yakub\Desktop\Polyhedral-FEA\scripts\vtu_wire_png.py", line 23, in <module>
    import figstyle as fs  # noqa: E402
    ^^^^^^^^^^^^^^^^^^^^^
  File "C:\Users\Yakub\Desktop\Polyhedral-FEA\scripts\figstyle.py", line 45, in <module>
    import numpy as np
ModuleNotFoundError: No module named 'numpy'
FAIL bench\campaigns\advisor-batch-2-s2\runs\cfg-57078a16\sphere_box_s2_c1\t0\mesh.vtu: Could not find platform independent libraries <prefix>
Traceback (most recent call last):
  File "C:\Users\Yakub\Desktop\Polyhedral-FEA\scripts\vtu_wire_png.py", line 23, in <module>
    import figstyle as fs  # noqa: E402
    ^^^^^^^^^^^^^^^^^^^^^
  File "C:\Users\Yakub\Desktop\Polyhedral-FEA\scripts\figstyle.py", line 45, in <module>
    import numpy as np
ModuleNotFoundError: No module named 'numpy'
FAIL bench\campaigns\advisor-batch-2-s2\runs\cfg-57078a16\sphere_box_s2_c2\t0\mesh.vtu: Could not find platform independent libraries <prefix>
Traceback (most recent call last):
  File "C:\Users\Yakub\Desktop\Polyhedral-FEA\scripts\vtu_wire_png.py", line 23, in <module>
    import figstyle as fs  # noqa: E402
    ^^^^^^^^^^^^^^^^^^^^^
  File "C:\Users\Yakub\Desktop\Polyhedral-FEA\scripts\figstyle.py", line 45, in <module>
    import numpy as np
ModuleNotFoundError: No module named 'numpy'
FAIL bench\campaigns\advisor-batch-2-s2\runs\cfg-ac7d4883\box_hole_s0_c0\t0\mesh.vtu: Could not find platform independent libraries <prefix>
Traceback (most recent call last):
  File "C:\Users\Yakub\Desktop\Polyhedral-FEA\scripts\vtu_wire_png.py", line 23, in <module>
    import figstyle as fs  # noqa: E402
    ^^^^^^^^^^^^^^^^^^^^^
  File "C:\Users\Yakub\Desktop\Polyhedral-FEA\scripts\figstyle.py", line 45, in <module>
    import numpy as np
ModuleNotFoundError: No module named 'numpy'
FAIL bench\campaigns\advisor-batch-2-s2\runs\cfg-ac7d4883\box_hole_s0_c1\t0\mesh.vtu: Could not find platform independent libraries <prefix>
Traceback (most recent call last):
  File "C:\Users\Yakub\Desktop\Polyhedral-FEA\scripts\vtu_wire_png.py", line 23, in <module>
    import figstyle as fs  # noqa: E402
    ^^^^^^^^^^^^^^^^^^^^^
  File "C:\Users\Yakub\Desktop\Polyhedral-FEA\scripts\figstyle.py", line 45, in <module>
    import numpy as np
ModuleNotFoundError: No module named 'numpy'
FAIL bench\campaigns\advisor-batch-2-s2\runs\cfg-ac7d4883\box_hole_s0_c2\t0\mesh.vtu: Could not find platform independent libraries <prefix>
Traceback (most recent call last):
  File "C:\Users\Yakub\Desktop\Polyhedral-FEA\scripts\vtu_wire_png.py", line 23, in <module>
    import figstyle as fs  # noqa: E402
    ^^^^^^^^^^^^^^^^^^^^^
  File "C:\Users\Yakub\Desktop\Polyhedral-FEA\scripts\figstyle.py", line 45, in <module>
    import numpy as np
ModuleNotFoundError: No module named 'numpy'
FAIL bench\campaigns\advisor-batch-2-s2\runs\cfg-ac7d4883\channel_s0_c0\t0\mesh.vtu: Could not find platform independent libraries <prefix>
Traceback (most recent call last):
  File "C:\Users\Yakub\Desktop\Polyhedral-FEA\scripts\vtu_wire_png.py", line 23, in <module>
    import figstyle as fs  # noqa: E402
    ^^^^^^^^^^^^^^^^^^^^^
  File "C:\Users\Yakub\Desktop\Polyhedral-FEA\scripts\figstyle.py", line 45, in <module>
    import numpy as np
ModuleNotFoundError: No module named 'numpy'
FAIL bench\campaigns\advisor-batch-2-s2\runs\cfg-ac7d4883\channel_s0_c1\t0\mesh.vtu: Could not find platform independent libraries <prefix>
Traceback (most recent call last):
  File "C:\Users\Yakub\Desktop\Polyhedral-FEA\scripts\vtu_wire_png.py", line 23, in <module>
    import figstyle as fs  # noqa: E402
    ^^^^^^^^^^^^^^^^^^^^^
  File "C:\Users\Yakub\Desktop\Polyhedral-FEA\scripts\figstyle.py", line 45, in <module>
    import numpy as np
ModuleNotFoundError: No module named 'numpy'
FAIL bench\campaigns\advisor-batch-2-s2\runs\cfg-ac7d4883\channel_s0_c2\t0\mesh.vtu: Could not find platform independent libraries <prefix>
Traceback (most recent call last):
  File "C:\Users\Yakub\Desktop\Polyhedral-FEA\scripts\vtu_wire_png.py", line 23, in <module>
    import figstyle as fs  # noqa: E402
    ^^^^^^^^^^^^^^^^^^^^^
  File "C:\Users\Yakub\Desktop\Polyhedral-FEA\scripts\figstyle.py", line 45, in <module>
    import numpy as np
ModuleNotFoundError: No module named 'numpy'
FAIL bench\campaigns\advisor-batch-2-s2\runs\cfg-ac7d4883\l_bracket_s2_c0\t0\mesh.vtu: Could not find platform independent libraries <prefix>
Traceback (most recent call last):
  File "C:\Users\Yakub\Desktop\Polyhedral-FEA\scripts\vtu_wire_png.py", line 23, in <module>
    import figstyle as fs  # noqa: E402
    ^^^^^^^^^^^^^^^^^^^^^
  File "C:\Users\Yakub\Desktop\Polyhedral-FEA\scripts\figstyle.py", line 45, in <module>
    import numpy as np
ModuleNotFoundError: No module named 'numpy'
FAIL bench\campaigns\advisor-batch-2-s2\runs\cfg-ac7d4883\l_bracket_s2_c1\t0\mesh.vtu: Could not find platform independent libraries <prefix>
Traceback (most recent call last):
  File "C:\Users\Yakub\Desktop\Polyhedral-FEA\scripts\vtu_wire_png.py", line 23, in <module>
    import figstyle as fs  # noqa: E402
    ^^^^^^^^^^^^^^^^^^^^^
  File "C:\Users\Yakub\Desktop\Polyhedral-FEA\scripts\figstyle.py", line 45, in <module>
    import numpy as np
ModuleNotFoundError: No module named 'numpy'
FAIL bench\campaigns\advisor-batch-2-s2\runs\cfg-ac7d4883\l_bracket_s2_c2\t0\mesh.vtu: Could not find platform independent libraries <prefix>
Traceback (most recent call last):
  File "C:\Users\Yakub\Desktop\Polyhedral-FEA\scripts\vtu_wire_png.py", line 23, in <module>
    import figstyle as fs  # noqa: E402
    ^^^^^^^^^^^^^^^^^^^^^
  File "C:\Users\Yakub\Desktop\Polyhedral-FEA\scripts\figstyle.py", line 45, in <module>
    import numpy as np
ModuleNotFoundError: No module named 'numpy'
FAIL bench\campaigns\advisor-batch-2-s2\runs\cfg-ac7d4883\plate_notch_s0_c0\t0\mesh.vtu: Could not find platform independent libraries <prefix>
Traceback (most recent call last):
  File "C:\Users\Yakub\Desktop\Polyhedral-FEA\scripts\vtu_wire_png.py", line 23, in <module>
    import figstyle as fs  # noqa: E402
    ^^^^^^^^^^^^^^^^^^^^^
  File "C:\Users\Yakub\Desktop\Polyhedral-FEA\scripts\figstyle.py", line 45, in <module>
    import numpy as np
ModuleNotFoundError: No module named 'numpy'
FAIL bench\campaigns\advisor-batch-2-s2\runs\cfg-ac7d4883\plate_notch_s0_c1\t0\mesh.vtu: Could not find platform independent libraries <prefix>
Traceback (most recent call last):
  File "C:\Users\Yakub\Desktop\Polyhedral-FEA\scripts\vtu_wire_png.py", line 23, in <module>
    import figstyle as fs  # noqa: E402
    ^^^^^^^^^^^^^^^^^^^^^
  File "C:\Users\Yakub\Desktop\Polyhedral-FEA\scripts\figstyle.py", line 45, in <module>
    import numpy as np
ModuleNotFoundError: No module named 'numpy'
FAIL bench\campaigns\advisor-batch-2-s2\runs\cfg-ac7d4883\plate_notch_s0_c2\t0\mesh.vtu: Could not find platform independent libraries <prefix>
Traceback (most recent call last):
  File "C:\Users\Yakub\Desktop\Polyhedral-FEA\scripts\vtu_wire_png.py", line 23, in <module>
    import figstyle as fs  # noqa: E402
    ^^^^^^^^^^^^^^^^^^^^^
  File "C:\Users\Yakub\Desktop\Polyhedral-FEA\scripts\figstyle.py", line 45, in <module>
    import numpy as np
ModuleNotFoundError: No module named 'numpy'
FAIL bench\campaigns\advisor-batch-2-s2\runs\cfg-ac7d4883\plate_notch_s2_c0\t0\mesh.vtu: Could not find platform independent libraries <prefix>
Traceback (most recent call last):
  File "C:\Users\Yakub\Desktop\Polyhedral-FEA\scripts\vtu_wire_png.py", line 23, in <module>
    import figstyle as fs  # noqa: E402
    ^^^^^^^^^^^^^^^^^^^^^
  File "C:\Users\Yakub\Desktop\Polyhedral-FEA\scripts\figstyle.py", line 45, in <module>
    import numpy as np
ModuleNotFoundError: No module named 'numpy'
FAIL bench\campaigns\advisor-batch-2-s2\runs\cfg-ac7d4883\plate_notch_s2_c1\t0\mesh.vtu: Could not find platform independent libraries <prefix>
Traceback (most recent call last):
  File "C:\Users\Yakub\Desktop\Polyhedral-FEA\scripts\vtu_wire_png.py", line 23, in <module>
    import figstyle as fs  # noqa: E402
    ^^^^^^^^^^^^^^^^^^^^^
  File "C:\Users\Yakub\Desktop\Polyhedral-FEA\scripts\figstyle.py", line 45, in <module>
    import numpy as np
ModuleNotFoundError: No module named 'numpy'
FAIL bench\campaigns\advisor-batch-2-s2\runs\cfg-ac7d4883\plate_notch_s2_c2\t0\mesh.vtu: Could not find platform independent libraries <prefix>
Traceback (most recent call last):
  File "C:\Users\Yakub\Desktop\Polyhedral-FEA\scripts\vtu_wire_png.py", line 23, in <module>
    import figstyle as fs  # noqa: E402
    ^^^^^^^^^^^^^^^^^^^^^
  File "C:\Users\Yakub\Desktop\Polyhedral-FEA\scripts\figstyle.py", line 45, in <module>
    import numpy as np
ModuleNotFoundError: No module named 'numpy'
FAIL bench\campaigns\advisor-batch-2-s2\runs\cfg-ac7d4883\sphere_box_s0_c0\t0\mesh.vtu: Could not find platform independent libraries <prefix>
Traceback (most recent call last):
  File "C:\Users\Yakub\Desktop\Polyhedral-FEA\scripts\vtu_wire_png.py", line 23, in <module>
    import figstyle as fs  # noqa: E402
    ^^^^^^^^^^^^^^^^^^^^^
  File "C:\Users\Yakub\Desktop\Polyhedral-FEA\scripts\figstyle.py", line 45, in <module>
    import numpy as np
ModuleNotFoundError: No module named 'numpy'
FAIL bench\campaigns\advisor-batch-2-s2\runs\cfg-ac7d4883\sphere_box_s0_c2\t0\mesh.vtu: Could not find platform independent libraries <prefix>
Traceback (most recent call last):
  File "C:\Users\Yakub\Desktop\Polyhedral-FEA\scripts\vtu_wire_png.py", line 23, in <module>
    import figstyle as fs  # noqa: E402
    ^^^^^^^^^^^^^^^^^^^^^
  File "C:\Users\Yakub\Desktop\Polyhedral-FEA\scripts\figstyle.py", line 45, in <module>
    import numpy as np
ModuleNotFoundError: No module named 'numpy'
FAIL bench\campaigns\advisor-batch-2-s2\runs\cfg-c3f7fc8f\box_hole_s0_c0\t0\mesh.vtu: Could not find platform independent libraries <prefix>
Traceback (most recent call last):
  File "C:\Users\Yakub\Desktop\Polyhedral-FEA\scripts\vtu_wire_png.py", line 23, in <module>
    import figstyle as fs  # noqa: E402
    ^^^^^^^^^^^^^^^^^^^^^
  File "C:\Users\Yakub\Desktop\Polyhedral-FEA\scripts\figstyle.py", line 45, in <module>
    import numpy as np
ModuleNotFoundError: No module named 'numpy'
FAIL bench\campaigns\advisor-batch-2-s2\runs\cfg-c3f7fc8f\box_hole_s0_c1\t0\mesh.vtu: Could not find platform independent libraries <prefix>
Traceback (most recent call last):
  File "C:\Users\Yakub\Desktop\Polyhedral-FEA\scripts\vtu_wire_png.py", line 23, in <module>
    import figstyle as fs  # noqa: E402
    ^^^^^^^^^^^^^^^^^^^^^
  File "C:\Users\Yakub\Desktop\Polyhedral-FEA\scripts\figstyle.py", line 45, in <module>
    import numpy as np
ModuleNotFoundError: No module named 'numpy'
FAIL bench\campaigns\advisor-batch-2-s2\runs\cfg-c3f7fc8f\box_hole_s0_c2\t0\mesh.vtu: Could not find platform independent libraries <prefix>
Traceback (most recent call last):
  File "C:\Users\Yakub\Desktop\Polyhedral-FEA\scripts\vtu_wire_png.py", line 23, in <module>
    import figstyle as fs  # noqa: E402
    ^^^^^^^^^^^^^^^^^^^^^
  File "C:\Users\Yakub\Desktop\Polyhedral-FEA\scripts\figstyle.py", line 45, in <module>
    import numpy as np
ModuleNotFoundError: No module named 'numpy'
FAIL bench\campaigns\advisor-batch-2-s2\runs\cfg-c3f7fc8f\channel_s0_c0\t0\mesh.vtu: Could not find platform independent libraries <prefix>
Traceback (most recent call last):
  File "C:\Users\Yakub\Desktop\Polyhedral-FEA\scripts\vtu_wire_png.py", line 23, in <module>
    import figstyle as fs  # noqa: E402
    ^^^^^^^^^^^^^^^^^^^^^
  File "C:\Users\Yakub\Desktop\Polyhedral-FEA\scripts\figstyle.py", line 45, in <module>
    import numpy as np
ModuleNotFoundError: No module named 'numpy'
FAIL bench\campaigns\advisor-batch-2-s2\runs\cfg-c3f7fc8f\channel_s0_c1\t0\mesh.vtu: Could not find platform independent libraries <prefix>
Traceback (most recent call last):
  File "C:\Users\Yakub\Desktop\Polyhedral-FEA\scripts\vtu_wire_png.py", line 23, in <module>
    import figstyle as fs  # noqa: E402
    ^^^^^^^^^^^^^^^^^^^^^
  File "C:\Users\Yakub\Desktop\Polyhedral-FEA\scripts\figstyle.py", line 45, in <module>
    import numpy as np
ModuleNotFoundError: No module named 'numpy'
FAIL bench\campaigns\advisor-batch-2-s2\runs\cfg-c3f7fc8f\channel_s0_c2\t0\mesh.vtu: Could not find platform independent libraries <prefix>
Traceback (most recent call last):
  File "C:\Users\Yakub\Desktop\Polyhedral-FEA\scripts\vtu_wire_png.py", line 23, in <module>
    import figstyle as fs  # noqa: E402
    ^^^^^^^^^^^^^^^^^^^^^
  File "C:\Users\Yakub\Desktop\Polyhedral-FEA\scripts\figstyle.py", line 45, in <module>
    import numpy as np
ModuleNotFoundError: No module named 'numpy'
FAIL bench\campaigns\advisor-batch-2-s2\runs\cfg-c3f7fc8f\l_bracket_s0_c0\t0\mesh.vtu: Could not find platform independent libraries <prefix>
Traceback (most recent call last):
  File "C:\Users\Yakub\Desktop\Polyhedral-FEA\scripts\vtu_wire_png.py", line 23, in <module>
    import figstyle as fs  # noqa: E402
    ^^^^^^^^^^^^^^^^^^^^^
  File "C:\Users\Yakub\Desktop\Polyhedral-FEA\scripts\figstyle.py", line 45, in <module>
    import numpy as np
ModuleNotFoundError: No module named 'numpy'
FAIL bench\campaigns\advisor-batch-2-s2\runs\cfg-c3f7fc8f\l_bracket_s0_c1\t0\mesh.vtu: Could not find platform independent libraries <prefix>
Traceback (most recent call last):
  File "C:\Users\Yakub\Desktop\Polyhedral-FEA\scripts\vtu_wire_png.py", line 23, in <module>
    import figstyle as fs  # noqa: E402
    ^^^^^^^^^^^^^^^^^^^^^
  File "C:\Users\Yakub\Desktop\Polyhedral-FEA\scripts\figstyle.py", line 45, in <module>
    import numpy as np
ModuleNotFoundError: No module named 'numpy'
FAIL bench\campaigns\advisor-batch-2-s2\runs\cfg-c3f7fc8f\l_bracket_s0_c2\t0\mesh.vtu: Could not find platform independent libraries <prefix>
Traceback (most recent call last):
  File "C:\Users\Yakub\Desktop\Polyhedral-FEA\scripts\vtu_wire_png.py", line 23, in <module>
    import figstyle as fs  # noqa: E402
    ^^^^^^^^^^^^^^^^^^^^^
  File "C:\Users\Yakub\Desktop\Polyhedral-FEA\scripts\figstyle.py", line 45, in <module>
    import numpy as np
ModuleNotFoundError: No module named 'numpy'
FAIL bench\campaigns\advisor-batch-2-s2\runs\cfg-c3f7fc8f\l_bracket_s2_c0\t0\mesh.vtu: Could not find platform independent libraries <prefix>
Traceback (most recent call last):
  File "C:\Users\Yakub\Desktop\Polyhedral-FEA\scripts\vtu_wire_png.py", line 23, in <module>
    import figstyle as fs  # noqa: E402
    ^^^^^^^^^^^^^^^^^^^^^
  File "C:\Users\Yakub\Desktop\Polyhedral-FEA\scripts\figstyle.py", line 45, in <module>
    import numpy as np
ModuleNotFoundError: No module named 'numpy'
FAIL bench\campaigns\advisor-batch-2-s2\runs\cfg-c3f7fc8f\l_bracket_s2_c1\t0\mesh.vtu: Could not find platform independent libraries <prefix>
Traceback (most recent call last):
  File "C:\Users\Yakub\Desktop\Polyhedral-FEA\scripts\vtu_wire_png.py", line 23, in <module>
    import figstyle as fs  # noqa: E402
    ^^^^^^^^^^^^^^^^^^^^^
  File "C:\Users\Yakub\Desktop\Polyhedral-FEA\scripts\figstyle.py", line 45, in <module>
    import numpy as np
ModuleNotFoundError: No module named 'numpy'
FAIL bench\campaigns\advisor-batch-2-s2\runs\cfg-c3f7fc8f\l_bracket_s2_c2\t0\mesh.vtu: Could not find platform independent libraries <prefix>
Traceback (most recent call last):
  File "C:\Users\Yakub\Desktop\Polyhedral-FEA\scripts\vtu_wire_png.py", line 23, in <module>
    import figstyle as fs  # noqa: E402
    ^^^^^^^^^^^^^^^^^^^^^
  File "C:\Users\Yakub\Desktop\Polyhedral-FEA\scripts\figstyle.py", line 45, in <module>
    import numpy as np
ModuleNotFoundError: No module named 'numpy'
FAIL bench\campaigns\advisor-batch-2-s2\runs\cfg-c3f7fc8f\plate_notch_s0_c0\t0\mesh.vtu: Could not find platform independent libraries <prefix>
Traceback (most recent call last):
  File "C:\Users\Yakub\Desktop\Polyhedral-FEA\scripts\vtu_wire_png.py", line 23, in <module>
    import figstyle as fs  # noqa: E402
    ^^^^^^^^^^^^^^^^^^^^^
  File "C:\Users\Yakub\Desktop\Polyhedral-FEA\scripts\figstyle.py", line 45, in <module>
    import numpy as np
ModuleNotFoundError: No module named 'numpy'
FAIL bench\campaigns\advisor-batch-2-s2\runs\cfg-c3f7fc8f\plate_notch_s0_c1\t0\mesh.vtu: Could not find platform independent libraries <prefix>
Traceback (most recent call last):
  File "C:\Users\Yakub\Desktop\Polyhedral-FEA\scripts\vtu_wire_png.py", line 23, in <module>
    import figstyle as fs  # noqa: E402
    ^^^^^^^^^^^^^^^^^^^^^
  File "C:\Users\Yakub\Desktop\Polyhedral-FEA\scripts\figstyle.py", line 45, in <module>
    import numpy as np
ModuleNotFoundError: No module named 'numpy'
FAIL bench\campaigns\advisor-batch-2-s2\runs\cfg-c3f7fc8f\plate_notch_s0_c2\t0\mesh.vtu: Could not find platform independent libraries <prefix>
Traceback (most recent call last):
  File "C:\Users\Yakub\Desktop\Polyhedral-FEA\scripts\vtu_wire_png.py", line 23, in <module>
    import figstyle as fs  # noqa: E402
    ^^^^^^^^^^^^^^^^^^^^^
  File "C:\Users\Yakub\Desktop\Polyhedral-FEA\scripts\figstyle.py", line 45, in <module>
    import numpy as np
ModuleNotFoundError: No module named 'numpy'
FAIL bench\campaigns\advisor-batch-2-s2\runs\cfg-c3f7fc8f\plate_notch_s2_c0\t0\mesh.vtu: Could not find platform independent libraries <prefix>
Traceback (most recent call last):
  File "C:\Users\Yakub\Desktop\Polyhedral-FEA\scripts\vtu_wire_png.py", line 23, in <module>
    import figstyle as fs  # noqa: E402
    ^^^^^^^^^^^^^^^^^^^^^
  File "C:\Users\Yakub\Desktop\Polyhedral-FEA\scripts\figstyle.py", line 45, in <module>
    import numpy as np
ModuleNotFoundError: No module named 'numpy'
FAIL bench\campaigns\advisor-batch-2-s2\runs\cfg-c3f7fc8f\plate_notch_s2_c1\t0\mesh.vtu: Could not find platform independent libraries <prefix>
Traceback (most recent call last):
  File "C:\Users\Yakub\Desktop\Polyhedral-FEA\scripts\vtu_wire_png.py", line 23, in <module>
    import figstyle as fs  # noqa: E402
    ^^^^^^^^^^^^^^^^^^^^^
  File "C:\Users\Yakub\Desktop\Polyhedral-FEA\scripts\figstyle.py", line 45, in <module>
    import numpy as np
ModuleNotFoundError: No module named 'numpy'
FAIL bench\campaigns\advisor-batch-2-s2\runs\cfg-c3f7fc8f\plate_notch_s2_c2\t0\mesh.vtu: Could not find platform independent libraries <prefix>
Traceback (most recent call last):
  File "C:\Users\Yakub\Desktop\Polyhedral-FEA\scripts\vtu_wire_png.py", line 23, in <module>
    import figstyle as fs  # noqa: E402
    ^^^^^^^^^^^^^^^^^^^^^
  File "C:\Users\Yakub\Desktop\Polyhedral-FEA\scripts\figstyle.py", line 45, in <module>
    import numpy as np
ModuleNotFoundError: No module named 'numpy'
FAIL bench\campaigns\advisor-batch-2-s2\runs\cfg-e61acb99\box_hole_s0_c0\t0\mesh.vtu: Could not find platform independent libraries <prefix>
Traceback (most recent call last):
  File "C:\Users\Yakub\Desktop\Polyhedral-FEA\scripts\vtu_wire_png.py", line 23, in <module>
    import figstyle as fs  # noqa: E402
    ^^^^^^^^^^^^^^^^^^^^^
  File "C:\Users\Yakub\Desktop\Polyhedral-FEA\scripts\figstyle.py", line 45, in <module>
    import numpy as np
ModuleNotFoundError: No module named 'numpy'
FAIL bench\campaigns\advisor-batch-2-s2\runs\cfg-e61acb99\box_hole_s0_c1\t0\mesh.vtu: Could not find platform independent libraries <prefix>
Traceback (most recent call last):
  File "C:\Users\Yakub\Desktop\Polyhedral-FEA\scripts\vtu_wire_png.py", line 23, in <module>
    import figstyle as fs  # noqa: E402
    ^^^^^^^^^^^^^^^^^^^^^
  File "C:\Users\Yakub\Desktop\Polyhedral-FEA\scripts\figstyle.py", line 45, in <module>
    import numpy as np
ModuleNotFoundError: No module named 'numpy'
FAIL bench\campaigns\advisor-batch-2-s2\runs\cfg-e61acb99\box_hole_s0_c2\t0\mesh.vtu: Could not find platform independent libraries <prefix>
Traceback (most recent call last):
  File "C:\Users\Yakub\Desktop\Polyhedral-FEA\scripts\vtu_wire_png.py", line 23, in <module>
    import figstyle as fs  # noqa: E402
    ^^^^^^^^^^^^^^^^^^^^^
  File "C:\Users\Yakub\Desktop\Polyhedral-FEA\scripts\figstyle.py", line 45, in <module>
    import numpy as np
ModuleNotFoundError: No module named 'numpy'
FAIL bench\campaigns\advisor-batch-2-s2\runs\cfg-e61acb99\channel_s0_c0\t0\mesh.vtu: Could not find platform independent libraries <prefix>
Traceback (most recent call last):
  File "C:\Users\Yakub\Desktop\Polyhedral-FEA\scripts\vtu_wire_png.py", line 23, in <module>
    import figstyle as fs  # noqa: E402
    ^^^^^^^^^^^^^^^^^^^^^
  File "C:\Users\Yakub\Desktop\Polyhedral-FEA\scripts\figstyle.py", line 45, in <module>
    import numpy as np
ModuleNotFoundError: No module named 'numpy'
FAIL bench\campaigns\advisor-batch-2-s2\runs\cfg-e61acb99\channel_s0_c1\t0\mesh.vtu: Could not find platform independent libraries <prefix>
Traceback (most recent call last):
  File "C:\Users\Yakub\Desktop\Polyhedral-FEA\scripts\vtu_wire_png.py", line 23, in <module>
    import figstyle as fs  # noqa: E402
    ^^^^^^^^^^^^^^^^^^^^^
  File "C:\Users\Yakub\Desktop\Polyhedral-FEA\scripts\figstyle.py", line 45, in <module>
    import numpy as np
ModuleNotFoundError: No module named 'numpy'
FAIL bench\campaigns\advisor-batch-2-s2\runs\cfg-e61acb99\channel_s0_c2\t0\mesh.vtu: Could not find platform independent libraries <prefix>
Traceback (most recent call last):
  File "C:\Users\Yakub\Desktop\Polyhedral-FEA\scripts\vtu_wire_png.py", line 23, in <module>
    import figstyle as fs  # noqa: E402
    ^^^^^^^^^^^^^^^^^^^^^
  File "C:\Users\Yakub\Desktop\Polyhedral-FEA\scripts\figstyle.py", line 45, in <module>
    import numpy as np
ModuleNotFoundError: No module named 'numpy'
FAIL bench\campaigns\advisor-batch-2-s2\runs\cfg-e61acb99\l_bracket_s0_c0\t0\mesh.vtu: Could not find platform independent libraries <prefix>
Traceback (most recent call last):
  File "C:\Users\Yakub\Desktop\Polyhedral-FEA\scripts\vtu_wire_png.py", line 23, in <module>
    import figstyle as fs  # noqa: E402
    ^^^^^^^^^^^^^^^^^^^^^
  File "C:\Users\Yakub\Desktop\Polyhedral-FEA\scripts\figstyle.py", line 45, in <module>
    import numpy as np
ModuleNotFoundError: No module named 'numpy'
FAIL bench\campaigns\advisor-batch-2-s2\runs\cfg-e61acb99\l_bracket_s0_c1\t0\mesh.vtu: Could not find platform independent libraries <prefix>
Traceback (most recent call last):
  File "C:\Users\Yakub\Desktop\Polyhedral-FEA\scripts\vtu_wire_png.py", line 23, in <module>
    import figstyle as fs  # noqa: E402
    ^^^^^^^^^^^^^^^^^^^^^
  File "C:\Users\Yakub\Desktop\Polyhedral-FEA\scripts\figstyle.py", line 45, in <module>
    import numpy as np
ModuleNotFoundError: No module named 'numpy'
FAIL bench\campaigns\advisor-batch-2-s2\runs\cfg-e61acb99\l_bracket_s0_c2\t0\mesh.vtu: Could not find platform independent libraries <prefix>
Traceback (most recent call last):
  File "C:\Users\Yakub\Desktop\Polyhedral-FEA\scripts\vtu_wire_png.py", line 23, in <module>
    import figstyle as fs  # noqa: E402
    ^^^^^^^^^^^^^^^^^^^^^
  File "C:\Users\Yakub\Desktop\Polyhedral-FEA\scripts\figstyle.py", line 45, in <module>
    import numpy as np
ModuleNotFoundError: No module named 'numpy'
FAIL bench\campaigns\advisor-batch-2-s2\runs\cfg-e61acb99\l_bracket_s2_c0\t0\mesh.vtu: Could not find platform independent libraries <prefix>
Traceback (most recent call last):
  File "C:\Users\Yakub\Desktop\Polyhedral-FEA\scripts\vtu_wire_png.py", line 23, in <module>
    import figstyle as fs  # noqa: E402
    ^^^^^^^^^^^^^^^^^^^^^
  File "C:\Users\Yakub\Desktop\Polyhedral-FEA\scripts\figstyle.py", line 45, in <module>
    import numpy as np
ModuleNotFoundError: No module named 'numpy'
FAIL bench\campaigns\advisor-batch-2-s2\runs\cfg-e61acb99\l_bracket_s2_c1\t0\mesh.vtu: Could not find platform independent libraries <prefix>
Traceback (most recent call last):
  File "C:\Users\Yakub\Desktop\Polyhedral-FEA\scripts\vtu_wire_png.py", line 23, in <module>
    import figstyle as fs  # noqa: E402
    ^^^^^^^^^^^^^^^^^^^^^
  File "C:\Users\Yakub\Desktop\Polyhedral-FEA\scripts\figstyle.py", line 45, in <module>
    import numpy as np
ModuleNotFoundError: No module named 'numpy'
FAIL bench\campaigns\advisor-batch-2-s2\runs\cfg-e61acb99\l_bracket_s2_c2\t0\mesh.vtu: Could not find platform independent libraries <prefix>
Traceback (most recent call last):
  File "C:\Users\Yakub\Desktop\Polyhedral-FEA\scripts\vtu_wire_png.py", line 23, in <module>
    import figstyle as fs  # noqa: E402
    ^^^^^^^^^^^^^^^^^^^^^
  File "C:\Users\Yakub\Desktop\Polyhedral-FEA\scripts\figstyle.py", line 45, in <module>
    import numpy as np
ModuleNotFoundError: No module named 'numpy'
FAIL bench\campaigns\advisor-batch-2-s2\runs\cfg-e61acb99\plate_notch_s0_c0\t0\mesh.vtu: Could not find platform independent libraries <prefix>
Traceback (most recent call last):
  File "C:\Users\Yakub\Desktop\Polyhedral-FEA\scripts\vtu_wire_png.py", line 23, in <module>
    import figstyle as fs  # noqa: E402
    ^^^^^^^^^^^^^^^^^^^^^
  File "C:\Users\Yakub\Desktop\Polyhedral-FEA\scripts\figstyle.py", line 45, in <module>
    import numpy as np
ModuleNotFoundError: No module named 'numpy'
FAIL bench\campaigns\advisor-batch-2-s2\runs\cfg-e61acb99\plate_notch_s0_c1\t0\mesh.vtu: Could not find platform independent libraries <prefix>
Traceback (most recent call last):
  File "C:\Users\Yakub\Desktop\Polyhedral-FEA\scripts\vtu_wire_png.py", line 23, in <module>
    import figstyle as fs  # noqa: E402
    ^^^^^^^^^^^^^^^^^^^^^
  File "C:\Users\Yakub\Desktop\Polyhedral-FEA\scripts\figstyle.py", line 45, in <module>
    import numpy as np
ModuleNotFoundError: No module named 'numpy'
FAIL bench\campaigns\advisor-batch-2-s2\runs\cfg-e61acb99\plate_notch_s0_c2\t0\mesh.vtu: Could not find platform independent libraries <prefix>
Traceback (most recent call last):
  File "C:\Users\Yakub\Desktop\Polyhedral-FEA\scripts\vtu_wire_png.py", line 23, in <module>
    import figstyle as fs  # noqa: E402
    ^^^^^^^^^^^^^^^^^^^^^
  File "C:\Users\Yakub\Desktop\Polyhedral-FEA\scripts\figstyle.py", line 45, in <module>
    import numpy as np
ModuleNotFoundError: No module named 'numpy'
FAIL bench\campaigns\advisor-batch-2-s2\runs\cfg-e61acb99\plate_notch_s2_c0\t0\mesh.vtu: Could not find platform independent libraries <prefix>
Traceback (most recent call last):
  File "C:\Users\Yakub\Desktop\Polyhedral-FEA\scripts\vtu_wire_png.py", line 23, in <module>
    import figstyle as fs  # noqa: E402
    ^^^^^^^^^^^^^^^^^^^^^
  File "C:\Users\Yakub\Desktop\Polyhedral-FEA\scripts\figstyle.py", line 45, in <module>
    import numpy as np
ModuleNotFoundError: No module named 'numpy'
FAIL bench\campaigns\advisor-batch-2-s2\runs\cfg-e61acb99\plate_notch_s2_c1\t0\mesh.vtu: Could not find platform independent libraries <prefix>
Traceback (most recent call last):
  File "C:\Users\Yakub\Desktop\Polyhedral-FEA\scripts\vtu_wire_png.py", line 23, in <module>
    import figstyle as fs  # noqa: E402
    ^^^^^^^^^^^^^^^^^^^^^
  File "C:\Users\Yakub\Desktop\Polyhedral-FEA\scripts\figstyle.py", line 45, in <module>
    import numpy as np
ModuleNotFoundError: No module named 'numpy'
FAIL bench\campaigns\advisor-batch-2-s2\runs\cfg-e61acb99\plate_notch_s2_c2\t0\mesh.vtu: Could not find platform independent libraries <prefix>
Traceback (most recent call last):
  File "C:\Users\Yakub\Desktop\Polyhedral-FEA\scripts\vtu_wire_png.py", line 23, in <module>
    import figstyle as fs  # noqa: E402
    ^^^^^^^^^^^^^^^^^^^^^
  File "C:\Users\Yakub\Desktop\Polyhedral-FEA\scripts\figstyle.py", line 45, in <module>
    import numpy as np
ModuleNotFoundError: No module named 'numpy'
FAIL bench\campaigns\advisor-batch-2-s2\runs\cfg-e61acb99\sphere_box_s0_c0\t0\mesh.vtu: Could not find platform independent libraries <prefix>
Traceback (most recent call last):
  File "C:\Users\Yakub\Desktop\Polyhedral-FEA\scripts\vtu_wire_png.py", line 23, in <module>
    import figstyle as fs  # noqa: E402
    ^^^^^^^^^^^^^^^^^^^^^
  File "C:\Users\Yakub\Desktop\Polyhedral-FEA\scripts\figstyle.py", line 45, in <module>
    import numpy as np
ModuleNotFoundError: No module named 'numpy'
FAIL bench\campaigns\advisor-batch-2-s2\runs\cfg-e61acb99\sphere_box_s0_c1\t0\mesh.vtu: Could not find platform independent libraries <prefix>
Traceback (most recent call last):
  File "C:\Users\Yakub\Desktop\Polyhedral-FEA\scripts\vtu_wire_png.py", line 23, in <module>
    import figstyle as fs  # noqa: E402
    ^^^^^^^^^^^^^^^^^^^^^
  File "C:\Users\Yakub\Desktop\Polyhedral-FEA\scripts\figstyle.py", line 45, in <module>
    import numpy as np
ModuleNotFoundError: No module named 'numpy'
FAIL bench\campaigns\advisor-batch-2-s2\runs\cfg-e61acb99\sphere_box_s0_c2\t0\mesh.vtu: Could not find platform independent libraries <prefix>
Traceback (most recent call last):
  File "C:\Users\Yakub\Desktop\Polyhedral-FEA\scripts\vtu_wire_png.py", line 23, in <module>
    import figstyle as fs  # noqa: E402
    ^^^^^^^^^^^^^^^^^^^^^
  File "C:\Users\Yakub\Desktop\Polyhedral-FEA\scripts\figstyle.py", line 45, in <module>
    import numpy as np
ModuleNotFoundError: No module named 'numpy'
FAIL bench\campaigns\advisor-batch-2-s2\runs\cfg-e61acb99\sphere_box_s2_c0\t0\mesh.vtu: Could not find platform independent libraries <prefix>
Traceback (most recent call last):
  File "C:\Users\Yakub\Desktop\Polyhedral-FEA\scripts\vtu_wire_png.py", line 23, in <module>
    import figstyle as fs  # noqa: E402
    ^^^^^^^^^^^^^^^^^^^^^
  File "C:\Users\Yakub\Desktop\Polyhedral-FEA\scripts\figstyle.py", line 45, in <module>
    import numpy as np
ModuleNotFoundError: No module named 'numpy'
FAIL bench\campaigns\advisor-batch-2-s2\runs\cfg-e61acb99\sphere_box_s2_c1\t0\mesh.vtu: Could not find platform independent libraries <prefix>
Traceback (most recent call last):
  File "C:\Users\Yakub\Desktop\Polyhedral-FEA\scripts\vtu_wire_png.py", line 23, in <module>
    import figstyle as fs  # noqa: E402
    ^^^^^^^^^^^^^^^^^^^^^
  File "C:\Users\Yakub\Desktop\Polyhedral-FEA\scripts\figstyle.py", line 45, in <module>
    import numpy as np
ModuleNotFoundError: No module named 'numpy'
FAIL bench\campaigns\advisor-batch-2-s2\runs\cfg-e61acb99\sphere_box_s2_c2\t0\mesh.vtu: Could not find platform independent libraries <prefix>
Traceback (most recent call last):
  File "C:\Users\Yakub\Desktop\Polyhedral-FEA\scripts\vtu_wire_png.py", line 23, in <module>
    import figstyle as fs  # noqa: E402
    ^^^^^^^^^^^^^^^^^^^^^
  File "C:\Users\Yakub\Desktop\Polyhedral-FEA\scripts\figstyle.py", line 45, in <module>
    import numpy as np
ModuleNotFoundError: No module named 'numpy'
warehouse_shots: 0 rendered, 0 skipped (exists), 145 failed (145 mesh.vtu total)
on_finish warehouse_shots exited 1
finished: 288 runs → bench/campaigns/advisor-batch-2-s2\results.jsonl
