
=== 2026-08-14T17:54:55Z OMP_NUM_THREADS=12 :: /home/hunter/Desktop/Polyhedral-FEA/build/apps/testlab/polymesh_testlab resume /home/hunter/Desktop/Polyhedral-FEA/bench/campaigns/advisor-truth-0
campaign advisor-truth-0: 3 configs, 72 parts, 1 tiers
  max_run_wall_s=400 (override all tiers)
  max_pack_wall_s=172800
tier 0: h_scale=1 keep_frac=1 survivors=3 max_run_wall_s=400
  run cfg-97015a68 part=box_hole_s0_c0 tier=0 ...

=== 2026-08-14T17:55:48Z OMP_NUM_THREADS=12 :: /home/hunter/Desktop/Polyhedral-FEA/build/apps/testlab/polymesh_testlab resume /home/hunter/Desktop/Polyhedral-FEA/bench/campaigns/advisor-truth-0
campaign advisor-truth-0: 3 configs, 96 parts, 1 tiers
  max_run_wall_s=1800 (override all tiers)
  max_pack_wall_s=172800
tier 0: h_scale=1 keep_frac=1 survivors=3 max_run_wall_s=1800
  run cfg-97015a68 part=box_hole_s0_c0 tier=0 ...
  run cfg-97015a68 part=box_hole_s0_c1 tier=0 ...
  run cfg-97015a68 part=box_hole_s0_c2 tier=0 ...
  run cfg-97015a68 part=box_hole_s1_c0 tier=0 ...
  run cfg-97015a68 part=box_hole_s1_c1 tier=0 ...
  run cfg-97015a68 part=box_hole_s1_c2 tier=0 ...
  run cfg-97015a68 part=box_hole_s2_c0 tier=0 ...

=== 2026-08-14T18:04:47Z OMP_NUM_THREADS=12 :: /home/hunter/Desktop/Polyhedral-FEA/build/apps/testlab/polymesh_testlab resume /home/hunter/Desktop/Polyhedral-FEA/bench/campaigns/advisor-truth-0
campaign advisor-truth-0: 3 configs, 96 parts, 1 tiers
  max_run_wall_s=1800 (override all tiers)
  max_pack_wall_s=172800
tier 0: h_scale=1 keep_frac=1 survivors=3 max_run_wall_s=1800
  run cfg-97015a68 part=box_hole_s2_c0 tier=0 ...
  run cfg-97015a68 part=box_hole_s2_c1 tier=0 ...
  run cfg-97015a68 part=box_hole_s2_c2 tier=0 ...
  run cfg-97015a68 part=box_hole_s3_c0 tier=0 ...
  run cfg-97015a68 part=box_hole_s3_c1 tier=0 ...
  run cfg-97015a68 part=box_hole_s3_c2 tier=0 ...
  run cfg-97015a68 part=l_bracket_s0_c0 tier=0 ...
  run cfg-97015a68 part=l_bracket_s0_c1 tier=0 ...
  run cfg-97015a68 part=l_bracket_s0_c2 tier=0 ...
  run cfg-97015a68 part=l_bracket_s1_c0 tier=0 ...
  run cfg-97015a68 part=l_bracket_s1_c1 tier=0 ...
  run cfg-97015a68 part=l_bracket_s1_c2 tier=0 ...
  run cfg-97015a68 part=l_bracket_s2_c0 tier=0 ...
  run cfg-97015a68 part=l_bracket_s2_c1 tier=0 ...
  run cfg-97015a68 part=l_bracket_s2_c2 tier=0 ...
  run cfg-97015a68 part=l_bracket_s3_c0 tier=0 ...
  run cfg-97015a68 part=l_bracket_s3_c1 tier=0 ...
  run cfg-97015a68 part=l_bracket_s3_c2 tier=0 ...
  run cfg-97015a68 part=plate_notch_s0_c0 tier=0 ...
  run cfg-97015a68 part=plate_notch_s0_c1 tier=0 ...
  run cfg-97015a68 part=plate_notch_s0_c2 tier=0 ...
  run cfg-97015a68 part=plate_notch_s1_c0 tier=0 ...
  run cfg-97015a68 part=plate_notch_s1_c1 tier=0 ...
  run cfg-97015a68 part=plate_notch_s1_c2 tier=0 ...
  run cfg-97015a68 part=plate_notch_s2_c0 tier=0 ...
  run cfg-97015a68 part=plate_notch_s2_c1 tier=0 ...
  run cfg-97015a68 part=plate_notch_s2_c2 tier=0 ...
  run cfg-97015a68 part=plate_notch_s3_c0 tier=0 ...
  run cfg-97015a68 part=plate_notch_s3_c1 tier=0 ...
  run cfg-97015a68 part=plate_notch_s3_c2 tier=0 ...
  run cfg-97015a68 part=stepped_shaft_s0_c0 tier=0 ...
  run cfg-97015a68 part=stepped_shaft_s0_c1 tier=0 ...
  run cfg-97015a68 part=stepped_shaft_s0_c2 tier=0 ...
  run cfg-97015a68 part=stepped_shaft_s1_c0 tier=0 ...
  run cfg-97015a68 part=stepped_shaft_s1_c1 tier=0 ...
  run cfg-97015a68 part=stepped_shaft_s1_c2 tier=0 ...
  run cfg-97015a68 part=stepped_shaft_s2_c0 tier=0 ...
  run cfg-97015a68 part=stepped_shaft_s2_c1 tier=0 ...
  run cfg-97015a68 part=stepped_shaft_s2_c2 tier=0 ...
  run cfg-97015a68 part=stepped_shaft_s3_c0 tier=0 ...
  run cfg-97015a68 part=stepped_shaft_s3_c1 tier=0 ...
  run cfg-97015a68 part=stepped_shaft_s3_c2 tier=0 ...
  run cfg-97015a68 part=channel_s0_c0 tier=0 ...
  run cfg-97015a68 part=channel_s0_c1 tier=0 ...
  run cfg-97015a68 part=channel_s0_c2 tier=0 ...
  run cfg-97015a68 part=channel_s1_c0 tier=0 ...
  run cfg-97015a68 part=channel_s1_c1 tier=0 ...
  run cfg-97015a68 part=channel_s1_c2 tier=0 ...
  run cfg-97015a68 part=channel_s2_c0 tier=0 ...
  run cfg-97015a68 part=channel_s2_c1 tier=0 ...
  run cfg-97015a68 part=channel_s2_c2 tier=0 ...
  run cfg-97015a68 part=channel_s3_c0 tier=0 ...
  run cfg-97015a68 part=channel_s3_c1 tier=0 ...
  run cfg-97015a68 part=channel_s3_c2 tier=0 ...
  run cfg-97015a68 part=sphere_box_s0_c0 tier=0 ...
  run cfg-97015a68 part=sphere_box_s0_c1 tier=0 ...
  run cfg-97015a68 part=sphere_box_s0_c2 tier=0 ...
  run cfg-97015a68 part=sphere_box_s1_c0 tier=0 ...
  run cfg-97015a68 part=sphere_box_s1_c1 tier=0 ...
  run cfg-97015a68 part=sphere_box_s1_c2 tier=0 ...
  run cfg-97015a68 part=sphere_box_s2_c0 tier=0 ...
  run cfg-97015a68 part=sphere_box_s2_c1 tier=0 ...
  run cfg-97015a68 part=sphere_box_s2_c2 tier=0 ...
  run cfg-97015a68 part=sphere_box_s3_c0 tier=0 ...
  run cfg-97015a68 part=sphere_box_s3_c1 tier=0 ...
  run cfg-97015a68 part=sphere_box_s3_c2 tier=0 ...
  run cfg-97015a68 part=tube_s0_c0 tier=0 ...
  run cfg-97015a68 part=tube_s0_c1 tier=0 ...
