
=== 2026-08-14T10:30:40Z OMP_NUM_THREADS=2 :: C:\Users\Yakub\Desktop\Polyhedral-FEA\build\apps\testlab\polymesh_testlab.exe resume C:\Users\Yakub\Desktop\Polyhedral-FEA\bench\campaigns\advisor-batch-2-s0
campaign advisor-batch-2-s0: 32 configs, 36 parts, 1 tiers
  max_run_wall_s=180 (override all tiers)
  max_pack_wall_s=21600
tier 0: h_scale=1 keep_frac=1 survivors=8 max_run_wall_s=180
  run cfg-197de74f part=box_hole_s0_c0 tier=0 ...
  run cfg-197de74f part=box_hole_s0_c1 tier=0 ...
  run cfg-197de74f part=box_hole_s0_c2 tier=0 ...
  run cfg-197de74f part=box_hole_s2_c0 tier=0 ...
  run cfg-197de74f part=box_hole_s2_c1 tier=0 ...
  run cfg-197de74f part=box_hole_s2_c2 tier=0 ...
  run cfg-197de74f part=channel_s0_c0 tier=0 ...
  run cfg-197de74f part=channel_s0_c1 tier=0 ...
  run cfg-197de74f part=channel_s0_c2 tier=0 ...
  run cfg-197de74f part=channel_s2_c0 tier=0 ...
  run cfg-197de74f part=channel_s2_c1 tier=0 ...
  run cfg-197de74f part=channel_s2_c2 tier=0 ...
  run cfg-197de74f part=l_bracket_s0_c0 tier=0 ...
  run cfg-197de74f part=l_bracket_s0_c1 tier=0 ...
  run cfg-197de74f part=l_bracket_s0_c2 tier=0 ...
  run cfg-197de74f part=l_bracket_s2_c0 tier=0 ...
  run cfg-197de74f part=l_bracket_s2_c1 tier=0 ...
  run cfg-197de74f part=l_bracket_s2_c2 tier=0 ...
  run cfg-197de74f part=plate_notch_s0_c0 tier=0 ...
  run cfg-197de74f part=plate_notch_s0_c1 tier=0 ...
  run cfg-197de74f part=plate_notch_s0_c2 tier=0 ...
  run cfg-197de74f part=plate_notch_s2_c0 tier=0 ...
  run cfg-197de74f part=plate_notch_s2_c1 tier=0 ...
  run cfg-197de74f part=plate_notch_s2_c2 tier=0 ...
  run cfg-197de74f part=sphere_box_s0_c0 tier=0 ...
  run cfg-197de74f part=sphere_box_s0_c1 tier=0 ...
  run cfg-197de74f part=sphere_box_s0_c2 tier=0 ...
  run cfg-197de74f part=sphere_box_s2_c0 tier=0 ...
  run cfg-197de74f part=sphere_box_s2_c1 tier=0 ...
  run cfg-197de74f part=sphere_box_s2_c2 tier=0 ...
  run cfg-197de74f part=stepped_shaft_s0_c0 tier=0 ...
  run cfg-197de74f part=stepped_shaft_s0_c1 tier=0 ...
  run cfg-197de74f part=stepped_shaft_s0_c2 tier=0 ...
  run cfg-197de74f part=stepped_shaft_s2_c0 tier=0 ...
  run cfg-197de74f part=stepped_shaft_s2_c1 tier=0 ...
  run cfg-197de74f part=stepped_shaft_s2_c2 tier=0 ...
  run cfg-5615708d part=box_hole_s0_c0 tier=0 ...
  run cfg-5615708d part=box_hole_s0_c1 tier=0 ...
  run cfg-5615708d part=box_hole_s0_c2 tier=0 ...
  run cfg-5615708d part=box_hole_s2_c0 tier=0 ...
  run cfg-5615708d part=box_hole_s2_c1 tier=0 ...
  run cfg-5615708d part=box_hole_s2_c2 tier=0 ...
  run cfg-5615708d part=channel_s0_c0 tier=0 ...
  run cfg-5615708d part=channel_s0_c1 tier=0 ...
  run cfg-5615708d part=channel_s0_c2 tier=0 ...
  run cfg-5615708d part=channel_s2_c0 tier=0 ...
  run cfg-5615708d part=channel_s2_c1 tier=0 ...
  run cfg-5615708d part=channel_s2_c2 tier=0 ...
  run cfg-5615708d part=l_bracket_s0_c0 tier=0 ...
  run cfg-5615708d part=l_bracket_s0_c1 tier=0 ...
  run cfg-5615708d part=l_bracket_s0_c2 tier=0 ...
  run cfg-5615708d part=l_bracket_s2_c0 tier=0 ...
  run cfg-5615708d part=l_bracket_s2_c1 tier=0 ...
  run cfg-5615708d part=l_bracket_s2_c2 tier=0 ...
  run cfg-5615708d part=plate_notch_s0_c0 tier=0 ...
  run cfg-5615708d part=plate_notch_s0_c1 tier=0 ...
  run cfg-5615708d part=plate_notch_s0_c2 tier=0 ...
  run cfg-5615708d part=plate_notch_s2_c0 tier=0 ...
  run cfg-5615708d part=plate_notch_s2_c1 tier=0 ...
  run cfg-5615708d part=plate_notch_s2_c2 tier=0 ...
  run cfg-5615708d part=sphere_box_s0_c0 tier=0 ...
  run cfg-5615708d part=sphere_box_s0_c1 tier=0 ...
  run cfg-5615708d part=sphere_box_s0_c2 tier=0 ...
  run cfg-5615708d part=sphere_box_s2_c0 tier=0 ...
  run cfg-5615708d part=sphere_box_s2_c1 tier=0 ...
  run cfg-5615708d part=sphere_box_s2_c2 tier=0 ...
  run cfg-5615708d part=stepped_shaft_s0_c0 tier=0 ...
  run cfg-5615708d part=stepped_shaft_s0_c1 tier=0 ...
  run cfg-5615708d part=stepped_shaft_s0_c2 tier=0 ...
  run cfg-5615708d part=stepped_shaft_s2_c0 tier=0 ...
  run cfg-5615708d part=stepped_shaft_s2_c1 tier=0 ...
  run cfg-5615708d part=stepped_shaft_s2_c2 tier=0 ...
  run cfg-dae54304 part=box_hole_s0_c0 tier=0 ...
  run cfg-dae54304 part=box_hole_s0_c1 tier=0 ...
  run cfg-dae54304 part=box_hole_s0_c2 tier=0 ...
  run cfg-dae54304 part=box_hole_s2_c0 tier=0 ...
  run cfg-dae54304 part=box_hole_s2_c1 tier=0 ...
  run cfg-dae54304 part=box_hole_s2_c2 tier=0 ...
  run cfg-dae54304 part=channel_s0_c0 tier=0 ...
  run cfg-dae54304 part=channel_s0_c1 tier=0 ...
  run cfg-dae54304 part=channel_s0_c2 tier=0 ...
  run cfg-dae54304 part=channel_s2_c0 tier=0 ...
  run cfg-dae54304 part=channel_s2_c1 tier=0 ...
  run cfg-dae54304 part=channel_s2_c2 tier=0 ...
  run cfg-dae54304 part=l_bracket_s0_c0 tier=0 ...
  run cfg-dae54304 part=l_bracket_s0_c1 tier=0 ...
  run cfg-dae54304 part=l_bracket_s0_c2 tier=0 ...
  run cfg-dae54304 part=l_bracket_s2_c0 tier=0 ...
  run cfg-dae54304 part=l_bracket_s2_c1 tier=0 ...
  run cfg-dae54304 part=l_bracket_s2_c2 tier=0 ...
  run cfg-dae54304 part=plate_notch_s0_c0 tier=0 ...
  run cfg-dae54304 part=plate_notch_s0_c1 tier=0 ...
  run cfg-dae54304 part=plate_notch_s0_c2 tier=0 ...
  run cfg-dae54304 part=plate_notch_s2_c0 tier=0 ...
  run cfg-dae54304 part=plate_notch_s2_c1 tier=0 ...
  run cfg-dae54304 part=plate_notch_s2_c2 tier=0 ...
  run cfg-dae54304 part=sphere_box_s0_c0 tier=0 ...
  run cfg-dae54304 part=sphere_box_s0_c1 tier=0 ...
  run cfg-dae54304 part=sphere_box_s0_c2 tier=0 ...
  run cfg-dae54304 part=sphere_box_s2_c0 tier=0 ...
  run cfg-dae54304 part=sphere_box_s2_c1 tier=0 ...
  run cfg-dae54304 part=sphere_box_s2_c2 tier=0 ...
  run cfg-dae54304 part=stepped_shaft_s0_c0 tier=0 ...
  run cfg-dae54304 part=stepped_shaft_s0_c1 tier=0 ...
  run cfg-dae54304 part=stepped_shaft_s0_c2 tier=0 ...
  run cfg-dae54304 part=stepped_shaft_s2_c0 tier=0 ...
  run cfg-dae54304 part=stepped_shaft_s2_c1 tier=0 ...
  run cfg-dae54304 part=stepped_shaft_s2_c2 tier=0 ...
  run cfg-ffcd821e part=box_hole_s0_c0 tier=0 ...
  run cfg-ffcd821e part=box_hole_s0_c1 tier=0 ...
  run cfg-ffcd821e part=box_hole_s0_c2 tier=0 ...
  run cfg-ffcd821e part=box_hole_s2_c0 tier=0 ...
  run cfg-ffcd821e part=box_hole_s2_c1 tier=0 ...
  run cfg-ffcd821e part=box_hole_s2_c2 tier=0 ...
  run cfg-ffcd821e part=channel_s0_c0 tier=0 ...
  run cfg-ffcd821e part=channel_s0_c1 tier=0 ...
  run cfg-ffcd821e part=channel_s0_c2 tier=0 ...
  run cfg-ffcd821e part=channel_s2_c0 tier=0 ...
  run cfg-ffcd821e part=channel_s2_c1 tier=0 ...
  run cfg-ffcd821e part=channel_s2_c2 tier=0 ...
  run cfg-ffcd821e part=l_bracket_s0_c0 tier=0 ...
  run cfg-ffcd821e part=l_bracket_s0_c1 tier=0 ...
  run cfg-ffcd821e part=l_bracket_s0_c2 tier=0 ...
  run cfg-ffcd821e part=l_bracket_s2_c0 tier=0 ...
  run cfg-ffcd821e part=l_bracket_s2_c1 tier=0 ...
  run cfg-ffcd821e part=l_bracket_s2_c2 tier=0 ...
  run cfg-ffcd821e part=plate_notch_s0_c0 tier=0 ...
  run cfg-ffcd821e part=plate_notch_s0_c1 tier=0 ...
  run cfg-ffcd821e part=plate_notch_s0_c2 tier=0 ...
  run cfg-ffcd821e part=plate_notch_s2_c0 tier=0 ...
  run cfg-ffcd821e part=plate_notch_s2_c1 tier=0 ...
  run cfg-ffcd821e part=plate_notch_s2_c2 tier=0 ...
  run cfg-ffcd821e part=sphere_box_s0_c0 tier=0 ...
  run cfg-ffcd821e part=sphere_box_s0_c1 tier=0 ...
  run cfg-ffcd821e part=sphere_box_s0_c2 tier=0 ...
  run cfg-ffcd821e part=sphere_box_s2_c0 tier=0 ...
  run cfg-ffcd821e part=sphere_box_s2_c1 tier=0 ...
  run cfg-ffcd821e part=sphere_box_s2_c2 tier=0 ...
  run cfg-ffcd821e part=stepped_shaft_s0_c0 tier=0 ...
  run cfg-ffcd821e part=stepped_shaft_s0_c1 tier=0 ...
  run cfg-ffcd821e part=stepped_shaft_s0_c2 tier=0 ...
  run cfg-ffcd821e part=stepped_shaft_s2_c0 tier=0 ...
  run cfg-ffcd821e part=stepped_shaft_s2_c1 tier=0 ...
  run cfg-ffcd821e part=stepped_shaft_s2_c2 tier=0 ...
  run cfg-6547103a part=box_hole_s0_c0 tier=0 ...
  run cfg-6547103a part=box_hole_s0_c1 tier=0 ...
  run cfg-6547103a part=box_hole_s0_c2 tier=0 ...
  run cfg-6547103a part=box_hole_s2_c0 tier=0 ...
  run cfg-6547103a part=box_hole_s2_c1 tier=0 ...
  run cfg-6547103a part=box_hole_s2_c2 tier=0 ...
  run cfg-6547103a part=channel_s0_c0 tier=0 ...
  run cfg-6547103a part=channel_s0_c1 tier=0 ...
  run cfg-6547103a part=channel_s0_c2 tier=0 ...
  run cfg-6547103a part=channel_s2_c0 tier=0 ...
  run cfg-6547103a part=channel_s2_c1 tier=0 ...
  run cfg-6547103a part=channel_s2_c2 tier=0 ...
  run cfg-6547103a part=l_bracket_s0_c0 tier=0 ...
  run cfg-6547103a part=l_bracket_s0_c1 tier=0 ...
  run cfg-6547103a part=l_bracket_s0_c2 tier=0 ...
  run cfg-6547103a part=l_bracket_s2_c0 tier=0 ...
  run cfg-6547103a part=l_bracket_s2_c1 tier=0 ...
  run cfg-6547103a part=l_bracket_s2_c2 tier=0 ...
  run cfg-6547103a part=plate_notch_s0_c0 tier=0 ...
  run cfg-6547103a part=plate_notch_s0_c1 tier=0 ...
  run cfg-6547103a part=plate_notch_s0_c2 tier=0 ...
  run cfg-6547103a part=plate_notch_s2_c0 tier=0 ...
  run cfg-6547103a part=plate_notch_s2_c1 tier=0 ...
  run cfg-6547103a part=plate_notch_s2_c2 tier=0 ...
  run cfg-6547103a part=sphere_box_s0_c0 tier=0 ...
  run cfg-6547103a part=sphere_box_s0_c1 tier=0 ...
  run cfg-6547103a part=sphere_box_s0_c2 tier=0 ...
  run cfg-6547103a part=sphere_box_s2_c0 tier=0 ...
  run cfg-6547103a part=sphere_box_s2_c1 tier=0 ...
  run cfg-6547103a part=sphere_box_s2_c2 tier=0 ...
  run cfg-6547103a part=stepped_shaft_s0_c0 tier=0 ...
  run cfg-6547103a part=stepped_shaft_s0_c1 tier=0 ...
  run cfg-6547103a part=stepped_shaft_s0_c2 tier=0 ...
  run cfg-6547103a part=stepped_shaft_s2_c0 tier=0 ...
  run cfg-6547103a part=stepped_shaft_s2_c1 tier=0 ...
  run cfg-6547103a part=stepped_shaft_s2_c2 tier=0 ...
  run cfg-16bdf738 part=box_hole_s0_c0 tier=0 ...
  run cfg-16bdf738 part=box_hole_s0_c1 tier=0 ...
  run cfg-16bdf738 part=box_hole_s0_c2 tier=0 ...
  run cfg-16bdf738 part=box_hole_s2_c0 tier=0 ...
  run cfg-16bdf738 part=box_hole_s2_c1 tier=0 ...
  run cfg-16bdf738 part=box_hole_s2_c2 tier=0 ...
  run cfg-16bdf738 part=channel_s0_c0 tier=0 ...
  run cfg-16bdf738 part=channel_s0_c1 tier=0 ...
  run cfg-16bdf738 part=channel_s0_c2 tier=0 ...
  run cfg-16bdf738 part=channel_s2_c0 tier=0 ...
  run cfg-16bdf738 part=channel_s2_c1 tier=0 ...
  run cfg-16bdf738 part=channel_s2_c2 tier=0 ...
  run cfg-16bdf738 part=l_bracket_s0_c0 tier=0 ...
  run cfg-16bdf738 part=l_bracket_s0_c1 tier=0 ...
  run cfg-16bdf738 part=l_bracket_s0_c2 tier=0 ...
  run cfg-16bdf738 part=l_bracket_s2_c0 tier=0 ...
  run cfg-16bdf738 part=l_bracket_s2_c1 tier=0 ...
  run cfg-16bdf738 part=l_bracket_s2_c2 tier=0 ...
  run cfg-16bdf738 part=plate_notch_s0_c0 tier=0 ...
  run cfg-16bdf738 part=plate_notch_s0_c1 tier=0 ...
  run cfg-16bdf738 part=plate_notch_s0_c2 tier=0 ...
  run cfg-16bdf738 part=plate_notch_s2_c0 tier=0 ...
  run cfg-16bdf738 part=plate_notch_s2_c1 tier=0 ...
  run cfg-16bdf738 part=plate_notch_s2_c2 tier=0 ...
  run cfg-16bdf738 part=sphere_box_s0_c0 tier=0 ...
  run cfg-16bdf738 part=sphere_box_s0_c1 tier=0 ...
  run cfg-16bdf738 part=sphere_box_s0_c2 tier=0 ...
  run cfg-16bdf738 part=sphere_box_s2_c0 tier=0 ...
  run cfg-16bdf738 part=sphere_box_s2_c1 tier=0 ...
  run cfg-16bdf738 part=sphere_box_s2_c2 tier=0 ...
  run cfg-16bdf738 part=stepped_shaft_s0_c0 tier=0 ...
  run cfg-16bdf738 part=stepped_shaft_s0_c1 tier=0 ...
  run cfg-16bdf738 part=stepped_shaft_s0_c2 tier=0 ...
  run cfg-16bdf738 part=stepped_shaft_s2_c0 tier=0 ...
  run cfg-16bdf738 part=stepped_shaft_s2_c1 tier=0 ...
  run cfg-16bdf738 part=stepped_shaft_s2_c2 tier=0 ...
  run cfg-eeb0f407 part=box_hole_s0_c0 tier=0 ...
  run cfg-eeb0f407 part=box_hole_s0_c1 tier=0 ...
  run cfg-eeb0f407 part=box_hole_s0_c2 tier=0 ...
  run cfg-eeb0f407 part=box_hole_s2_c0 tier=0 ...
  run cfg-eeb0f407 part=box_hole_s2_c1 tier=0 ...
  run cfg-eeb0f407 part=box_hole_s2_c2 tier=0 ...
  run cfg-eeb0f407 part=channel_s0_c0 tier=0 ...
  run cfg-eeb0f407 part=channel_s0_c1 tier=0 ...
  run cfg-eeb0f407 part=channel_s0_c2 tier=0 ...
  run cfg-eeb0f407 part=channel_s2_c0 tier=0 ...
  run cfg-eeb0f407 part=channel_s2_c1 tier=0 ...
  run cfg-eeb0f407 part=channel_s2_c2 tier=0 ...
  run cfg-eeb0f407 part=l_bracket_s0_c0 tier=0 ...
  run cfg-eeb0f407 part=l_bracket_s0_c1 tier=0 ...
  run cfg-eeb0f407 part=l_bracket_s0_c2 tier=0 ...
  run cfg-eeb0f407 part=l_bracket_s2_c0 tier=0 ...
  run cfg-eeb0f407 part=l_bracket_s2_c1 tier=0 ...
  run cfg-eeb0f407 part=l_bracket_s2_c2 tier=0 ...
  run cfg-eeb0f407 part=plate_notch_s0_c0 tier=0 ...
  run cfg-eeb0f407 part=plate_notch_s0_c1 tier=0 ...
  run cfg-eeb0f407 part=plate_notch_s0_c2 tier=0 ...
  run cfg-eeb0f407 part=plate_notch_s2_c0 tier=0 ...
  run cfg-eeb0f407 part=plate_notch_s2_c1 tier=0 ...
  run cfg-eeb0f407 part=plate_notch_s2_c2 tier=0 ...
  run cfg-eeb0f407 part=sphere_box_s0_c0 tier=0 ...
  run cfg-eeb0f407 part=sphere_box_s0_c1 tier=0 ...
  run cfg-eeb0f407 part=sphere_box_s0_c2 tier=0 ...
  run cfg-eeb0f407 part=sphere_box_s2_c0 tier=0 ...
  run cfg-eeb0f407 part=sphere_box_s2_c1 tier=0 ...
  run cfg-eeb0f407 part=sphere_box_s2_c2 tier=0 ...
  run cfg-eeb0f407 part=stepped_shaft_s0_c0 tier=0 ...
  run cfg-eeb0f407 part=stepped_shaft_s0_c1 tier=0 ...
  run cfg-eeb0f407 part=stepped_shaft_s0_c2 tier=0 ...
  run cfg-eeb0f407 part=stepped_shaft_s2_c0 tier=0 ...
  run cfg-eeb0f407 part=stepped_shaft_s2_c1 tier=0 ...
  run cfg-eeb0f407 part=stepped_shaft_s2_c2 tier=0 ...
  run cfg-af234445 part=box_hole_s0_c0 tier=0 ...
  run cfg-af234445 part=box_hole_s0_c1 tier=0 ...
  run cfg-af234445 part=box_hole_s0_c2 tier=0 ...
  run cfg-af234445 part=box_hole_s2_c0 tier=0 ...
  run cfg-af234445 part=box_hole_s2_c1 tier=0 ...
  run cfg-af234445 part=box_hole_s2_c2 tier=0 ...
  run cfg-af234445 part=channel_s0_c0 tier=0 ...
  run cfg-af234445 part=channel_s0_c1 tier=0 ...
  run cfg-af234445 part=channel_s0_c2 tier=0 ...
  run cfg-af234445 part=channel_s2_c0 tier=0 ...
  run cfg-af234445 part=channel_s2_c1 tier=0 ...
  run cfg-af234445 part=channel_s2_c2 tier=0 ...
  run cfg-af234445 part=l_bracket_s0_c0 tier=0 ...
  run cfg-af234445 part=l_bracket_s0_c1 tier=0 ...
  run cfg-af234445 part=l_bracket_s0_c2 tier=0 ...
  run cfg-af234445 part=l_bracket_s2_c0 tier=0 ...
  run cfg-af234445 part=l_bracket_s2_c1 tier=0 ...
  run cfg-af234445 part=l_bracket_s2_c2 tier=0 ...
  run cfg-af234445 part=plate_notch_s0_c0 tier=0 ...
  run cfg-af234445 part=plate_notch_s0_c1 tier=0 ...
  run cfg-af234445 part=plate_notch_s0_c2 tier=0 ...
  run cfg-af234445 part=plate_notch_s2_c0 tier=0 ...
  run cfg-af234445 part=plate_notch_s2_c1 tier=0 ...
  run cfg-af234445 part=plate_notch_s2_c2 tier=0 ...
  run cfg-af234445 part=sphere_box_s0_c0 tier=0 ...
  run cfg-af234445 part=sphere_box_s0_c1 tier=0 ...
  run cfg-af234445 part=sphere_box_s0_c2 tier=0 ...
  run cfg-af234445 part=sphere_box_s2_c0 tier=0 ...
  run cfg-af234445 part=sphere_box_s2_c1 tier=0 ...
  run cfg-af234445 part=sphere_box_s2_c2 tier=0 ...
  run cfg-af234445 part=stepped_shaft_s0_c0 tier=0 ...
  run cfg-af234445 part=stepped_shaft_s0_c1 tier=0 ...
  run cfg-af234445 part=stepped_shaft_s0_c2 tier=0 ...
  run cfg-af234445 part=stepped_shaft_s2_c0 tier=0 ...
  run cfg-af234445 part=stepped_shaft_s2_c1 tier=0 ...
  run cfg-af234445 part=stepped_shaft_s2_c2 tier=0 ...
wrote bench\campaigns\advisor-batch-2-s0\runs\cfg-16bdf738\box_hole_s0_c0\t0\wire.png
wrote bench\campaigns\advisor-batch-2-s0\runs\cfg-16bdf738\box_hole_s0_c1\t0\wire.png
wrote bench\campaigns\advisor-batch-2-s0\runs\cfg-16bdf738\box_hole_s0_c2\t0\wire.png
wrote bench\campaigns\advisor-batch-2-s0\runs\cfg-16bdf738\channel_s0_c0\t0\wire.png
wrote bench\campaigns\advisor-batch-2-s0\runs\cfg-16bdf738\channel_s0_c1\t0\wire.png
wrote bench\campaigns\advisor-batch-2-s0\runs\cfg-16bdf738\channel_s0_c2\t0\wire.png
wrote bench\campaigns\advisor-batch-2-s0\runs\cfg-16bdf738\l_bracket_s0_c0\t0\wire.png
wrote bench\campaigns\advisor-batch-2-s0\runs\cfg-16bdf738\l_bracket_s0_c1\t0\wire.png
wrote bench\campaigns\advisor-batch-2-s0\runs\cfg-16bdf738\l_bracket_s0_c2\t0\wire.png
wrote bench\campaigns\advisor-batch-2-s0\runs\cfg-16bdf738\l_bracket_s2_c0\t0\wire.png
wrote bench\campaigns\advisor-batch-2-s0\runs\cfg-16bdf738\l_bracket_s2_c1\t0\wire.png
wrote bench\campaigns\advisor-batch-2-s0\runs\cfg-16bdf738\l_bracket_s2_c2\t0\wire.png
wrote bench\campaigns\advisor-batch-2-s0\runs\cfg-16bdf738\plate_notch_s0_c0\t0\wire.png
wrote bench\campaigns\advisor-batch-2-s0\runs\cfg-16bdf738\plate_notch_s0_c1\t0\wire.png
wrote bench\campaigns\advisor-batch-2-s0\runs\cfg-16bdf738\plate_notch_s0_c2\t0\wire.png
wrote bench\campaigns\advisor-batch-2-s0\runs\cfg-16bdf738\plate_notch_s2_c0\t0\wire.png
wrote bench\campaigns\advisor-batch-2-s0\runs\cfg-16bdf738\plate_notch_s2_c1\t0\wire.png
wrote bench\campaigns\advisor-batch-2-s0\runs\cfg-16bdf738\plate_notch_s2_c2\t0\wire.png
wrote bench\campaigns\advisor-batch-2-s0\runs\cfg-16bdf738\sphere_box_s0_c0\t0\wire.png
wrote bench\campaigns\advisor-batch-2-s0\runs\cfg-16bdf738\sphere_box_s0_c1\t0\wire.png
wrote bench\campaigns\advisor-batch-2-s0\runs\cfg-16bdf738\sphere_box_s0_c2\t0\wire.png
wrote bench\campaigns\advisor-batch-2-s0\runs\cfg-16bdf738\sphere_box_s2_c0\t0\wire.png
wrote bench\campaigns\advisor-batch-2-s0\runs\cfg-16bdf738\sphere_box_s2_c1\t0\wire.png
wrote bench\campaigns\advisor-batch-2-s0\runs\cfg-16bdf738\sphere_box_s2_c2\t0\wire.png
wrote bench\campaigns\advisor-batch-2-s0\runs\cfg-197de74f\box_hole_s0_c0\t0\wire.png
wrote bench\campaigns\advisor-batch-2-s0\runs\cfg-197de74f\box_hole_s0_c1\t0\wire.png
wrote bench\campaigns\advisor-batch-2-s0\runs\cfg-197de74f\box_hole_s0_c2\t0\wire.png
wrote bench\campaigns\advisor-batch-2-s0\runs\cfg-197de74f\channel_s0_c0\t0\wire.png
wrote bench\campaigns\advisor-batch-2-s0\runs\cfg-197de74f\channel_s0_c1\t0\wire.png
wrote bench\campaigns\advisor-batch-2-s0\runs\cfg-197de74f\channel_s0_c2\t0\wire.png
wrote bench\campaigns\advisor-batch-2-s0\runs\cfg-197de74f\l_bracket_s0_c0\t0\wire.png
wrote bench\campaigns\advisor-batch-2-s0\runs\cfg-197de74f\l_bracket_s0_c1\t0\wire.png
wrote bench\campaigns\advisor-batch-2-s0\runs\cfg-197de74f\l_bracket_s0_c2\t0\wire.png
wrote bench\campaigns\advisor-batch-2-s0\runs\cfg-197de74f\l_bracket_s2_c0\t0\wire.png
wrote bench\campaigns\advisor-batch-2-s0\runs\cfg-197de74f\l_bracket_s2_c1\t0\wire.png
wrote bench\campaigns\advisor-batch-2-s0\runs\cfg-197de74f\l_bracket_s2_c2\t0\wire.png
wrote bench\campaigns\advisor-batch-2-s0\runs\cfg-197de74f\plate_notch_s0_c0\t0\wire.png
wrote bench\campaigns\advisor-batch-2-s0\runs\cfg-197de74f\plate_notch_s0_c1\t0\wire.png
wrote bench\campaigns\advisor-batch-2-s0\runs\cfg-197de74f\plate_notch_s0_c2\t0\wire.png
wrote bench\campaigns\advisor-batch-2-s0\runs\cfg-197de74f\plate_notch_s2_c0\t0\wire.png
wrote bench\campaigns\advisor-batch-2-s0\runs\cfg-197de74f\plate_notch_s2_c1\t0\wire.png
wrote bench\campaigns\advisor-batch-2-s0\runs\cfg-197de74f\plate_notch_s2_c2\t0\wire.png
wrote bench\campaigns\advisor-batch-2-s0\runs\cfg-197de74f\sphere_box_s0_c0\t0\wire.png
wrote bench\campaigns\advisor-batch-2-s0\runs\cfg-197de74f\sphere_box_s0_c1\t0\wire.png
wrote bench\campaigns\advisor-batch-2-s0\runs\cfg-197de74f\sphere_box_s0_c2\t0\wire.png
wrote bench\campaigns\advisor-batch-2-s0\runs\cfg-197de74f\sphere_box_s2_c0\t0\wire.png
wrote bench\campaigns\advisor-batch-2-s0\runs\cfg-197de74f\sphere_box_s2_c1\t0\wire.png
wrote bench\campaigns\advisor-batch-2-s0\runs\cfg-197de74f\sphere_box_s2_c2\t0\wire.png
wrote bench\campaigns\advisor-batch-2-s0\runs\cfg-5615708d\box_hole_s0_c0\t0\wire.png
wrote bench\campaigns\advisor-batch-2-s0\runs\cfg-5615708d\box_hole_s0_c1\t0\wire.png
wrote bench\campaigns\advisor-batch-2-s0\runs\cfg-5615708d\box_hole_s0_c2\t0\wire.png
wrote bench\campaigns\advisor-batch-2-s0\runs\cfg-5615708d\channel_s0_c0\t0\wire.png
wrote bench\campaigns\advisor-batch-2-s0\runs\cfg-5615708d\channel_s0_c1\t0\wire.png
wrote bench\campaigns\advisor-batch-2-s0\runs\cfg-5615708d\channel_s0_c2\t0\wire.png
wrote bench\campaigns\advisor-batch-2-s0\runs\cfg-5615708d\l_bracket_s0_c0\t0\wire.png
wrote bench\campaigns\advisor-batch-2-s0\runs\cfg-5615708d\l_bracket_s0_c1\t0\wire.png
wrote bench\campaigns\advisor-batch-2-s0\runs\cfg-5615708d\l_bracket_s0_c2\t0\wire.png
wrote bench\campaigns\advisor-batch-2-s0\runs\cfg-5615708d\l_bracket_s2_c0\t0\wire.png
wrote bench\campaigns\advisor-batch-2-s0\runs\cfg-5615708d\l_bracket_s2_c1\t0\wire.png
wrote bench\campaigns\advisor-batch-2-s0\runs\cfg-5615708d\l_bracket_s2_c2\t0\wire.png
wrote bench\campaigns\advisor-batch-2-s0\runs\cfg-5615708d\plate_notch_s0_c0\t0\wire.png
wrote bench\campaigns\advisor-batch-2-s0\runs\cfg-5615708d\plate_notch_s0_c1\t0\wire.png
wrote bench\campaigns\advisor-batch-2-s0\runs\cfg-5615708d\plate_notch_s0_c2\t0\wire.png
wrote bench\campaigns\advisor-batch-2-s0\runs\cfg-5615708d\plate_notch_s2_c0\t0\wire.png
wrote bench\campaigns\advisor-batch-2-s0\runs\cfg-5615708d\plate_notch_s2_c1\t0\wire.png
wrote bench\campaigns\advisor-batch-2-s0\runs\cfg-5615708d\plate_notch_s2_c2\t0\wire.png
wrote bench\campaigns\advisor-batch-2-s0\runs\cfg-5615708d\sphere_box_s0_c0\t0\wire.png
wrote bench\campaigns\advisor-batch-2-s0\runs\cfg-5615708d\sphere_box_s0_c1\t0\wire.png
wrote bench\campaigns\advisor-batch-2-s0\runs\cfg-5615708d\sphere_box_s0_c2\t0\wire.png
wrote bench\campaigns\advisor-batch-2-s0\runs\cfg-5615708d\sphere_box_s2_c0\t0\wire.png
wrote bench\campaigns\advisor-batch-2-s0\runs\cfg-5615708d\sphere_box_s2_c1\t0\wire.png
wrote bench\campaigns\advisor-batch-2-s0\runs\cfg-5615708d\sphere_box_s2_c2\t0\wire.png
wrote bench\campaigns\advisor-batch-2-s0\runs\cfg-6547103a\box_hole_s0_c0\t0\wire.png
wrote bench\campaigns\advisor-batch-2-s0\runs\cfg-6547103a\box_hole_s0_c1\t0\wire.png
wrote bench\campaigns\advisor-batch-2-s0\runs\cfg-6547103a\box_hole_s0_c2\t0\wire.png
wrote bench\campaigns\advisor-batch-2-s0\runs\cfg-6547103a\channel_s0_c0\t0\wire.png
wrote bench\campaigns\advisor-batch-2-s0\runs\cfg-6547103a\channel_s0_c1\t0\wire.png
wrote bench\campaigns\advisor-batch-2-s0\runs\cfg-6547103a\channel_s0_c2\t0\wire.png
wrote bench\campaigns\advisor-batch-2-s0\runs\cfg-6547103a\l_bracket_s0_c0\t0\wire.png
wrote bench\campaigns\advisor-batch-2-s0\runs\cfg-6547103a\l_bracket_s0_c1\t0\wire.png
wrote bench\campaigns\advisor-batch-2-s0\runs\cfg-6547103a\l_bracket_s0_c2\t0\wire.png
wrote bench\campaigns\advisor-batch-2-s0\runs\cfg-6547103a\l_bracket_s2_c0\t0\wire.png
wrote bench\campaigns\advisor-batch-2-s0\runs\cfg-6547103a\l_bracket_s2_c1\t0\wire.png
wrote bench\campaigns\advisor-batch-2-s0\runs\cfg-6547103a\l_bracket_s2_c2\t0\wire.png
wrote bench\campaigns\advisor-batch-2-s0\runs\cfg-6547103a\plate_notch_s0_c0\t0\wire.png
wrote bench\campaigns\advisor-batch-2-s0\runs\cfg-6547103a\plate_notch_s0_c1\t0\wire.png
wrote bench\campaigns\advisor-batch-2-s0\runs\cfg-6547103a\plate_notch_s0_c2\t0\wire.png
wrote bench\campaigns\advisor-batch-2-s0\runs\cfg-6547103a\plate_notch_s2_c0\t0\wire.png
wrote bench\campaigns\advisor-batch-2-s0\runs\cfg-6547103a\plate_notch_s2_c1\t0\wire.png
wrote bench\campaigns\advisor-batch-2-s0\runs\cfg-6547103a\plate_notch_s2_c2\t0\wire.png
wrote bench\campaigns\advisor-batch-2-s0\runs\cfg-6547103a\sphere_box_s0_c0\t0\wire.png
wrote bench\campaigns\advisor-batch-2-s0\runs\cfg-6547103a\sphere_box_s0_c1\t0\wire.png
wrote bench\campaigns\advisor-batch-2-s0\runs\cfg-6547103a\sphere_box_s0_c2\t0\wire.png
wrote bench\campaigns\advisor-batch-2-s0\runs\cfg-6547103a\sphere_box_s2_c0\t0\wire.png
wrote bench\campaigns\advisor-batch-2-s0\runs\cfg-6547103a\sphere_box_s2_c1\t0\wire.png
wrote bench\campaigns\advisor-batch-2-s0\runs\cfg-6547103a\sphere_box_s2_c2\t0\wire.png
wrote bench\campaigns\advisor-batch-2-s0\runs\cfg-af234445\box_hole_s0_c0\t0\wire.png
wrote bench\campaigns\advisor-batch-2-s0\runs\cfg-af234445\box_hole_s0_c1\t0\wire.png
wrote bench\campaigns\advisor-batch-2-s0\runs\cfg-af234445\box_hole_s0_c2\t0\wire.png
wrote bench\campaigns\advisor-batch-2-s0\runs\cfg-af234445\channel_s0_c0\t0\wire.png
wrote bench\campaigns\advisor-batch-2-s0\runs\cfg-af234445\channel_s0_c1\t0\wire.png
wrote bench\campaigns\advisor-batch-2-s0\runs\cfg-af234445\channel_s0_c2\t0\wire.png
wrote bench\campaigns\advisor-batch-2-s0\runs\cfg-af234445\l_bracket_s0_c0\t0\wire.png
wrote bench\campaigns\advisor-batch-2-s0\runs\cfg-af234445\l_bracket_s0_c1\t0\wire.png
wrote bench\campaigns\advisor-batch-2-s0\runs\cfg-af234445\l_bracket_s0_c2\t0\wire.png
wrote bench\campaigns\advisor-batch-2-s0\runs\cfg-af234445\l_bracket_s2_c0\t0\wire.png
wrote bench\campaigns\advisor-batch-2-s0\runs\cfg-af234445\l_bracket_s2_c1\t0\wire.png
wrote bench\campaigns\advisor-batch-2-s0\runs\cfg-af234445\l_bracket_s2_c2\t0\wire.png
wrote bench\campaigns\advisor-batch-2-s0\runs\cfg-af234445\plate_notch_s0_c0\t0\wire.png
wrote bench\campaigns\advisor-batch-2-s0\runs\cfg-af234445\plate_notch_s0_c1\t0\wire.png
wrote bench\campaigns\advisor-batch-2-s0\runs\cfg-af234445\plate_notch_s0_c2\t0\wire.png
wrote bench\campaigns\advisor-batch-2-s0\runs\cfg-af234445\plate_notch_s2_c0\t0\wire.png
wrote bench\campaigns\advisor-batch-2-s0\runs\cfg-af234445\plate_notch_s2_c1\t0\wire.png
wrote bench\campaigns\advisor-batch-2-s0\runs\cfg-af234445\plate_notch_s2_c2\t0\wire.png
wrote bench\campaigns\advisor-batch-2-s0\runs\cfg-af234445\sphere_box_s0_c0\t0\wire.png
wrote bench\campaigns\advisor-batch-2-s0\runs\cfg-af234445\sphere_box_s0_c1\t0\wire.png
wrote bench\campaigns\advisor-batch-2-s0\runs\cfg-af234445\sphere_box_s0_c2\t0\wire.png
wrote bench\campaigns\advisor-batch-2-s0\runs\cfg-af234445\sphere_box_s2_c0\t0\wire.png
wrote bench\campaigns\advisor-batch-2-s0\runs\cfg-af234445\sphere_box_s2_c1\t0\wire.png
wrote bench\campaigns\advisor-batch-2-s0\runs\cfg-af234445\sphere_box_s2_c2\t0\wire.png
wrote bench\campaigns\advisor-batch-2-s0\runs\cfg-dae54304\box_hole_s0_c0\t0\wire.png
wrote bench\campaigns\advisor-batch-2-s0\runs\cfg-dae54304\box_hole_s0_c1\t0\wire.png
wrote bench\campaigns\advisor-batch-2-s0\runs\cfg-dae54304\box_hole_s0_c2\t0\wire.png
wrote bench\campaigns\advisor-batch-2-s0\runs\cfg-dae54304\channel_s0_c0\t0\wire.png
wrote bench\campaigns\advisor-batch-2-s0\runs\cfg-dae54304\channel_s0_c1\t0\wire.png
wrote bench\campaigns\advisor-batch-2-s0\runs\cfg-dae54304\channel_s0_c2\t0\wire.png
wrote bench\campaigns\advisor-batch-2-s0\runs\cfg-dae54304\l_bracket_s0_c0\t0\wire.png
wrote bench\campaigns\advisor-batch-2-s0\runs\cfg-dae54304\l_bracket_s0_c1\t0\wire.png
wrote bench\campaigns\advisor-batch-2-s0\runs\cfg-dae54304\l_bracket_s0_c2\t0\wire.png
wrote bench\campaigns\advisor-batch-2-s0\runs\cfg-dae54304\l_bracket_s2_c0\t0\wire.png
wrote bench\campaigns\advisor-batch-2-s0\runs\cfg-dae54304\l_bracket_s2_c1\t0\wire.png
wrote bench\campaigns\advisor-batch-2-s0\runs\cfg-dae54304\l_bracket_s2_c2\t0\wire.png
wrote bench\campaigns\advisor-batch-2-s0\runs\cfg-dae54304\plate_notch_s0_c0\t0\wire.png
wrote bench\campaigns\advisor-batch-2-s0\runs\cfg-dae54304\plate_notch_s0_c1\t0\wire.png
wrote bench\campaigns\advisor-batch-2-s0\runs\cfg-dae54304\plate_notch_s0_c2\t0\wire.png
wrote bench\campaigns\advisor-batch-2-s0\runs\cfg-dae54304\plate_notch_s2_c0\t0\wire.png
wrote bench\campaigns\advisor-batch-2-s0\runs\cfg-dae54304\plate_notch_s2_c1\t0\wire.png
wrote bench\campaigns\advisor-batch-2-s0\runs\cfg-dae54304\plate_notch_s2_c2\t0\wire.png
wrote bench\campaigns\advisor-batch-2-s0\runs\cfg-dae54304\sphere_box_s0_c0\t0\wire.png
wrote bench\campaigns\advisor-batch-2-s0\runs\cfg-dae54304\sphere_box_s0_c1\t0\wire.png
wrote bench\campaigns\advisor-batch-2-s0\runs\cfg-dae54304\sphere_box_s0_c2\t0\wire.png
wrote bench\campaigns\advisor-batch-2-s0\runs\cfg-dae54304\sphere_box_s2_c0\t0\wire.png
wrote bench\campaigns\advisor-batch-2-s0\runs\cfg-dae54304\sphere_box_s2_c1\t0\wire.png
wrote bench\campaigns\advisor-batch-2-s0\runs\cfg-dae54304\sphere_box_s2_c2\t0\wire.png
wrote bench\campaigns\advisor-batch-2-s0\runs\cfg-eeb0f407\channel_s2_c0\t0\wire.png
wrote bench\campaigns\advisor-batch-2-s0\runs\cfg-eeb0f407\channel_s2_c1\t0\wire.png
wrote bench\campaigns\advisor-batch-2-s0\runs\cfg-eeb0f407\channel_s2_c2\t0\wire.png
wrote bench\campaigns\advisor-batch-2-s0\runs\cfg-eeb0f407\l_bracket_s0_c0\t0\wire.png
wrote bench\campaigns\advisor-batch-2-s0\runs\cfg-eeb0f407\l_bracket_s0_c1\t0\wire.png
wrote bench\campaigns\advisor-batch-2-s0\runs\cfg-eeb0f407\l_bracket_s0_c2\t0\wire.png
wrote bench\campaigns\advisor-batch-2-s0\runs\cfg-eeb0f407\l_bracket_s2_c0\t0\wire.png
wrote bench\campaigns\advisor-batch-2-s0\runs\cfg-eeb0f407\l_bracket_s2_c1\t0\wire.png
wrote bench\campaigns\advisor-batch-2-s0\runs\cfg-eeb0f407\l_bracket_s2_c2\t0\wire.png
wrote bench\campaigns\advisor-batch-2-s0\runs\cfg-eeb0f407\sphere_box_s0_c0\t0\wire.png
wrote bench\campaigns\advisor-batch-2-s0\runs\cfg-eeb0f407\sphere_box_s0_c1\t0\wire.png
wrote bench\campaigns\advisor-batch-2-s0\runs\cfg-eeb0f407\sphere_box_s0_c2\t0\wire.png
wrote bench\campaigns\advisor-batch-2-s0\runs\cfg-eeb0f407\sphere_box_s2_c0\t0\wire.png
wrote bench\campaigns\advisor-batch-2-s0\runs\cfg-eeb0f407\sphere_box_s2_c1\t0\wire.png
wrote bench\campaigns\advisor-batch-2-s0\runs\cfg-eeb0f407\sphere_box_s2_c2\t0\wire.png
wrote bench\campaigns\advisor-batch-2-s0\runs\cfg-ffcd821e\box_hole_s0_c0\t0\wire.png
wrote bench\campaigns\advisor-batch-2-s0\runs\cfg-ffcd821e\box_hole_s0_c1\t0\wire.png
wrote bench\campaigns\advisor-batch-2-s0\runs\cfg-ffcd821e\box_hole_s0_c2\t0\wire.png
wrote bench\campaigns\advisor-batch-2-s0\runs\cfg-ffcd821e\channel_s0_c0\t0\wire.png
wrote bench\campaigns\advisor-batch-2-s0\runs\cfg-ffcd821e\channel_s0_c1\t0\wire.png
wrote bench\campaigns\advisor-batch-2-s0\runs\cfg-ffcd821e\channel_s0_c2\t0\wire.png
wrote bench\campaigns\advisor-batch-2-s0\runs\cfg-ffcd821e\l_bracket_s0_c0\t0\wire.png
wrote bench\campaigns\advisor-batch-2-s0\runs\cfg-ffcd821e\l_bracket_s0_c1\t0\wire.png
wrote bench\campaigns\advisor-batch-2-s0\runs\cfg-ffcd821e\l_bracket_s0_c2\t0\wire.png
wrote bench\campaigns\advisor-batch-2-s0\runs\cfg-ffcd821e\l_bracket_s2_c0\t0\wire.png
wrote bench\campaigns\advisor-batch-2-s0\runs\cfg-ffcd821e\l_bracket_s2_c1\t0\wire.png
wrote bench\campaigns\advisor-batch-2-s0\runs\cfg-ffcd821e\l_bracket_s2_c2\t0\wire.png
wrote bench\campaigns\advisor-batch-2-s0\runs\cfg-ffcd821e\plate_notch_s0_c0\t0\wire.png
wrote bench\campaigns\advisor-batch-2-s0\runs\cfg-ffcd821e\plate_notch_s0_c1\t0\wire.png
wrote bench\campaigns\advisor-batch-2-s0\runs\cfg-ffcd821e\plate_notch_s0_c2\t0\wire.png
wrote bench\campaigns\advisor-batch-2-s0\runs\cfg-ffcd821e\plate_notch_s2_c0\t0\wire.png
wrote bench\campaigns\advisor-batch-2-s0\runs\cfg-ffcd821e\plate_notch_s2_c1\t0\wire.png
wrote bench\campaigns\advisor-batch-2-s0\runs\cfg-ffcd821e\plate_notch_s2_c2\t0\wire.png
wrote bench\campaigns\advisor-batch-2-s0\runs\cfg-ffcd821e\sphere_box_s0_c0\t0\wire.png
wrote bench\campaigns\advisor-batch-2-s0\runs\cfg-ffcd821e\sphere_box_s0_c1\t0\wire.png
wrote bench\campaigns\advisor-batch-2-s0\runs\cfg-ffcd821e\sphere_box_s0_c2\t0\wire.png
wrote bench\campaigns\advisor-batch-2-s0\runs\cfg-ffcd821e\sphere_box_s2_c0\t0\wire.png
wrote bench\campaigns\advisor-batch-2-s0\runs\cfg-ffcd821e\sphere_box_s2_c1\t0\wire.png
wrote bench\campaigns\advisor-batch-2-s0\runs\cfg-ffcd821e\sphere_box_s2_c2\t0\wire.png
warehouse_shots: 183 rendered, 0 skipped (exists), 0 failed (183 mesh.vtu total)
finished: 288 runs → C:\Users\Yakub\Desktop\Polyhedral-FEA\bench\campaigns\advisor-batch-2-s0\results.jsonl
=== exit 0 after 839.3s
