campaign advisor-batch-3-s2: 16 configs, 36 parts, 1 tiers
  max_run_wall_s=180 (override all tiers)
  max_pack_wall_s=21600
tier 0: h_scale=1 keep_frac=1 survivors=4 max_run_wall_s=180
  run cfg-e04b39c3 part=box_hole_s0_c0 tier=0 ...
  run cfg-e04b39c3 part=box_hole_s0_c1 tier=0 ...
  run cfg-e04b39c3 part=box_hole_s0_c2 tier=0 ...
  run cfg-e04b39c3 part=box_hole_s2_c0 tier=0 ...
  run cfg-e04b39c3 part=box_hole_s2_c1 tier=0 ...
  run cfg-e04b39c3 part=box_hole_s2_c2 tier=0 ...
  run cfg-e04b39c3 part=channel_s0_c0 tier=0 ...
  run cfg-e04b39c3 part=channel_s0_c1 tier=0 ...
  run cfg-e04b39c3 part=channel_s0_c2 tier=0 ...
  run cfg-e04b39c3 part=channel_s2_c0 tier=0 ...
  run cfg-e04b39c3 part=channel_s2_c1 tier=0 ...
  run cfg-e04b39c3 part=channel_s2_c2 tier=0 ...
  run cfg-e04b39c3 part=l_bracket_s0_c0 tier=0 ...
  run cfg-e04b39c3 part=l_bracket_s0_c1 tier=0 ...
  run cfg-e04b39c3 part=l_bracket_s0_c2 tier=0 ...
  run cfg-e04b39c3 part=l_bracket_s2_c0 tier=0 ...
  run cfg-e04b39c3 part=l_bracket_s2_c1 tier=0 ...
  run cfg-e04b39c3 part=l_bracket_s2_c2 tier=0 ...
  run cfg-e04b39c3 part=plate_notch_s0_c0 tier=0 ...
  run cfg-e04b39c3 part=plate_notch_s0_c1 tier=0 ...
  run cfg-e04b39c3 part=plate_notch_s0_c2 tier=0 ...
  run cfg-e04b39c3 part=plate_notch_s2_c0 tier=0 ...
  run cfg-e04b39c3 part=plate_notch_s2_c1 tier=0 ...
  run cfg-e04b39c3 part=plate_notch_s2_c2 tier=0 ...
  run cfg-e04b39c3 part=sphere_box_s0_c0 tier=0 ...
  run cfg-e04b39c3 part=sphere_box_s0_c1 tier=0 ...
  run cfg-e04b39c3 part=sphere_box_s0_c2 tier=0 ...
  run cfg-e04b39c3 part=sphere_box_s2_c0 tier=0 ...
  run cfg-e04b39c3 part=sphere_box_s2_c1 tier=0 ...
  run cfg-e04b39c3 part=sphere_box_s2_c2 tier=0 ...
  run cfg-e04b39c3 part=stepped_shaft_s0_c0 tier=0 ...
  run cfg-e04b39c3 part=stepped_shaft_s0_c1 tier=0 ...
  run cfg-e04b39c3 part=stepped_shaft_s0_c2 tier=0 ...
  run cfg-e04b39c3 part=stepped_shaft_s2_c0 tier=0 ...
  run cfg-e04b39c3 part=stepped_shaft_s2_c1 tier=0 ...
  run cfg-e04b39c3 part=stepped_shaft_s2_c2 tier=0 ...
  run cfg-116b3958 part=box_hole_s0_c0 tier=0 ...
  run cfg-116b3958 part=box_hole_s0_c1 tier=0 ...
  run cfg-116b3958 part=box_hole_s0_c2 tier=0 ...
  run cfg-116b3958 part=box_hole_s2_c0 tier=0 ...
  run cfg-116b3958 part=box_hole_s2_c1 tier=0 ...
  run cfg-116b3958 part=box_hole_s2_c2 tier=0 ...
  run cfg-116b3958 part=channel_s0_c0 tier=0 ...
  run cfg-116b3958 part=channel_s0_c1 tier=0 ...
  run cfg-116b3958 part=channel_s0_c2 tier=0 ...
  run cfg-116b3958 part=channel_s2_c0 tier=0 ...
  run cfg-116b3958 part=channel_s2_c1 tier=0 ...
  run cfg-116b3958 part=channel_s2_c2 tier=0 ...
  run cfg-116b3958 part=l_bracket_s0_c0 tier=0 ...
  run cfg-116b3958 part=l_bracket_s0_c1 tier=0 ...
  run cfg-116b3958 part=l_bracket_s0_c2 tier=0 ...
  run cfg-116b3958 part=l_bracket_s2_c0 tier=0 ...
  run cfg-116b3958 part=l_bracket_s2_c1 tier=0 ...
  run cfg-116b3958 part=l_bracket_s2_c2 tier=0 ...
  run cfg-116b3958 part=plate_notch_s0_c0 tier=0 ...
  run cfg-116b3958 part=plate_notch_s0_c1 tier=0 ...
  run cfg-116b3958 part=plate_notch_s0_c2 tier=0 ...
  run cfg-116b3958 part=plate_notch_s2_c0 tier=0 ...
  run cfg-116b3958 part=plate_notch_s2_c1 tier=0 ...
  run cfg-116b3958 part=plate_notch_s2_c2 tier=0 ...
  run cfg-116b3958 part=sphere_box_s0_c0 tier=0 ...
  run cfg-116b3958 part=sphere_box_s0_c1 tier=0 ...
  run cfg-116b3958 part=sphere_box_s0_c2 tier=0 ...
  run cfg-116b3958 part=sphere_box_s2_c0 tier=0 ...
  run cfg-116b3958 part=sphere_box_s2_c1 tier=0 ...
  run cfg-116b3958 part=sphere_box_s2_c2 tier=0 ...
  run cfg-116b3958 part=stepped_shaft_s0_c0 tier=0 ...
  run cfg-116b3958 part=stepped_shaft_s0_c1 tier=0 ...
  run cfg-116b3958 part=stepped_shaft_s0_c2 tier=0 ...
  run cfg-116b3958 part=stepped_shaft_s2_c0 tier=0 ...
  run cfg-116b3958 part=stepped_shaft_s2_c1 tier=0 ...
  run cfg-116b3958 part=stepped_shaft_s2_c2 tier=0 ...
  run cfg-5ff72b2a part=box_hole_s0_c0 tier=0 ...
  run cfg-5ff72b2a part=box_hole_s0_c1 tier=0 ...
  run cfg-5ff72b2a part=box_hole_s0_c2 tier=0 ...
  run cfg-5ff72b2a part=box_hole_s2_c0 tier=0 ...
  run cfg-5ff72b2a part=box_hole_s2_c1 tier=0 ...
  run cfg-5ff72b2a part=box_hole_s2_c2 tier=0 ...
  run cfg-5ff72b2a part=channel_s0_c0 tier=0 ...
  run cfg-5ff72b2a part=channel_s0_c1 tier=0 ...
  run cfg-5ff72b2a part=channel_s0_c2 tier=0 ...
  run cfg-5ff72b2a part=channel_s2_c0 tier=0 ...
  run cfg-5ff72b2a part=channel_s2_c1 tier=0 ...
  run cfg-5ff72b2a part=channel_s2_c2 tier=0 ...
  run cfg-5ff72b2a part=l_bracket_s0_c0 tier=0 ...
  run cfg-5ff72b2a part=l_bracket_s0_c1 tier=0 ...
  run cfg-5ff72b2a part=l_bracket_s0_c2 tier=0 ...
  run cfg-5ff72b2a part=l_bracket_s2_c0 tier=0 ...
  run cfg-5ff72b2a part=l_bracket_s2_c1 tier=0 ...
  run cfg-5ff72b2a part=l_bracket_s2_c2 tier=0 ...
  run cfg-5ff72b2a part=plate_notch_s0_c0 tier=0 ...
  run cfg-5ff72b2a part=plate_notch_s0_c1 tier=0 ...
  run cfg-5ff72b2a part=plate_notch_s0_c2 tier=0 ...
  run cfg-5ff72b2a part=plate_notch_s2_c0 tier=0 ...
  run cfg-5ff72b2a part=plate_notch_s2_c1 tier=0 ...
  run cfg-5ff72b2a part=plate_notch_s2_c2 tier=0 ...
  run cfg-5ff72b2a part=sphere_box_s0_c0 tier=0 ...
  run cfg-5ff72b2a part=sphere_box_s0_c1 tier=0 ...
  run cfg-5ff72b2a part=sphere_box_s0_c2 tier=0 ...
  run cfg-5ff72b2a part=sphere_box_s2_c0 tier=0 ...
  run cfg-5ff72b2a part=sphere_box_s2_c1 tier=0 ...
  run cfg-5ff72b2a part=sphere_box_s2_c2 tier=0 ...
  run cfg-5ff72b2a part=stepped_shaft_s0_c0 tier=0 ...
  run cfg-5ff72b2a part=stepped_shaft_s0_c1 tier=0 ...
  run cfg-5ff72b2a part=stepped_shaft_s0_c2 tier=0 ...
  run cfg-5ff72b2a part=stepped_shaft_s2_c0 tier=0 ...
  run cfg-5ff72b2a part=stepped_shaft_s2_c1 tier=0 ...
  run cfg-5ff72b2a part=stepped_shaft_s2_c2 tier=0 ...
  run cfg-a1ad5ec9 part=box_hole_s0_c0 tier=0 ...
  run cfg-a1ad5ec9 part=box_hole_s0_c1 tier=0 ...
  run cfg-a1ad5ec9 part=box_hole_s0_c2 tier=0 ...
  run cfg-a1ad5ec9 part=box_hole_s2_c0 tier=0 ...
  run cfg-a1ad5ec9 part=box_hole_s2_c1 tier=0 ...
  run cfg-a1ad5ec9 part=box_hole_s2_c2 tier=0 ...
  run cfg-a1ad5ec9 part=channel_s0_c0 tier=0 ...
  run cfg-a1ad5ec9 part=channel_s0_c1 tier=0 ...
  run cfg-a1ad5ec9 part=channel_s0_c2 tier=0 ...
  run cfg-a1ad5ec9 part=channel_s2_c0 tier=0 ...
  run cfg-a1ad5ec9 part=channel_s2_c1 tier=0 ...
  run cfg-a1ad5ec9 part=channel_s2_c2 tier=0 ...
  run cfg-a1ad5ec9 part=l_bracket_s0_c0 tier=0 ...
  run cfg-a1ad5ec9 part=l_bracket_s0_c1 tier=0 ...
  run cfg-a1ad5ec9 part=l_bracket_s0_c2 tier=0 ...
  run cfg-a1ad5ec9 part=l_bracket_s2_c0 tier=0 ...
  run cfg-a1ad5ec9 part=l_bracket_s2_c1 tier=0 ...
  run cfg-a1ad5ec9 part=l_bracket_s2_c2 tier=0 ...
  run cfg-a1ad5ec9 part=plate_notch_s0_c0 tier=0 ...
  run cfg-a1ad5ec9 part=plate_notch_s0_c1 tier=0 ...
  run cfg-a1ad5ec9 part=plate_notch_s0_c2 tier=0 ...
  run cfg-a1ad5ec9 part=plate_notch_s2_c0 tier=0 ...
  run cfg-a1ad5ec9 part=plate_notch_s2_c1 tier=0 ...
  run cfg-a1ad5ec9 part=plate_notch_s2_c2 tier=0 ...
  run cfg-a1ad5ec9 part=sphere_box_s0_c0 tier=0 ...
  run cfg-a1ad5ec9 part=sphere_box_s0_c1 tier=0 ...
  run cfg-a1ad5ec9 part=sphere_box_s0_c2 tier=0 ...
  run cfg-a1ad5ec9 part=sphere_box_s2_c0 tier=0 ...
  run cfg-a1ad5ec9 part=sphere_box_s2_c1 tier=0 ...
  run cfg-a1ad5ec9 part=sphere_box_s2_c2 tier=0 ...
  run cfg-a1ad5ec9 part=stepped_shaft_s0_c0 tier=0 ...
  run cfg-a1ad5ec9 part=stepped_shaft_s0_c1 tier=0 ...
  run cfg-a1ad5ec9 part=stepped_shaft_s0_c2 tier=0 ...
  run cfg-a1ad5ec9 part=stepped_shaft_s2_c0 tier=0 ...
  run cfg-a1ad5ec9 part=stepped_shaft_s2_c1 tier=0 ...
  run cfg-a1ad5ec9 part=stepped_shaft_s2_c2 tier=0 ...
Could not find platform independent libraries <prefix>
FAIL bench\campaigns\advisor-batch-3-s2\runs\cfg-116b3958\box_hole_s0_c0\t0\mesh.vtu: Could not find platform independent libraries <prefix>
Traceback (most recent call last):
  File "C:\Users\Yakub\Desktop\Polyhedral-FEA\scripts\vtu_wire_png.py", line 23, in <module>
    import figstyle as fs  # noqa: E402
    ^^^^^^^^^^^^^^^^^^^^^
  File "C:\Users\Yakub\Desktop\Polyhedral-FEA\scripts\figstyle.py", line 45, in <module>
    import numpy as np
ModuleNotFoundError: No module named 'numpy'
FAIL bench\campaigns\advisor-batch-3-s2\runs\cfg-116b3958\box_hole_s0_c1\t0\mesh.vtu: Could not find platform independent libraries <prefix>
Traceback (most recent call last):
  File "C:\Users\Yakub\Desktop\Polyhedral-FEA\scripts\vtu_wire_png.py", line 23, in <module>
    import figstyle as fs  # noqa: E402
    ^^^^^^^^^^^^^^^^^^^^^
  File "C:\Users\Yakub\Desktop\Polyhedral-FEA\scripts\figstyle.py", line 45, in <module>
    import numpy as np
ModuleNotFoundError: No module named 'numpy'
FAIL bench\campaigns\advisor-batch-3-s2\runs\cfg-116b3958\box_hole_s0_c2\t0\mesh.vtu: Could not find platform independent libraries <prefix>
Traceback (most recent call last):
  File "C:\Users\Yakub\Desktop\Polyhedral-FEA\scripts\vtu_wire_png.py", line 23, in <module>
    import figstyle as fs  # noqa: E402
    ^^^^^^^^^^^^^^^^^^^^^
  File "C:\Users\Yakub\Desktop\Polyhedral-FEA\scripts\figstyle.py", line 45, in <module>
    import numpy as np
ModuleNotFoundError: No module named 'numpy'
FAIL bench\campaigns\advisor-batch-3-s2\runs\cfg-116b3958\channel_s0_c0\t0\mesh.vtu: Could not find platform independent libraries <prefix>
Traceback (most recent call last):
  File "C:\Users\Yakub\Desktop\Polyhedral-FEA\scripts\vtu_wire_png.py", line 23, in <module>
    import figstyle as fs  # noqa: E402
    ^^^^^^^^^^^^^^^^^^^^^
  File "C:\Users\Yakub\Desktop\Polyhedral-FEA\scripts\figstyle.py", line 45, in <module>
    import numpy as np
ModuleNotFoundError: No module named 'numpy'
FAIL bench\campaigns\advisor-batch-3-s2\runs\cfg-116b3958\channel_s0_c1\t0\mesh.vtu: Could not find platform independent libraries <prefix>
Traceback (most recent call last):
  File "C:\Users\Yakub\Desktop\Polyhedral-FEA\scripts\vtu_wire_png.py", line 23, in <module>
    import figstyle as fs  # noqa: E402
    ^^^^^^^^^^^^^^^^^^^^^
  File "C:\Users\Yakub\Desktop\Polyhedral-FEA\scripts\figstyle.py", line 45, in <module>
    import numpy as np
ModuleNotFoundError: No module named 'numpy'
FAIL bench\campaigns\advisor-batch-3-s2\runs\cfg-116b3958\channel_s0_c2\t0\mesh.vtu: Could not find platform independent libraries <prefix>
Traceback (most recent call last):
  File "C:\Users\Yakub\Desktop\Polyhedral-FEA\scripts\vtu_wire_png.py", line 23, in <module>
    import figstyle as fs  # noqa: E402
    ^^^^^^^^^^^^^^^^^^^^^
  File "C:\Users\Yakub\Desktop\Polyhedral-FEA\scripts\figstyle.py", line 45, in <module>
    import numpy as np
ModuleNotFoundError: No module named 'numpy'
FAIL bench\campaigns\advisor-batch-3-s2\runs\cfg-116b3958\l_bracket_s0_c0\t0\mesh.vtu: Could not find platform independent libraries <prefix>
Traceback (most recent call last):
  File "C:\Users\Yakub\Desktop\Polyhedral-FEA\scripts\vtu_wire_png.py", line 23, in <module>
    import figstyle as fs  # noqa: E402
    ^^^^^^^^^^^^^^^^^^^^^
  File "C:\Users\Yakub\Desktop\Polyhedral-FEA\scripts\figstyle.py", line 45, in <module>
    import numpy as np
ModuleNotFoundError: No module named 'numpy'
FAIL bench\campaigns\advisor-batch-3-s2\runs\cfg-116b3958\l_bracket_s0_c1\t0\mesh.vtu: Could not find platform independent libraries <prefix>
Traceback (most recent call last):
  File "C:\Users\Yakub\Desktop\Polyhedral-FEA\scripts\vtu_wire_png.py", line 23, in <module>
    import figstyle as fs  # noqa: E402
    ^^^^^^^^^^^^^^^^^^^^^
  File "C:\Users\Yakub\Desktop\Polyhedral-FEA\scripts\figstyle.py", line 45, in <module>
    import numpy as np
ModuleNotFoundError: No module named 'numpy'
FAIL bench\campaigns\advisor-batch-3-s2\runs\cfg-116b3958\l_bracket_s0_c2\t0\mesh.vtu: Could not find platform independent libraries <prefix>
Traceback (most recent call last):
  File "C:\Users\Yakub\Desktop\Polyhedral-FEA\scripts\vtu_wire_png.py", line 23, in <module>
    import figstyle as fs  # noqa: E402
    ^^^^^^^^^^^^^^^^^^^^^
  File "C:\Users\Yakub\Desktop\Polyhedral-FEA\scripts\figstyle.py", line 45, in <module>
    import numpy as np
ModuleNotFoundError: No module named 'numpy'
FAIL bench\campaigns\advisor-batch-3-s2\runs\cfg-116b3958\l_bracket_s2_c0\t0\mesh.vtu: Could not find platform independent libraries <prefix>
Traceback (most recent call last):
  File "C:\Users\Yakub\Desktop\Polyhedral-FEA\scripts\vtu_wire_png.py", line 23, in <module>
    import figstyle as fs  # noqa: E402
    ^^^^^^^^^^^^^^^^^^^^^
  File "C:\Users\Yakub\Desktop\Polyhedral-FEA\scripts\figstyle.py", line 45, in <module>
    import numpy as np
ModuleNotFoundError: No module named 'numpy'
FAIL bench\campaigns\advisor-batch-3-s2\runs\cfg-116b3958\l_bracket_s2_c1\t0\mesh.vtu: Could not find platform independent libraries <prefix>
Traceback (most recent call last):
  File "C:\Users\Yakub\Desktop\Polyhedral-FEA\scripts\vtu_wire_png.py", line 23, in <module>
    import figstyle as fs  # noqa: E402
    ^^^^^^^^^^^^^^^^^^^^^
  File "C:\Users\Yakub\Desktop\Polyhedral-FEA\scripts\figstyle.py", line 45, in <module>
    import numpy as np
ModuleNotFoundError: No module named 'numpy'
FAIL bench\campaigns\advisor-batch-3-s2\runs\cfg-116b3958\l_bracket_s2_c2\t0\mesh.vtu: Could not find platform independent libraries <prefix>
Traceback (most recent call last):
  File "C:\Users\Yakub\Desktop\Polyhedral-FEA\scripts\vtu_wire_png.py", line 23, in <module>
    import figstyle as fs  # noqa: E402
    ^^^^^^^^^^^^^^^^^^^^^
  File "C:\Users\Yakub\Desktop\Polyhedral-FEA\scripts\figstyle.py", line 45, in <module>
    import numpy as np
ModuleNotFoundError: No module named 'numpy'
FAIL bench\campaigns\advisor-batch-3-s2\runs\cfg-116b3958\plate_notch_s0_c0\t0\mesh.vtu: Could not find platform independent libraries <prefix>
Traceback (most recent call last):
  File "C:\Users\Yakub\Desktop\Polyhedral-FEA\scripts\vtu_wire_png.py", line 23, in <module>
    import figstyle as fs  # noqa: E402
    ^^^^^^^^^^^^^^^^^^^^^
  File "C:\Users\Yakub\Desktop\Polyhedral-FEA\scripts\figstyle.py", line 45, in <module>
    import numpy as np
ModuleNotFoundError: No module named 'numpy'
FAIL bench\campaigns\advisor-batch-3-s2\runs\cfg-116b3958\plate_notch_s0_c1\t0\mesh.vtu: Could not find platform independent libraries <prefix>
Traceback (most recent call last):
  File "C:\Users\Yakub\Desktop\Polyhedral-FEA\scripts\vtu_wire_png.py", line 23, in <module>
    import figstyle as fs  # noqa: E402
    ^^^^^^^^^^^^^^^^^^^^^
  File "C:\Users\Yakub\Desktop\Polyhedral-FEA\scripts\figstyle.py", line 45, in <module>
    import numpy as np
ModuleNotFoundError: No module named 'numpy'
FAIL bench\campaigns\advisor-batch-3-s2\runs\cfg-116b3958\plate_notch_s0_c2\t0\mesh.vtu: Could not find platform independent libraries <prefix>
Traceback (most recent call last):
  File "C:\Users\Yakub\Desktop\Polyhedral-FEA\scripts\vtu_wire_png.py", line 23, in <module>
    import figstyle as fs  # noqa: E402
    ^^^^^^^^^^^^^^^^^^^^^
  File "C:\Users\Yakub\Desktop\Polyhedral-FEA\scripts\figstyle.py", line 45, in <module>
    import numpy as np
ModuleNotFoundError: No module named 'numpy'
FAIL bench\campaigns\advisor-batch-3-s2\runs\cfg-116b3958\plate_notch_s2_c0\t0\mesh.vtu: Could not find platform independent libraries <prefix>
Traceback (most recent call last):
  File "C:\Users\Yakub\Desktop\Polyhedral-FEA\scripts\vtu_wire_png.py", line 23, in <module>
    import figstyle as fs  # noqa: E402
    ^^^^^^^^^^^^^^^^^^^^^
  File "C:\Users\Yakub\Desktop\Polyhedral-FEA\scripts\figstyle.py", line 45, in <module>
    import numpy as np
ModuleNotFoundError: No module named 'numpy'
FAIL bench\campaigns\advisor-batch-3-s2\runs\cfg-116b3958\plate_notch_s2_c1\t0\mesh.vtu: Could not find platform independent libraries <prefix>
Traceback (most recent call last):
  File "C:\Users\Yakub\Desktop\Polyhedral-FEA\scripts\vtu_wire_png.py", line 23, in <module>
    import figstyle as fs  # noqa: E402
    ^^^^^^^^^^^^^^^^^^^^^
  File "C:\Users\Yakub\Desktop\Polyhedral-FEA\scripts\figstyle.py", line 45, in <module>
    import numpy as np
ModuleNotFoundError: No module named 'numpy'
FAIL bench\campaigns\advisor-batch-3-s2\runs\cfg-116b3958\plate_notch_s2_c2\t0\mesh.vtu: Could not find platform independent libraries <prefix>
Traceback (most recent call last):
  File "C:\Users\Yakub\Desktop\Polyhedral-FEA\scripts\vtu_wire_png.py", line 23, in <module>
    import figstyle as fs  # noqa: E402
    ^^^^^^^^^^^^^^^^^^^^^
  File "C:\Users\Yakub\Desktop\Polyhedral-FEA\scripts\figstyle.py", line 45, in <module>
    import numpy as np
ModuleNotFoundError: No module named 'numpy'
FAIL bench\campaigns\advisor-batch-3-s2\runs\cfg-116b3958\sphere_box_s0_c0\t0\mesh.vtu: Could not find platform independent libraries <prefix>
Traceback (most recent call last):
  File "C:\Users\Yakub\Desktop\Polyhedral-FEA\scripts\vtu_wire_png.py", line 23, in <module>
    import figstyle as fs  # noqa: E402
    ^^^^^^^^^^^^^^^^^^^^^
  File "C:\Users\Yakub\Desktop\Polyhedral-FEA\scripts\figstyle.py", line 45, in <module>
    import numpy as np
ModuleNotFoundError: No module named 'numpy'
FAIL bench\campaigns\advisor-batch-3-s2\runs\cfg-116b3958\sphere_box_s0_c1\t0\mesh.vtu: Could not find platform independent libraries <prefix>
Traceback (most recent call last):
  File "C:\Users\Yakub\Desktop\Polyhedral-FEA\scripts\vtu_wire_png.py", line 23, in <module>
    import figstyle as fs  # noqa: E402
    ^^^^^^^^^^^^^^^^^^^^^
  File "C:\Users\Yakub\Desktop\Polyhedral-FEA\scripts\figstyle.py", line 45, in <module>
    import numpy as np
ModuleNotFoundError: No module named 'numpy'
FAIL bench\campaigns\advisor-batch-3-s2\runs\cfg-116b3958\sphere_box_s0_c2\t0\mesh.vtu: Could not find platform independent libraries <prefix>
Traceback (most recent call last):
  File "C:\Users\Yakub\Desktop\Polyhedral-FEA\scripts\vtu_wire_png.py", line 23, in <module>
    import figstyle as fs  # noqa: E402
    ^^^^^^^^^^^^^^^^^^^^^
  File "C:\Users\Yakub\Desktop\Polyhedral-FEA\scripts\figstyle.py", line 45, in <module>
    import numpy as np
ModuleNotFoundError: No module named 'numpy'
FAIL bench\campaigns\advisor-batch-3-s2\runs\cfg-116b3958\sphere_box_s2_c0\t0\mesh.vtu: Could not find platform independent libraries <prefix>
Traceback (most recent call last):
  File "C:\Users\Yakub\Desktop\Polyhedral-FEA\scripts\vtu_wire_png.py", line 23, in <module>
    import figstyle as fs  # noqa: E402
    ^^^^^^^^^^^^^^^^^^^^^
  File "C:\Users\Yakub\Desktop\Polyhedral-FEA\scripts\figstyle.py", line 45, in <module>
    import numpy as np
ModuleNotFoundError: No module named 'numpy'
FAIL bench\campaigns\advisor-batch-3-s2\runs\cfg-116b3958\sphere_box_s2_c1\t0\mesh.vtu: Could not find platform independent libraries <prefix>
Traceback (most recent call last):
  File "C:\Users\Yakub\Desktop\Polyhedral-FEA\scripts\vtu_wire_png.py", line 23, in <module>
    import figstyle as fs  # noqa: E402
    ^^^^^^^^^^^^^^^^^^^^^
  File "C:\Users\Yakub\Desktop\Polyhedral-FEA\scripts\figstyle.py", line 45, in <module>
    import numpy as np
ModuleNotFoundError: No module named 'numpy'
FAIL bench\campaigns\advisor-batch-3-s2\runs\cfg-116b3958\sphere_box_s2_c2\t0\mesh.vtu: Could not find platform independent libraries <prefix>
Traceback (most recent call last):
  File "C:\Users\Yakub\Desktop\Polyhedral-FEA\scripts\vtu_wire_png.py", line 23, in <module>
    import figstyle as fs  # noqa: E402
    ^^^^^^^^^^^^^^^^^^^^^
  File "C:\Users\Yakub\Desktop\Polyhedral-FEA\scripts\figstyle.py", line 45, in <module>
    import numpy as np
ModuleNotFoundError: No module named 'numpy'
FAIL bench\campaigns\advisor-batch-3-s2\runs\cfg-5ff72b2a\box_hole_s0_c0\t0\mesh.vtu: Could not find platform independent libraries <prefix>
Traceback (most recent call last):
  File "C:\Users\Yakub\Desktop\Polyhedral-FEA\scripts\vtu_wire_png.py", line 23, in <module>
    import figstyle as fs  # noqa: E402
    ^^^^^^^^^^^^^^^^^^^^^
  File "C:\Users\Yakub\Desktop\Polyhedral-FEA\scripts\figstyle.py", line 45, in <module>
    import numpy as np
ModuleNotFoundError: No module named 'numpy'
FAIL bench\campaigns\advisor-batch-3-s2\runs\cfg-5ff72b2a\box_hole_s0_c1\t0\mesh.vtu: Could not find platform independent libraries <prefix>
Traceback (most recent call last):
  File "C:\Users\Yakub\Desktop\Polyhedral-FEA\scripts\vtu_wire_png.py", line 23, in <module>
    import figstyle as fs  # noqa: E402
    ^^^^^^^^^^^^^^^^^^^^^
  File "C:\Users\Yakub\Desktop\Polyhedral-FEA\scripts\figstyle.py", line 45, in <module>
    import numpy as np
ModuleNotFoundError: No module named 'numpy'
FAIL bench\campaigns\advisor-batch-3-s2\runs\cfg-5ff72b2a\box_hole_s0_c2\t0\mesh.vtu: Could not find platform independent libraries <prefix>
Traceback (most recent call last):
  File "C:\Users\Yakub\Desktop\Polyhedral-FEA\scripts\vtu_wire_png.py", line 23, in <module>
    import figstyle as fs  # noqa: E402
    ^^^^^^^^^^^^^^^^^^^^^
  File "C:\Users\Yakub\Desktop\Polyhedral-FEA\scripts\figstyle.py", line 45, in <module>
    import numpy as np
ModuleNotFoundError: No module named 'numpy'
FAIL bench\campaigns\advisor-batch-3-s2\runs\cfg-5ff72b2a\channel_s0_c0\t0\mesh.vtu: Could not find platform independent libraries <prefix>
Traceback (most recent call last):
  File "C:\Users\Yakub\Desktop\Polyhedral-FEA\scripts\vtu_wire_png.py", line 23, in <module>
    import figstyle as fs  # noqa: E402
    ^^^^^^^^^^^^^^^^^^^^^
  File "C:\Users\Yakub\Desktop\Polyhedral-FEA\scripts\figstyle.py", line 45, in <module>
    import numpy as np
ModuleNotFoundError: No module named 'numpy'
FAIL bench\campaigns\advisor-batch-3-s2\runs\cfg-5ff72b2a\channel_s0_c1\t0\mesh.vtu: Could not find platform independent libraries <prefix>
Traceback (most recent call last):
  File "C:\Users\Yakub\Desktop\Polyhedral-FEA\scripts\vtu_wire_png.py", line 23, in <module>
    import figstyle as fs  # noqa: E402
    ^^^^^^^^^^^^^^^^^^^^^
  File "C:\Users\Yakub\Desktop\Polyhedral-FEA\scripts\figstyle.py", line 45, in <module>
    import numpy as np
ModuleNotFoundError: No module named 'numpy'
FAIL bench\campaigns\advisor-batch-3-s2\runs\cfg-5ff72b2a\channel_s0_c2\t0\mesh.vtu: Could not find platform independent libraries <prefix>
Traceback (most recent call last):
  File "C:\Users\Yakub\Desktop\Polyhedral-FEA\scripts\vtu_wire_png.py", line 23, in <module>
    import figstyle as fs  # noqa: E402
    ^^^^^^^^^^^^^^^^^^^^^
  File "C:\Users\Yakub\Desktop\Polyhedral-FEA\scripts\figstyle.py", line 45, in <module>
    import numpy as np
ModuleNotFoundError: No module named 'numpy'
FAIL bench\campaigns\advisor-batch-3-s2\runs\cfg-5ff72b2a\l_bracket_s0_c0\t0\mesh.vtu: Could not find platform independent libraries <prefix>
Traceback (most recent call last):
  File "C:\Users\Yakub\Desktop\Polyhedral-FEA\scripts\vtu_wire_png.py", line 23, in <module>
    import figstyle as fs  # noqa: E402
    ^^^^^^^^^^^^^^^^^^^^^
  File "C:\Users\Yakub\Desktop\Polyhedral-FEA\scripts\figstyle.py", line 45, in <module>
    import numpy as np
ModuleNotFoundError: No module named 'numpy'
FAIL bench\campaigns\advisor-batch-3-s2\runs\cfg-5ff72b2a\l_bracket_s0_c1\t0\mesh.vtu: Could not find platform independent libraries <prefix>
Traceback (most recent call last):
  File "C:\Users\Yakub\Desktop\Polyhedral-FEA\scripts\vtu_wire_png.py", line 23, in <module>
    import figstyle as fs  # noqa: E402
    ^^^^^^^^^^^^^^^^^^^^^
  File "C:\Users\Yakub\Desktop\Polyhedral-FEA\scripts\figstyle.py", line 45, in <module>
    import numpy as np
ModuleNotFoundError: No module named 'numpy'
FAIL bench\campaigns\advisor-batch-3-s2\runs\cfg-5ff72b2a\l_bracket_s0_c2\t0\mesh.vtu: Could not find platform independent libraries <prefix>
Traceback (most recent call last):
  File "C:\Users\Yakub\Desktop\Polyhedral-FEA\scripts\vtu_wire_png.py", line 23, in <module>
    import figstyle as fs  # noqa: E402
    ^^^^^^^^^^^^^^^^^^^^^
  File "C:\Users\Yakub\Desktop\Polyhedral-FEA\scripts\figstyle.py", line 45, in <module>
    import numpy as np
ModuleNotFoundError: No module named 'numpy'
FAIL bench\campaigns\advisor-batch-3-s2\runs\cfg-5ff72b2a\l_bracket_s2_c0\t0\mesh.vtu: Could not find platform independent libraries <prefix>
Traceback (most recent call last):
  File "C:\Users\Yakub\Desktop\Polyhedral-FEA\scripts\vtu_wire_png.py", line 23, in <module>
    import figstyle as fs  # noqa: E402
    ^^^^^^^^^^^^^^^^^^^^^
  File "C:\Users\Yakub\Desktop\Polyhedral-FEA\scripts\figstyle.py", line 45, in <module>
    import numpy as np
ModuleNotFoundError: No module named 'numpy'
FAIL bench\campaigns\advisor-batch-3-s2\runs\cfg-5ff72b2a\l_bracket_s2_c1\t0\mesh.vtu: Could not find platform independent libraries <prefix>
Traceback (most recent call last):
  File "C:\Users\Yakub\Desktop\Polyhedral-FEA\scripts\vtu_wire_png.py", line 23, in <module>
    import figstyle as fs  # noqa: E402
    ^^^^^^^^^^^^^^^^^^^^^
  File "C:\Users\Yakub\Desktop\Polyhedral-FEA\scripts\figstyle.py", line 45, in <module>
    import numpy as np
ModuleNotFoundError: No module named 'numpy'
FAIL bench\campaigns\advisor-batch-3-s2\runs\cfg-5ff72b2a\l_bracket_s2_c2\t0\mesh.vtu: Could not find platform independent libraries <prefix>
Traceback (most recent call last):
  File "C:\Users\Yakub\Desktop\Polyhedral-FEA\scripts\vtu_wire_png.py", line 23, in <module>
    import figstyle as fs  # noqa: E402
    ^^^^^^^^^^^^^^^^^^^^^
  File "C:\Users\Yakub\Desktop\Polyhedral-FEA\scripts\figstyle.py", line 45, in <module>
    import numpy as np
ModuleNotFoundError: No module named 'numpy'
FAIL bench\campaigns\advisor-batch-3-s2\runs\cfg-5ff72b2a\plate_notch_s0_c0\t0\mesh.vtu: Could not find platform independent libraries <prefix>
Traceback (most recent call last):
  File "C:\Users\Yakub\Desktop\Polyhedral-FEA\scripts\vtu_wire_png.py", line 23, in <module>
    import figstyle as fs  # noqa: E402
    ^^^^^^^^^^^^^^^^^^^^^
  File "C:\Users\Yakub\Desktop\Polyhedral-FEA\scripts\figstyle.py", line 45, in <module>
    import numpy as np
ModuleNotFoundError: No module named 'numpy'
FAIL bench\campaigns\advisor-batch-3-s2\runs\cfg-5ff72b2a\plate_notch_s0_c1\t0\mesh.vtu: Could not find platform independent libraries <prefix>
Traceback (most recent call last):
  File "C:\Users\Yakub\Desktop\Polyhedral-FEA\scripts\vtu_wire_png.py", line 23, in <module>
    import figstyle as fs  # noqa: E402
    ^^^^^^^^^^^^^^^^^^^^^
  File "C:\Users\Yakub\Desktop\Polyhedral-FEA\scripts\figstyle.py", line 45, in <module>
    import numpy as np
ModuleNotFoundError: No module named 'numpy'
FAIL bench\campaigns\advisor-batch-3-s2\runs\cfg-5ff72b2a\plate_notch_s0_c2\t0\mesh.vtu: Could not find platform independent libraries <prefix>
Traceback (most recent call last):
  File "C:\Users\Yakub\Desktop\Polyhedral-FEA\scripts\vtu_wire_png.py", line 23, in <module>
    import figstyle as fs  # noqa: E402
    ^^^^^^^^^^^^^^^^^^^^^
  File "C:\Users\Yakub\Desktop\Polyhedral-FEA\scripts\figstyle.py", line 45, in <module>
    import numpy as np
ModuleNotFoundError: No module named 'numpy'
FAIL bench\campaigns\advisor-batch-3-s2\runs\cfg-5ff72b2a\plate_notch_s2_c0\t0\mesh.vtu: Could not find platform independent libraries <prefix>
Traceback (most recent call last):
  File "C:\Users\Yakub\Desktop\Polyhedral-FEA\scripts\vtu_wire_png.py", line 23, in <module>
    import figstyle as fs  # noqa: E402
    ^^^^^^^^^^^^^^^^^^^^^
  File "C:\Users\Yakub\Desktop\Polyhedral-FEA\scripts\figstyle.py", line 45, in <module>
    import numpy as np
ModuleNotFoundError: No module named 'numpy'
FAIL bench\campaigns\advisor-batch-3-s2\runs\cfg-5ff72b2a\plate_notch_s2_c1\t0\mesh.vtu: Could not find platform independent libraries <prefix>
Traceback (most recent call last):
  File "C:\Users\Yakub\Desktop\Polyhedral-FEA\scripts\vtu_wire_png.py", line 23, in <module>
    import figstyle as fs  # noqa: E402
    ^^^^^^^^^^^^^^^^^^^^^
  File "C:\Users\Yakub\Desktop\Polyhedral-FEA\scripts\figstyle.py", line 45, in <module>
    import numpy as np
ModuleNotFoundError: No module named 'numpy'
FAIL bench\campaigns\advisor-batch-3-s2\runs\cfg-5ff72b2a\plate_notch_s2_c2\t0\mesh.vtu: Could not find platform independent libraries <prefix>
Traceback (most recent call last):
  File "C:\Users\Yakub\Desktop\Polyhedral-FEA\scripts\vtu_wire_png.py", line 23, in <module>
    import figstyle as fs  # noqa: E402
    ^^^^^^^^^^^^^^^^^^^^^
  File "C:\Users\Yakub\Desktop\Polyhedral-FEA\scripts\figstyle.py", line 45, in <module>
    import numpy as np
ModuleNotFoundError: No module named 'numpy'
FAIL bench\campaigns\advisor-batch-3-s2\runs\cfg-5ff72b2a\sphere_box_s0_c0\t0\mesh.vtu: Could not find platform independent libraries <prefix>
Traceback (most recent call last):
  File "C:\Users\Yakub\Desktop\Polyhedral-FEA\scripts\vtu_wire_png.py", line 23, in <module>
    import figstyle as fs  # noqa: E402
    ^^^^^^^^^^^^^^^^^^^^^
  File "C:\Users\Yakub\Desktop\Polyhedral-FEA\scripts\figstyle.py", line 45, in <module>
    import numpy as np
ModuleNotFoundError: No module named 'numpy'
FAIL bench\campaigns\advisor-batch-3-s2\runs\cfg-5ff72b2a\sphere_box_s0_c1\t0\mesh.vtu: Could not find platform independent libraries <prefix>
Traceback (most recent call last):
  File "C:\Users\Yakub\Desktop\Polyhedral-FEA\scripts\vtu_wire_png.py", line 23, in <module>
    import figstyle as fs  # noqa: E402
    ^^^^^^^^^^^^^^^^^^^^^
  File "C:\Users\Yakub\Desktop\Polyhedral-FEA\scripts\figstyle.py", line 45, in <module>
    import numpy as np
ModuleNotFoundError: No module named 'numpy'
FAIL bench\campaigns\advisor-batch-3-s2\runs\cfg-5ff72b2a\sphere_box_s0_c2\t0\mesh.vtu: Could not find platform independent libraries <prefix>
Traceback (most recent call last):
  File "C:\Users\Yakub\Desktop\Polyhedral-FEA\scripts\vtu_wire_png.py", line 23, in <module>
    import figstyle as fs  # noqa: E402
    ^^^^^^^^^^^^^^^^^^^^^
  File "C:\Users\Yakub\Desktop\Polyhedral-FEA\scripts\figstyle.py", line 45, in <module>
    import numpy as np
ModuleNotFoundError: No module named 'numpy'
FAIL bench\campaigns\advisor-batch-3-s2\runs\cfg-5ff72b2a\sphere_box_s2_c0\t0\mesh.vtu: Could not find platform independent libraries <prefix>
Traceback (most recent call last):
  File "C:\Users\Yakub\Desktop\Polyhedral-FEA\scripts\vtu_wire_png.py", line 23, in <module>
    import figstyle as fs  # noqa: E402
    ^^^^^^^^^^^^^^^^^^^^^
  File "C:\Users\Yakub\Desktop\Polyhedral-FEA\scripts\figstyle.py", line 45, in <module>
    import numpy as np
ModuleNotFoundError: No module named 'numpy'
FAIL bench\campaigns\advisor-batch-3-s2\runs\cfg-5ff72b2a\sphere_box_s2_c1\t0\mesh.vtu: Could not find platform independent libraries <prefix>
Traceback (most recent call last):
  File "C:\Users\Yakub\Desktop\Polyhedral-FEA\scripts\vtu_wire_png.py", line 23, in <module>
    import figstyle as fs  # noqa: E402
    ^^^^^^^^^^^^^^^^^^^^^
  File "C:\Users\Yakub\Desktop\Polyhedral-FEA\scripts\figstyle.py", line 45, in <module>
    import numpy as np
ModuleNotFoundError: No module named 'numpy'
FAIL bench\campaigns\advisor-batch-3-s2\runs\cfg-5ff72b2a\sphere_box_s2_c2\t0\mesh.vtu: Could not find platform independent libraries <prefix>
Traceback (most recent call last):
  File "C:\Users\Yakub\Desktop\Polyhedral-FEA\scripts\vtu_wire_png.py", line 23, in <module>
    import figstyle as fs  # noqa: E402
    ^^^^^^^^^^^^^^^^^^^^^
  File "C:\Users\Yakub\Desktop\Polyhedral-FEA\scripts\figstyle.py", line 45, in <module>
    import numpy as np
ModuleNotFoundError: No module named 'numpy'
FAIL bench\campaigns\advisor-batch-3-s2\runs\cfg-a1ad5ec9\box_hole_s0_c0\t0\mesh.vtu: Could not find platform independent libraries <prefix>
Traceback (most recent call last):
  File "C:\Users\Yakub\Desktop\Polyhedral-FEA\scripts\vtu_wire_png.py", line 23, in <module>
    import figstyle as fs  # noqa: E402
    ^^^^^^^^^^^^^^^^^^^^^
  File "C:\Users\Yakub\Desktop\Polyhedral-FEA\scripts\figstyle.py", line 45, in <module>
    import numpy as np
ModuleNotFoundError: No module named 'numpy'
FAIL bench\campaigns\advisor-batch-3-s2\runs\cfg-a1ad5ec9\box_hole_s0_c1\t0\mesh.vtu: Could not find platform independent libraries <prefix>
Traceback (most recent call last):
  File "C:\Users\Yakub\Desktop\Polyhedral-FEA\scripts\vtu_wire_png.py", line 23, in <module>
    import figstyle as fs  # noqa: E402
    ^^^^^^^^^^^^^^^^^^^^^
  File "C:\Users\Yakub\Desktop\Polyhedral-FEA\scripts\figstyle.py", line 45, in <module>
    import numpy as np
ModuleNotFoundError: No module named 'numpy'
FAIL bench\campaigns\advisor-batch-3-s2\runs\cfg-a1ad5ec9\box_hole_s0_c2\t0\mesh.vtu: Could not find platform independent libraries <prefix>
Traceback (most recent call last):
  File "C:\Users\Yakub\Desktop\Polyhedral-FEA\scripts\vtu_wire_png.py", line 23, in <module>
    import figstyle as fs  # noqa: E402
    ^^^^^^^^^^^^^^^^^^^^^
  File "C:\Users\Yakub\Desktop\Polyhedral-FEA\scripts\figstyle.py", line 45, in <module>
    import numpy as np
ModuleNotFoundError: No module named 'numpy'
FAIL bench\campaigns\advisor-batch-3-s2\runs\cfg-a1ad5ec9\channel_s0_c0\t0\mesh.vtu: Could not find platform independent libraries <prefix>
Traceback (most recent call last):
  File "C:\Users\Yakub\Desktop\Polyhedral-FEA\scripts\vtu_wire_png.py", line 23, in <module>
    import figstyle as fs  # noqa: E402
    ^^^^^^^^^^^^^^^^^^^^^
  File "C:\Users\Yakub\Desktop\Polyhedral-FEA\scripts\figstyle.py", line 45, in <module>
    import numpy as np
ModuleNotFoundError: No module named 'numpy'
FAIL bench\campaigns\advisor-batch-3-s2\runs\cfg-a1ad5ec9\channel_s0_c1\t0\mesh.vtu: Could not find platform independent libraries <prefix>
Traceback (most recent call last):
  File "C:\Users\Yakub\Desktop\Polyhedral-FEA\scripts\vtu_wire_png.py", line 23, in <module>
    import figstyle as fs  # noqa: E402
    ^^^^^^^^^^^^^^^^^^^^^
  File "C:\Users\Yakub\Desktop\Polyhedral-FEA\scripts\figstyle.py", line 45, in <module>
    import numpy as np
ModuleNotFoundError: No module named 'numpy'
FAIL bench\campaigns\advisor-batch-3-s2\runs\cfg-a1ad5ec9\channel_s0_c2\t0\mesh.vtu: Could not find platform independent libraries <prefix>
Traceback (most recent call last):
  File "C:\Users\Yakub\Desktop\Polyhedral-FEA\scripts\vtu_wire_png.py", line 23, in <module>
    import figstyle as fs  # noqa: E402
    ^^^^^^^^^^^^^^^^^^^^^
  File "C:\Users\Yakub\Desktop\Polyhedral-FEA\scripts\figstyle.py", line 45, in <module>
    import numpy as np
ModuleNotFoundError: No module named 'numpy'
FAIL bench\campaigns\advisor-batch-3-s2\runs\cfg-a1ad5ec9\l_bracket_s0_c0\t0\mesh.vtu: Could not find platform independent libraries <prefix>
Traceback (most recent call last):
  File "C:\Users\Yakub\Desktop\Polyhedral-FEA\scripts\vtu_wire_png.py", line 23, in <module>
    import figstyle as fs  # noqa: E402
    ^^^^^^^^^^^^^^^^^^^^^
  File "C:\Users\Yakub\Desktop\Polyhedral-FEA\scripts\figstyle.py", line 45, in <module>
    import numpy as np
ModuleNotFoundError: No module named 'numpy'
FAIL bench\campaigns\advisor-batch-3-s2\runs\cfg-a1ad5ec9\l_bracket_s0_c1\t0\mesh.vtu: Could not find platform independent libraries <prefix>
Traceback (most recent call last):
  File "C:\Users\Yakub\Desktop\Polyhedral-FEA\scripts\vtu_wire_png.py", line 23, in <module>
    import figstyle as fs  # noqa: E402
    ^^^^^^^^^^^^^^^^^^^^^
  File "C:\Users\Yakub\Desktop\Polyhedral-FEA\scripts\figstyle.py", line 45, in <module>
    import numpy as np
ModuleNotFoundError: No module named 'numpy'
FAIL bench\campaigns\advisor-batch-3-s2\runs\cfg-a1ad5ec9\l_bracket_s0_c2\t0\mesh.vtu: Could not find platform independent libraries <prefix>
Traceback (most recent call last):
  File "C:\Users\Yakub\Desktop\Polyhedral-FEA\scripts\vtu_wire_png.py", line 23, in <module>
    import figstyle as fs  # noqa: E402
    ^^^^^^^^^^^^^^^^^^^^^
  File "C:\Users\Yakub\Desktop\Polyhedral-FEA\scripts\figstyle.py", line 45, in <module>
    import numpy as np
ModuleNotFoundError: No module named 'numpy'
FAIL bench\campaigns\advisor-batch-3-s2\runs\cfg-a1ad5ec9\l_bracket_s2_c0\t0\mesh.vtu: Could not find platform independent libraries <prefix>
Traceback (most recent call last):
  File "C:\Users\Yakub\Desktop\Polyhedral-FEA\scripts\vtu_wire_png.py", line 23, in <module>
    import figstyle as fs  # noqa: E402
    ^^^^^^^^^^^^^^^^^^^^^
  File "C:\Users\Yakub\Desktop\Polyhedral-FEA\scripts\figstyle.py", line 45, in <module>
    import numpy as np
ModuleNotFoundError: No module named 'numpy'
FAIL bench\campaigns\advisor-batch-3-s2\runs\cfg-a1ad5ec9\l_bracket_s2_c1\t0\mesh.vtu: Could not find platform independent libraries <prefix>
Traceback (most recent call last):
  File "C:\Users\Yakub\Desktop\Polyhedral-FEA\scripts\vtu_wire_png.py", line 23, in <module>
    import figstyle as fs  # noqa: E402
    ^^^^^^^^^^^^^^^^^^^^^
  File "C:\Users\Yakub\Desktop\Polyhedral-FEA\scripts\figstyle.py", line 45, in <module>
    import numpy as np
ModuleNotFoundError: No module named 'numpy'
FAIL bench\campaigns\advisor-batch-3-s2\runs\cfg-a1ad5ec9\l_bracket_s2_c2\t0\mesh.vtu: Could not find platform independent libraries <prefix>
Traceback (most recent call last):
  File "C:\Users\Yakub\Desktop\Polyhedral-FEA\scripts\vtu_wire_png.py", line 23, in <module>
    import figstyle as fs  # noqa: E402
    ^^^^^^^^^^^^^^^^^^^^^
  File "C:\Users\Yakub\Desktop\Polyhedral-FEA\scripts\figstyle.py", line 45, in <module>
    import numpy as np
ModuleNotFoundError: No module named 'numpy'
FAIL bench\campaigns\advisor-batch-3-s2\runs\cfg-a1ad5ec9\plate_notch_s0_c0\t0\mesh.vtu: Could not find platform independent libraries <prefix>
Traceback (most recent call last):
  File "C:\Users\Yakub\Desktop\Polyhedral-FEA\scripts\vtu_wire_png.py", line 23, in <module>
    import figstyle as fs  # noqa: E402
    ^^^^^^^^^^^^^^^^^^^^^
  File "C:\Users\Yakub\Desktop\Polyhedral-FEA\scripts\figstyle.py", line 45, in <module>
    import numpy as np
ModuleNotFoundError: No module named 'numpy'
FAIL bench\campaigns\advisor-batch-3-s2\runs\cfg-a1ad5ec9\plate_notch_s0_c1\t0\mesh.vtu: Could not find platform independent libraries <prefix>
Traceback (most recent call last):
  File "C:\Users\Yakub\Desktop\Polyhedral-FEA\scripts\vtu_wire_png.py", line 23, in <module>
    import figstyle as fs  # noqa: E402
    ^^^^^^^^^^^^^^^^^^^^^
  File "C:\Users\Yakub\Desktop\Polyhedral-FEA\scripts\figstyle.py", line 45, in <module>
    import numpy as np
ModuleNotFoundError: No module named 'numpy'
FAIL bench\campaigns\advisor-batch-3-s2\runs\cfg-a1ad5ec9\plate_notch_s0_c2\t0\mesh.vtu: Could not find platform independent libraries <prefix>
Traceback (most recent call last):
  File "C:\Users\Yakub\Desktop\Polyhedral-FEA\scripts\vtu_wire_png.py", line 23, in <module>
    import figstyle as fs  # noqa: E402
    ^^^^^^^^^^^^^^^^^^^^^
  File "C:\Users\Yakub\Desktop\Polyhedral-FEA\scripts\figstyle.py", line 45, in <module>
    import numpy as np
ModuleNotFoundError: No module named 'numpy'
FAIL bench\campaigns\advisor-batch-3-s2\runs\cfg-a1ad5ec9\plate_notch_s2_c0\t0\mesh.vtu: Could not find platform independent libraries <prefix>
Traceback (most recent call last):
  File "C:\Users\Yakub\Desktop\Polyhedral-FEA\scripts\vtu_wire_png.py", line 23, in <module>
    import figstyle as fs  # noqa: E402
    ^^^^^^^^^^^^^^^^^^^^^
  File "C:\Users\Yakub\Desktop\Polyhedral-FEA\scripts\figstyle.py", line 45, in <module>
    import numpy as np
ModuleNotFoundError: No module named 'numpy'
FAIL bench\campaigns\advisor-batch-3-s2\runs\cfg-a1ad5ec9\plate_notch_s2_c1\t0\mesh.vtu: Could not find platform independent libraries <prefix>
Traceback (most recent call last):
  File "C:\Users\Yakub\Desktop\Polyhedral-FEA\scripts\vtu_wire_png.py", line 23, in <module>
    import figstyle as fs  # noqa: E402
    ^^^^^^^^^^^^^^^^^^^^^
  File "C:\Users\Yakub\Desktop\Polyhedral-FEA\scripts\figstyle.py", line 45, in <module>
    import numpy as np
ModuleNotFoundError: No module named 'numpy'
FAIL bench\campaigns\advisor-batch-3-s2\runs\cfg-a1ad5ec9\plate_notch_s2_c2\t0\mesh.vtu: Could not find platform independent libraries <prefix>
Traceback (most recent call last):
  File "C:\Users\Yakub\Desktop\Polyhedral-FEA\scripts\vtu_wire_png.py", line 23, in <module>
    import figstyle as fs  # noqa: E402
    ^^^^^^^^^^^^^^^^^^^^^
  File "C:\Users\Yakub\Desktop\Polyhedral-FEA\scripts\figstyle.py", line 45, in <module>
    import numpy as np
ModuleNotFoundError: No module named 'numpy'
FAIL bench\campaigns\advisor-batch-3-s2\runs\cfg-a1ad5ec9\sphere_box_s0_c0\t0\mesh.vtu: Could not find platform independent libraries <prefix>
Traceback (most recent call last):
  File "C:\Users\Yakub\Desktop\Polyhedral-FEA\scripts\vtu_wire_png.py", line 23, in <module>
    import figstyle as fs  # noqa: E402
    ^^^^^^^^^^^^^^^^^^^^^
  File "C:\Users\Yakub\Desktop\Polyhedral-FEA\scripts\figstyle.py", line 45, in <module>
    import numpy as np
ModuleNotFoundError: No module named 'numpy'
FAIL bench\campaigns\advisor-batch-3-s2\runs\cfg-a1ad5ec9\sphere_box_s0_c1\t0\mesh.vtu: Could not find platform independent libraries <prefix>
Traceback (most recent call last):
  File "C:\Users\Yakub\Desktop\Polyhedral-FEA\scripts\vtu_wire_png.py", line 23, in <module>
    import figstyle as fs  # noqa: E402
    ^^^^^^^^^^^^^^^^^^^^^
  File "C:\Users\Yakub\Desktop\Polyhedral-FEA\scripts\figstyle.py", line 45, in <module>
    import numpy as np
ModuleNotFoundError: No module named 'numpy'
FAIL bench\campaigns\advisor-batch-3-s2\runs\cfg-a1ad5ec9\sphere_box_s0_c2\t0\mesh.vtu: Could not find platform independent libraries <prefix>
Traceback (most recent call last):
  File "C:\Users\Yakub\Desktop\Polyhedral-FEA\scripts\vtu_wire_png.py", line 23, in <module>
    import figstyle as fs  # noqa: E402
    ^^^^^^^^^^^^^^^^^^^^^
  File "C:\Users\Yakub\Desktop\Polyhedral-FEA\scripts\figstyle.py", line 45, in <module>
    import numpy as np
ModuleNotFoundError: No module named 'numpy'
FAIL bench\campaigns\advisor-batch-3-s2\runs\cfg-a1ad5ec9\sphere_box_s2_c0\t0\mesh.vtu: Could not find platform independent libraries <prefix>
Traceback (most recent call last):
  File "C:\Users\Yakub\Desktop\Polyhedral-FEA\scripts\vtu_wire_png.py", line 23, in <module>
    import figstyle as fs  # noqa: E402
    ^^^^^^^^^^^^^^^^^^^^^
  File "C:\Users\Yakub\Desktop\Polyhedral-FEA\scripts\figstyle.py", line 45, in <module>
    import numpy as np
ModuleNotFoundError: No module named 'numpy'
FAIL bench\campaigns\advisor-batch-3-s2\runs\cfg-a1ad5ec9\sphere_box_s2_c1\t0\mesh.vtu: Could not find platform independent libraries <prefix>
Traceback (most recent call last):
  File "C:\Users\Yakub\Desktop\Polyhedral-FEA\scripts\vtu_wire_png.py", line 23, in <module>
    import figstyle as fs  # noqa: E402
    ^^^^^^^^^^^^^^^^^^^^^
  File "C:\Users\Yakub\Desktop\Polyhedral-FEA\scripts\figstyle.py", line 45, in <module>
    import numpy as np
ModuleNotFoundError: No module named 'numpy'
FAIL bench\campaigns\advisor-batch-3-s2\runs\cfg-a1ad5ec9\sphere_box_s2_c2\t0\mesh.vtu: Could not find platform independent libraries <prefix>
Traceback (most recent call last):
  File "C:\Users\Yakub\Desktop\Polyhedral-FEA\scripts\vtu_wire_png.py", line 23, in <module>
    import figstyle as fs  # noqa: E402
    ^^^^^^^^^^^^^^^^^^^^^
  File "C:\Users\Yakub\Desktop\Polyhedral-FEA\scripts\figstyle.py", line 45, in <module>
    import numpy as np
ModuleNotFoundError: No module named 'numpy'
FAIL bench\campaigns\advisor-batch-3-s2\runs\cfg-e04b39c3\box_hole_s0_c0\t0\mesh.vtu: Could not find platform independent libraries <prefix>
Traceback (most recent call last):
  File "C:\Users\Yakub\Desktop\Polyhedral-FEA\scripts\vtu_wire_png.py", line 23, in <module>
    import figstyle as fs  # noqa: E402
    ^^^^^^^^^^^^^^^^^^^^^
  File "C:\Users\Yakub\Desktop\Polyhedral-FEA\scripts\figstyle.py", line 45, in <module>
    import numpy as np
ModuleNotFoundError: No module named 'numpy'
FAIL bench\campaigns\advisor-batch-3-s2\runs\cfg-e04b39c3\box_hole_s0_c1\t0\mesh.vtu: Could not find platform independent libraries <prefix>
Traceback (most recent call last):
  File "C:\Users\Yakub\Desktop\Polyhedral-FEA\scripts\vtu_wire_png.py", line 23, in <module>
    import figstyle as fs  # noqa: E402
    ^^^^^^^^^^^^^^^^^^^^^
  File "C:\Users\Yakub\Desktop\Polyhedral-FEA\scripts\figstyle.py", line 45, in <module>
    import numpy as np
ModuleNotFoundError: No module named 'numpy'
FAIL bench\campaigns\advisor-batch-3-s2\runs\cfg-e04b39c3\box_hole_s0_c2\t0\mesh.vtu: Could not find platform independent libraries <prefix>
Traceback (most recent call last):
  File "C:\Users\Yakub\Desktop\Polyhedral-FEA\scripts\vtu_wire_png.py", line 23, in <module>
    import figstyle as fs  # noqa: E402
    ^^^^^^^^^^^^^^^^^^^^^
  File "C:\Users\Yakub\Desktop\Polyhedral-FEA\scripts\figstyle.py", line 45, in <module>
    import numpy as np
ModuleNotFoundError: No module named 'numpy'
FAIL bench\campaigns\advisor-batch-3-s2\runs\cfg-e04b39c3\channel_s0_c0\t0\mesh.vtu: Could not find platform independent libraries <prefix>
Traceback (most recent call last):
  File "C:\Users\Yakub\Desktop\Polyhedral-FEA\scripts\vtu_wire_png.py", line 23, in <module>
    import figstyle as fs  # noqa: E402
    ^^^^^^^^^^^^^^^^^^^^^
  File "C:\Users\Yakub\Desktop\Polyhedral-FEA\scripts\figstyle.py", line 45, in <module>
    import numpy as np
ModuleNotFoundError: No module named 'numpy'
FAIL bench\campaigns\advisor-batch-3-s2\runs\cfg-e04b39c3\channel_s0_c1\t0\mesh.vtu: Could not find platform independent libraries <prefix>
Traceback (most recent call last):
  File "C:\Users\Yakub\Desktop\Polyhedral-FEA\scripts\vtu_wire_png.py", line 23, in <module>
    import figstyle as fs  # noqa: E402
    ^^^^^^^^^^^^^^^^^^^^^
  File "C:\Users\Yakub\Desktop\Polyhedral-FEA\scripts\figstyle.py", line 45, in <module>
    import numpy as np
ModuleNotFoundError: No module named 'numpy'
FAIL bench\campaigns\advisor-batch-3-s2\runs\cfg-e04b39c3\channel_s0_c2\t0\mesh.vtu: Could not find platform independent libraries <prefix>
Traceback (most recent call last):
  File "C:\Users\Yakub\Desktop\Polyhedral-FEA\scripts\vtu_wire_png.py", line 23, in <module>
    import figstyle as fs  # noqa: E402
    ^^^^^^^^^^^^^^^^^^^^^
  File "C:\Users\Yakub\Desktop\Polyhedral-FEA\scripts\figstyle.py", line 45, in <module>
    import numpy as np
ModuleNotFoundError: No module named 'numpy'
FAIL bench\campaigns\advisor-batch-3-s2\runs\cfg-e04b39c3\l_bracket_s0_c0\t0\mesh.vtu: Could not find platform independent libraries <prefix>
Traceback (most recent call last):
  File "C:\Users\Yakub\Desktop\Polyhedral-FEA\scripts\vtu_wire_png.py", line 23, in <module>
    import figstyle as fs  # noqa: E402
    ^^^^^^^^^^^^^^^^^^^^^
  File "C:\Users\Yakub\Desktop\Polyhedral-FEA\scripts\figstyle.py", line 45, in <module>
    import numpy as np
ModuleNotFoundError: No module named 'numpy'
FAIL bench\campaigns\advisor-batch-3-s2\runs\cfg-e04b39c3\l_bracket_s0_c1\t0\mesh.vtu: Could not find platform independent libraries <prefix>
Traceback (most recent call last):
  File "C:\Users\Yakub\Desktop\Polyhedral-FEA\scripts\vtu_wire_png.py", line 23, in <module>
    import figstyle as fs  # noqa: E402
    ^^^^^^^^^^^^^^^^^^^^^
  File "C:\Users\Yakub\Desktop\Polyhedral-FEA\scripts\figstyle.py", line 45, in <module>
    import numpy as np
ModuleNotFoundError: No module named 'numpy'
FAIL bench\campaigns\advisor-batch-3-s2\runs\cfg-e04b39c3\l_bracket_s0_c2\t0\mesh.vtu: Could not find platform independent libraries <prefix>
Traceback (most recent call last):
  File "C:\Users\Yakub\Desktop\Polyhedral-FEA\scripts\vtu_wire_png.py", line 23, in <module>
    import figstyle as fs  # noqa: E402
    ^^^^^^^^^^^^^^^^^^^^^
  File "C:\Users\Yakub\Desktop\Polyhedral-FEA\scripts\figstyle.py", line 45, in <module>
    import numpy as np
ModuleNotFoundError: No module named 'numpy'
FAIL bench\campaigns\advisor-batch-3-s2\runs\cfg-e04b39c3\l_bracket_s2_c0\t0\mesh.vtu: Could not find platform independent libraries <prefix>
Traceback (most recent call last):
  File "C:\Users\Yakub\Desktop\Polyhedral-FEA\scripts\vtu_wire_png.py", line 23, in <module>
    import figstyle as fs  # noqa: E402
    ^^^^^^^^^^^^^^^^^^^^^
  File "C:\Users\Yakub\Desktop\Polyhedral-FEA\scripts\figstyle.py", line 45, in <module>
    import numpy as np
ModuleNotFoundError: No module named 'numpy'
FAIL bench\campaigns\advisor-batch-3-s2\runs\cfg-e04b39c3\l_bracket_s2_c1\t0\mesh.vtu: Could not find platform independent libraries <prefix>
Traceback (most recent call last):
  File "C:\Users\Yakub\Desktop\Polyhedral-FEA\scripts\vtu_wire_png.py", line 23, in <module>
    import figstyle as fs  # noqa: E402
    ^^^^^^^^^^^^^^^^^^^^^
  File "C:\Users\Yakub\Desktop\Polyhedral-FEA\scripts\figstyle.py", line 45, in <module>
    import numpy as np
ModuleNotFoundError: No module named 'numpy'
FAIL bench\campaigns\advisor-batch-3-s2\runs\cfg-e04b39c3\l_bracket_s2_c2\t0\mesh.vtu: Could not find platform independent libraries <prefix>
Traceback (most recent call last):
  File "C:\Users\Yakub\Desktop\Polyhedral-FEA\scripts\vtu_wire_png.py", line 23, in <module>
    import figstyle as fs  # noqa: E402
    ^^^^^^^^^^^^^^^^^^^^^
  File "C:\Users\Yakub\Desktop\Polyhedral-FEA\scripts\figstyle.py", line 45, in <module>
    import numpy as np
ModuleNotFoundError: No module named 'numpy'
FAIL bench\campaigns\advisor-batch-3-s2\runs\cfg-e04b39c3\plate_notch_s0_c0\t0\mesh.vtu: Could not find platform independent libraries <prefix>
Traceback (most recent call last):
  File "C:\Users\Yakub\Desktop\Polyhedral-FEA\scripts\vtu_wire_png.py", line 23, in <module>
    import figstyle as fs  # noqa: E402
    ^^^^^^^^^^^^^^^^^^^^^
  File "C:\Users\Yakub\Desktop\Polyhedral-FEA\scripts\figstyle.py", line 45, in <module>
    import numpy as np
ModuleNotFoundError: No module named 'numpy'
FAIL bench\campaigns\advisor-batch-3-s2\runs\cfg-e04b39c3\plate_notch_s0_c1\t0\mesh.vtu: Could not find platform independent libraries <prefix>
Traceback (most recent call last):
  File "C:\Users\Yakub\Desktop\Polyhedral-FEA\scripts\vtu_wire_png.py", line 23, in <module>
    import figstyle as fs  # noqa: E402
    ^^^^^^^^^^^^^^^^^^^^^
  File "C:\Users\Yakub\Desktop\Polyhedral-FEA\scripts\figstyle.py", line 45, in <module>
    import numpy as np
ModuleNotFoundError: No module named 'numpy'
FAIL bench\campaigns\advisor-batch-3-s2\runs\cfg-e04b39c3\plate_notch_s0_c2\t0\mesh.vtu: Could not find platform independent libraries <prefix>
Traceback (most recent call last):
  File "C:\Users\Yakub\Desktop\Polyhedral-FEA\scripts\vtu_wire_png.py", line 23, in <module>
    import figstyle as fs  # noqa: E402
    ^^^^^^^^^^^^^^^^^^^^^
  File "C:\Users\Yakub\Desktop\Polyhedral-FEA\scripts\figstyle.py", line 45, in <module>
    import numpy as np
ModuleNotFoundError: No module named 'numpy'
FAIL bench\campaigns\advisor-batch-3-s2\runs\cfg-e04b39c3\plate_notch_s2_c0\t0\mesh.vtu: Could not find platform independent libraries <prefix>
Traceback (most recent call last):
  File "C:\Users\Yakub\Desktop\Polyhedral-FEA\scripts\vtu_wire_png.py", line 23, in <module>
    import figstyle as fs  # noqa: E402
    ^^^^^^^^^^^^^^^^^^^^^
  File "C:\Users\Yakub\Desktop\Polyhedral-FEA\scripts\figstyle.py", line 45, in <module>
    import numpy as np
ModuleNotFoundError: No module named 'numpy'
FAIL bench\campaigns\advisor-batch-3-s2\runs\cfg-e04b39c3\plate_notch_s2_c1\t0\mesh.vtu: Could not find platform independent libraries <prefix>
Traceback (most recent call last):
  File "C:\Users\Yakub\Desktop\Polyhedral-FEA\scripts\vtu_wire_png.py", line 23, in <module>
    import figstyle as fs  # noqa: E402
    ^^^^^^^^^^^^^^^^^^^^^
  File "C:\Users\Yakub\Desktop\Polyhedral-FEA\scripts\figstyle.py", line 45, in <module>
    import numpy as np
ModuleNotFoundError: No module named 'numpy'
FAIL bench\campaigns\advisor-batch-3-s2\runs\cfg-e04b39c3\plate_notch_s2_c2\t0\mesh.vtu: Could not find platform independent libraries <prefix>
Traceback (most recent call last):
  File "C:\Users\Yakub\Desktop\Polyhedral-FEA\scripts\vtu_wire_png.py", line 23, in <module>
    import figstyle as fs  # noqa: E402
    ^^^^^^^^^^^^^^^^^^^^^
  File "C:\Users\Yakub\Desktop\Polyhedral-FEA\scripts\figstyle.py", line 45, in <module>
    import numpy as np
ModuleNotFoundError: No module named 'numpy'
FAIL bench\campaigns\advisor-batch-3-s2\runs\cfg-e04b39c3\sphere_box_s0_c0\t0\mesh.vtu: Could not find platform independent libraries <prefix>
Traceback (most recent call last):
  File "C:\Users\Yakub\Desktop\Polyhedral-FEA\scripts\vtu_wire_png.py", line 23, in <module>
    import figstyle as fs  # noqa: E402
    ^^^^^^^^^^^^^^^^^^^^^
  File "C:\Users\Yakub\Desktop\Polyhedral-FEA\scripts\figstyle.py", line 45, in <module>
    import numpy as np
ModuleNotFoundError: No module named 'numpy'
FAIL bench\campaigns\advisor-batch-3-s2\runs\cfg-e04b39c3\sphere_box_s0_c1\t0\mesh.vtu: Could not find platform independent libraries <prefix>
Traceback (most recent call last):
  File "C:\Users\Yakub\Desktop\Polyhedral-FEA\scripts\vtu_wire_png.py", line 23, in <module>
    import figstyle as fs  # noqa: E402
    ^^^^^^^^^^^^^^^^^^^^^
  File "C:\Users\Yakub\Desktop\Polyhedral-FEA\scripts\figstyle.py", line 45, in <module>
    import numpy as np
ModuleNotFoundError: No module named 'numpy'
FAIL bench\campaigns\advisor-batch-3-s2\runs\cfg-e04b39c3\sphere_box_s0_c2\t0\mesh.vtu: Could not find platform independent libraries <prefix>
Traceback (most recent call last):
  File "C:\Users\Yakub\Desktop\Polyhedral-FEA\scripts\vtu_wire_png.py", line 23, in <module>
    import figstyle as fs  # noqa: E402
    ^^^^^^^^^^^^^^^^^^^^^
  File "C:\Users\Yakub\Desktop\Polyhedral-FEA\scripts\figstyle.py", line 45, in <module>
    import numpy as np
ModuleNotFoundError: No module named 'numpy'
FAIL bench\campaigns\advisor-batch-3-s2\runs\cfg-e04b39c3\sphere_box_s2_c0\t0\mesh.vtu: Could not find platform independent libraries <prefix>
Traceback (most recent call last):
  File "C:\Users\Yakub\Desktop\Polyhedral-FEA\scripts\vtu_wire_png.py", line 23, in <module>
    import figstyle as fs  # noqa: E402
    ^^^^^^^^^^^^^^^^^^^^^
  File "C:\Users\Yakub\Desktop\Polyhedral-FEA\scripts\figstyle.py", line 45, in <module>
    import numpy as np
ModuleNotFoundError: No module named 'numpy'
FAIL bench\campaigns\advisor-batch-3-s2\runs\cfg-e04b39c3\sphere_box_s2_c1\t0\mesh.vtu: Could not find platform independent libraries <prefix>
Traceback (most recent call last):
  File "C:\Users\Yakub\Desktop\Polyhedral-FEA\scripts\vtu_wire_png.py", line 23, in <module>
    import figstyle as fs  # noqa: E402
    ^^^^^^^^^^^^^^^^^^^^^
  File "C:\Users\Yakub\Desktop\Polyhedral-FEA\scripts\figstyle.py", line 45, in <module>
    import numpy as np
ModuleNotFoundError: No module named 'numpy'
FAIL bench\campaigns\advisor-batch-3-s2\runs\cfg-e04b39c3\sphere_box_s2_c2\t0\mesh.vtu: Could not find platform independent libraries <prefix>
Traceback (most recent call last):
  File "C:\Users\Yakub\Desktop\Polyhedral-FEA\scripts\vtu_wire_png.py", line 23, in <module>
    import figstyle as fs  # noqa: E402
    ^^^^^^^^^^^^^^^^^^^^^
  File "C:\Users\Yakub\Desktop\Polyhedral-FEA\scripts\figstyle.py", line 45, in <module>
    import numpy as np
ModuleNotFoundError: No module named 'numpy'
warehouse_shots: 0 rendered, 0 skipped (exists), 96 failed (96 mesh.vtu total)
on_finish warehouse_shots exited 1
finished: 144 runs → bench/campaigns/advisor-batch-3-s2\results.jsonl
