
=== 2026-08-17T17:27:00Z OMP_NUM_THREADS=2 :: /home/hunter/Desktop/Polyhedral-FEA/build/apps/testlab/polymesh_testlab resume /home/hunter/Desktop/Polyhedral-FEA/bench/campaigns/advisor-batch-1-s1-hunter-pc
campaign advisor-batch-1-s1-hunter-pc: 288 configs, 6 parts, 1 tiers
  max_run_wall_s=45 (override all tiers)
  max_pack_wall_s=86400
tier 0: h_scale=1 keep_frac=1 survivors=48 max_run_wall_s=45
  run cfg-a77106d9 part=smoke_bar tier=0 ...
  run cfg-a77106d9 part=plate_hole tier=0 ...
  run cfg-a77106d9 part=cantilever tier=0 ...
  run cfg-a77106d9 part=cylinder tier=0 ...
  run cfg-a77106d9 part=sphere tier=0 ...
  run cfg-a77106d9 part=icecream_cone tier=0 ...
  run cfg-32192d05 part=smoke_bar tier=0 ...
  run cfg-32192d05 part=plate_hole tier=0 ...
  run cfg-32192d05 part=cantilever tier=0 ...
  run cfg-32192d05 part=cylinder tier=0 ...
  run cfg-32192d05 part=sphere tier=0 ...
  run cfg-32192d05 part=icecream_cone tier=0 ...
  run cfg-ea32b132 part=smoke_bar tier=0 ...
  run cfg-ea32b132 part=plate_hole tier=0 ...
  run cfg-ea32b132 part=cantilever tier=0 ...
  run cfg-ea32b132 part=cylinder tier=0 ...
  run cfg-ea32b132 part=sphere tier=0 ...
  run cfg-ea32b132 part=icecream_cone tier=0 ...
  run cfg-0d22c294 part=smoke_bar tier=0 ...
  run cfg-0d22c294 part=plate_hole tier=0 ...
  run cfg-0d22c294 part=cantilever tier=0 ...
  run cfg-0d22c294 part=cylinder tier=0 ...
  run cfg-0d22c294 part=sphere tier=0 ...
  run cfg-0d22c294 part=icecream_cone tier=0 ...
  run cfg-3484fe06 part=smoke_bar tier=0 ...
  run cfg-3484fe06 part=plate_hole tier=0 ...
  run cfg-3484fe06 part=cantilever tier=0 ...
  run cfg-3484fe06 part=cylinder tier=0 ...
  run cfg-3484fe06 part=sphere tier=0 ...
  run cfg-3484fe06 part=icecream_cone tier=0 ...
  run cfg-c32197ce part=smoke_bar tier=0 ...
  run cfg-c32197ce part=plate_hole tier=0 ...
  run cfg-c32197ce part=cantilever tier=0 ...
  run cfg-c32197ce part=cylinder tier=0 ...
  run cfg-c32197ce part=sphere tier=0 ...
  run cfg-c32197ce part=icecream_cone tier=0 ...
  run cfg-8ca3a281 part=smoke_bar tier=0 ...
  run cfg-8ca3a281 part=plate_hole tier=0 ...
  run cfg-8ca3a281 part=cantilever tier=0 ...
  run cfg-8ca3a281 part=cylinder tier=0 ...
  run cfg-8ca3a281 part=sphere tier=0 ...
  run cfg-8ca3a281 part=icecream_cone tier=0 ...
  run cfg-e3ed0a93 part=smoke_bar tier=0 ...
  run cfg-e3ed0a93 part=plate_hole tier=0 ...
  run cfg-e3ed0a93 part=cantilever tier=0 ...
  run cfg-e3ed0a93 part=cylinder tier=0 ...
  run cfg-e3ed0a93 part=sphere tier=0 ...
  run cfg-e3ed0a93 part=icecream_cone tier=0 ...
  run cfg-446dbbd2 part=smoke_bar tier=0 ...
  run cfg-446dbbd2 part=plate_hole tier=0 ...
  run cfg-446dbbd2 part=cantilever tier=0 ...
  run cfg-446dbbd2 part=cylinder tier=0 ...
  run cfg-446dbbd2 part=sphere tier=0 ...
  run cfg-446dbbd2 part=icecream_cone tier=0 ...
  run cfg-252b09d2 part=smoke_bar tier=0 ...
  run cfg-252b09d2 part=plate_hole tier=0 ...
  run cfg-252b09d2 part=cantilever tier=0 ...
  run cfg-252b09d2 part=cylinder tier=0 ...
  run cfg-252b09d2 part=sphere tier=0 ...
  run cfg-252b09d2 part=icecream_cone tier=0 ...
  run cfg-dd7388cd part=smoke_bar tier=0 ...
  run cfg-dd7388cd part=plate_hole tier=0 ...
  run cfg-dd7388cd part=cantilever tier=0 ...
  run cfg-dd7388cd part=cylinder tier=0 ...
  run cfg-dd7388cd part=sphere tier=0 ...
  run cfg-dd7388cd part=icecream_cone tier=0 ...
  run cfg-21ce779f part=smoke_bar tier=0 ...
  run cfg-21ce779f part=plate_hole tier=0 ...
  run cfg-21ce779f part=cantilever tier=0 ...
  run cfg-21ce779f part=cylinder tier=0 ...
  run cfg-21ce779f part=sphere tier=0 ...
  run cfg-21ce779f part=icecream_cone tier=0 ...
  run cfg-17f37a6f part=smoke_bar tier=0 ...
  run cfg-17f37a6f part=plate_hole tier=0 ...
  run cfg-17f37a6f part=cantilever tier=0 ...
  run cfg-17f37a6f part=cylinder tier=0 ...
  run cfg-17f37a6f part=sphere tier=0 ...
  run cfg-17f37a6f part=icecream_cone tier=0 ...
  run cfg-796c7b03 part=smoke_bar tier=0 ...
  run cfg-796c7b03 part=plate_hole tier=0 ...
  run cfg-796c7b03 part=cantilever tier=0 ...
  run cfg-796c7b03 part=cylinder tier=0 ...
  run cfg-796c7b03 part=sphere tier=0 ...
  run cfg-796c7b03 part=icecream_cone tier=0 ...
  run cfg-8a6dbaac part=smoke_bar tier=0 ...
  run cfg-8a6dbaac part=plate_hole tier=0 ...
  run cfg-8a6dbaac part=cantilever tier=0 ...
  run cfg-8a6dbaac part=cylinder tier=0 ...
  run cfg-8a6dbaac part=sphere tier=0 ...
  run cfg-8a6dbaac part=icecream_cone tier=0 ...
  run cfg-af599d72 part=smoke_bar tier=0 ...
  run cfg-af599d72 part=plate_hole tier=0 ...
  run cfg-af599d72 part=cantilever tier=0 ...
  run cfg-af599d72 part=cylinder tier=0 ...
  run cfg-af599d72 part=sphere tier=0 ...
  run cfg-af599d72 part=icecream_cone tier=0 ...
  run cfg-e2ac80d2 part=smoke_bar tier=0 ...
  run cfg-e2ac80d2 part=plate_hole tier=0 ...
  run cfg-e2ac80d2 part=cantilever tier=0 ...
  run cfg-e2ac80d2 part=cylinder tier=0 ...
  run cfg-e2ac80d2 part=sphere tier=0 ...
  run cfg-e2ac80d2 part=icecream_cone tier=0 ...
  run cfg-c369ced2 part=smoke_bar tier=0 ...
  run cfg-c369ced2 part=plate_hole tier=0 ...
  run cfg-c369ced2 part=cantilever tier=0 ...
  run cfg-c369ced2 part=cylinder tier=0 ...
  run cfg-c369ced2 part=sphere tier=0 ...
  run cfg-c369ced2 part=icecream_cone tier=0 ...
  run cfg-d51075cd part=smoke_bar tier=0 ...
  run cfg-d51075cd part=plate_hole tier=0 ...
  run cfg-d51075cd part=cantilever tier=0 ...
  run cfg-d51075cd part=cylinder tier=0 ...
  run cfg-d51075cd part=sphere tier=0 ...
  run cfg-d51075cd part=icecream_cone tier=0 ...
  run cfg-c00d3c9f part=smoke_bar tier=0 ...
  run cfg-c00d3c9f part=plate_hole tier=0 ...
  run cfg-c00d3c9f part=cantilever tier=0 ...
  run cfg-c00d3c9f part=cylinder tier=0 ...
  run cfg-c00d3c9f part=sphere tier=0 ...
  run cfg-c00d3c9f part=icecream_cone tier=0 ...
  run cfg-fc9c396f part=smoke_bar tier=0 ...
  run cfg-fc9c396f part=plate_hole tier=0 ...
  run cfg-fc9c396f part=cantilever tier=0 ...
  run cfg-fc9c396f part=cylinder tier=0 ...
  run cfg-fc9c396f part=sphere tier=0 ...
  run cfg-fc9c396f part=icecream_cone tier=0 ...
  run cfg-5e153a03 part=smoke_bar tier=0 ...
  run cfg-5e153a03 part=plate_hole tier=0 ...
  run cfg-5e153a03 part=cantilever tier=0 ...
  run cfg-5e153a03 part=cylinder tier=0 ...
  run cfg-5e153a03 part=sphere tier=0 ...
  run cfg-5e153a03 part=icecream_cone tier=0 ...
  run cfg-4a1471ac part=smoke_bar tier=0 ...
  run cfg-4a1471ac part=plate_hole tier=0 ...
  run cfg-4a1471ac part=cantilever tier=0 ...
  run cfg-4a1471ac part=cylinder tier=0 ...
  run cfg-4a1471ac part=sphere tier=0 ...
  run cfg-4a1471ac part=icecream_cone tier=0 ...
  run cfg-94025c72 part=smoke_bar tier=0 ...
  run cfg-94025c72 part=plate_hole tier=0 ...
  run cfg-94025c72 part=cantilever tier=0 ...
  run cfg-94025c72 part=cylinder tier=0 ...
  run cfg-94025c72 part=sphere tier=0 ...
  run cfg-94025c72 part=icecream_cone tier=0 ...
  run cfg-acfdfa82 part=smoke_bar tier=0 ...
  run cfg-acfdfa82 part=plate_hole tier=0 ...
  run cfg-acfdfa82 part=cantilever tier=0 ...
  run cfg-acfdfa82 part=cylinder tier=0 ...
  run cfg-acfdfa82 part=sphere tier=0 ...
  run cfg-acfdfa82 part=icecream_cone tier=0 ...
  run cfg-749bfc42 part=smoke_bar tier=0 ...
  run cfg-749bfc42 part=plate_hole tier=0 ...
  run cfg-749bfc42 part=cantilever tier=0 ...
  run cfg-749bfc42 part=cylinder tier=0 ...
  run cfg-749bfc42 part=sphere tier=0 ...
  run cfg-749bfc42 part=icecream_cone tier=0 ...
  run cfg-97aa9e3d part=smoke_bar tier=0 ...
  run cfg-97aa9e3d part=plate_hole tier=0 ...
  run cfg-97aa9e3d part=cantilever tier=0 ...
  run cfg-97aa9e3d part=cylinder tier=0 ...
  run cfg-97aa9e3d part=sphere tier=0 ...
  run cfg-97aa9e3d part=icecream_cone tier=0 ...
  run cfg-5dabcd4f part=smoke_bar tier=0 ...
  run cfg-5dabcd4f part=plate_hole tier=0 ...
  run cfg-5dabcd4f part=cantilever tier=0 ...
  run cfg-5dabcd4f part=cylinder tier=0 ...
  run cfg-5dabcd4f part=sphere tier=0 ...
  run cfg-5dabcd4f part=icecream_cone tier=0 ...
  run cfg-d0e1553f part=smoke_bar tier=0 ...
  run cfg-d0e1553f part=plate_hole tier=0 ...
  run cfg-d0e1553f part=cantilever tier=0 ...
  run cfg-d0e1553f part=cylinder tier=0 ...
  run cfg-d0e1553f part=sphere tier=0 ...
  run cfg-d0e1553f part=icecream_cone tier=0 ...
  run cfg-89a4d193 part=smoke_bar tier=0 ...
  run cfg-89a4d193 part=plate_hole tier=0 ...
  run cfg-89a4d193 part=cantilever tier=0 ...
  run cfg-89a4d193 part=cylinder tier=0 ...
  run cfg-89a4d193 part=sphere tier=0 ...
  run cfg-89a4d193 part=icecream_cone tier=0 ...
  run cfg-211bf33c part=smoke_bar tier=0 ...
  run cfg-211bf33c part=plate_hole tier=0 ...
  run cfg-211bf33c part=cantilever tier=0 ...
  run cfg-211bf33c part=cylinder tier=0 ...
  run cfg-211bf33c part=sphere tier=0 ...
  run cfg-211bf33c part=icecream_cone tier=0 ...
  run cfg-d8a856c2 part=smoke_bar tier=0 ...
  run cfg-d8a856c2 part=plate_hole tier=0 ...
  run cfg-d8a856c2 part=cantilever tier=0 ...
  run cfg-d8a856c2 part=cylinder tier=0 ...
  run cfg-d8a856c2 part=sphere tier=0 ...
  run cfg-d8a856c2 part=icecream_cone tier=0 ...
  run cfg-3bd04605 part=smoke_bar tier=0 ...
  run cfg-3bd04605 part=plate_hole tier=0 ...
  run cfg-3bd04605 part=cantilever tier=0 ...
  run cfg-3bd04605 part=cylinder tier=0 ...
  run cfg-3bd04605 part=sphere tier=0 ...
  run cfg-3bd04605 part=icecream_cone tier=0 ...
  run cfg-c790df79 part=smoke_bar tier=0 ...
  run cfg-c790df79 part=plate_hole tier=0 ...
  run cfg-c790df79 part=cantilever tier=0 ...
  run cfg-c790df79 part=cylinder tier=0 ...
  run cfg-c790df79 part=sphere tier=0 ...
  run cfg-c790df79 part=icecream_cone tier=0 ...
  run cfg-2ffee2de part=smoke_bar tier=0 ...
  run cfg-2ffee2de part=plate_hole tier=0 ...
  run cfg-2ffee2de part=cantilever tier=0 ...
  run cfg-2ffee2de part=cylinder tier=0 ...
  run cfg-2ffee2de part=sphere tier=0 ...
  run cfg-2ffee2de part=icecream_cone tier=0 ...
  run cfg-ab46fbc0 part=smoke_bar tier=0 ...
  run cfg-ab46fbc0 part=plate_hole tier=0 ...
  run cfg-ab46fbc0 part=cantilever tier=0 ...
  run cfg-ab46fbc0 part=cylinder tier=0 ...
  run cfg-ab46fbc0 part=sphere tier=0 ...
  run cfg-ab46fbc0 part=icecream_cone tier=0 ...
  run cfg-d066ccea part=smoke_bar tier=0 ...
  run cfg-d066ccea part=plate_hole tier=0 ...
  run cfg-d066ccea part=cantilever tier=0 ...
  run cfg-d066ccea part=cylinder tier=0 ...
  run cfg-d066ccea part=sphere tier=0 ...
  run cfg-d066ccea part=icecream_cone tier=0 ...
  run cfg-14ba4d4a part=smoke_bar tier=0 ...
  run cfg-14ba4d4a part=plate_hole tier=0 ...
  run cfg-14ba4d4a part=cantilever tier=0 ...
  run cfg-14ba4d4a part=cylinder tier=0 ...
  run cfg-14ba4d4a part=sphere tier=0 ...
  run cfg-14ba4d4a part=icecream_cone tier=0 ...
  run cfg-98a49495 part=smoke_bar tier=0 ...
  run cfg-98a49495 part=plate_hole tier=0 ...
  run cfg-98a49495 part=cantilever tier=0 ...
  run cfg-98a49495 part=cylinder tier=0 ...
  run cfg-98a49495 part=sphere tier=0 ...
  run cfg-98a49495 part=icecream_cone tier=0 ...
  run cfg-ba509597 part=smoke_bar tier=0 ...
  run cfg-ba509597 part=plate_hole tier=0 ...
  run cfg-ba509597 part=cantilever tier=0 ...
  run cfg-ba509597 part=cylinder tier=0 ...
  run cfg-ba509597 part=sphere tier=0 ...
  run cfg-ba509597 part=icecream_cone tier=0 ...
  run cfg-d472fcd3 part=smoke_bar tier=0 ...
  run cfg-d472fcd3 part=plate_hole tier=0 ...
  run cfg-d472fcd3 part=cantilever tier=0 ...
  run cfg-d472fcd3 part=cylinder tier=0 ...
  run cfg-d472fcd3 part=sphere tier=0 ...
  run cfg-d472fcd3 part=icecream_cone tier=0 ...
  run cfg-0a41b06f part=smoke_bar tier=0 ...
  run cfg-0a41b06f part=plate_hole tier=0 ...
  run cfg-0a41b06f part=cantilever tier=0 ...
  run cfg-0a41b06f part=cylinder tier=0 ...
  run cfg-0a41b06f part=sphere tier=0 ...
  run cfg-0a41b06f part=icecream_cone tier=0 ...
  run cfg-8d06af20 part=smoke_bar tier=0 ...
  run cfg-8d06af20 part=plate_hole tier=0 ...
  run cfg-8d06af20 part=cantilever tier=0 ...
  run cfg-8d06af20 part=cylinder tier=0 ...
  run cfg-8d06af20 part=sphere tier=0 ...
  run cfg-8d06af20 part=icecream_cone tier=0 ...
  run cfg-39cb2fd6 part=smoke_bar tier=0 ...
  run cfg-39cb2fd6 part=plate_hole tier=0 ...
  run cfg-39cb2fd6 part=cantilever tier=0 ...
  run cfg-39cb2fd6 part=cylinder tier=0 ...
  run cfg-39cb2fd6 part=sphere tier=0 ...
  run cfg-39cb2fd6 part=icecream_cone tier=0 ...
  run cfg-69108570 part=smoke_bar tier=0 ...
  run cfg-69108570 part=plate_hole tier=0 ...
  run cfg-69108570 part=cantilever tier=0 ...
  run cfg-69108570 part=cylinder tier=0 ...
  run cfg-69108570 part=sphere tier=0 ...
  run cfg-69108570 part=icecream_cone tier=0 ...
  run cfg-c17301b0 part=smoke_bar tier=0 ...
  run cfg-c17301b0 part=plate_hole tier=0 ...
  run cfg-c17301b0 part=cantilever tier=0 ...
  run cfg-c17301b0 part=cylinder tier=0 ...
  run cfg-c17301b0 part=sphere tier=0 ...
  run cfg-c17301b0 part=icecream_cone tier=0 ...
  run cfg-a1189557 part=smoke_bar tier=0 ...
  run cfg-a1189557 part=plate_hole tier=0 ...
  run cfg-a1189557 part=cantilever tier=0 ...
  run cfg-a1189557 part=cylinder tier=0 ...
  run cfg-a1189557 part=sphere tier=0 ...
  run cfg-a1189557 part=icecream_cone tier=0 ...
  run cfg-f8ee7aa5 part=smoke_bar tier=0 ...
  run cfg-f8ee7aa5 part=plate_hole tier=0 ...
  run cfg-f8ee7aa5 part=cantilever tier=0 ...
  run cfg-f8ee7aa5 part=cylinder tier=0 ...
  run cfg-f8ee7aa5 part=sphere tier=0 ...
  run cfg-f8ee7aa5 part=icecream_cone tier=0 ...
wrote bench/campaigns/advisor-batch-1-s1-hunter-pc/runs/cfg-0a41b06f/cantilever/t0/wire.png
wrote bench/campaigns/advisor-batch-1-s1-hunter-pc/runs/cfg-0a41b06f/cylinder/t0/wire.png
wrote bench/campaigns/advisor-batch-1-s1-hunter-pc/runs/cfg-0a41b06f/smoke_bar/t0/wire.png
wrote bench/campaigns/advisor-batch-1-s1-hunter-pc/runs/cfg-0a41b06f/sphere/t0/wire.png
wrote bench/campaigns/advisor-batch-1-s1-hunter-pc/runs/cfg-0d22c294/cantilever/t0/wire.png
wrote bench/campaigns/advisor-batch-1-s1-hunter-pc/runs/cfg-0d22c294/cylinder/t0/wire.png
wrote bench/campaigns/advisor-batch-1-s1-hunter-pc/runs/cfg-0d22c294/plate_hole/t0/wire.png
wrote bench/campaigns/advisor-batch-1-s1-hunter-pc/runs/cfg-0d22c294/smoke_bar/t0/wire.png
wrote bench/campaigns/advisor-batch-1-s1-hunter-pc/runs/cfg-0d22c294/sphere/t0/wire.png
wrote bench/campaigns/advisor-batch-1-s1-hunter-pc/runs/cfg-14ba4d4a/cantilever/t0/wire.png
wrote bench/campaigns/advisor-batch-1-s1-hunter-pc/runs/cfg-14ba4d4a/cylinder/t0/wire.png
wrote bench/campaigns/advisor-batch-1-s1-hunter-pc/runs/cfg-14ba4d4a/smoke_bar/t0/wire.png
wrote bench/campaigns/advisor-batch-1-s1-hunter-pc/runs/cfg-17f37a6f/cantilever/t0/wire.png
wrote bench/campaigns/advisor-batch-1-s1-hunter-pc/runs/cfg-17f37a6f/cylinder/t0/wire.png
wrote bench/campaigns/advisor-batch-1-s1-hunter-pc/runs/cfg-17f37a6f/smoke_bar/t0/wire.png
wrote bench/campaigns/advisor-batch-1-s1-hunter-pc/runs/cfg-17f37a6f/sphere/t0/wire.png
wrote bench/campaigns/advisor-batch-1-s1-hunter-pc/runs/cfg-211bf33c/cantilever/t0/wire.png
wrote bench/campaigns/advisor-batch-1-s1-hunter-pc/runs/cfg-211bf33c/cylinder/t0/wire.png
wrote bench/campaigns/advisor-batch-1-s1-hunter-pc/runs/cfg-211bf33c/smoke_bar/t0/wire.png
wrote bench/campaigns/advisor-batch-1-s1-hunter-pc/runs/cfg-211bf33c/sphere/t0/wire.png
wrote bench/campaigns/advisor-batch-1-s1-hunter-pc/runs/cfg-21ce779f/cantilever/t0/wire.png
wrote bench/campaigns/advisor-batch-1-s1-hunter-pc/runs/cfg-21ce779f/cylinder/t0/wire.png
wrote bench/campaigns/advisor-batch-1-s1-hunter-pc/runs/cfg-21ce779f/icecream_cone/t0/wire.png
wrote bench/campaigns/advisor-batch-1-s1-hunter-pc/runs/cfg-21ce779f/plate_hole/t0/wire.png
wrote bench/campaigns/advisor-batch-1-s1-hunter-pc/runs/cfg-21ce779f/smoke_bar/t0/wire.png
wrote bench/campaigns/advisor-batch-1-s1-hunter-pc/runs/cfg-21ce779f/sphere/t0/wire.png
wrote bench/campaigns/advisor-batch-1-s1-hunter-pc/runs/cfg-252b09d2/cantilever/t0/wire.png
wrote bench/campaigns/advisor-batch-1-s1-hunter-pc/runs/cfg-252b09d2/cylinder/t0/wire.png
wrote bench/campaigns/advisor-batch-1-s1-hunter-pc/runs/cfg-252b09d2/smoke_bar/t0/wire.png
wrote bench/campaigns/advisor-batch-1-s1-hunter-pc/runs/cfg-252b09d2/sphere/t0/wire.png
wrote bench/campaigns/advisor-batch-1-s1-hunter-pc/runs/cfg-2ffee2de/cantilever/t0/wire.png
wrote bench/campaigns/advisor-batch-1-s1-hunter-pc/runs/cfg-2ffee2de/cylinder/t0/wire.png
wrote bench/campaigns/advisor-batch-1-s1-hunter-pc/runs/cfg-2ffee2de/smoke_bar/t0/wire.png
wrote bench/campaigns/advisor-batch-1-s1-hunter-pc/runs/cfg-2ffee2de/sphere/t0/wire.png
wrote bench/campaigns/advisor-batch-1-s1-hunter-pc/runs/cfg-32192d05/cantilever/t0/wire.png
wrote bench/campaigns/advisor-batch-1-s1-hunter-pc/runs/cfg-32192d05/cylinder/t0/wire.png
wrote bench/campaigns/advisor-batch-1-s1-hunter-pc/runs/cfg-32192d05/smoke_bar/t0/wire.png
wrote bench/campaigns/advisor-batch-1-s1-hunter-pc/runs/cfg-3484fe06/cantilever/t0/wire.png
wrote bench/campaigns/advisor-batch-1-s1-hunter-pc/runs/cfg-3484fe06/cylinder/t0/wire.png
wrote bench/campaigns/advisor-batch-1-s1-hunter-pc/runs/cfg-3484fe06/smoke_bar/t0/wire.png
wrote bench/campaigns/advisor-batch-1-s1-hunter-pc/runs/cfg-39cb2fd6/cantilever/t0/wire.png
wrote bench/campaigns/advisor-batch-1-s1-hunter-pc/runs/cfg-39cb2fd6/cylinder/t0/wire.png
wrote bench/campaigns/advisor-batch-1-s1-hunter-pc/runs/cfg-39cb2fd6/icecream_cone/t0/wire.png
wrote bench/campaigns/advisor-batch-1-s1-hunter-pc/runs/cfg-39cb2fd6/plate_hole/t0/wire.png
wrote bench/campaigns/advisor-batch-1-s1-hunter-pc/runs/cfg-39cb2fd6/smoke_bar/t0/wire.png
wrote bench/campaigns/advisor-batch-1-s1-hunter-pc/runs/cfg-39cb2fd6/sphere/t0/wire.png
wrote bench/campaigns/advisor-batch-1-s1-hunter-pc/runs/cfg-3bd04605/cantilever/t0/wire.png
wrote bench/campaigns/advisor-batch-1-s1-hunter-pc/runs/cfg-3bd04605/cylinder/t0/wire.png
wrote bench/campaigns/advisor-batch-1-s1-hunter-pc/runs/cfg-3bd04605/smoke_bar/t0/wire.png
wrote bench/campaigns/advisor-batch-1-s1-hunter-pc/runs/cfg-3bd04605/sphere/t0/wire.png
wrote bench/campaigns/advisor-batch-1-s1-hunter-pc/runs/cfg-446dbbd2/cantilever/t0/wire.png
wrote bench/campaigns/advisor-batch-1-s1-hunter-pc/runs/cfg-446dbbd2/cylinder/t0/wire.png
wrote bench/campaigns/advisor-batch-1-s1-hunter-pc/runs/cfg-446dbbd2/smoke_bar/t0/wire.png
wrote bench/campaigns/advisor-batch-1-s1-hunter-pc/runs/cfg-446dbbd2/sphere/t0/wire.png
wrote bench/campaigns/advisor-batch-1-s1-hunter-pc/runs/cfg-4a1471ac/cantilever/t0/wire.png
wrote bench/campaigns/advisor-batch-1-s1-hunter-pc/runs/cfg-4a1471ac/cylinder/t0/wire.png
wrote bench/campaigns/advisor-batch-1-s1-hunter-pc/runs/cfg-4a1471ac/plate_hole/t0/wire.png
wrote bench/campaigns/advisor-batch-1-s1-hunter-pc/runs/cfg-4a1471ac/smoke_bar/t0/wire.png
wrote bench/campaigns/advisor-batch-1-s1-hunter-pc/runs/cfg-4a1471ac/sphere/t0/wire.png
wrote bench/campaigns/advisor-batch-1-s1-hunter-pc/runs/cfg-5dabcd4f/cantilever/t0/wire.png
wrote bench/campaigns/advisor-batch-1-s1-hunter-pc/runs/cfg-5dabcd4f/cylinder/t0/wire.png
wrote bench/campaigns/advisor-batch-1-s1-hunter-pc/runs/cfg-5dabcd4f/plate_hole/t0/wire.png
wrote bench/campaigns/advisor-batch-1-s1-hunter-pc/runs/cfg-5dabcd4f/smoke_bar/t0/wire.png
wrote bench/campaigns/advisor-batch-1-s1-hunter-pc/runs/cfg-5dabcd4f/sphere/t0/wire.png
wrote bench/campaigns/advisor-batch-1-s1-hunter-pc/runs/cfg-5e153a03/cantilever/t0/wire.png
wrote bench/campaigns/advisor-batch-1-s1-hunter-pc/runs/cfg-5e153a03/cylinder/t0/wire.png
wrote bench/campaigns/advisor-batch-1-s1-hunter-pc/runs/cfg-5e153a03/smoke_bar/t0/wire.png
wrote bench/campaigns/advisor-batch-1-s1-hunter-pc/runs/cfg-5e153a03/sphere/t0/wire.png
wrote bench/campaigns/advisor-batch-1-s1-hunter-pc/runs/cfg-69108570/cantilever/t0/wire.png
wrote bench/campaigns/advisor-batch-1-s1-hunter-pc/runs/cfg-69108570/cylinder/t0/wire.png
wrote bench/campaigns/advisor-batch-1-s1-hunter-pc/runs/cfg-69108570/smoke_bar/t0/wire.png
wrote bench/campaigns/advisor-batch-1-s1-hunter-pc/runs/cfg-749bfc42/cantilever/t0/wire.png
wrote bench/campaigns/advisor-batch-1-s1-hunter-pc/runs/cfg-749bfc42/cylinder/t0/wire.png
wrote bench/campaigns/advisor-batch-1-s1-hunter-pc/runs/cfg-749bfc42/smoke_bar/t0/wire.png
wrote bench/campaigns/advisor-batch-1-s1-hunter-pc/runs/cfg-796c7b03/cantilever/t0/wire.png
wrote bench/campaigns/advisor-batch-1-s1-hunter-pc/runs/cfg-796c7b03/cylinder/t0/wire.png
wrote bench/campaigns/advisor-batch-1-s1-hunter-pc/runs/cfg-796c7b03/smoke_bar/t0/wire.png
wrote bench/campaigns/advisor-batch-1-s1-hunter-pc/runs/cfg-796c7b03/sphere/t0/wire.png
wrote bench/campaigns/advisor-batch-1-s1-hunter-pc/runs/cfg-89a4d193/cantilever/t0/wire.png
wrote bench/campaigns/advisor-batch-1-s1-hunter-pc/runs/cfg-89a4d193/cylinder/t0/wire.png
wrote bench/campaigns/advisor-batch-1-s1-hunter-pc/runs/cfg-89a4d193/smoke_bar/t0/wire.png
wrote bench/campaigns/advisor-batch-1-s1-hunter-pc/runs/cfg-8a6dbaac/cantilever/t0/wire.png
wrote bench/campaigns/advisor-batch-1-s1-hunter-pc/runs/cfg-8a6dbaac/cylinder/t0/wire.png
wrote bench/campaigns/advisor-batch-1-s1-hunter-pc/runs/cfg-8a6dbaac/smoke_bar/t0/wire.png
wrote bench/campaigns/advisor-batch-1-s1-hunter-pc/runs/cfg-8a6dbaac/sphere/t0/wire.png
wrote bench/campaigns/advisor-batch-1-s1-hunter-pc/runs/cfg-8ca3a281/cantilever/t0/wire.png
wrote bench/campaigns/advisor-batch-1-s1-hunter-pc/runs/cfg-8ca3a281/cylinder/t0/wire.png
wrote bench/campaigns/advisor-batch-1-s1-hunter-pc/runs/cfg-8ca3a281/smoke_bar/t0/wire.png
wrote bench/campaigns/advisor-batch-1-s1-hunter-pc/runs/cfg-8ca3a281/sphere/t0/wire.png
wrote bench/campaigns/advisor-batch-1-s1-hunter-pc/runs/cfg-8d06af20/cantilever/t0/wire.png
wrote bench/campaigns/advisor-batch-1-s1-hunter-pc/runs/cfg-8d06af20/cylinder/t0/wire.png
wrote bench/campaigns/advisor-batch-1-s1-hunter-pc/runs/cfg-8d06af20/plate_hole/t0/wire.png
wrote bench/campaigns/advisor-batch-1-s1-hunter-pc/runs/cfg-8d06af20/smoke_bar/t0/wire.png
wrote bench/campaigns/advisor-batch-1-s1-hunter-pc/runs/cfg-8d06af20/sphere/t0/wire.png
wrote bench/campaigns/advisor-batch-1-s1-hunter-pc/runs/cfg-94025c72/cantilever/t0/wire.png
wrote bench/campaigns/advisor-batch-1-s1-hunter-pc/runs/cfg-94025c72/cylinder/t0/wire.png
wrote bench/campaigns/advisor-batch-1-s1-hunter-pc/runs/cfg-94025c72/icecream_cone/t0/wire.png
wrote bench/campaigns/advisor-batch-1-s1-hunter-pc/runs/cfg-94025c72/plate_hole/t0/wire.png
wrote bench/campaigns/advisor-batch-1-s1-hunter-pc/runs/cfg-94025c72/smoke_bar/t0/wire.png
wrote bench/campaigns/advisor-batch-1-s1-hunter-pc/runs/cfg-94025c72/sphere/t0/wire.png
wrote bench/campaigns/advisor-batch-1-s1-hunter-pc/runs/cfg-97aa9e3d/cantilever/t0/wire.png
wrote bench/campaigns/advisor-batch-1-s1-hunter-pc/runs/cfg-97aa9e3d/cylinder/t0/wire.png
wrote bench/campaigns/advisor-batch-1-s1-hunter-pc/runs/cfg-97aa9e3d/smoke_bar/t0/wire.png
wrote bench/campaigns/advisor-batch-1-s1-hunter-pc/runs/cfg-97aa9e3d/sphere/t0/wire.png
wrote bench/campaigns/advisor-batch-1-s1-hunter-pc/runs/cfg-98a49495/cantilever/t0/wire.png
wrote bench/campaigns/advisor-batch-1-s1-hunter-pc/runs/cfg-98a49495/cylinder/t0/wire.png
wrote bench/campaigns/advisor-batch-1-s1-hunter-pc/runs/cfg-98a49495/smoke_bar/t0/wire.png
wrote bench/campaigns/advisor-batch-1-s1-hunter-pc/runs/cfg-98a49495/sphere/t0/wire.png
wrote bench/campaigns/advisor-batch-1-s1-hunter-pc/runs/cfg-a1189557/cantilever/t0/wire.png
wrote bench/campaigns/advisor-batch-1-s1-hunter-pc/runs/cfg-a1189557/cylinder/t0/wire.png
wrote bench/campaigns/advisor-batch-1-s1-hunter-pc/runs/cfg-a1189557/smoke_bar/t0/wire.png
wrote bench/campaigns/advisor-batch-1-s1-hunter-pc/runs/cfg-a1189557/sphere/t0/wire.png
wrote bench/campaigns/advisor-batch-1-s1-hunter-pc/runs/cfg-a77106d9/cantilever/t0/wire.png
wrote bench/campaigns/advisor-batch-1-s1-hunter-pc/runs/cfg-a77106d9/cylinder/t0/wire.png
wrote bench/campaigns/advisor-batch-1-s1-hunter-pc/runs/cfg-a77106d9/smoke_bar/t0/wire.png
wrote bench/campaigns/advisor-batch-1-s1-hunter-pc/runs/cfg-ab46fbc0/cantilever/t0/wire.png
wrote bench/campaigns/advisor-batch-1-s1-hunter-pc/runs/cfg-ab46fbc0/cylinder/t0/wire.png
wrote bench/campaigns/advisor-batch-1-s1-hunter-pc/runs/cfg-ab46fbc0/icecream_cone/t0/wire.png
wrote bench/campaigns/advisor-batch-1-s1-hunter-pc/runs/cfg-ab46fbc0/plate_hole/t0/wire.png
wrote bench/campaigns/advisor-batch-1-s1-hunter-pc/runs/cfg-ab46fbc0/smoke_bar/t0/wire.png
wrote bench/campaigns/advisor-batch-1-s1-hunter-pc/runs/cfg-ab46fbc0/sphere/t0/wire.png
wrote bench/campaigns/advisor-batch-1-s1-hunter-pc/runs/cfg-acfdfa82/cantilever/t0/wire.png
wrote bench/campaigns/advisor-batch-1-s1-hunter-pc/runs/cfg-acfdfa82/cylinder/t0/wire.png
wrote bench/campaigns/advisor-batch-1-s1-hunter-pc/runs/cfg-acfdfa82/smoke_bar/t0/wire.png
wrote bench/campaigns/advisor-batch-1-s1-hunter-pc/runs/cfg-af599d72/cantilever/t0/wire.png
wrote bench/campaigns/advisor-batch-1-s1-hunter-pc/runs/cfg-af599d72/cylinder/t0/wire.png
wrote bench/campaigns/advisor-batch-1-s1-hunter-pc/runs/cfg-af599d72/icecream_cone/t0/wire.png
wrote bench/campaigns/advisor-batch-1-s1-hunter-pc/runs/cfg-af599d72/plate_hole/t0/wire.png
wrote bench/campaigns/advisor-batch-1-s1-hunter-pc/runs/cfg-af599d72/smoke_bar/t0/wire.png
wrote bench/campaigns/advisor-batch-1-s1-hunter-pc/runs/cfg-af599d72/sphere/t0/wire.png
wrote bench/campaigns/advisor-batch-1-s1-hunter-pc/runs/cfg-ba509597/cantilever/t0/wire.png
wrote bench/campaigns/advisor-batch-1-s1-hunter-pc/runs/cfg-ba509597/cylinder/t0/wire.png
wrote bench/campaigns/advisor-batch-1-s1-hunter-pc/runs/cfg-ba509597/icecream_cone/t0/wire.png
wrote bench/campaigns/advisor-batch-1-s1-hunter-pc/runs/cfg-ba509597/plate_hole/t0/wire.png
wrote bench/campaigns/advisor-batch-1-s1-hunter-pc/runs/cfg-ba509597/smoke_bar/t0/wire.png
wrote bench/campaigns/advisor-batch-1-s1-hunter-pc/runs/cfg-ba509597/sphere/t0/wire.png
wrote bench/campaigns/advisor-batch-1-s1-hunter-pc/runs/cfg-c00d3c9f/cantilever/t0/wire.png
wrote bench/campaigns/advisor-batch-1-s1-hunter-pc/runs/cfg-c00d3c9f/cylinder/t0/wire.png
wrote bench/campaigns/advisor-batch-1-s1-hunter-pc/runs/cfg-c00d3c9f/icecream_cone/t0/wire.png
wrote bench/campaigns/advisor-batch-1-s1-hunter-pc/runs/cfg-c00d3c9f/plate_hole/t0/wire.png
wrote bench/campaigns/advisor-batch-1-s1-hunter-pc/runs/cfg-c00d3c9f/smoke_bar/t0/wire.png
wrote bench/campaigns/advisor-batch-1-s1-hunter-pc/runs/cfg-c00d3c9f/sphere/t0/wire.png
wrote bench/campaigns/advisor-batch-1-s1-hunter-pc/runs/cfg-c17301b0/cantilever/t0/wire.png
wrote bench/campaigns/advisor-batch-1-s1-hunter-pc/runs/cfg-c17301b0/cylinder/t0/wire.png
wrote bench/campaigns/advisor-batch-1-s1-hunter-pc/runs/cfg-c17301b0/smoke_bar/t0/wire.png
wrote bench/campaigns/advisor-batch-1-s1-hunter-pc/runs/cfg-c32197ce/cantilever/t0/wire.png
wrote bench/campaigns/advisor-batch-1-s1-hunter-pc/runs/cfg-c32197ce/cylinder/t0/wire.png
wrote bench/campaigns/advisor-batch-1-s1-hunter-pc/runs/cfg-c32197ce/smoke_bar/t0/wire.png
wrote bench/campaigns/advisor-batch-1-s1-hunter-pc/runs/cfg-c369ced2/cantilever/t0/wire.png
wrote bench/campaigns/advisor-batch-1-s1-hunter-pc/runs/cfg-c369ced2/cylinder/t0/wire.png
wrote bench/campaigns/advisor-batch-1-s1-hunter-pc/runs/cfg-c369ced2/smoke_bar/t0/wire.png
wrote bench/campaigns/advisor-batch-1-s1-hunter-pc/runs/cfg-c369ced2/sphere/t0/wire.png
wrote bench/campaigns/advisor-batch-1-s1-hunter-pc/runs/cfg-c790df79/cantilever/t0/wire.png
wrote bench/campaigns/advisor-batch-1-s1-hunter-pc/runs/cfg-c790df79/cylinder/t0/wire.png
wrote bench/campaigns/advisor-batch-1-s1-hunter-pc/runs/cfg-c790df79/smoke_bar/t0/wire.png
wrote bench/campaigns/advisor-batch-1-s1-hunter-pc/runs/cfg-c790df79/sphere/t0/wire.png
wrote bench/campaigns/advisor-batch-1-s1-hunter-pc/runs/cfg-d066ccea/cantilever/t0/wire.png
wrote bench/campaigns/advisor-batch-1-s1-hunter-pc/runs/cfg-d066ccea/cylinder/t0/wire.png
wrote bench/campaigns/advisor-batch-1-s1-hunter-pc/runs/cfg-d066ccea/smoke_bar/t0/wire.png
wrote bench/campaigns/advisor-batch-1-s1-hunter-pc/runs/cfg-d0e1553f/cantilever/t0/wire.png
wrote bench/campaigns/advisor-batch-1-s1-hunter-pc/runs/cfg-d0e1553f/cylinder/t0/wire.png
wrote bench/campaigns/advisor-batch-1-s1-hunter-pc/runs/cfg-d0e1553f/smoke_bar/t0/wire.png
wrote bench/campaigns/advisor-batch-1-s1-hunter-pc/runs/cfg-d472fcd3/cantilever/t0/wire.png
wrote bench/campaigns/advisor-batch-1-s1-hunter-pc/runs/cfg-d472fcd3/cylinder/t0/wire.png
wrote bench/campaigns/advisor-batch-1-s1-hunter-pc/runs/cfg-d472fcd3/smoke_bar/t0/wire.png
wrote bench/campaigns/advisor-batch-1-s1-hunter-pc/runs/cfg-d472fcd3/sphere/t0/wire.png
wrote bench/campaigns/advisor-batch-1-s1-hunter-pc/runs/cfg-d51075cd/cantilever/t0/wire.png
wrote bench/campaigns/advisor-batch-1-s1-hunter-pc/runs/cfg-d51075cd/cylinder/t0/wire.png
wrote bench/campaigns/advisor-batch-1-s1-hunter-pc/runs/cfg-d51075cd/plate_hole/t0/wire.png
wrote bench/campaigns/advisor-batch-1-s1-hunter-pc/runs/cfg-d51075cd/smoke_bar/t0/wire.png
wrote bench/campaigns/advisor-batch-1-s1-hunter-pc/runs/cfg-d51075cd/sphere/t0/wire.png
wrote bench/campaigns/advisor-batch-1-s1-hunter-pc/runs/cfg-d8a856c2/cantilever/t0/wire.png
wrote bench/campaigns/advisor-batch-1-s1-hunter-pc/runs/cfg-d8a856c2/cylinder/t0/wire.png
wrote bench/campaigns/advisor-batch-1-s1-hunter-pc/runs/cfg-d8a856c2/plate_hole/t0/wire.png
wrote bench/campaigns/advisor-batch-1-s1-hunter-pc/runs/cfg-d8a856c2/smoke_bar/t0/wire.png
wrote bench/campaigns/advisor-batch-1-s1-hunter-pc/runs/cfg-d8a856c2/sphere/t0/wire.png
wrote bench/campaigns/advisor-batch-1-s1-hunter-pc/runs/cfg-dd7388cd/cantilever/t0/wire.png
wrote bench/campaigns/advisor-batch-1-s1-hunter-pc/runs/cfg-dd7388cd/cylinder/t0/wire.png
wrote bench/campaigns/advisor-batch-1-s1-hunter-pc/runs/cfg-dd7388cd/smoke_bar/t0/wire.png
wrote bench/campaigns/advisor-batch-1-s1-hunter-pc/runs/cfg-dd7388cd/sphere/t0/wire.png
wrote bench/campaigns/advisor-batch-1-s1-hunter-pc/runs/cfg-e2ac80d2/cantilever/t0/wire.png
wrote bench/campaigns/advisor-batch-1-s1-hunter-pc/runs/cfg-e2ac80d2/cylinder/t0/wire.png
wrote bench/campaigns/advisor-batch-1-s1-hunter-pc/runs/cfg-e2ac80d2/smoke_bar/t0/wire.png
wrote bench/campaigns/advisor-batch-1-s1-hunter-pc/runs/cfg-e2ac80d2/sphere/t0/wire.png
wrote bench/campaigns/advisor-batch-1-s1-hunter-pc/runs/cfg-e3ed0a93/cantilever/t0/wire.png
wrote bench/campaigns/advisor-batch-1-s1-hunter-pc/runs/cfg-e3ed0a93/cylinder/t0/wire.png
wrote bench/campaigns/advisor-batch-1-s1-hunter-pc/runs/cfg-e3ed0a93/plate_hole/t0/wire.png
wrote bench/campaigns/advisor-batch-1-s1-hunter-pc/runs/cfg-e3ed0a93/smoke_bar/t0/wire.png
wrote bench/campaigns/advisor-batch-1-s1-hunter-pc/runs/cfg-e3ed0a93/sphere/t0/wire.png
wrote bench/campaigns/advisor-batch-1-s1-hunter-pc/runs/cfg-ea32b132/cantilever/t0/wire.png
wrote bench/campaigns/advisor-batch-1-s1-hunter-pc/runs/cfg-ea32b132/cylinder/t0/wire.png
wrote bench/campaigns/advisor-batch-1-s1-hunter-pc/runs/cfg-ea32b132/smoke_bar/t0/wire.png
wrote bench/campaigns/advisor-batch-1-s1-hunter-pc/runs/cfg-ea32b132/sphere/t0/wire.png
wrote bench/campaigns/advisor-batch-1-s1-hunter-pc/runs/cfg-f8ee7aa5/cantilever/t0/wire.png
wrote bench/campaigns/advisor-batch-1-s1-hunter-pc/runs/cfg-f8ee7aa5/cylinder/t0/wire.png
wrote bench/campaigns/advisor-batch-1-s1-hunter-pc/runs/cfg-f8ee7aa5/plate_hole/t0/wire.png
wrote bench/campaigns/advisor-batch-1-s1-hunter-pc/runs/cfg-f8ee7aa5/smoke_bar/t0/wire.png
wrote bench/campaigns/advisor-batch-1-s1-hunter-pc/runs/cfg-f8ee7aa5/sphere/t0/wire.png
wrote bench/campaigns/advisor-batch-1-s1-hunter-pc/runs/cfg-fc9c396f/cantilever/t0/wire.png
wrote bench/campaigns/advisor-batch-1-s1-hunter-pc/runs/cfg-fc9c396f/cylinder/t0/wire.png
wrote bench/campaigns/advisor-batch-1-s1-hunter-pc/runs/cfg-fc9c396f/smoke_bar/t0/wire.png
wrote bench/campaigns/advisor-batch-1-s1-hunter-pc/runs/cfg-fc9c396f/sphere/t0/wire.png
warehouse_shots: 202 rendered, 0 skipped (exists), 0 failed (202 mesh.vtu total)
finished: 288 runs → /home/hunter/Desktop/Polyhedral-FEA/bench/campaigns/advisor-batch-1-s1-hunter-pc/results.jsonl
=== exit 0 after 235.0s
