campaign advisor-batch-3-s1: 16 configs, 36 parts, 1 tiers
  max_run_wall_s=180 (override all tiers)
  max_pack_wall_s=21600
tier 0: h_scale=1 keep_frac=1 survivors=4 max_run_wall_s=180
  run cfg-f3a1c5e1 part=box_hole_s0_c0 tier=0 ...
  run cfg-f3a1c5e1 part=box_hole_s0_c1 tier=0 ...
  run cfg-f3a1c5e1 part=box_hole_s0_c2 tier=0 ...
  run cfg-f3a1c5e1 part=box_hole_s2_c0 tier=0 ...
  run cfg-f3a1c5e1 part=box_hole_s2_c1 tier=0 ...
  run cfg-f3a1c5e1 part=box_hole_s2_c2 tier=0 ...
  run cfg-f3a1c5e1 part=channel_s0_c0 tier=0 ...
  run cfg-f3a1c5e1 part=channel_s0_c1 tier=0 ...
  run cfg-f3a1c5e1 part=channel_s0_c2 tier=0 ...
  run cfg-f3a1c5e1 part=channel_s2_c0 tier=0 ...
  run cfg-f3a1c5e1 part=channel_s2_c1 tier=0 ...
  run cfg-f3a1c5e1 part=channel_s2_c2 tier=0 ...
  run cfg-f3a1c5e1 part=l_bracket_s0_c0 tier=0 ...
  run cfg-f3a1c5e1 part=l_bracket_s0_c1 tier=0 ...
  run cfg-f3a1c5e1 part=l_bracket_s0_c2 tier=0 ...
  run cfg-f3a1c5e1 part=l_bracket_s2_c0 tier=0 ...
  run cfg-f3a1c5e1 part=l_bracket_s2_c1 tier=0 ...
  run cfg-f3a1c5e1 part=l_bracket_s2_c2 tier=0 ...
  run cfg-f3a1c5e1 part=plate_notch_s0_c0 tier=0 ...
  run cfg-f3a1c5e1 part=plate_notch_s0_c1 tier=0 ...
  run cfg-f3a1c5e1 part=plate_notch_s0_c2 tier=0 ...
  run cfg-f3a1c5e1 part=plate_notch_s2_c0 tier=0 ...
  run cfg-f3a1c5e1 part=plate_notch_s2_c1 tier=0 ...
  run cfg-f3a1c5e1 part=plate_notch_s2_c2 tier=0 ...
  run cfg-f3a1c5e1 part=sphere_box_s0_c0 tier=0 ...
  run cfg-f3a1c5e1 part=sphere_box_s0_c1 tier=0 ...
  run cfg-f3a1c5e1 part=sphere_box_s0_c2 tier=0 ...
  run cfg-f3a1c5e1 part=sphere_box_s2_c0 tier=0 ...
  run cfg-f3a1c5e1 part=sphere_box_s2_c1 tier=0 ...
  run cfg-f3a1c5e1 part=sphere_box_s2_c2 tier=0 ...
  run cfg-f3a1c5e1 part=stepped_shaft_s0_c0 tier=0 ...
  run cfg-f3a1c5e1 part=stepped_shaft_s0_c1 tier=0 ...
  run cfg-f3a1c5e1 part=stepped_shaft_s0_c2 tier=0 ...
  run cfg-f3a1c5e1 part=stepped_shaft_s2_c0 tier=0 ...
  run cfg-f3a1c5e1 part=stepped_shaft_s2_c1 tier=0 ...
  run cfg-f3a1c5e1 part=stepped_shaft_s2_c2 tier=0 ...
  run cfg-d91fb0f4 part=box_hole_s0_c0 tier=0 ...
  run cfg-d91fb0f4 part=box_hole_s0_c1 tier=0 ...
  run cfg-d91fb0f4 part=box_hole_s0_c2 tier=0 ...
  run cfg-d91fb0f4 part=box_hole_s2_c0 tier=0 ...
  run cfg-d91fb0f4 part=box_hole_s2_c1 tier=0 ...
  run cfg-d91fb0f4 part=box_hole_s2_c2 tier=0 ...
  run cfg-d91fb0f4 part=channel_s0_c0 tier=0 ...
  run cfg-d91fb0f4 part=channel_s0_c1 tier=0 ...
  run cfg-d91fb0f4 part=channel_s0_c2 tier=0 ...
  run cfg-d91fb0f4 part=channel_s2_c0 tier=0 ...
  run cfg-d91fb0f4 part=channel_s2_c1 tier=0 ...
  run cfg-d91fb0f4 part=channel_s2_c2 tier=0 ...
  run cfg-d91fb0f4 part=l_bracket_s0_c0 tier=0 ...
  run cfg-d91fb0f4 part=l_bracket_s0_c1 tier=0 ...
  run cfg-d91fb0f4 part=l_bracket_s0_c2 tier=0 ...
  run cfg-d91fb0f4 part=l_bracket_s2_c0 tier=0 ...
  run cfg-d91fb0f4 part=l_bracket_s2_c1 tier=0 ...
  run cfg-d91fb0f4 part=l_bracket_s2_c2 tier=0 ...
  run cfg-d91fb0f4 part=plate_notch_s0_c0 tier=0 ...
  run cfg-d91fb0f4 part=plate_notch_s0_c1 tier=0 ...
  run cfg-d91fb0f4 part=plate_notch_s0_c2 tier=0 ...
  run cfg-d91fb0f4 part=plate_notch_s2_c0 tier=0 ...
  run cfg-d91fb0f4 part=plate_notch_s2_c1 tier=0 ...
  run cfg-d91fb0f4 part=plate_notch_s2_c2 tier=0 ...
  run cfg-d91fb0f4 part=sphere_box_s0_c0 tier=0 ...
  run cfg-d91fb0f4 part=sphere_box_s0_c1 tier=0 ...
  run cfg-d91fb0f4 part=sphere_box_s0_c2 tier=0 ...
  run cfg-d91fb0f4 part=sphere_box_s2_c0 tier=0 ...
  run cfg-d91fb0f4 part=sphere_box_s2_c1 tier=0 ...
  run cfg-d91fb0f4 part=sphere_box_s2_c2 tier=0 ...
  run cfg-d91fb0f4 part=stepped_shaft_s0_c0 tier=0 ...
  run cfg-d91fb0f4 part=stepped_shaft_s0_c1 tier=0 ...
  run cfg-d91fb0f4 part=stepped_shaft_s0_c2 tier=0 ...
  run cfg-d91fb0f4 part=stepped_shaft_s2_c0 tier=0 ...
  run cfg-d91fb0f4 part=stepped_shaft_s2_c1 tier=0 ...
  run cfg-d91fb0f4 part=stepped_shaft_s2_c2 tier=0 ...
  run cfg-e8bbec46 part=box_hole_s0_c0 tier=0 ...
  run cfg-e8bbec46 part=box_hole_s0_c1 tier=0 ...
  run cfg-e8bbec46 part=box_hole_s0_c2 tier=0 ...
  run cfg-e8bbec46 part=box_hole_s2_c0 tier=0 ...
  run cfg-e8bbec46 part=box_hole_s2_c1 tier=0 ...
  run cfg-e8bbec46 part=box_hole_s2_c2 tier=0 ...
  run cfg-e8bbec46 part=channel_s0_c0 tier=0 ...
  run cfg-e8bbec46 part=channel_s0_c1 tier=0 ...
  run cfg-e8bbec46 part=channel_s0_c2 tier=0 ...
  run cfg-e8bbec46 part=channel_s2_c0 tier=0 ...
  run cfg-e8bbec46 part=channel_s2_c1 tier=0 ...
  run cfg-e8bbec46 part=channel_s2_c2 tier=0 ...
  run cfg-e8bbec46 part=l_bracket_s0_c0 tier=0 ...
  run cfg-e8bbec46 part=l_bracket_s0_c1 tier=0 ...
  run cfg-e8bbec46 part=l_bracket_s0_c2 tier=0 ...
  run cfg-e8bbec46 part=l_bracket_s2_c0 tier=0 ...
  run cfg-e8bbec46 part=l_bracket_s2_c1 tier=0 ...
  run cfg-e8bbec46 part=l_bracket_s2_c2 tier=0 ...
  run cfg-e8bbec46 part=plate_notch_s0_c0 tier=0 ...
  run cfg-e8bbec46 part=plate_notch_s0_c1 tier=0 ...
  run cfg-e8bbec46 part=plate_notch_s0_c2 tier=0 ...
  run cfg-e8bbec46 part=plate_notch_s2_c0 tier=0 ...
  run cfg-e8bbec46 part=plate_notch_s2_c1 tier=0 ...
  run cfg-e8bbec46 part=plate_notch_s2_c2 tier=0 ...
  run cfg-e8bbec46 part=sphere_box_s0_c0 tier=0 ...
  run cfg-e8bbec46 part=sphere_box_s0_c1 tier=0 ...
  run cfg-e8bbec46 part=sphere_box_s0_c2 tier=0 ...
  run cfg-e8bbec46 part=sphere_box_s2_c0 tier=0 ...
  run cfg-e8bbec46 part=sphere_box_s2_c1 tier=0 ...
  run cfg-e8bbec46 part=sphere_box_s2_c2 tier=0 ...
  run cfg-e8bbec46 part=stepped_shaft_s0_c0 tier=0 ...
  run cfg-e8bbec46 part=stepped_shaft_s0_c1 tier=0 ...
  run cfg-e8bbec46 part=stepped_shaft_s0_c2 tier=0 ...
  run cfg-e8bbec46 part=stepped_shaft_s2_c0 tier=0 ...
  run cfg-e8bbec46 part=stepped_shaft_s2_c1 tier=0 ...
  run cfg-e8bbec46 part=stepped_shaft_s2_c2 tier=0 ...
  run cfg-a35f86df part=box_hole_s0_c0 tier=0 ...
  run cfg-a35f86df part=box_hole_s0_c1 tier=0 ...
  run cfg-a35f86df part=box_hole_s0_c2 tier=0 ...
  run cfg-a35f86df part=box_hole_s2_c0 tier=0 ...
  run cfg-a35f86df part=box_hole_s2_c1 tier=0 ...
  run cfg-a35f86df part=box_hole_s2_c2 tier=0 ...
  run cfg-a35f86df part=channel_s0_c0 tier=0 ...
  run cfg-a35f86df part=channel_s0_c1 tier=0 ...
  run cfg-a35f86df part=channel_s0_c2 tier=0 ...
  run cfg-a35f86df part=channel_s2_c0 tier=0 ...
  run cfg-a35f86df part=channel_s2_c1 tier=0 ...
  run cfg-a35f86df part=channel_s2_c2 tier=0 ...
  run cfg-a35f86df part=l_bracket_s0_c0 tier=0 ...
  run cfg-a35f86df part=l_bracket_s0_c1 tier=0 ...
  run cfg-a35f86df part=l_bracket_s0_c2 tier=0 ...
  run cfg-a35f86df part=l_bracket_s2_c0 tier=0 ...
  run cfg-a35f86df part=l_bracket_s2_c1 tier=0 ...
  run cfg-a35f86df part=l_bracket_s2_c2 tier=0 ...
  run cfg-a35f86df part=plate_notch_s0_c0 tier=0 ...
  run cfg-a35f86df part=plate_notch_s0_c1 tier=0 ...
  run cfg-a35f86df part=plate_notch_s0_c2 tier=0 ...
  run cfg-a35f86df part=plate_notch_s2_c0 tier=0 ...
  run cfg-a35f86df part=plate_notch_s2_c1 tier=0 ...
  run cfg-a35f86df part=plate_notch_s2_c2 tier=0 ...
  run cfg-a35f86df part=sphere_box_s0_c0 tier=0 ...
  run cfg-a35f86df part=sphere_box_s0_c1 tier=0 ...
  run cfg-a35f86df part=sphere_box_s0_c2 tier=0 ...
  run cfg-a35f86df part=sphere_box_s2_c0 tier=0 ...
  run cfg-a35f86df part=sphere_box_s2_c1 tier=0 ...
  run cfg-a35f86df part=sphere_box_s2_c2 tier=0 ...
  run cfg-a35f86df part=stepped_shaft_s0_c0 tier=0 ...
  run cfg-a35f86df part=stepped_shaft_s0_c1 tier=0 ...
  run cfg-a35f86df part=stepped_shaft_s0_c2 tier=0 ...
  run cfg-a35f86df part=stepped_shaft_s2_c0 tier=0 ...
  run cfg-a35f86df part=stepped_shaft_s2_c1 tier=0 ...
  run cfg-a35f86df part=stepped_shaft_s2_c2 tier=0 ...
Could not find platform independent libraries <prefix>
Traceback (most recent call last):
  File "C:\Users\Yakub\desktop\Polyhedral-FEA\scripts\warehouse_shots.py", line 37, in <module>
    from vtu_wire_png import NO_FEATURE_EXIT  # noqa: E402
    ^^^^^^^^^^^^^^^^^^^^^^^^^^^^^^^^^^^^^^^^
  File "C:\Users\Yakub\Desktop\Polyhedral-FEA\scripts\vtu_wire_png.py", line 23, in <module>
    import figstyle as fs  # noqa: E402
    ^^^^^^^^^^^^^^^^^^^^^
  File "C:\Users\Yakub\Desktop\Polyhedral-FEA\scripts\figstyle.py", line 48, in <module>
    import numpy as np
ModuleNotFoundError: No module named 'numpy'
on_finish warehouse_shots exited 1
finished: 144 runs → bench/campaigns/advisor-batch-3-s1\results.jsonl
