
=== 2026-08-10T22:40:01Z OMP_NUM_THREADS=2 :: C:\Users\Yakub\Desktop\Polyhedral-FEA\build\apps\testlab\polymesh_testlab.exe resume C:\Users\Yakub\Desktop\Polyhedral-FEA\bench\campaigns\advisor-batch-2-s1
campaign advisor-batch-2-s1: 32 configs, 24 parts, 1 tiers
  max_run_wall_s=45 (override all tiers)
  max_pack_wall_s=86400
tier 0: h_scale=1 keep_frac=1 survivors=8 max_run_wall_s=45
  run cfg-dcb6415c part=box_hole_s0_c2 tier=0 ...
  run cfg-dcb6415c part=box_hole_s1_c2 tier=0 ...
  run cfg-dcb6415c part=box_hole_s2_c2 tier=0 ...
  run cfg-dcb6415c part=box_hole_s3_c2 tier=0 ...
  run cfg-dcb6415c part=channel_s0_c2 tier=0 ...
  run cfg-dcb6415c part=channel_s1_c2 tier=0 ...
  run cfg-dcb6415c part=channel_s2_c2 tier=0 ...
  run cfg-dcb6415c part=channel_s3_c2 tier=0 ...
  run cfg-dcb6415c part=l_bracket_s0_c2 tier=0 ...
  run cfg-dcb6415c part=l_bracket_s1_c2 tier=0 ...
  run cfg-dcb6415c part=l_bracket_s2_c2 tier=0 ...
  run cfg-dcb6415c part=l_bracket_s3_c2 tier=0 ...
  run cfg-dcb6415c part=plate_notch_s0_c2 tier=0 ...
  run cfg-dcb6415c part=plate_notch_s1_c2 tier=0 ...
  run cfg-dcb6415c part=plate_notch_s2_c2 tier=0 ...
  run cfg-dcb6415c part=plate_notch_s3_c2 tier=0 ...
  run cfg-dcb6415c part=sphere_box_s0_c2 tier=0 ...
  run cfg-dcb6415c part=sphere_box_s1_c2 tier=0 ...
  run cfg-dcb6415c part=sphere_box_s2_c2 tier=0 ...
  run cfg-dcb6415c part=sphere_box_s3_c2 tier=0 ...
  run cfg-dcb6415c part=stepped_shaft_s0_c2 tier=0 ...
  run cfg-dcb6415c part=stepped_shaft_s1_c2 tier=0 ...
  run cfg-dcb6415c part=stepped_shaft_s2_c2 tier=0 ...
  run cfg-dcb6415c part=stepped_shaft_s3_c2 tier=0 ...
  run cfg-6bcf8463 part=box_hole_s0_c2 tier=0 ...
  run cfg-6bcf8463 part=box_hole_s1_c2 tier=0 ...
  run cfg-6bcf8463 part=box_hole_s2_c2 tier=0 ...
  run cfg-6bcf8463 part=box_hole_s3_c2 tier=0 ...
  run cfg-6bcf8463 part=channel_s0_c2 tier=0 ...
  run cfg-6bcf8463 part=channel_s1_c2 tier=0 ...
  run cfg-6bcf8463 part=channel_s2_c2 tier=0 ...
  run cfg-6bcf8463 part=channel_s3_c2 tier=0 ...
  run cfg-6bcf8463 part=l_bracket_s0_c2 tier=0 ...
  run cfg-6bcf8463 part=l_bracket_s1_c2 tier=0 ...
  run cfg-6bcf8463 part=l_bracket_s2_c2 tier=0 ...
  run cfg-6bcf8463 part=l_bracket_s3_c2 tier=0 ...
  run cfg-6bcf8463 part=plate_notch_s0_c2 tier=0 ...
  run cfg-6bcf8463 part=plate_notch_s1_c2 tier=0 ...
  run cfg-6bcf8463 part=plate_notch_s2_c2 tier=0 ...
  run cfg-6bcf8463 part=plate_notch_s3_c2 tier=0 ...
  run cfg-6bcf8463 part=sphere_box_s0_c2 tier=0 ...
  run cfg-6bcf8463 part=sphere_box_s1_c2 tier=0 ...
  run cfg-6bcf8463 part=sphere_box_s2_c2 tier=0 ...
  run cfg-6bcf8463 part=sphere_box_s3_c2 tier=0 ...
  run cfg-6bcf8463 part=stepped_shaft_s0_c2 tier=0 ...
  run cfg-6bcf8463 part=stepped_shaft_s1_c2 tier=0 ...
  run cfg-6bcf8463 part=stepped_shaft_s2_c2 tier=0 ...
  run cfg-6bcf8463 part=stepped_shaft_s3_c2 tier=0 ...
  run cfg-8b3f3cbd part=box_hole_s0_c2 tier=0 ...
  run cfg-8b3f3cbd part=box_hole_s1_c2 tier=0 ...
  run cfg-8b3f3cbd part=box_hole_s2_c2 tier=0 ...
  run cfg-8b3f3cbd part=box_hole_s3_c2 tier=0 ...
  run cfg-8b3f3cbd part=channel_s0_c2 tier=0 ...
  run cfg-8b3f3cbd part=channel_s1_c2 tier=0 ...
  run cfg-8b3f3cbd part=channel_s2_c2 tier=0 ...
  run cfg-8b3f3cbd part=channel_s3_c2 tier=0 ...
  run cfg-8b3f3cbd part=l_bracket_s0_c2 tier=0 ...
  run cfg-8b3f3cbd part=l_bracket_s1_c2 tier=0 ...
  run cfg-8b3f3cbd part=l_bracket_s2_c2 tier=0 ...
  run cfg-8b3f3cbd part=l_bracket_s3_c2 tier=0 ...
  run cfg-8b3f3cbd part=plate_notch_s0_c2 tier=0 ...
  run cfg-8b3f3cbd part=plate_notch_s1_c2 tier=0 ...
  run cfg-8b3f3cbd part=plate_notch_s2_c2 tier=0 ...
  run cfg-8b3f3cbd part=plate_notch_s3_c2 tier=0 ...
  run cfg-8b3f3cbd part=sphere_box_s0_c2 tier=0 ...
  run cfg-8b3f3cbd part=sphere_box_s1_c2 tier=0 ...
  run cfg-8b3f3cbd part=sphere_box_s2_c2 tier=0 ...
  run cfg-8b3f3cbd part=sphere_box_s3_c2 tier=0 ...
  run cfg-8b3f3cbd part=stepped_shaft_s0_c2 tier=0 ...
  run cfg-8b3f3cbd part=stepped_shaft_s1_c2 tier=0 ...
  run cfg-8b3f3cbd part=stepped_shaft_s2_c2 tier=0 ...
  run cfg-8b3f3cbd part=stepped_shaft_s3_c2 tier=0 ...
  run cfg-cecd5c28 part=box_hole_s0_c2 tier=0 ...
  run cfg-cecd5c28 part=box_hole_s1_c2 tier=0 ...
  run cfg-cecd5c28 part=box_hole_s2_c2 tier=0 ...
  run cfg-cecd5c28 part=box_hole_s3_c2 tier=0 ...
  run cfg-cecd5c28 part=channel_s0_c2 tier=0 ...
  run cfg-cecd5c28 part=channel_s1_c2 tier=0 ...
  run cfg-cecd5c28 part=channel_s2_c2 tier=0 ...
  run cfg-cecd5c28 part=channel_s3_c2 tier=0 ...
  run cfg-cecd5c28 part=l_bracket_s0_c2 tier=0 ...
  run cfg-cecd5c28 part=l_bracket_s1_c2 tier=0 ...
  run cfg-cecd5c28 part=l_bracket_s2_c2 tier=0 ...
  run cfg-cecd5c28 part=l_bracket_s3_c2 tier=0 ...
  run cfg-cecd5c28 part=plate_notch_s0_c2 tier=0 ...
  run cfg-cecd5c28 part=plate_notch_s1_c2 tier=0 ...
  run cfg-cecd5c28 part=plate_notch_s2_c2 tier=0 ...
  run cfg-cecd5c28 part=plate_notch_s3_c2 tier=0 ...
  run cfg-cecd5c28 part=sphere_box_s0_c2 tier=0 ...
  run cfg-cecd5c28 part=sphere_box_s1_c2 tier=0 ...
  run cfg-cecd5c28 part=sphere_box_s2_c2 tier=0 ...
  run cfg-cecd5c28 part=sphere_box_s3_c2 tier=0 ...
  run cfg-cecd5c28 part=stepped_shaft_s0_c2 tier=0 ...
  run cfg-cecd5c28 part=stepped_shaft_s1_c2 tier=0 ...
  run cfg-cecd5c28 part=stepped_shaft_s2_c2 tier=0 ...
  run cfg-cecd5c28 part=stepped_shaft_s3_c2 tier=0 ...
  run cfg-a5fcca57 part=box_hole_s0_c2 tier=0 ...
  run cfg-a5fcca57 part=box_hole_s1_c2 tier=0 ...
  run cfg-a5fcca57 part=box_hole_s2_c2 tier=0 ...
  run cfg-a5fcca57 part=box_hole_s3_c2 tier=0 ...
  run cfg-a5fcca57 part=channel_s0_c2 tier=0 ...
  run cfg-a5fcca57 part=channel_s1_c2 tier=0 ...
  run cfg-a5fcca57 part=channel_s2_c2 tier=0 ...
  run cfg-a5fcca57 part=channel_s3_c2 tier=0 ...
  run cfg-a5fcca57 part=l_bracket_s0_c2 tier=0 ...
  run cfg-a5fcca57 part=l_bracket_s1_c2 tier=0 ...
  run cfg-a5fcca57 part=l_bracket_s2_c2 tier=0 ...
  run cfg-a5fcca57 part=l_bracket_s3_c2 tier=0 ...
  run cfg-a5fcca57 part=plate_notch_s0_c2 tier=0 ...
  run cfg-a5fcca57 part=plate_notch_s1_c2 tier=0 ...
  run cfg-a5fcca57 part=plate_notch_s2_c2 tier=0 ...
  run cfg-a5fcca57 part=plate_notch_s3_c2 tier=0 ...
  run cfg-a5fcca57 part=sphere_box_s0_c2 tier=0 ...
  run cfg-a5fcca57 part=sphere_box_s1_c2 tier=0 ...
  run cfg-a5fcca57 part=sphere_box_s2_c2 tier=0 ...
  run cfg-a5fcca57 part=sphere_box_s3_c2 tier=0 ...
  run cfg-a5fcca57 part=stepped_shaft_s0_c2 tier=0 ...
  run cfg-a5fcca57 part=stepped_shaft_s1_c2 tier=0 ...
  run cfg-a5fcca57 part=stepped_shaft_s2_c2 tier=0 ...
  run cfg-a5fcca57 part=stepped_shaft_s3_c2 tier=0 ...
  run cfg-fdc26dd6 part=box_hole_s0_c2 tier=0 ...
  run cfg-fdc26dd6 part=box_hole_s1_c2 tier=0 ...
  run cfg-fdc26dd6 part=box_hole_s2_c2 tier=0 ...
  run cfg-fdc26dd6 part=box_hole_s3_c2 tier=0 ...
  run cfg-fdc26dd6 part=channel_s0_c2 tier=0 ...
  run cfg-fdc26dd6 part=channel_s1_c2 tier=0 ...
  run cfg-fdc26dd6 part=channel_s2_c2 tier=0 ...
  run cfg-fdc26dd6 part=channel_s3_c2 tier=0 ...
  run cfg-fdc26dd6 part=l_bracket_s0_c2 tier=0 ...
  run cfg-fdc26dd6 part=l_bracket_s1_c2 tier=0 ...
  run cfg-fdc26dd6 part=l_bracket_s2_c2 tier=0 ...
  run cfg-fdc26dd6 part=l_bracket_s3_c2 tier=0 ...
  run cfg-fdc26dd6 part=plate_notch_s0_c2 tier=0 ...
  run cfg-fdc26dd6 part=plate_notch_s1_c2 tier=0 ...
  run cfg-fdc26dd6 part=plate_notch_s2_c2 tier=0 ...
  run cfg-fdc26dd6 part=plate_notch_s3_c2 tier=0 ...
  run cfg-fdc26dd6 part=sphere_box_s0_c2 tier=0 ...
  run cfg-fdc26dd6 part=sphere_box_s1_c2 tier=0 ...
  run cfg-fdc26dd6 part=sphere_box_s2_c2 tier=0 ...
  run cfg-fdc26dd6 part=sphere_box_s3_c2 tier=0 ...
  run cfg-fdc26dd6 part=stepped_shaft_s0_c2 tier=0 ...
  run cfg-fdc26dd6 part=stepped_shaft_s1_c2 tier=0 ...
  run cfg-fdc26dd6 part=stepped_shaft_s2_c2 tier=0 ...
  run cfg-fdc26dd6 part=stepped_shaft_s3_c2 tier=0 ...
  run cfg-d226a448 part=box_hole_s0_c2 tier=0 ...
  run cfg-d226a448 part=box_hole_s1_c2 tier=0 ...
  run cfg-d226a448 part=box_hole_s2_c2 tier=0 ...
  run cfg-d226a448 part=box_hole_s3_c2 tier=0 ...
  run cfg-d226a448 part=channel_s0_c2 tier=0 ...
  run cfg-d226a448 part=channel_s1_c2 tier=0 ...
  run cfg-d226a448 part=channel_s2_c2 tier=0 ...
  run cfg-d226a448 part=channel_s3_c2 tier=0 ...
  run cfg-d226a448 part=l_bracket_s0_c2 tier=0 ...
  run cfg-d226a448 part=l_bracket_s1_c2 tier=0 ...
  run cfg-d226a448 part=l_bracket_s2_c2 tier=0 ...
  run cfg-d226a448 part=l_bracket_s3_c2 tier=0 ...
  run cfg-d226a448 part=plate_notch_s0_c2 tier=0 ...
  run cfg-d226a448 part=plate_notch_s1_c2 tier=0 ...
  run cfg-d226a448 part=plate_notch_s2_c2 tier=0 ...
  run cfg-d226a448 part=plate_notch_s3_c2 tier=0 ...
  run cfg-d226a448 part=sphere_box_s0_c2 tier=0 ...
  run cfg-d226a448 part=sphere_box_s1_c2 tier=0 ...
  run cfg-d226a448 part=sphere_box_s2_c2 tier=0 ...
  run cfg-d226a448 part=sphere_box_s3_c2 tier=0 ...
  run cfg-d226a448 part=stepped_shaft_s0_c2 tier=0 ...
  run cfg-d226a448 part=stepped_shaft_s1_c2 tier=0 ...
  run cfg-d226a448 part=stepped_shaft_s2_c2 tier=0 ...
  run cfg-d226a448 part=stepped_shaft_s3_c2 tier=0 ...
  run cfg-980f2497 part=box_hole_s0_c2 tier=0 ...
  run cfg-980f2497 part=box_hole_s1_c2 tier=0 ...
  run cfg-980f2497 part=box_hole_s2_c2 tier=0 ...
  run cfg-980f2497 part=box_hole_s3_c2 tier=0 ...
  run cfg-980f2497 part=channel_s0_c2 tier=0 ...
  run cfg-980f2497 part=channel_s1_c2 tier=0 ...
  run cfg-980f2497 part=channel_s2_c2 tier=0 ...
  run cfg-980f2497 part=channel_s3_c2 tier=0 ...
  run cfg-980f2497 part=l_bracket_s0_c2 tier=0 ...
  run cfg-980f2497 part=l_bracket_s1_c2 tier=0 ...
  run cfg-980f2497 part=l_bracket_s2_c2 tier=0 ...
  run cfg-980f2497 part=l_bracket_s3_c2 tier=0 ...
  run cfg-980f2497 part=plate_notch_s0_c2 tier=0 ...
  run cfg-980f2497 part=plate_notch_s1_c2 tier=0 ...
  run cfg-980f2497 part=plate_notch_s2_c2 tier=0 ...
  run cfg-980f2497 part=plate_notch_s3_c2 tier=0 ...
  run cfg-980f2497 part=sphere_box_s0_c2 tier=0 ...
  run cfg-980f2497 part=sphere_box_s1_c2 tier=0 ...
  run cfg-980f2497 part=sphere_box_s2_c2 tier=0 ...
  run cfg-980f2497 part=sphere_box_s3_c2 tier=0 ...
  run cfg-980f2497 part=stepped_shaft_s0_c2 tier=0 ...
  run cfg-980f2497 part=stepped_shaft_s1_c2 tier=0 ...
  run cfg-980f2497 part=stepped_shaft_s2_c2 tier=0 ...
  run cfg-980f2497 part=stepped_shaft_s3_c2 tier=0 ...
Could not find platform independent libraries <prefix>
wrote bench\campaigns\advisor-batch-2-s1\runs\cfg-6bcf8463\box_hole_s0_c2\t0\wire.png
wrote bench\campaigns\advisor-batch-2-s1\runs\cfg-6bcf8463\box_hole_s1_c2\t0\wire.png
wrote bench\campaigns\advisor-batch-2-s1\runs\cfg-6bcf8463\box_hole_s2_c2\t0\wire.png
wrote bench\campaigns\advisor-batch-2-s1\runs\cfg-6bcf8463\box_hole_s3_c2\t0\wire.png
wrote bench\campaigns\advisor-batch-2-s1\runs\cfg-6bcf8463\channel_s3_c2\t0\wire.png
wrote bench\campaigns\advisor-batch-2-s1\runs\cfg-6bcf8463\l_bracket_s0_c2\t0\wire.png
wrote bench\campaigns\advisor-batch-2-s1\runs\cfg-6bcf8463\l_bracket_s1_c2\t0\wire.png
wrote bench\campaigns\advisor-batch-2-s1\runs\cfg-6bcf8463\l_bracket_s2_c2\t0\wire.png
wrote bench\campaigns\advisor-batch-2-s1\runs\cfg-6bcf8463\l_bracket_s3_c2\t0\wire.png
wrote bench\campaigns\advisor-batch-2-s1\runs\cfg-6bcf8463\plate_notch_s0_c2\t0\wire.png
wrote bench\campaigns\advisor-batch-2-s1\runs\cfg-6bcf8463\plate_notch_s1_c2\t0\wire.png
wrote bench\campaigns\advisor-batch-2-s1\runs\cfg-6bcf8463\plate_notch_s2_c2\t0\wire.png
wrote bench\campaigns\advisor-batch-2-s1\runs\cfg-6bcf8463\plate_notch_s3_c2\t0\wire.png
wrote bench\campaigns\advisor-batch-2-s1\runs\cfg-6bcf8463\sphere_box_s0_c2\t0\wire.png
wrote bench\campaigns\advisor-batch-2-s1\runs\cfg-6bcf8463\sphere_box_s1_c2\t0\wire.png
wrote bench\campaigns\advisor-batch-2-s1\runs\cfg-6bcf8463\sphere_box_s2_c2\t0\wire.png
wrote bench\campaigns\advisor-batch-2-s1\runs\cfg-6bcf8463\sphere_box_s3_c2\t0\wire.png
wrote bench\campaigns\advisor-batch-2-s1\runs\cfg-6bcf8463\stepped_shaft_s0_c2\t0\wire.png
wrote bench\campaigns\advisor-batch-2-s1\runs\cfg-6bcf8463\stepped_shaft_s1_c2\t0\wire.png
wrote bench\campaigns\advisor-batch-2-s1\runs\cfg-6bcf8463\stepped_shaft_s2_c2\t0\wire.png
wrote bench\campaigns\advisor-batch-2-s1\runs\cfg-6bcf8463\stepped_shaft_s3_c2\t0\wire.png
wrote bench\campaigns\advisor-batch-2-s1\runs\cfg-8b3f3cbd\box_hole_s0_c2\t0\wire.png
wrote bench\campaigns\advisor-batch-2-s1\runs\cfg-8b3f3cbd\box_hole_s1_c2\t0\wire.png
wrote bench\campaigns\advisor-batch-2-s1\runs\cfg-8b3f3cbd\box_hole_s2_c2\t0\wire.png
wrote bench\campaigns\advisor-batch-2-s1\runs\cfg-8b3f3cbd\box_hole_s3_c2\t0\wire.png
wrote bench\campaigns\advisor-batch-2-s1\runs\cfg-8b3f3cbd\plate_notch_s0_c2\t0\wire.png
wrote bench\campaigns\advisor-batch-2-s1\runs\cfg-8b3f3cbd\plate_notch_s1_c2\t0\wire.png
wrote bench\campaigns\advisor-batch-2-s1\runs\cfg-8b3f3cbd\plate_notch_s2_c2\t0\wire.png
wrote bench\campaigns\advisor-batch-2-s1\runs\cfg-8b3f3cbd\plate_notch_s3_c2\t0\wire.png
wrote bench\campaigns\advisor-batch-2-s1\runs\cfg-8b3f3cbd\sphere_box_s0_c2\t0\wire.png
wrote bench\campaigns\advisor-batch-2-s1\runs\cfg-8b3f3cbd\sphere_box_s1_c2\t0\wire.png
wrote bench\campaigns\advisor-batch-2-s1\runs\cfg-8b3f3cbd\sphere_box_s2_c2\t0\wire.png
wrote bench\campaigns\advisor-batch-2-s1\runs\cfg-8b3f3cbd\sphere_box_s3_c2\t0\wire.png
wrote bench\campaigns\advisor-batch-2-s1\runs\cfg-8b3f3cbd\stepped_shaft_s0_c2\t0\wire.png
wrote bench\campaigns\advisor-batch-2-s1\runs\cfg-8b3f3cbd\stepped_shaft_s1_c2\t0\wire.png
wrote bench\campaigns\advisor-batch-2-s1\runs\cfg-8b3f3cbd\stepped_shaft_s2_c2\t0\wire.png
wrote bench\campaigns\advisor-batch-2-s1\runs\cfg-8b3f3cbd\stepped_shaft_s3_c2\t0\wire.png
wrote bench\campaigns\advisor-batch-2-s1\runs\cfg-980f2497\box_hole_s0_c2\t0\wire.png
wrote bench\campaigns\advisor-batch-2-s1\runs\cfg-980f2497\box_hole_s1_c2\t0\wire.png
wrote bench\campaigns\advisor-batch-2-s1\runs\cfg-980f2497\box_hole_s2_c2\t0\wire.png
wrote bench\campaigns\advisor-batch-2-s1\runs\cfg-980f2497\box_hole_s3_c2\t0\wire.png
wrote bench\campaigns\advisor-batch-2-s1\runs\cfg-980f2497\channel_s3_c2\t0\wire.png
wrote bench\campaigns\advisor-batch-2-s1\runs\cfg-980f2497\l_bracket_s0_c2\t0\wire.png
wrote bench\campaigns\advisor-batch-2-s1\runs\cfg-980f2497\l_bracket_s1_c2\t0\wire.png
wrote bench\campaigns\advisor-batch-2-s1\runs\cfg-980f2497\l_bracket_s2_c2\t0\wire.png
wrote bench\campaigns\advisor-batch-2-s1\runs\cfg-980f2497\l_bracket_s3_c2\t0\wire.png
wrote bench\campaigns\advisor-batch-2-s1\runs\cfg-980f2497\plate_notch_s0_c2\t0\wire.png
wrote bench\campaigns\advisor-batch-2-s1\runs\cfg-980f2497\plate_notch_s1_c2\t0\wire.png
wrote bench\campaigns\advisor-batch-2-s1\runs\cfg-980f2497\plate_notch_s2_c2\t0\wire.png
wrote bench\campaigns\advisor-batch-2-s1\runs\cfg-980f2497\plate_notch_s3_c2\t0\wire.png
wrote bench\campaigns\advisor-batch-2-s1\runs\cfg-980f2497\sphere_box_s0_c2\t0\wire.png
wrote bench\campaigns\advisor-batch-2-s1\runs\cfg-980f2497\sphere_box_s1_c2\t0\wire.png
wrote bench\campaigns\advisor-batch-2-s1\runs\cfg-980f2497\sphere_box_s2_c2\t0\wire.png
wrote bench\campaigns\advisor-batch-2-s1\runs\cfg-980f2497\sphere_box_s3_c2\t0\wire.png
wrote bench\campaigns\advisor-batch-2-s1\runs\cfg-980f2497\stepped_shaft_s1_c2\t0\wire.png
wrote bench\campaigns\advisor-batch-2-s1\runs\cfg-980f2497\stepped_shaft_s2_c2\t0\wire.png
wrote bench\campaigns\advisor-batch-2-s1\runs\cfg-a5fcca57\box_hole_s0_c2\t0\wire.png
wrote bench\campaigns\advisor-batch-2-s1\runs\cfg-a5fcca57\box_hole_s1_c2\t0\wire.png
wrote bench\campaigns\advisor-batch-2-s1\runs\cfg-a5fcca57\box_hole_s2_c2\t0\wire.png
wrote bench\campaigns\advisor-batch-2-s1\runs\cfg-a5fcca57\box_hole_s3_c2\t0\wire.png
wrote bench\campaigns\advisor-batch-2-s1\runs\cfg-a5fcca57\plate_notch_s0_c2\t0\wire.png
wrote bench\campaigns\advisor-batch-2-s1\runs\cfg-a5fcca57\plate_notch_s1_c2\t0\wire.png
wrote bench\campaigns\advisor-batch-2-s1\runs\cfg-a5fcca57\plate_notch_s2_c2\t0\wire.png
wrote bench\campaigns\advisor-batch-2-s1\runs\cfg-a5fcca57\plate_notch_s3_c2\t0\wire.png
wrote bench\campaigns\advisor-batch-2-s1\runs\cfg-a5fcca57\sphere_box_s0_c2\t0\wire.png
wrote bench\campaigns\advisor-batch-2-s1\runs\cfg-a5fcca57\sphere_box_s1_c2\t0\wire.png
wrote bench\campaigns\advisor-batch-2-s1\runs\cfg-a5fcca57\sphere_box_s2_c2\t0\wire.png
wrote bench\campaigns\advisor-batch-2-s1\runs\cfg-a5fcca57\sphere_box_s3_c2\t0\wire.png
wrote bench\campaigns\advisor-batch-2-s1\runs\cfg-a5fcca57\stepped_shaft_s0_c2\t0\wire.png
wrote bench\campaigns\advisor-batch-2-s1\runs\cfg-a5fcca57\stepped_shaft_s1_c2\t0\wire.png
wrote bench\campaigns\advisor-batch-2-s1\runs\cfg-a5fcca57\stepped_shaft_s2_c2\t0\wire.png
wrote bench\campaigns\advisor-batch-2-s1\runs\cfg-a5fcca57\stepped_shaft_s3_c2\t0\wire.png
wrote bench\campaigns\advisor-batch-2-s1\runs\cfg-cecd5c28\box_hole_s0_c2\t0\wire.png
wrote bench\campaigns\advisor-batch-2-s1\runs\cfg-cecd5c28\box_hole_s1_c2\t0\wire.png
wrote bench\campaigns\advisor-batch-2-s1\runs\cfg-cecd5c28\box_hole_s2_c2\t0\wire.png
wrote bench\campaigns\advisor-batch-2-s1\runs\cfg-cecd5c28\box_hole_s3_c2\t0\wire.png
wrote bench\campaigns\advisor-batch-2-s1\runs\cfg-cecd5c28\channel_s3_c2\t0\wire.png
wrote bench\campaigns\advisor-batch-2-s1\runs\cfg-cecd5c28\l_bracket_s0_c2\t0\wire.png
wrote bench\campaigns\advisor-batch-2-s1\runs\cfg-cecd5c28\l_bracket_s1_c2\t0\wire.png
wrote bench\campaigns\advisor-batch-2-s1\runs\cfg-cecd5c28\l_bracket_s2_c2\t0\wire.png
wrote bench\campaigns\advisor-batch-2-s1\runs\cfg-cecd5c28\l_bracket_s3_c2\t0\wire.png
wrote bench\campaigns\advisor-batch-2-s1\runs\cfg-cecd5c28\plate_notch_s0_c2\t0\wire.png
wrote bench\campaigns\advisor-batch-2-s1\runs\cfg-cecd5c28\plate_notch_s1_c2\t0\wire.png
wrote bench\campaigns\advisor-batch-2-s1\runs\cfg-cecd5c28\plate_notch_s2_c2\t0\wire.png
wrote bench\campaigns\advisor-batch-2-s1\runs\cfg-cecd5c28\plate_notch_s3_c2\t0\wire.png
wrote bench\campaigns\advisor-batch-2-s1\runs\cfg-cecd5c28\sphere_box_s0_c2\t0\wire.png
wrote bench\campaigns\advisor-batch-2-s1\runs\cfg-cecd5c28\sphere_box_s1_c2\t0\wire.png
wrote bench\campaigns\advisor-batch-2-s1\runs\cfg-cecd5c28\sphere_box_s2_c2\t0\wire.png
wrote bench\campaigns\advisor-batch-2-s1\runs\cfg-cecd5c28\sphere_box_s3_c2\t0\wire.png
wrote bench\campaigns\advisor-batch-2-s1\runs\cfg-cecd5c28\stepped_shaft_s0_c2\t0\wire.png
wrote bench\campaigns\advisor-batch-2-s1\runs\cfg-cecd5c28\stepped_shaft_s1_c2\t0\wire.png
wrote bench\campaigns\advisor-batch-2-s1\runs\cfg-cecd5c28\stepped_shaft_s2_c2\t0\wire.png
wrote bench\campaigns\advisor-batch-2-s1\runs\cfg-cecd5c28\stepped_shaft_s3_c2\t0\wire.png
wrote bench\campaigns\advisor-batch-2-s1\runs\cfg-d226a448\box_hole_s0_c2\t0\wire.png
wrote bench\campaigns\advisor-batch-2-s1\runs\cfg-d226a448\box_hole_s1_c2\t0\wire.png
wrote bench\campaigns\advisor-batch-2-s1\runs\cfg-d226a448\box_hole_s2_c2\t0\wire.png
wrote bench\campaigns\advisor-batch-2-s1\runs\cfg-d226a448\box_hole_s3_c2\t0\wire.png
wrote bench\campaigns\advisor-batch-2-s1\runs\cfg-d226a448\plate_notch_s0_c2\t0\wire.png
wrote bench\campaigns\advisor-batch-2-s1\runs\cfg-d226a448\plate_notch_s1_c2\t0\wire.png
wrote bench\campaigns\advisor-batch-2-s1\runs\cfg-d226a448\plate_notch_s2_c2\t0\wire.png
wrote bench\campaigns\advisor-batch-2-s1\runs\cfg-d226a448\plate_notch_s3_c2\t0\wire.png
wrote bench\campaigns\advisor-batch-2-s1\runs\cfg-d226a448\sphere_box_s0_c2\t0\wire.png
wrote bench\campaigns\advisor-batch-2-s1\runs\cfg-d226a448\sphere_box_s1_c2\t0\wire.png
wrote bench\campaigns\advisor-batch-2-s1\runs\cfg-d226a448\sphere_box_s2_c2\t0\wire.png
wrote bench\campaigns\advisor-batch-2-s1\runs\cfg-d226a448\sphere_box_s3_c2\t0\wire.png
wrote bench\campaigns\advisor-batch-2-s1\runs\cfg-d226a448\stepped_shaft_s0_c2\t0\wire.png
wrote bench\campaigns\advisor-batch-2-s1\runs\cfg-d226a448\stepped_shaft_s1_c2\t0\wire.png
wrote bench\campaigns\advisor-batch-2-s1\runs\cfg-d226a448\stepped_shaft_s2_c2\t0\wire.png
wrote bench\campaigns\advisor-batch-2-s1\runs\cfg-d226a448\stepped_shaft_s3_c2\t0\wire.png
wrote bench\campaigns\advisor-batch-2-s1\runs\cfg-dcb6415c\box_hole_s0_c2\t0\wire.png
wrote bench\campaigns\advisor-batch-2-s1\runs\cfg-dcb6415c\box_hole_s1_c2\t0\wire.png
wrote bench\campaigns\advisor-batch-2-s1\runs\cfg-dcb6415c\box_hole_s2_c2\t0\wire.png
wrote bench\campaigns\advisor-batch-2-s1\runs\cfg-dcb6415c\box_hole_s3_c2\t0\wire.png
wrote bench\campaigns\advisor-batch-2-s1\runs\cfg-dcb6415c\plate_notch_s0_c2\t0\wire.png
wrote bench\campaigns\advisor-batch-2-s1\runs\cfg-dcb6415c\plate_notch_s1_c2\t0\wire.png
wrote bench\campaigns\advisor-batch-2-s1\runs\cfg-dcb6415c\plate_notch_s2_c2\t0\wire.png
wrote bench\campaigns\advisor-batch-2-s1\runs\cfg-dcb6415c\plate_notch_s3_c2\t0\wire.png
wrote bench\campaigns\advisor-batch-2-s1\runs\cfg-dcb6415c\sphere_box_s0_c2\t0\wire.png
wrote bench\campaigns\advisor-batch-2-s1\runs\cfg-dcb6415c\sphere_box_s1_c2\t0\wire.png
wrote bench\campaigns\advisor-batch-2-s1\runs\cfg-dcb6415c\sphere_box_s2_c2\t0\wire.png
wrote bench\campaigns\advisor-batch-2-s1\runs\cfg-dcb6415c\sphere_box_s3_c2\t0\wire.png
wrote bench\campaigns\advisor-batch-2-s1\runs\cfg-dcb6415c\stepped_shaft_s0_c2\t0\wire.png
wrote bench\campaigns\advisor-batch-2-s1\runs\cfg-dcb6415c\stepped_shaft_s1_c2\t0\wire.png
wrote bench\campaigns\advisor-batch-2-s1\runs\cfg-dcb6415c\stepped_shaft_s2_c2\t0\wire.png
wrote bench\campaigns\advisor-batch-2-s1\runs\cfg-dcb6415c\stepped_shaft_s3_c2\t0\wire.png
wrote bench\campaigns\advisor-batch-2-s1\runs\cfg-fdc26dd6\box_hole_s0_c2\t0\wire.png
wrote bench\campaigns\advisor-batch-2-s1\runs\cfg-fdc26dd6\box_hole_s1_c2\t0\wire.png
wrote bench\campaigns\advisor-batch-2-s1\runs\cfg-fdc26dd6\box_hole_s2_c2\t0\wire.png
wrote bench\campaigns\advisor-batch-2-s1\runs\cfg-fdc26dd6\box_hole_s3_c2\t0\wire.png
wrote bench\campaigns\advisor-batch-2-s1\runs\cfg-fdc26dd6\channel_s3_c2\t0\wire.png
wrote bench\campaigns\advisor-batch-2-s1\runs\cfg-fdc26dd6\l_bracket_s0_c2\t0\wire.png
wrote bench\campaigns\advisor-batch-2-s1\runs\cfg-fdc26dd6\l_bracket_s1_c2\t0\wire.png
wrote bench\campaigns\advisor-batch-2-s1\runs\cfg-fdc26dd6\l_bracket_s2_c2\t0\wire.png
wrote bench\campaigns\advisor-batch-2-s1\runs\cfg-fdc26dd6\l_bracket_s3_c2\t0\wire.png
wrote bench\campaigns\advisor-batch-2-s1\runs\cfg-fdc26dd6\plate_notch_s0_c2\t0\wire.png
wrote bench\campaigns\advisor-batch-2-s1\runs\cfg-fdc26dd6\plate_notch_s1_c2\t0\wire.png
wrote bench\campaigns\advisor-batch-2-s1\runs\cfg-fdc26dd6\plate_notch_s2_c2\t0\wire.png
wrote bench\campaigns\advisor-batch-2-s1\runs\cfg-fdc26dd6\plate_notch_s3_c2\t0\wire.png
wrote bench\campaigns\advisor-batch-2-s1\runs\cfg-fdc26dd6\sphere_box_s0_c2\t0\wire.png
wrote bench\campaigns\advisor-batch-2-s1\runs\cfg-fdc26dd6\sphere_box_s1_c2\t0\wire.png
wrote bench\campaigns\advisor-batch-2-s1\runs\cfg-fdc26dd6\sphere_box_s2_c2\t0\wire.png
wrote bench\campaigns\advisor-batch-2-s1\runs\cfg-fdc26dd6\sphere_box_s3_c2\t0\wire.png
wrote bench\campaigns\advisor-batch-2-s1\runs\cfg-fdc26dd6\stepped_shaft_s1_c2\t0\wire.png
wrote bench\campaigns\advisor-batch-2-s1\runs\cfg-fdc26dd6\stepped_shaft_s2_c2\t0\wire.png
warehouse_shots: 144 rendered, 0 skipped (exists), 0 failed (144 mesh.vtu total)
finished: 192 runs → C:\Users\Yakub\Desktop\Polyhedral-FEA\bench\campaigns\advisor-batch-2-s1\results.jsonl
=== exit 0 after 923.9s
