campaign advisor-truth-0: 3 configs, 18 parts, 1 tiers
  max_run_wall_s=1800 (override all tiers)
  max_pack_wall_s=172800
tier 0: h_scale=1 keep_frac=1 survivors=3 max_run_wall_s=1800
  run cfg-709703ab part=box_hole_s0_c2 tier=0 ...
  run cfg-709703ab part=box_hole_s2_c0 tier=0 ...
  run cfg-709703ab part=box_hole_s3_c1 tier=0 ...
  run cfg-709703ab part=l_bracket_s0_c2 tier=0 ...
  run cfg-709703ab part=l_bracket_s2_c0 tier=0 ...
  run cfg-709703ab part=l_bracket_s3_c1 tier=0 ...
  run cfg-709703ab part=plate_notch_s0_c2 tier=0 ...
  run cfg-709703ab part=plate_notch_s2_c0 tier=0 ...
  run cfg-709703ab part=plate_notch_s3_c1 tier=0 ...
  run cfg-709703ab part=stepped_shaft_s0_c2 tier=0 ...
  run cfg-709703ab part=stepped_shaft_s2_c0 tier=0 ...
  run cfg-709703ab part=stepped_shaft_s3_c1 tier=0 ...
  run cfg-709703ab part=channel_s0_c2 tier=0 ...
  run cfg-709703ab part=channel_s2_c0 tier=0 ...
  run cfg-709703ab part=channel_s3_c1 tier=0 ...
  run cfg-709703ab part=sphere_box_s0_c2 tier=0 ...
  run cfg-709703ab part=sphere_box_s2_c0 tier=0 ...
  run cfg-709703ab part=sphere_box_s3_c1 tier=0 ...
  run cfg-97015a68 part=box_hole_s0_c2 tier=0 ...
  run cfg-97015a68 part=box_hole_s2_c0 tier=0 ...
  run cfg-97015a68 part=box_hole_s3_c1 tier=0 ...
  run cfg-97015a68 part=l_bracket_s0_c2 tier=0 ...
  run cfg-97015a68 part=l_bracket_s2_c0 tier=0 ...
  run cfg-97015a68 part=l_bracket_s3_c1 tier=0 ...
  run cfg-97015a68 part=plate_notch_s0_c2 tier=0 ...
  run cfg-97015a68 part=plate_notch_s2_c0 tier=0 ...
  run cfg-97015a68 part=plate_notch_s3_c1 tier=0 ...
  run cfg-97015a68 part=stepped_shaft_s0_c2 tier=0 ...
  run cfg-97015a68 part=stepped_shaft_s2_c0 tier=0 ...
  run cfg-97015a68 part=stepped_shaft_s3_c1 tier=0 ...
  run cfg-97015a68 part=channel_s0_c2 tier=0 ...
  run cfg-97015a68 part=channel_s2_c0 tier=0 ...
  run cfg-97015a68 part=channel_s3_c1 tier=0 ...
  run cfg-97015a68 part=sphere_box_s0_c2 tier=0 ...
  run cfg-97015a68 part=sphere_box_s2_c0 tier=0 ...
  run cfg-97015a68 part=sphere_box_s3_c1 tier=0 ...
  run cfg-ca16e68c part=box_hole_s0_c2 tier=0 ...
  run cfg-ca16e68c part=box_hole_s2_c0 tier=0 ...
  run cfg-ca16e68c part=box_hole_s3_c1 tier=0 ...
  run cfg-ca16e68c part=l_bracket_s0_c2 tier=0 ...
  run cfg-ca16e68c part=l_bracket_s2_c0 tier=0 ...
  run cfg-ca16e68c part=l_bracket_s3_c1 tier=0 ...
  run cfg-ca16e68c part=plate_notch_s0_c2 tier=0 ...
  run cfg-ca16e68c part=plate_notch_s2_c0 tier=0 ...
  run cfg-ca16e68c part=plate_notch_s3_c1 tier=0 ...
  run cfg-ca16e68c part=stepped_shaft_s0_c2 tier=0 ...
  run cfg-ca16e68c part=stepped_shaft_s2_c0 tier=0 ...
  run cfg-ca16e68c part=stepped_shaft_s3_c1 tier=0 ...
  run cfg-ca16e68c part=channel_s0_c2 tier=0 ...
  run cfg-ca16e68c part=channel_s2_c0 tier=0 ...
  run cfg-ca16e68c part=channel_s3_c1 tier=0 ...
  run cfg-ca16e68c part=sphere_box_s0_c2 tier=0 ...
  run cfg-ca16e68c part=sphere_box_s2_c0 tier=0 ...
  run cfg-ca16e68c part=sphere_box_s3_c1 tier=0 ...
Could not find platform independent libraries <prefix>
no runs/ under bench\campaigns\advisor-truth-0 — nothing to do
finished: 54 runs â†’ bench\campaigns\advisor-truth-0-s2\results.jsonl
