
=== 2026-08-14T18:01:01Z OMP_NUM_THREADS=2 :: /home/liveuser/Polyhedral-FEA/build/apps/testlab/polymesh_testlab resume /home/liveuser/Polyhedral-FEA/bench/campaigns/advisor-batch-2-s3-livingroom-pc
campaign advisor-batch-2-s3-livingroom-pc: 32 configs, 6 parts, 1 tiers
  max_run_wall_s=180 (override all tiers)
  max_pack_wall_s=21600
tier 0: h_scale=1 keep_frac=1 survivors=8 max_run_wall_s=180
  run cfg-16df753f part=plate_notch_s0_c0 tier=0 ...
  run cfg-16df753f part=plate_notch_s0_c1 tier=0 ...
  run cfg-16df753f part=plate_notch_s0_c2 tier=0 ...
  run cfg-16df753f part=plate_notch_s2_c0 tier=0 ...
  run cfg-16df753f part=plate_notch_s2_c1 tier=0 ...
  run cfg-16df753f part=plate_notch_s2_c2 tier=0 ...
  run cfg-16a22cb5 part=plate_notch_s0_c0 tier=0 ...
  run cfg-16a22cb5 part=plate_notch_s0_c1 tier=0 ...
  run cfg-16a22cb5 part=plate_notch_s0_c2 tier=0 ...
  run cfg-16a22cb5 part=plate_notch_s2_c0 tier=0 ...
  run cfg-16a22cb5 part=plate_notch_s2_c1 tier=0 ...
  run cfg-16a22cb5 part=plate_notch_s2_c2 tier=0 ...
  run cfg-c4005114 part=plate_notch_s0_c0 tier=0 ...
  run cfg-c4005114 part=plate_notch_s0_c1 tier=0 ...
  run cfg-c4005114 part=plate_notch_s0_c2 tier=0 ...
  run cfg-c4005114 part=plate_notch_s2_c0 tier=0 ...
  run cfg-c4005114 part=plate_notch_s2_c1 tier=0 ...
  run cfg-c4005114 part=plate_notch_s2_c2 tier=0 ...
  run cfg-43de06f6 part=plate_notch_s0_c0 tier=0 ...
  run cfg-43de06f6 part=plate_notch_s0_c1 tier=0 ...
  run cfg-43de06f6 part=plate_notch_s0_c2 tier=0 ...
  run cfg-43de06f6 part=plate_notch_s2_c0 tier=0 ...
  run cfg-43de06f6 part=plate_notch_s2_c1 tier=0 ...
  run cfg-43de06f6 part=plate_notch_s2_c2 tier=0 ...
  run cfg-e61895c2 part=plate_notch_s0_c0 tier=0 ...
  run cfg-e61895c2 part=plate_notch_s0_c1 tier=0 ...
  run cfg-e61895c2 part=plate_notch_s0_c2 tier=0 ...
  run cfg-e61895c2 part=plate_notch_s2_c0 tier=0 ...
  run cfg-e61895c2 part=plate_notch_s2_c1 tier=0 ...
  run cfg-e61895c2 part=plate_notch_s2_c2 tier=0 ...
  run cfg-ac859d08 part=plate_notch_s0_c0 tier=0 ...
  run cfg-ac859d08 part=plate_notch_s0_c1 tier=0 ...
  run cfg-ac859d08 part=plate_notch_s0_c2 tier=0 ...
  run cfg-ac859d08 part=plate_notch_s2_c0 tier=0 ...
  run cfg-ac859d08 part=plate_notch_s2_c1 tier=0 ...
  run cfg-ac859d08 part=plate_notch_s2_c2 tier=0 ...
  run cfg-27719197 part=plate_notch_s0_c0 tier=0 ...
  run cfg-27719197 part=plate_notch_s0_c1 tier=0 ...
  run cfg-27719197 part=plate_notch_s0_c2 tier=0 ...
  run cfg-27719197 part=plate_notch_s2_c0 tier=0 ...
  run cfg-27719197 part=plate_notch_s2_c1 tier=0 ...
  run cfg-27719197 part=plate_notch_s2_c2 tier=0 ...
  run cfg-570b72ed part=plate_notch_s0_c0 tier=0 ...
  run cfg-570b72ed part=plate_notch_s0_c1 tier=0 ...
  run cfg-570b72ed part=plate_notch_s0_c2 tier=0 ...
  run cfg-570b72ed part=plate_notch_s2_c0 tier=0 ...
  run cfg-570b72ed part=plate_notch_s2_c1 tier=0 ...
  run cfg-570b72ed part=plate_notch_s2_c2 tier=0 ...
wrote bench/campaigns/advisor-batch-2-s3-livingroom-pc/runs/cfg-16a22cb5/plate_notch_s0_c0/t0/wire.png
wrote bench/campaigns/advisor-batch-2-s3-livingroom-pc/runs/cfg-16a22cb5/plate_notch_s0_c1/t0/wire.png
wrote bench/campaigns/advisor-batch-2-s3-livingroom-pc/runs/cfg-16a22cb5/plate_notch_s0_c2/t0/wire.png
wrote bench/campaigns/advisor-batch-2-s3-livingroom-pc/runs/cfg-16a22cb5/plate_notch_s2_c0/t0/wire.png
wrote bench/campaigns/advisor-batch-2-s3-livingroom-pc/runs/cfg-16a22cb5/plate_notch_s2_c1/t0/wire.png
wrote bench/campaigns/advisor-batch-2-s3-livingroom-pc/runs/cfg-16a22cb5/plate_notch_s2_c2/t0/wire.png
wrote bench/campaigns/advisor-batch-2-s3-livingroom-pc/runs/cfg-16df753f/plate_notch_s0_c0/t0/wire.png
wrote bench/campaigns/advisor-batch-2-s3-livingroom-pc/runs/cfg-16df753f/plate_notch_s0_c1/t0/wire.png
wrote bench/campaigns/advisor-batch-2-s3-livingroom-pc/runs/cfg-16df753f/plate_notch_s0_c2/t0/wire.png
wrote bench/campaigns/advisor-batch-2-s3-livingroom-pc/runs/cfg-16df753f/plate_notch_s2_c0/t0/wire.png
wrote bench/campaigns/advisor-batch-2-s3-livingroom-pc/runs/cfg-16df753f/plate_notch_s2_c1/t0/wire.png
wrote bench/campaigns/advisor-batch-2-s3-livingroom-pc/runs/cfg-16df753f/plate_notch_s2_c2/t0/wire.png
wrote bench/campaigns/advisor-batch-2-s3-livingroom-pc/runs/cfg-43de06f6/plate_notch_s0_c0/t0/wire.png
wrote bench/campaigns/advisor-batch-2-s3-livingroom-pc/runs/cfg-43de06f6/plate_notch_s0_c1/t0/wire.png
wrote bench/campaigns/advisor-batch-2-s3-livingroom-pc/runs/cfg-43de06f6/plate_notch_s0_c2/t0/wire.png
wrote bench/campaigns/advisor-batch-2-s3-livingroom-pc/runs/cfg-43de06f6/plate_notch_s2_c0/t0/wire.png
wrote bench/campaigns/advisor-batch-2-s3-livingroom-pc/runs/cfg-43de06f6/plate_notch_s2_c1/t0/wire.png
wrote bench/campaigns/advisor-batch-2-s3-livingroom-pc/runs/cfg-43de06f6/plate_notch_s2_c2/t0/wire.png
wrote bench/campaigns/advisor-batch-2-s3-livingroom-pc/runs/cfg-570b72ed/plate_notch_s0_c0/t0/wire.png
wrote bench/campaigns/advisor-batch-2-s3-livingroom-pc/runs/cfg-570b72ed/plate_notch_s0_c1/t0/wire.png
wrote bench/campaigns/advisor-batch-2-s3-livingroom-pc/runs/cfg-570b72ed/plate_notch_s0_c2/t0/wire.png
wrote bench/campaigns/advisor-batch-2-s3-livingroom-pc/runs/cfg-570b72ed/plate_notch_s2_c0/t0/wire.png
wrote bench/campaigns/advisor-batch-2-s3-livingroom-pc/runs/cfg-570b72ed/plate_notch_s2_c1/t0/wire.png
wrote bench/campaigns/advisor-batch-2-s3-livingroom-pc/runs/cfg-570b72ed/plate_notch_s2_c2/t0/wire.png
wrote bench/campaigns/advisor-batch-2-s3-livingroom-pc/runs/cfg-ac859d08/plate_notch_s0_c0/t0/wire.png
wrote bench/campaigns/advisor-batch-2-s3-livingroom-pc/runs/cfg-ac859d08/plate_notch_s0_c1/t0/wire.png
wrote bench/campaigns/advisor-batch-2-s3-livingroom-pc/runs/cfg-ac859d08/plate_notch_s0_c2/t0/wire.png
wrote bench/campaigns/advisor-batch-2-s3-livingroom-pc/runs/cfg-ac859d08/plate_notch_s2_c0/t0/wire.png
wrote bench/campaigns/advisor-batch-2-s3-livingroom-pc/runs/cfg-ac859d08/plate_notch_s2_c1/t0/wire.png
wrote bench/campaigns/advisor-batch-2-s3-livingroom-pc/runs/cfg-ac859d08/plate_notch_s2_c2/t0/wire.png
wrote bench/campaigns/advisor-batch-2-s3-livingroom-pc/runs/cfg-c4005114/plate_notch_s0_c0/t0/wire.png
wrote bench/campaigns/advisor-batch-2-s3-livingroom-pc/runs/cfg-c4005114/plate_notch_s0_c1/t0/wire.png
wrote bench/campaigns/advisor-batch-2-s3-livingroom-pc/runs/cfg-c4005114/plate_notch_s0_c2/t0/wire.png
wrote bench/campaigns/advisor-batch-2-s3-livingroom-pc/runs/cfg-c4005114/plate_notch_s2_c0/t0/wire.png
wrote bench/campaigns/advisor-batch-2-s3-livingroom-pc/runs/cfg-c4005114/plate_notch_s2_c1/t0/wire.png
wrote bench/campaigns/advisor-batch-2-s3-livingroom-pc/runs/cfg-c4005114/plate_notch_s2_c2/t0/wire.png
wrote bench/campaigns/advisor-batch-2-s3-livingroom-pc/runs/cfg-e61895c2/plate_notch_s0_c0/t0/wire.png
wrote bench/campaigns/advisor-batch-2-s3-livingroom-pc/runs/cfg-e61895c2/plate_notch_s0_c1/t0/wire.png
wrote bench/campaigns/advisor-batch-2-s3-livingroom-pc/runs/cfg-e61895c2/plate_notch_s0_c2/t0/wire.png
wrote bench/campaigns/advisor-batch-2-s3-livingroom-pc/runs/cfg-e61895c2/plate_notch_s2_c0/t0/wire.png
wrote bench/campaigns/advisor-batch-2-s3-livingroom-pc/runs/cfg-e61895c2/plate_notch_s2_c1/t0/wire.png
wrote bench/campaigns/advisor-batch-2-s3-livingroom-pc/runs/cfg-e61895c2/plate_notch_s2_c2/t0/wire.png
warehouse_shots: 42 rendered, 0 skipped (exists), 0 failed (42 mesh.vtu total)
finished: 48 runs → /home/liveuser/Polyhedral-FEA/bench/campaigns/advisor-batch-2-s3-livingroom-pc/results.jsonl
=== exit 0 after 113.3s

=== 2026-08-14T18:08:58Z OMP_NUM_THREADS=2 :: /home/liveuser/Polyhedral-FEA/build/apps/testlab/polymesh_testlab resume /home/liveuser/Polyhedral-FEA/bench/campaigns/advisor-batch-2-s3-livingroom-pc
campaign advisor-batch-2-s3-livingroom-pc: 32 configs, 6 parts, 1 tiers
  max_run_wall_s=180 (override all tiers)
  max_pack_wall_s=21600
tier 0: h_scale=1 keep_frac=1 survivors=8 max_run_wall_s=180
  run cfg-16df753f part=sphere_box_s0_c0 tier=0 ...
  run cfg-16df753f part=sphere_box_s0_c1 tier=0 ...
  run cfg-16df753f part=sphere_box_s0_c2 tier=0 ...
  run cfg-16df753f part=sphere_box_s2_c0 tier=0 ...
  run cfg-16df753f part=sphere_box_s2_c1 tier=0 ...
  run cfg-16df753f part=sphere_box_s2_c2 tier=0 ...
  run cfg-16a22cb5 part=sphere_box_s0_c0 tier=0 ...
  run cfg-16a22cb5 part=sphere_box_s0_c1 tier=0 ...
  run cfg-16a22cb5 part=sphere_box_s0_c2 tier=0 ...
  run cfg-16a22cb5 part=sphere_box_s2_c0 tier=0 ...
  run cfg-16a22cb5 part=sphere_box_s2_c1 tier=0 ...
  run cfg-16a22cb5 part=sphere_box_s2_c2 tier=0 ...
  run cfg-c4005114 part=sphere_box_s0_c0 tier=0 ...
  run cfg-c4005114 part=sphere_box_s0_c1 tier=0 ...
  run cfg-c4005114 part=sphere_box_s0_c2 tier=0 ...
  run cfg-c4005114 part=sphere_box_s2_c0 tier=0 ...
  run cfg-c4005114 part=sphere_box_s2_c1 tier=0 ...
  run cfg-c4005114 part=sphere_box_s2_c2 tier=0 ...
  run cfg-43de06f6 part=sphere_box_s0_c0 tier=0 ...
  run cfg-43de06f6 part=sphere_box_s0_c1 tier=0 ...
  run cfg-43de06f6 part=sphere_box_s0_c2 tier=0 ...
  run cfg-43de06f6 part=sphere_box_s2_c0 tier=0 ...
  run cfg-43de06f6 part=sphere_box_s2_c1 tier=0 ...
  run cfg-43de06f6 part=sphere_box_s2_c2 tier=0 ...
  run cfg-e61895c2 part=sphere_box_s0_c0 tier=0 ...
  run cfg-e61895c2 part=sphere_box_s0_c1 tier=0 ...
  run cfg-e61895c2 part=sphere_box_s0_c2 tier=0 ...
  run cfg-e61895c2 part=sphere_box_s2_c0 tier=0 ...
  run cfg-e61895c2 part=sphere_box_s2_c1 tier=0 ...
  run cfg-e61895c2 part=sphere_box_s2_c2 tier=0 ...
  run cfg-ac859d08 part=sphere_box_s0_c0 tier=0 ...
  run cfg-ac859d08 part=sphere_box_s0_c1 tier=0 ...
  run cfg-ac859d08 part=sphere_box_s0_c2 tier=0 ...
  run cfg-ac859d08 part=sphere_box_s2_c0 tier=0 ...
  run cfg-ac859d08 part=sphere_box_s2_c1 tier=0 ...
  run cfg-ac859d08 part=sphere_box_s2_c2 tier=0 ...
  run cfg-27719197 part=sphere_box_s0_c0 tier=0 ...
  run cfg-27719197 part=sphere_box_s0_c1 tier=0 ...
  run cfg-27719197 part=sphere_box_s0_c2 tier=0 ...
  run cfg-27719197 part=sphere_box_s2_c0 tier=0 ...
  run cfg-27719197 part=sphere_box_s2_c1 tier=0 ...
  run cfg-27719197 part=sphere_box_s2_c2 tier=0 ...
  run cfg-570b72ed part=sphere_box_s0_c0 tier=0 ...
  run cfg-570b72ed part=sphere_box_s0_c1 tier=0 ...
  run cfg-570b72ed part=sphere_box_s0_c2 tier=0 ...
  run cfg-570b72ed part=sphere_box_s2_c0 tier=0 ...
  run cfg-570b72ed part=sphere_box_s2_c1 tier=0 ...
  run cfg-570b72ed part=sphere_box_s2_c2 tier=0 ...
wrote bench/campaigns/advisor-batch-2-s3-livingroom-pc/runs/cfg-16df753f/sphere_box_s0_c0/t0/wire.png
wrote bench/campaigns/advisor-batch-2-s3-livingroom-pc/runs/cfg-16df753f/sphere_box_s0_c1/t0/wire.png
wrote bench/campaigns/advisor-batch-2-s3-livingroom-pc/runs/cfg-16df753f/sphere_box_s0_c2/t0/wire.png
wrote bench/campaigns/advisor-batch-2-s3-livingroom-pc/runs/cfg-16df753f/sphere_box_s2_c0/t0/wire.png
wrote bench/campaigns/advisor-batch-2-s3-livingroom-pc/runs/cfg-16df753f/sphere_box_s2_c1/t0/wire.png
wrote bench/campaigns/advisor-batch-2-s3-livingroom-pc/runs/cfg-16df753f/sphere_box_s2_c2/t0/wire.png
wrote bench/campaigns/advisor-batch-2-s3-livingroom-pc/runs/cfg-27719197/sphere_box_s0_c0/t0/wire.png
wrote bench/campaigns/advisor-batch-2-s3-livingroom-pc/runs/cfg-27719197/sphere_box_s0_c1/t0/wire.png
wrote bench/campaigns/advisor-batch-2-s3-livingroom-pc/runs/cfg-27719197/sphere_box_s0_c2/t0/wire.png
wrote bench/campaigns/advisor-batch-2-s3-livingroom-pc/runs/cfg-27719197/sphere_box_s2_c0/t0/wire.png
wrote bench/campaigns/advisor-batch-2-s3-livingroom-pc/runs/cfg-27719197/sphere_box_s2_c1/t0/wire.png
wrote bench/campaigns/advisor-batch-2-s3-livingroom-pc/runs/cfg-27719197/sphere_box_s2_c2/t0/wire.png
wrote bench/campaigns/advisor-batch-2-s3-livingroom-pc/runs/cfg-43de06f6/sphere_box_s0_c0/t0/wire.png
wrote bench/campaigns/advisor-batch-2-s3-livingroom-pc/runs/cfg-43de06f6/sphere_box_s0_c1/t0/wire.png
wrote bench/campaigns/advisor-batch-2-s3-livingroom-pc/runs/cfg-43de06f6/sphere_box_s0_c2/t0/wire.png
wrote bench/campaigns/advisor-batch-2-s3-livingroom-pc/runs/cfg-43de06f6/sphere_box_s2_c0/t0/wire.png
wrote bench/campaigns/advisor-batch-2-s3-livingroom-pc/runs/cfg-43de06f6/sphere_box_s2_c1/t0/wire.png
wrote bench/campaigns/advisor-batch-2-s3-livingroom-pc/runs/cfg-43de06f6/sphere_box_s2_c2/t0/wire.png
wrote bench/campaigns/advisor-batch-2-s3-livingroom-pc/runs/cfg-570b72ed/sphere_box_s0_c0/t0/wire.png
wrote bench/campaigns/advisor-batch-2-s3-livingroom-pc/runs/cfg-570b72ed/sphere_box_s0_c1/t0/wire.png
wrote bench/campaigns/advisor-batch-2-s3-livingroom-pc/runs/cfg-570b72ed/sphere_box_s0_c2/t0/wire.png
wrote bench/campaigns/advisor-batch-2-s3-livingroom-pc/runs/cfg-570b72ed/sphere_box_s2_c0/t0/wire.png
wrote bench/campaigns/advisor-batch-2-s3-livingroom-pc/runs/cfg-570b72ed/sphere_box_s2_c1/t0/wire.png
wrote bench/campaigns/advisor-batch-2-s3-livingroom-pc/runs/cfg-570b72ed/sphere_box_s2_c2/t0/wire.png
wrote bench/campaigns/advisor-batch-2-s3-livingroom-pc/runs/cfg-c4005114/sphere_box_s0_c0/t0/wire.png
wrote bench/campaigns/advisor-batch-2-s3-livingroom-pc/runs/cfg-c4005114/sphere_box_s0_c1/t0/wire.png
wrote bench/campaigns/advisor-batch-2-s3-livingroom-pc/runs/cfg-c4005114/sphere_box_s0_c2/t0/wire.png
wrote bench/campaigns/advisor-batch-2-s3-livingroom-pc/runs/cfg-c4005114/sphere_box_s2_c0/t0/wire.png
wrote bench/campaigns/advisor-batch-2-s3-livingroom-pc/runs/cfg-c4005114/sphere_box_s2_c1/t0/wire.png
wrote bench/campaigns/advisor-batch-2-s3-livingroom-pc/runs/cfg-c4005114/sphere_box_s2_c2/t0/wire.png
wrote bench/campaigns/advisor-batch-2-s3-livingroom-pc/runs/cfg-e61895c2/sphere_box_s0_c0/t0/wire.png
wrote bench/campaigns/advisor-batch-2-s3-livingroom-pc/runs/cfg-e61895c2/sphere_box_s0_c1/t0/wire.png
wrote bench/campaigns/advisor-batch-2-s3-livingroom-pc/runs/cfg-e61895c2/sphere_box_s0_c2/t0/wire.png
wrote bench/campaigns/advisor-batch-2-s3-livingroom-pc/runs/cfg-e61895c2/sphere_box_s2_c0/t0/wire.png
wrote bench/campaigns/advisor-batch-2-s3-livingroom-pc/runs/cfg-e61895c2/sphere_box_s2_c1/t0/wire.png
wrote bench/campaigns/advisor-batch-2-s3-livingroom-pc/runs/cfg-e61895c2/sphere_box_s2_c2/t0/wire.png
warehouse_shots: 36 rendered, 42 skipped (exists), 0 failed (78 mesh.vtu total)
finished: 48 runs → /home/liveuser/Polyhedral-FEA/bench/campaigns/advisor-batch-2-s3-livingroom-pc/results.jsonl
=== exit 0 after 2316.7s

=== 2026-08-14T19:31:05Z OMP_NUM_THREADS=2 :: /home/liveuser/Polyhedral-FEA/build/apps/testlab/polymesh_testlab resume /home/liveuser/Polyhedral-FEA/bench/campaigns/advisor-batch-2-s3-livingroom-pc
campaign advisor-batch-2-s3-livingroom-pc: 32 configs, 6 parts, 1 tiers
  max_run_wall_s=180 (override all tiers)
  max_pack_wall_s=21600
tier 0: h_scale=1 keep_frac=1 survivors=8 max_run_wall_s=180
  run cfg-16df753f part=stepped_shaft_s0_c0 tier=0 ...
  run cfg-16df753f part=stepped_shaft_s0_c1 tier=0 ...
  run cfg-16df753f part=stepped_shaft_s0_c2 tier=0 ...
  run cfg-16df753f part=stepped_shaft_s2_c0 tier=0 ...
  run cfg-16df753f part=stepped_shaft_s2_c1 tier=0 ...
  run cfg-16df753f part=stepped_shaft_s2_c2 tier=0 ...
  run cfg-16a22cb5 part=stepped_shaft_s0_c0 tier=0 ...
  run cfg-16a22cb5 part=stepped_shaft_s0_c1 tier=0 ...
  run cfg-16a22cb5 part=stepped_shaft_s0_c2 tier=0 ...
  run cfg-16a22cb5 part=stepped_shaft_s2_c0 tier=0 ...
  run cfg-16a22cb5 part=stepped_shaft_s2_c1 tier=0 ...
  run cfg-16a22cb5 part=stepped_shaft_s2_c2 tier=0 ...
  run cfg-c4005114 part=stepped_shaft_s0_c0 tier=0 ...
  run cfg-c4005114 part=stepped_shaft_s0_c1 tier=0 ...
  run cfg-c4005114 part=stepped_shaft_s0_c2 tier=0 ...
  run cfg-c4005114 part=stepped_shaft_s2_c0 tier=0 ...
  run cfg-c4005114 part=stepped_shaft_s2_c1 tier=0 ...
  run cfg-c4005114 part=stepped_shaft_s2_c2 tier=0 ...
  run cfg-43de06f6 part=stepped_shaft_s0_c0 tier=0 ...
  run cfg-43de06f6 part=stepped_shaft_s0_c1 tier=0 ...
  run cfg-43de06f6 part=stepped_shaft_s0_c2 tier=0 ...
  run cfg-43de06f6 part=stepped_shaft_s2_c0 tier=0 ...
  run cfg-43de06f6 part=stepped_shaft_s2_c1 tier=0 ...
  run cfg-43de06f6 part=stepped_shaft_s2_c2 tier=0 ...
  run cfg-e61895c2 part=stepped_shaft_s0_c0 tier=0 ...
  run cfg-e61895c2 part=stepped_shaft_s0_c1 tier=0 ...
  run cfg-e61895c2 part=stepped_shaft_s0_c2 tier=0 ...
  run cfg-e61895c2 part=stepped_shaft_s2_c0 tier=0 ...
  run cfg-e61895c2 part=stepped_shaft_s2_c1 tier=0 ...
  run cfg-e61895c2 part=stepped_shaft_s2_c2 tier=0 ...
  run cfg-ac859d08 part=stepped_shaft_s0_c0 tier=0 ...
  run cfg-ac859d08 part=stepped_shaft_s0_c1 tier=0 ...
  run cfg-ac859d08 part=stepped_shaft_s0_c2 tier=0 ...
  run cfg-ac859d08 part=stepped_shaft_s2_c0 tier=0 ...
  run cfg-ac859d08 part=stepped_shaft_s2_c1 tier=0 ...
  run cfg-ac859d08 part=stepped_shaft_s2_c2 tier=0 ...
  run cfg-27719197 part=stepped_shaft_s0_c0 tier=0 ...
  run cfg-27719197 part=stepped_shaft_s0_c1 tier=0 ...
  run cfg-27719197 part=stepped_shaft_s0_c2 tier=0 ...
  run cfg-27719197 part=stepped_shaft_s2_c0 tier=0 ...
  run cfg-27719197 part=stepped_shaft_s2_c1 tier=0 ...
  run cfg-27719197 part=stepped_shaft_s2_c2 tier=0 ...
  run cfg-570b72ed part=stepped_shaft_s0_c0 tier=0 ...
  run cfg-570b72ed part=stepped_shaft_s0_c1 tier=0 ...
  run cfg-570b72ed part=stepped_shaft_s0_c2 tier=0 ...
  run cfg-570b72ed part=stepped_shaft_s2_c0 tier=0 ...
  run cfg-570b72ed part=stepped_shaft_s2_c1 tier=0 ...
  run cfg-570b72ed part=stepped_shaft_s2_c2 tier=0 ...
warehouse_shots: 0 rendered, 78 skipped (exists), 0 failed (78 mesh.vtu total)
finished: 48 runs → /home/liveuser/Polyhedral-FEA/bench/campaigns/advisor-batch-2-s3-livingroom-pc/results.jsonl
=== exit 0 after 6.5s
