
=== 2026-08-17T17:47:46Z OMP_NUM_THREADS=2 :: /home/hunter/Desktop/Polyhedral-FEA/build/apps/testlab/polymesh_testlab resume /home/hunter/Desktop/Polyhedral-FEA/bench/campaigns/advisor-batch-2-s5-hunter-pc
campaign advisor-batch-2-s5-hunter-pc: 32 configs, 36 parts, 1 tiers
  max_run_wall_s=180 (override all tiers)
  max_pack_wall_s=21600
tier 0: h_scale=1 keep_frac=1 survivors=5 max_run_wall_s=180
  run cfg-56133ab6 part=box_hole_s0_c0 tier=0 ...
  run cfg-56133ab6 part=box_hole_s0_c1 tier=0 ...
  run cfg-56133ab6 part=box_hole_s0_c2 tier=0 ...
  run cfg-56133ab6 part=box_hole_s2_c0 tier=0 ...
  run cfg-56133ab6 part=box_hole_s2_c1 tier=0 ...
  run cfg-56133ab6 part=box_hole_s2_c2 tier=0 ...
  run cfg-56133ab6 part=channel_s0_c0 tier=0 ...
  run cfg-56133ab6 part=channel_s0_c1 tier=0 ...
  run cfg-56133ab6 part=channel_s0_c2 tier=0 ...
  run cfg-56133ab6 part=channel_s2_c0 tier=0 ...
  run cfg-56133ab6 part=channel_s2_c1 tier=0 ...
  run cfg-56133ab6 part=channel_s2_c2 tier=0 ...
  run cfg-56133ab6 part=l_bracket_s0_c0 tier=0 ...
  run cfg-56133ab6 part=l_bracket_s0_c1 tier=0 ...
  run cfg-56133ab6 part=l_bracket_s0_c2 tier=0 ...
  run cfg-56133ab6 part=l_bracket_s2_c0 tier=0 ...
  run cfg-56133ab6 part=l_bracket_s2_c1 tier=0 ...
  run cfg-56133ab6 part=l_bracket_s2_c2 tier=0 ...
  run cfg-56133ab6 part=plate_notch_s0_c0 tier=0 ...
  run cfg-56133ab6 part=plate_notch_s0_c1 tier=0 ...
  run cfg-56133ab6 part=plate_notch_s0_c2 tier=0 ...
  run cfg-56133ab6 part=plate_notch_s2_c0 tier=0 ...
  run cfg-56133ab6 part=plate_notch_s2_c1 tier=0 ...
  run cfg-56133ab6 part=plate_notch_s2_c2 tier=0 ...
  run cfg-56133ab6 part=sphere_box_s0_c0 tier=0 ...
  run cfg-56133ab6 part=sphere_box_s0_c1 tier=0 ...
  run cfg-56133ab6 part=sphere_box_s0_c2 tier=0 ...
  run cfg-56133ab6 part=sphere_box_s2_c0 tier=0 ...
  run cfg-56133ab6 part=sphere_box_s2_c1 tier=0 ...
  run cfg-56133ab6 part=sphere_box_s2_c2 tier=0 ...
  run cfg-56133ab6 part=stepped_shaft_s0_c0 tier=0 ...
  run cfg-56133ab6 part=stepped_shaft_s0_c1 tier=0 ...
  run cfg-56133ab6 part=stepped_shaft_s0_c2 tier=0 ...
  run cfg-56133ab6 part=stepped_shaft_s2_c0 tier=0 ...
  run cfg-56133ab6 part=stepped_shaft_s2_c1 tier=0 ...
  run cfg-56133ab6 part=stepped_shaft_s2_c2 tier=0 ...
  run cfg-c4005114 part=box_hole_s0_c0 tier=0 ...
  run cfg-c4005114 part=box_hole_s0_c1 tier=0 ...
  run cfg-c4005114 part=box_hole_s0_c2 tier=0 ...
  run cfg-c4005114 part=box_hole_s2_c0 tier=0 ...
  run cfg-c4005114 part=box_hole_s2_c1 tier=0 ...
  run cfg-c4005114 part=box_hole_s2_c2 tier=0 ...
  run cfg-c4005114 part=channel_s0_c0 tier=0 ...
  run cfg-c4005114 part=channel_s0_c1 tier=0 ...
  run cfg-c4005114 part=channel_s0_c2 tier=0 ...
  run cfg-c4005114 part=channel_s2_c0 tier=0 ...
  run cfg-c4005114 part=channel_s2_c1 tier=0 ...
  run cfg-c4005114 part=channel_s2_c2 tier=0 ...
  run cfg-c4005114 part=l_bracket_s0_c0 tier=0 ...
  run cfg-c4005114 part=l_bracket_s0_c1 tier=0 ...
  run cfg-c4005114 part=l_bracket_s0_c2 tier=0 ...
  run cfg-c4005114 part=l_bracket_s2_c0 tier=0 ...
  run cfg-c4005114 part=l_bracket_s2_c1 tier=0 ...
  run cfg-c4005114 part=l_bracket_s2_c2 tier=0 ...
  run cfg-c4005114 part=plate_notch_s0_c0 tier=0 ...
  run cfg-c4005114 part=plate_notch_s0_c1 tier=0 ...
  run cfg-c4005114 part=plate_notch_s0_c2 tier=0 ...
  run cfg-c4005114 part=plate_notch_s2_c0 tier=0 ...
  run cfg-c4005114 part=plate_notch_s2_c1 tier=0 ...
  run cfg-c4005114 part=plate_notch_s2_c2 tier=0 ...
  run cfg-c4005114 part=sphere_box_s0_c0 tier=0 ...
  run cfg-c4005114 part=sphere_box_s0_c1 tier=0 ...
  run cfg-c4005114 part=sphere_box_s0_c2 tier=0 ...
  run cfg-c4005114 part=sphere_box_s2_c0 tier=0 ...
  run cfg-c4005114 part=sphere_box_s2_c1 tier=0 ...
  run cfg-c4005114 part=sphere_box_s2_c2 tier=0 ...
  run cfg-c4005114 part=stepped_shaft_s0_c0 tier=0 ...
  run cfg-c4005114 part=stepped_shaft_s0_c1 tier=0 ...
  run cfg-c4005114 part=stepped_shaft_s0_c2 tier=0 ...
  run cfg-c4005114 part=stepped_shaft_s2_c0 tier=0 ...
  run cfg-c4005114 part=stepped_shaft_s2_c1 tier=0 ...
  run cfg-c4005114 part=stepped_shaft_s2_c2 tier=0 ...
  run cfg-65494611 part=box_hole_s0_c0 tier=0 ...
  run cfg-65494611 part=box_hole_s0_c1 tier=0 ...
  run cfg-65494611 part=box_hole_s0_c2 tier=0 ...
  run cfg-65494611 part=box_hole_s2_c0 tier=0 ...
  run cfg-65494611 part=box_hole_s2_c1 tier=0 ...
  run cfg-65494611 part=box_hole_s2_c2 tier=0 ...
  run cfg-65494611 part=channel_s0_c0 tier=0 ...
  run cfg-65494611 part=channel_s0_c1 tier=0 ...
  run cfg-65494611 part=channel_s0_c2 tier=0 ...
  run cfg-65494611 part=channel_s2_c0 tier=0 ...
  run cfg-65494611 part=channel_s2_c1 tier=0 ...
  run cfg-65494611 part=channel_s2_c2 tier=0 ...
  run cfg-65494611 part=l_bracket_s0_c0 tier=0 ...
  run cfg-65494611 part=l_bracket_s0_c1 tier=0 ...
  run cfg-65494611 part=l_bracket_s0_c2 tier=0 ...
  run cfg-65494611 part=l_bracket_s2_c0 tier=0 ...
  run cfg-65494611 part=l_bracket_s2_c1 tier=0 ...
  run cfg-65494611 part=l_bracket_s2_c2 tier=0 ...
  run cfg-65494611 part=plate_notch_s0_c0 tier=0 ...
  run cfg-65494611 part=plate_notch_s0_c1 tier=0 ...
  run cfg-65494611 part=plate_notch_s0_c2 tier=0 ...
  run cfg-65494611 part=plate_notch_s2_c0 tier=0 ...
  run cfg-65494611 part=plate_notch_s2_c1 tier=0 ...
  run cfg-65494611 part=plate_notch_s2_c2 tier=0 ...
  run cfg-65494611 part=sphere_box_s0_c0 tier=0 ...
  run cfg-65494611 part=sphere_box_s0_c1 tier=0 ...
  run cfg-65494611 part=sphere_box_s0_c2 tier=0 ...
  run cfg-65494611 part=sphere_box_s2_c0 tier=0 ...
  run cfg-65494611 part=sphere_box_s2_c1 tier=0 ...
  run cfg-65494611 part=sphere_box_s2_c2 tier=0 ...
  run cfg-65494611 part=stepped_shaft_s0_c0 tier=0 ...
  run cfg-65494611 part=stepped_shaft_s0_c1 tier=0 ...
  run cfg-65494611 part=stepped_shaft_s0_c2 tier=0 ...
  run cfg-65494611 part=stepped_shaft_s2_c0 tier=0 ...
  run cfg-65494611 part=stepped_shaft_s2_c1 tier=0 ...
  run cfg-65494611 part=stepped_shaft_s2_c2 tier=0 ...
  run cfg-ac859d08 part=box_hole_s0_c0 tier=0 ...
  run cfg-ac859d08 part=box_hole_s0_c1 tier=0 ...
  run cfg-ac859d08 part=box_hole_s0_c2 tier=0 ...
  run cfg-ac859d08 part=box_hole_s2_c0 tier=0 ...
  run cfg-ac859d08 part=box_hole_s2_c1 tier=0 ...
  run cfg-ac859d08 part=box_hole_s2_c2 tier=0 ...
  run cfg-ac859d08 part=channel_s0_c0 tier=0 ...
  run cfg-ac859d08 part=channel_s0_c1 tier=0 ...
  run cfg-ac859d08 part=channel_s0_c2 tier=0 ...
  run cfg-ac859d08 part=channel_s2_c0 tier=0 ...
  run cfg-ac859d08 part=channel_s2_c1 tier=0 ...
  run cfg-ac859d08 part=channel_s2_c2 tier=0 ...
  run cfg-ac859d08 part=l_bracket_s0_c0 tier=0 ...
  run cfg-ac859d08 part=l_bracket_s0_c1 tier=0 ...
  run cfg-ac859d08 part=l_bracket_s0_c2 tier=0 ...
  run cfg-ac859d08 part=l_bracket_s2_c0 tier=0 ...
  run cfg-ac859d08 part=l_bracket_s2_c1 tier=0 ...
  run cfg-ac859d08 part=l_bracket_s2_c2 tier=0 ...
  run cfg-ac859d08 part=plate_notch_s0_c0 tier=0 ...
  run cfg-ac859d08 part=plate_notch_s0_c1 tier=0 ...
  run cfg-ac859d08 part=plate_notch_s0_c2 tier=0 ...
  run cfg-ac859d08 part=plate_notch_s2_c0 tier=0 ...
  run cfg-ac859d08 part=plate_notch_s2_c1 tier=0 ...
  run cfg-ac859d08 part=plate_notch_s2_c2 tier=0 ...
  run cfg-ac859d08 part=sphere_box_s0_c0 tier=0 ...
  run cfg-ac859d08 part=sphere_box_s0_c1 tier=0 ...
  run cfg-ac859d08 part=sphere_box_s0_c2 tier=0 ...
  run cfg-ac859d08 part=sphere_box_s2_c0 tier=0 ...
  run cfg-ac859d08 part=sphere_box_s2_c1 tier=0 ...
  run cfg-ac859d08 part=sphere_box_s2_c2 tier=0 ...
  run cfg-ac859d08 part=stepped_shaft_s0_c0 tier=0 ...
  run cfg-ac859d08 part=stepped_shaft_s0_c1 tier=0 ...
  run cfg-ac859d08 part=stepped_shaft_s0_c2 tier=0 ...
  run cfg-ac859d08 part=stepped_shaft_s2_c0 tier=0 ...
  run cfg-ac859d08 part=stepped_shaft_s2_c1 tier=0 ...
  run cfg-ac859d08 part=stepped_shaft_s2_c2 tier=0 ...
  run cfg-af210e6e part=box_hole_s0_c0 tier=0 ...
  run cfg-af210e6e part=box_hole_s0_c1 tier=0 ...
  run cfg-af210e6e part=box_hole_s0_c2 tier=0 ...
  run cfg-af210e6e part=box_hole_s2_c0 tier=0 ...
  run cfg-af210e6e part=box_hole_s2_c1 tier=0 ...
  run cfg-af210e6e part=box_hole_s2_c2 tier=0 ...
  run cfg-af210e6e part=channel_s0_c0 tier=0 ...
  run cfg-af210e6e part=channel_s0_c1 tier=0 ...
  run cfg-af210e6e part=channel_s0_c2 tier=0 ...
  run cfg-af210e6e part=channel_s2_c0 tier=0 ...
  run cfg-af210e6e part=channel_s2_c1 tier=0 ...
  run cfg-af210e6e part=channel_s2_c2 tier=0 ...
  run cfg-af210e6e part=l_bracket_s0_c0 tier=0 ...
  run cfg-af210e6e part=l_bracket_s0_c1 tier=0 ...
  run cfg-af210e6e part=l_bracket_s0_c2 tier=0 ...
  run cfg-af210e6e part=l_bracket_s2_c0 tier=0 ...
  run cfg-af210e6e part=l_bracket_s2_c1 tier=0 ...
  run cfg-af210e6e part=l_bracket_s2_c2 tier=0 ...
  run cfg-af210e6e part=plate_notch_s0_c0 tier=0 ...
  run cfg-af210e6e part=plate_notch_s0_c1 tier=0 ...
  run cfg-af210e6e part=plate_notch_s0_c2 tier=0 ...
  run cfg-af210e6e part=plate_notch_s2_c0 tier=0 ...
  run cfg-af210e6e part=plate_notch_s2_c1 tier=0 ...
  run cfg-af210e6e part=plate_notch_s2_c2 tier=0 ...
  run cfg-af210e6e part=sphere_box_s0_c0 tier=0 ...
  run cfg-af210e6e part=sphere_box_s0_c1 tier=0 ...
  run cfg-af210e6e part=sphere_box_s0_c2 tier=0 ...
  run cfg-af210e6e part=sphere_box_s2_c0 tier=0 ...
  run cfg-af210e6e part=sphere_box_s2_c1 tier=0 ...
  run cfg-af210e6e part=sphere_box_s2_c2 tier=0 ...
  run cfg-af210e6e part=stepped_shaft_s0_c0 tier=0 ...
  run cfg-af210e6e part=stepped_shaft_s0_c1 tier=0 ...
  run cfg-af210e6e part=stepped_shaft_s0_c2 tier=0 ...
  run cfg-af210e6e part=stepped_shaft_s2_c0 tier=0 ...
  run cfg-af210e6e part=stepped_shaft_s2_c1 tier=0 ...
  run cfg-af210e6e part=stepped_shaft_s2_c2 tier=0 ...
wrote bench/campaigns/advisor-batch-2-s5-hunter-pc/runs/cfg-56133ab6/box_hole_s0_c0/t0/wire.png
wrote bench/campaigns/advisor-batch-2-s5-hunter-pc/runs/cfg-56133ab6/box_hole_s0_c1/t0/wire.png
wrote bench/campaigns/advisor-batch-2-s5-hunter-pc/runs/cfg-56133ab6/box_hole_s0_c2/t0/wire.png
wrote bench/campaigns/advisor-batch-2-s5-hunter-pc/runs/cfg-56133ab6/channel_s0_c0/t0/wire.png
wrote bench/campaigns/advisor-batch-2-s5-hunter-pc/runs/cfg-56133ab6/channel_s0_c1/t0/wire.png
wrote bench/campaigns/advisor-batch-2-s5-hunter-pc/runs/cfg-56133ab6/channel_s0_c2/t0/wire.png
wrote bench/campaigns/advisor-batch-2-s5-hunter-pc/runs/cfg-56133ab6/l_bracket_s0_c0/t0/wire.png
wrote bench/campaigns/advisor-batch-2-s5-hunter-pc/runs/cfg-56133ab6/l_bracket_s0_c1/t0/wire.png
wrote bench/campaigns/advisor-batch-2-s5-hunter-pc/runs/cfg-56133ab6/l_bracket_s0_c2/t0/wire.png
wrote bench/campaigns/advisor-batch-2-s5-hunter-pc/runs/cfg-56133ab6/l_bracket_s2_c0/t0/wire.png
wrote bench/campaigns/advisor-batch-2-s5-hunter-pc/runs/cfg-56133ab6/l_bracket_s2_c1/t0/wire.png
wrote bench/campaigns/advisor-batch-2-s5-hunter-pc/runs/cfg-56133ab6/l_bracket_s2_c2/t0/wire.png
wrote bench/campaigns/advisor-batch-2-s5-hunter-pc/runs/cfg-56133ab6/plate_notch_s0_c0/t0/wire.png
wrote bench/campaigns/advisor-batch-2-s5-hunter-pc/runs/cfg-56133ab6/plate_notch_s0_c1/t0/wire.png
wrote bench/campaigns/advisor-batch-2-s5-hunter-pc/runs/cfg-56133ab6/plate_notch_s0_c2/t0/wire.png
wrote bench/campaigns/advisor-batch-2-s5-hunter-pc/runs/cfg-56133ab6/plate_notch_s2_c0/t0/wire.png
wrote bench/campaigns/advisor-batch-2-s5-hunter-pc/runs/cfg-56133ab6/plate_notch_s2_c1/t0/wire.png
wrote bench/campaigns/advisor-batch-2-s5-hunter-pc/runs/cfg-56133ab6/plate_notch_s2_c2/t0/wire.png
wrote bench/campaigns/advisor-batch-2-s5-hunter-pc/runs/cfg-56133ab6/sphere_box_s0_c0/t0/wire.png
wrote bench/campaigns/advisor-batch-2-s5-hunter-pc/runs/cfg-56133ab6/sphere_box_s0_c1/t0/wire.png
wrote bench/campaigns/advisor-batch-2-s5-hunter-pc/runs/cfg-56133ab6/sphere_box_s0_c2/t0/wire.png
wrote bench/campaigns/advisor-batch-2-s5-hunter-pc/runs/cfg-65494611/box_hole_s0_c0/t0/wire.png
wrote bench/campaigns/advisor-batch-2-s5-hunter-pc/runs/cfg-65494611/box_hole_s0_c1/t0/wire.png
wrote bench/campaigns/advisor-batch-2-s5-hunter-pc/runs/cfg-65494611/box_hole_s0_c2/t0/wire.png
wrote bench/campaigns/advisor-batch-2-s5-hunter-pc/runs/cfg-65494611/channel_s0_c0/t0/wire.png
wrote bench/campaigns/advisor-batch-2-s5-hunter-pc/runs/cfg-65494611/channel_s0_c1/t0/wire.png
wrote bench/campaigns/advisor-batch-2-s5-hunter-pc/runs/cfg-65494611/channel_s0_c2/t0/wire.png
wrote bench/campaigns/advisor-batch-2-s5-hunter-pc/runs/cfg-65494611/l_bracket_s0_c0/t0/wire.png
wrote bench/campaigns/advisor-batch-2-s5-hunter-pc/runs/cfg-65494611/l_bracket_s0_c1/t0/wire.png
wrote bench/campaigns/advisor-batch-2-s5-hunter-pc/runs/cfg-65494611/l_bracket_s0_c2/t0/wire.png
wrote bench/campaigns/advisor-batch-2-s5-hunter-pc/runs/cfg-65494611/l_bracket_s2_c0/t0/wire.png
wrote bench/campaigns/advisor-batch-2-s5-hunter-pc/runs/cfg-65494611/l_bracket_s2_c1/t0/wire.png
wrote bench/campaigns/advisor-batch-2-s5-hunter-pc/runs/cfg-65494611/l_bracket_s2_c2/t0/wire.png
wrote bench/campaigns/advisor-batch-2-s5-hunter-pc/runs/cfg-65494611/plate_notch_s0_c0/t0/wire.png
wrote bench/campaigns/advisor-batch-2-s5-hunter-pc/runs/cfg-65494611/plate_notch_s0_c1/t0/wire.png
wrote bench/campaigns/advisor-batch-2-s5-hunter-pc/runs/cfg-65494611/plate_notch_s0_c2/t0/wire.png
wrote bench/campaigns/advisor-batch-2-s5-hunter-pc/runs/cfg-65494611/plate_notch_s2_c0/t0/wire.png
wrote bench/campaigns/advisor-batch-2-s5-hunter-pc/runs/cfg-65494611/plate_notch_s2_c1/t0/wire.png
wrote bench/campaigns/advisor-batch-2-s5-hunter-pc/runs/cfg-65494611/plate_notch_s2_c2/t0/wire.png
wrote bench/campaigns/advisor-batch-2-s5-hunter-pc/runs/cfg-65494611/sphere_box_s0_c0/t0/wire.png
wrote bench/campaigns/advisor-batch-2-s5-hunter-pc/runs/cfg-65494611/sphere_box_s0_c1/t0/wire.png
wrote bench/campaigns/advisor-batch-2-s5-hunter-pc/runs/cfg-65494611/sphere_box_s0_c2/t0/wire.png
wrote bench/campaigns/advisor-batch-2-s5-hunter-pc/runs/cfg-65494611/sphere_box_s2_c0/t0/wire.png
wrote bench/campaigns/advisor-batch-2-s5-hunter-pc/runs/cfg-65494611/sphere_box_s2_c1/t0/wire.png
wrote bench/campaigns/advisor-batch-2-s5-hunter-pc/runs/cfg-65494611/sphere_box_s2_c2/t0/wire.png
wrote bench/campaigns/advisor-batch-2-s5-hunter-pc/runs/cfg-ac859d08/box_hole_s0_c0/t0/wire.png
wrote bench/campaigns/advisor-batch-2-s5-hunter-pc/runs/cfg-ac859d08/box_hole_s0_c1/t0/wire.png
wrote bench/campaigns/advisor-batch-2-s5-hunter-pc/runs/cfg-ac859d08/box_hole_s0_c2/t0/wire.png
wrote bench/campaigns/advisor-batch-2-s5-hunter-pc/runs/cfg-ac859d08/channel_s0_c0/t0/wire.png
wrote bench/campaigns/advisor-batch-2-s5-hunter-pc/runs/cfg-ac859d08/channel_s0_c1/t0/wire.png
wrote bench/campaigns/advisor-batch-2-s5-hunter-pc/runs/cfg-ac859d08/channel_s0_c2/t0/wire.png
wrote bench/campaigns/advisor-batch-2-s5-hunter-pc/runs/cfg-ac859d08/l_bracket_s0_c0/t0/wire.png
wrote bench/campaigns/advisor-batch-2-s5-hunter-pc/runs/cfg-ac859d08/l_bracket_s0_c1/t0/wire.png
wrote bench/campaigns/advisor-batch-2-s5-hunter-pc/runs/cfg-ac859d08/l_bracket_s0_c2/t0/wire.png
wrote bench/campaigns/advisor-batch-2-s5-hunter-pc/runs/cfg-ac859d08/l_bracket_s2_c0/t0/wire.png
wrote bench/campaigns/advisor-batch-2-s5-hunter-pc/runs/cfg-ac859d08/l_bracket_s2_c1/t0/wire.png
wrote bench/campaigns/advisor-batch-2-s5-hunter-pc/runs/cfg-ac859d08/l_bracket_s2_c2/t0/wire.png
wrote bench/campaigns/advisor-batch-2-s5-hunter-pc/runs/cfg-ac859d08/plate_notch_s0_c0/t0/wire.png
wrote bench/campaigns/advisor-batch-2-s5-hunter-pc/runs/cfg-ac859d08/plate_notch_s0_c1/t0/wire.png
wrote bench/campaigns/advisor-batch-2-s5-hunter-pc/runs/cfg-ac859d08/plate_notch_s0_c2/t0/wire.png
wrote bench/campaigns/advisor-batch-2-s5-hunter-pc/runs/cfg-ac859d08/plate_notch_s2_c0/t0/wire.png
wrote bench/campaigns/advisor-batch-2-s5-hunter-pc/runs/cfg-ac859d08/plate_notch_s2_c1/t0/wire.png
wrote bench/campaigns/advisor-batch-2-s5-hunter-pc/runs/cfg-ac859d08/plate_notch_s2_c2/t0/wire.png
wrote bench/campaigns/advisor-batch-2-s5-hunter-pc/runs/cfg-af210e6e/box_hole_s0_c0/t0/wire.png
wrote bench/campaigns/advisor-batch-2-s5-hunter-pc/runs/cfg-af210e6e/box_hole_s0_c1/t0/wire.png
wrote bench/campaigns/advisor-batch-2-s5-hunter-pc/runs/cfg-af210e6e/box_hole_s0_c2/t0/wire.png
wrote bench/campaigns/advisor-batch-2-s5-hunter-pc/runs/cfg-af210e6e/channel_s0_c0/t0/wire.png
wrote bench/campaigns/advisor-batch-2-s5-hunter-pc/runs/cfg-af210e6e/channel_s0_c1/t0/wire.png
wrote bench/campaigns/advisor-batch-2-s5-hunter-pc/runs/cfg-af210e6e/channel_s0_c2/t0/wire.png
wrote bench/campaigns/advisor-batch-2-s5-hunter-pc/runs/cfg-af210e6e/l_bracket_s0_c0/t0/wire.png
wrote bench/campaigns/advisor-batch-2-s5-hunter-pc/runs/cfg-af210e6e/l_bracket_s0_c1/t0/wire.png
wrote bench/campaigns/advisor-batch-2-s5-hunter-pc/runs/cfg-af210e6e/l_bracket_s0_c2/t0/wire.png
wrote bench/campaigns/advisor-batch-2-s5-hunter-pc/runs/cfg-af210e6e/l_bracket_s2_c0/t0/wire.png
wrote bench/campaigns/advisor-batch-2-s5-hunter-pc/runs/cfg-af210e6e/l_bracket_s2_c1/t0/wire.png
wrote bench/campaigns/advisor-batch-2-s5-hunter-pc/runs/cfg-af210e6e/l_bracket_s2_c2/t0/wire.png
wrote bench/campaigns/advisor-batch-2-s5-hunter-pc/runs/cfg-af210e6e/plate_notch_s0_c0/t0/wire.png
wrote bench/campaigns/advisor-batch-2-s5-hunter-pc/runs/cfg-af210e6e/plate_notch_s0_c1/t0/wire.png
wrote bench/campaigns/advisor-batch-2-s5-hunter-pc/runs/cfg-af210e6e/plate_notch_s0_c2/t0/wire.png
wrote bench/campaigns/advisor-batch-2-s5-hunter-pc/runs/cfg-af210e6e/plate_notch_s2_c0/t0/wire.png
wrote bench/campaigns/advisor-batch-2-s5-hunter-pc/runs/cfg-af210e6e/plate_notch_s2_c1/t0/wire.png
wrote bench/campaigns/advisor-batch-2-s5-hunter-pc/runs/cfg-af210e6e/plate_notch_s2_c2/t0/wire.png
wrote bench/campaigns/advisor-batch-2-s5-hunter-pc/runs/cfg-af210e6e/sphere_box_s0_c0/t0/wire.png
wrote bench/campaigns/advisor-batch-2-s5-hunter-pc/runs/cfg-af210e6e/sphere_box_s0_c1/t0/wire.png
wrote bench/campaigns/advisor-batch-2-s5-hunter-pc/runs/cfg-af210e6e/sphere_box_s0_c2/t0/wire.png
wrote bench/campaigns/advisor-batch-2-s5-hunter-pc/runs/cfg-af210e6e/sphere_box_s2_c0/t0/wire.png
wrote bench/campaigns/advisor-batch-2-s5-hunter-pc/runs/cfg-af210e6e/sphere_box_s2_c1/t0/wire.png
wrote bench/campaigns/advisor-batch-2-s5-hunter-pc/runs/cfg-af210e6e/sphere_box_s2_c2/t0/wire.png
wrote bench/campaigns/advisor-batch-2-s5-hunter-pc/runs/cfg-c4005114/box_hole_s0_c0/t0/wire.png
wrote bench/campaigns/advisor-batch-2-s5-hunter-pc/runs/cfg-c4005114/box_hole_s0_c1/t0/wire.png
wrote bench/campaigns/advisor-batch-2-s5-hunter-pc/runs/cfg-c4005114/box_hole_s0_c2/t0/wire.png
wrote bench/campaigns/advisor-batch-2-s5-hunter-pc/runs/cfg-c4005114/channel_s0_c0/t0/wire.png
wrote bench/campaigns/advisor-batch-2-s5-hunter-pc/runs/cfg-c4005114/channel_s0_c1/t0/wire.png
wrote bench/campaigns/advisor-batch-2-s5-hunter-pc/runs/cfg-c4005114/channel_s0_c2/t0/wire.png
wrote bench/campaigns/advisor-batch-2-s5-hunter-pc/runs/cfg-c4005114/l_bracket_s0_c0/t0/wire.png
wrote bench/campaigns/advisor-batch-2-s5-hunter-pc/runs/cfg-c4005114/l_bracket_s0_c1/t0/wire.png
wrote bench/campaigns/advisor-batch-2-s5-hunter-pc/runs/cfg-c4005114/l_bracket_s0_c2/t0/wire.png
wrote bench/campaigns/advisor-batch-2-s5-hunter-pc/runs/cfg-c4005114/l_bracket_s2_c0/t0/wire.png
wrote bench/campaigns/advisor-batch-2-s5-hunter-pc/runs/cfg-c4005114/l_bracket_s2_c1/t0/wire.png
wrote bench/campaigns/advisor-batch-2-s5-hunter-pc/runs/cfg-c4005114/l_bracket_s2_c2/t0/wire.png
wrote bench/campaigns/advisor-batch-2-s5-hunter-pc/runs/cfg-c4005114/plate_notch_s0_c0/t0/wire.png
wrote bench/campaigns/advisor-batch-2-s5-hunter-pc/runs/cfg-c4005114/plate_notch_s0_c1/t0/wire.png
wrote bench/campaigns/advisor-batch-2-s5-hunter-pc/runs/cfg-c4005114/plate_notch_s0_c2/t0/wire.png
wrote bench/campaigns/advisor-batch-2-s5-hunter-pc/runs/cfg-c4005114/plate_notch_s2_c0/t0/wire.png
wrote bench/campaigns/advisor-batch-2-s5-hunter-pc/runs/cfg-c4005114/plate_notch_s2_c1/t0/wire.png
wrote bench/campaigns/advisor-batch-2-s5-hunter-pc/runs/cfg-c4005114/plate_notch_s2_c2/t0/wire.png
wrote bench/campaigns/advisor-batch-2-s5-hunter-pc/runs/cfg-c4005114/sphere_box_s0_c0/t0/wire.png
wrote bench/campaigns/advisor-batch-2-s5-hunter-pc/runs/cfg-c4005114/sphere_box_s0_c1/t0/wire.png
wrote bench/campaigns/advisor-batch-2-s5-hunter-pc/runs/cfg-c4005114/sphere_box_s0_c2/t0/wire.png
wrote bench/campaigns/advisor-batch-2-s5-hunter-pc/runs/cfg-c4005114/sphere_box_s2_c0/t0/wire.png
wrote bench/campaigns/advisor-batch-2-s5-hunter-pc/runs/cfg-c4005114/sphere_box_s2_c1/t0/wire.png
wrote bench/campaigns/advisor-batch-2-s5-hunter-pc/runs/cfg-c4005114/sphere_box_s2_c2/t0/wire.png
warehouse_shots: 111 rendered, 0 skipped (exists), 0 failed (111 mesh.vtu total)
finished: 180 runs → /home/hunter/Desktop/Polyhedral-FEA/bench/campaigns/advisor-batch-2-s5-hunter-pc/results.jsonl
=== exit 0 after 1329.5s
