
=== 2026-08-17T06:21:21Z OMP_NUM_THREADS=2 :: /home/hunter/Desktop/Polyhedral-FEA/build/apps/testlab/polymesh_testlab resume /home/hunter/Desktop/Polyhedral-FEA/bench/campaigns/advisor-batch-1-s2-hunter-pc
campaign advisor-batch-1-s2-hunter-pc: 288 configs, 6 parts, 1 tiers
  max_run_wall_s=45 (override all tiers)
  max_pack_wall_s=86400
tier 0: h_scale=1 keep_frac=1 survivors=48 max_run_wall_s=45
  run cfg-5abc7708 part=smoke_bar tier=0 ...
  run cfg-5abc7708 part=plate_hole tier=0 ...
  run cfg-5abc7708 part=cantilever tier=0 ...
  run cfg-5abc7708 part=cylinder tier=0 ...
  run cfg-5abc7708 part=sphere tier=0 ...
  run cfg-5abc7708 part=icecream_cone tier=0 ...
  run cfg-33ea01d5 part=smoke_bar tier=0 ...
  run cfg-33ea01d5 part=plate_hole tier=0 ...
  run cfg-33ea01d5 part=cantilever tier=0 ...
  run cfg-33ea01d5 part=cylinder tier=0 ...
  run cfg-33ea01d5 part=sphere tier=0 ...
  run cfg-33ea01d5 part=icecream_cone tier=0 ...
  run cfg-12f8e97d part=smoke_bar tier=0 ...
  run cfg-12f8e97d part=plate_hole tier=0 ...
  run cfg-12f8e97d part=cantilever tier=0 ...
  run cfg-12f8e97d part=cylinder tier=0 ...
  run cfg-12f8e97d part=sphere tier=0 ...
  run cfg-12f8e97d part=icecream_cone tier=0 ...
  run cfg-5702fde1 part=smoke_bar tier=0 ...
  run cfg-5702fde1 part=plate_hole tier=0 ...
  run cfg-5702fde1 part=cantilever tier=0 ...
  run cfg-5702fde1 part=cylinder tier=0 ...
  run cfg-5702fde1 part=sphere tier=0 ...
  run cfg-5702fde1 part=icecream_cone tier=0 ...
  run cfg-ecfce6bf part=smoke_bar tier=0 ...
  run cfg-ecfce6bf part=plate_hole tier=0 ...
  run cfg-ecfce6bf part=cantilever tier=0 ...
  run cfg-ecfce6bf part=cylinder tier=0 ...
  run cfg-ecfce6bf part=sphere tier=0 ...
  run cfg-ecfce6bf part=icecream_cone tier=0 ...
  run cfg-1a3643d8 part=smoke_bar tier=0 ...
  run cfg-1a3643d8 part=plate_hole tier=0 ...
  run cfg-1a3643d8 part=cantilever tier=0 ...
  run cfg-1a3643d8 part=cylinder tier=0 ...
  run cfg-1a3643d8 part=sphere tier=0 ...
  run cfg-1a3643d8 part=icecream_cone tier=0 ...
  run cfg-2a095f54 part=smoke_bar tier=0 ...
  run cfg-2a095f54 part=plate_hole tier=0 ...
  run cfg-2a095f54 part=cantilever tier=0 ...
  run cfg-2a095f54 part=cylinder tier=0 ...
  run cfg-2a095f54 part=sphere tier=0 ...
  run cfg-2a095f54 part=icecream_cone tier=0 ...
  run cfg-a5be2b08 part=smoke_bar tier=0 ...
  run cfg-a5be2b08 part=plate_hole tier=0 ...
  run cfg-a5be2b08 part=cantilever tier=0 ...
  run cfg-a5be2b08 part=cylinder tier=0 ...
  run cfg-a5be2b08 part=sphere tier=0 ...
  run cfg-a5be2b08 part=icecream_cone tier=0 ...
  run cfg-ab5b5a5b part=smoke_bar tier=0 ...
  run cfg-ab5b5a5b part=plate_hole tier=0 ...
  run cfg-ab5b5a5b part=cantilever tier=0 ...
  run cfg-ab5b5a5b part=cylinder tier=0 ...
  run cfg-ab5b5a5b part=sphere tier=0 ...
  run cfg-ab5b5a5b part=icecream_cone tier=0 ...
  run cfg-358d3914 part=smoke_bar tier=0 ...
  run cfg-358d3914 part=plate_hole tier=0 ...
  run cfg-358d3914 part=cantilever tier=0 ...
  run cfg-358d3914 part=cylinder tier=0 ...
  run cfg-358d3914 part=sphere tier=0 ...
  run cfg-358d3914 part=icecream_cone tier=0 ...
  run cfg-62a8c888 part=smoke_bar tier=0 ...
  run cfg-62a8c888 part=plate_hole tier=0 ...
  run cfg-62a8c888 part=cantilever tier=0 ...
  run cfg-62a8c888 part=cylinder tier=0 ...
  run cfg-62a8c888 part=sphere tier=0 ...
  run cfg-62a8c888 part=icecream_cone tier=0 ...
  run cfg-1daaf024 part=smoke_bar tier=0 ...
  run cfg-1daaf024 part=plate_hole tier=0 ...
  run cfg-1daaf024 part=cantilever tier=0 ...
  run cfg-1daaf024 part=cylinder tier=0 ...
  run cfg-1daaf024 part=sphere tier=0 ...
  run cfg-1daaf024 part=icecream_cone tier=0 ...
  run cfg-bce718be part=smoke_bar tier=0 ...
  run cfg-bce718be part=plate_hole tier=0 ...
  run cfg-bce718be part=cantilever tier=0 ...
  run cfg-bce718be part=cylinder tier=0 ...
  run cfg-bce718be part=sphere tier=0 ...
  run cfg-bce718be part=icecream_cone tier=0 ...
  run cfg-3abc00cf part=smoke_bar tier=0 ...
  run cfg-3abc00cf part=plate_hole tier=0 ...
  run cfg-3abc00cf part=cantilever tier=0 ...
  run cfg-3abc00cf part=cylinder tier=0 ...
  run cfg-3abc00cf part=sphere tier=0 ...
  run cfg-3abc00cf part=icecream_cone tier=0 ...
  run cfg-8b59c7c7 part=smoke_bar tier=0 ...
  run cfg-8b59c7c7 part=plate_hole tier=0 ...
  run cfg-8b59c7c7 part=cantilever tier=0 ...
  run cfg-8b59c7c7 part=cylinder tier=0 ...
  run cfg-8b59c7c7 part=sphere tier=0 ...
  run cfg-8b59c7c7 part=icecream_cone tier=0 ...
  run cfg-244b652b part=smoke_bar tier=0 ...
  run cfg-244b652b part=plate_hole tier=0 ...
  run cfg-244b652b part=cantilever tier=0 ...
  run cfg-244b652b part=cylinder tier=0 ...
  run cfg-244b652b part=sphere tier=0 ...
  run cfg-244b652b part=icecream_cone tier=0 ...
  run cfg-499a1f5b part=smoke_bar tier=0 ...
  run cfg-499a1f5b part=plate_hole tier=0 ...
  run cfg-499a1f5b part=cantilever tier=0 ...
  run cfg-499a1f5b part=cylinder tier=0 ...
  run cfg-499a1f5b part=sphere tier=0 ...
  run cfg-499a1f5b part=icecream_cone tier=0 ...
  run cfg-1a35f814 part=smoke_bar tier=0 ...
  run cfg-1a35f814 part=plate_hole tier=0 ...
  run cfg-1a35f814 part=cantilever tier=0 ...
  run cfg-1a35f814 part=cylinder tier=0 ...
  run cfg-1a35f814 part=sphere tier=0 ...
  run cfg-1a35f814 part=icecream_cone tier=0 ...
  run cfg-47518788 part=smoke_bar tier=0 ...
  run cfg-47518788 part=plate_hole tier=0 ...
  run cfg-47518788 part=cantilever tier=0 ...
  run cfg-47518788 part=cylinder tier=0 ...
  run cfg-47518788 part=sphere tier=0 ...
  run cfg-47518788 part=icecream_cone tier=0 ...
  run cfg-2a01cf24 part=smoke_bar tier=0 ...
  run cfg-2a01cf24 part=plate_hole tier=0 ...
  run cfg-2a01cf24 part=cantilever tier=0 ...
  run cfg-2a01cf24 part=cylinder tier=0 ...
  run cfg-2a01cf24 part=sphere tier=0 ...
  run cfg-2a01cf24 part=icecream_cone tier=0 ...
  run cfg-a18fd7be part=smoke_bar tier=0 ...
  run cfg-a18fd7be part=plate_hole tier=0 ...
  run cfg-a18fd7be part=cantilever tier=0 ...
  run cfg-a18fd7be part=cylinder tier=0 ...
  run cfg-a18fd7be part=sphere tier=0 ...
  run cfg-a18fd7be part=icecream_cone tier=0 ...
  run cfg-c5788dcf part=smoke_bar tier=0 ...
  run cfg-c5788dcf part=plate_hole tier=0 ...
  run cfg-c5788dcf part=cantilever tier=0 ...
  run cfg-c5788dcf part=cylinder tier=0 ...
  run cfg-c5788dcf part=sphere tier=0 ...
  run cfg-c5788dcf part=icecream_cone tier=0 ...
  run cfg-161654c7 part=smoke_bar tier=0 ...
  run cfg-161654c7 part=plate_hole tier=0 ...
  run cfg-161654c7 part=cantilever tier=0 ...
  run cfg-161654c7 part=cylinder tier=0 ...
  run cfg-161654c7 part=sphere tier=0 ...
  run cfg-161654c7 part=icecream_cone tier=0 ...
  run cfg-1be8522b part=smoke_bar tier=0 ...
  run cfg-1be8522b part=plate_hole tier=0 ...
  run cfg-1be8522b part=cantilever tier=0 ...
  run cfg-1be8522b part=cylinder tier=0 ...
  run cfg-1be8522b part=sphere tier=0 ...
  run cfg-1be8522b part=icecream_cone tier=0 ...
  run cfg-70616bcb part=smoke_bar tier=0 ...
  run cfg-70616bcb part=plate_hole tier=0 ...
  run cfg-70616bcb part=cantilever tier=0 ...
  run cfg-70616bcb part=cylinder tier=0 ...
  run cfg-70616bcb part=sphere tier=0 ...
  run cfg-70616bcb part=icecream_cone tier=0 ...
  run cfg-141e7704 part=smoke_bar tier=0 ...
  run cfg-141e7704 part=plate_hole tier=0 ...
  run cfg-141e7704 part=cantilever tier=0 ...
  run cfg-141e7704 part=cylinder tier=0 ...
  run cfg-141e7704 part=sphere tier=0 ...
  run cfg-141e7704 part=icecream_cone tier=0 ...
  run cfg-939be278 part=smoke_bar tier=0 ...
  run cfg-939be278 part=plate_hole tier=0 ...
  run cfg-939be278 part=cantilever tier=0 ...
  run cfg-939be278 part=cylinder tier=0 ...
  run cfg-939be278 part=sphere tier=0 ...
  run cfg-939be278 part=icecream_cone tier=0 ...
  run cfg-77964214 part=smoke_bar tier=0 ...
  run cfg-77964214 part=plate_hole tier=0 ...
  run cfg-77964214 part=cantilever tier=0 ...
  run cfg-77964214 part=cylinder tier=0 ...
  run cfg-77964214 part=sphere tier=0 ...
  run cfg-77964214 part=icecream_cone tier=0 ...
  run cfg-18c4744e part=smoke_bar tier=0 ...
  run cfg-18c4744e part=plate_hole tier=0 ...
  run cfg-18c4744e part=cantilever tier=0 ...
  run cfg-18c4744e part=cylinder tier=0 ...
  run cfg-18c4744e part=sphere tier=0 ...
  run cfg-18c4744e part=icecream_cone tier=0 ...
  run cfg-2bf49c9f part=smoke_bar tier=0 ...
  run cfg-2bf49c9f part=plate_hole tier=0 ...
  run cfg-2bf49c9f part=cantilever tier=0 ...
  run cfg-2bf49c9f part=cylinder tier=0 ...
  run cfg-2bf49c9f part=sphere tier=0 ...
  run cfg-2bf49c9f part=icecream_cone tier=0 ...
  run cfg-ea224697 part=smoke_bar tier=0 ...
  run cfg-ea224697 part=plate_hole tier=0 ...
  run cfg-ea224697 part=cantilever tier=0 ...
  run cfg-ea224697 part=cylinder tier=0 ...
  run cfg-ea224697 part=sphere tier=0 ...
  run cfg-ea224697 part=icecream_cone tier=0 ...
  run cfg-5422807b part=smoke_bar tier=0 ...
  run cfg-5422807b part=plate_hole tier=0 ...
  run cfg-5422807b part=cantilever tier=0 ...
  run cfg-5422807b part=cylinder tier=0 ...
  run cfg-5422807b part=sphere tier=0 ...
  run cfg-5422807b part=icecream_cone tier=0 ...
  run cfg-9d9c56c4 part=smoke_bar tier=0 ...
  run cfg-9d9c56c4 part=plate_hole tier=0 ...
  run cfg-9d9c56c4 part=cantilever tier=0 ...
  run cfg-9d9c56c4 part=cylinder tier=0 ...
  run cfg-9d9c56c4 part=sphere tier=0 ...
  run cfg-9d9c56c4 part=icecream_cone tier=0 ...
  run cfg-67922491 part=smoke_bar tier=0 ...
  run cfg-67922491 part=plate_hole tier=0 ...
  run cfg-67922491 part=cantilever tier=0 ...
  run cfg-67922491 part=cylinder tier=0 ...
  run cfg-67922491 part=sphere tier=0 ...
  run cfg-67922491 part=icecream_cone tier=0 ...
  run cfg-e7f14d51 part=smoke_bar tier=0 ...
  run cfg-e7f14d51 part=plate_hole tier=0 ...
  run cfg-e7f14d51 part=cantilever tier=0 ...
  run cfg-e7f14d51 part=cylinder tier=0 ...
  run cfg-e7f14d51 part=sphere tier=0 ...
  run cfg-e7f14d51 part=icecream_cone tier=0 ...
  run cfg-d286588d part=smoke_bar tier=0 ...
  run cfg-d286588d part=plate_hole tier=0 ...
  run cfg-d286588d part=cantilever tier=0 ...
  run cfg-d286588d part=cylinder tier=0 ...
  run cfg-d286588d part=sphere tier=0 ...
  run cfg-d286588d part=icecream_cone tier=0 ...
  run cfg-b1b11a33 part=smoke_bar tier=0 ...
  run cfg-b1b11a33 part=plate_hole tier=0 ...
  run cfg-b1b11a33 part=cantilever tier=0 ...
  run cfg-b1b11a33 part=cylinder tier=0 ...
  run cfg-b1b11a33 part=sphere tier=0 ...
  run cfg-b1b11a33 part=icecream_cone tier=0 ...
  run cfg-9d819bdc part=smoke_bar tier=0 ...
  run cfg-9d819bdc part=plate_hole tier=0 ...
  run cfg-9d819bdc part=cantilever tier=0 ...
  run cfg-9d819bdc part=cylinder tier=0 ...
  run cfg-9d819bdc part=sphere tier=0 ...
  run cfg-9d819bdc part=icecream_cone tier=0 ...
  run cfg-27949710 part=smoke_bar tier=0 ...
  run cfg-27949710 part=plate_hole tier=0 ...
  run cfg-27949710 part=cantilever tier=0 ...
  run cfg-27949710 part=cylinder tier=0 ...
  run cfg-27949710 part=sphere tier=0 ...
  run cfg-27949710 part=icecream_cone tier=0 ...
  run cfg-25013c1c part=smoke_bar tier=0 ...
  run cfg-25013c1c part=plate_hole tier=0 ...
  run cfg-25013c1c part=cantilever tier=0 ...
  run cfg-25013c1c part=cylinder tier=0 ...
  run cfg-25013c1c part=sphere tier=0 ...
  run cfg-25013c1c part=icecream_cone tier=0 ...
  run cfg-4ae9c9a2 part=smoke_bar tier=0 ...
  run cfg-4ae9c9a2 part=plate_hole tier=0 ...
  run cfg-4ae9c9a2 part=cantilever tier=0 ...
  run cfg-4ae9c9a2 part=cylinder tier=0 ...
  run cfg-4ae9c9a2 part=sphere tier=0 ...
  run cfg-4ae9c9a2 part=icecream_cone tier=0 ...
  run cfg-8cebeab3 part=smoke_bar tier=0 ...
  run cfg-8cebeab3 part=plate_hole tier=0 ...
  run cfg-8cebeab3 part=cantilever tier=0 ...
  run cfg-8cebeab3 part=cylinder tier=0 ...
  run cfg-8cebeab3 part=sphere tier=0 ...
  run cfg-8cebeab3 part=icecream_cone tier=0 ...
  run cfg-af99ddd3 part=smoke_bar tier=0 ...
  run cfg-af99ddd3 part=plate_hole tier=0 ...
  run cfg-af99ddd3 part=cantilever tier=0 ...
  run cfg-af99ddd3 part=cylinder tier=0 ...
  run cfg-af99ddd3 part=sphere tier=0 ...
  run cfg-af99ddd3 part=icecream_cone tier=0 ...
  run cfg-a39e03ff part=smoke_bar tier=0 ...
  run cfg-a39e03ff part=plate_hole tier=0 ...
  run cfg-a39e03ff part=cantilever tier=0 ...
  run cfg-a39e03ff part=cylinder tier=0 ...
  run cfg-a39e03ff part=sphere tier=0 ...
  run cfg-a39e03ff part=icecream_cone tier=0 ...
  run cfg-97fdde29 part=smoke_bar tier=0 ...
  run cfg-97fdde29 part=plate_hole tier=0 ...
  run cfg-97fdde29 part=cantilever tier=0 ...
  run cfg-97fdde29 part=cylinder tier=0 ...
  run cfg-97fdde29 part=sphere tier=0 ...
  run cfg-97fdde29 part=icecream_cone tier=0 ...
  run cfg-4039b73e part=smoke_bar tier=0 ...
  run cfg-4039b73e part=plate_hole tier=0 ...
  run cfg-4039b73e part=cantilever tier=0 ...
  run cfg-4039b73e part=cylinder tier=0 ...
  run cfg-4039b73e part=sphere tier=0 ...
  run cfg-4039b73e part=icecream_cone tier=0 ...
  run cfg-85ac4502 part=smoke_bar tier=0 ...
  run cfg-85ac4502 part=plate_hole tier=0 ...
  run cfg-85ac4502 part=cantilever tier=0 ...
  run cfg-85ac4502 part=cylinder tier=0 ...
  run cfg-85ac4502 part=sphere tier=0 ...
  run cfg-85ac4502 part=icecream_cone tier=0 ...
  run cfg-1cd6ae16 part=smoke_bar tier=0 ...
  run cfg-1cd6ae16 part=plate_hole tier=0 ...
  run cfg-1cd6ae16 part=cantilever tier=0 ...
  run cfg-1cd6ae16 part=cylinder tier=0 ...
  run cfg-1cd6ae16 part=sphere tier=0 ...
  run cfg-1cd6ae16 part=icecream_cone tier=0 ...
wrote bench/campaigns/advisor-batch-1-s2-hunter-pc/runs/cfg-12f8e97d/cantilever/t0/wire.png
wrote bench/campaigns/advisor-batch-1-s2-hunter-pc/runs/cfg-12f8e97d/cylinder/t0/wire.png
wrote bench/campaigns/advisor-batch-1-s2-hunter-pc/runs/cfg-12f8e97d/smoke_bar/t0/wire.png
wrote bench/campaigns/advisor-batch-1-s2-hunter-pc/runs/cfg-12f8e97d/sphere/t0/wire.png
wrote bench/campaigns/advisor-batch-1-s2-hunter-pc/runs/cfg-141e7704/cantilever/t0/wire.png
wrote bench/campaigns/advisor-batch-1-s2-hunter-pc/runs/cfg-141e7704/cylinder/t0/wire.png
wrote bench/campaigns/advisor-batch-1-s2-hunter-pc/runs/cfg-141e7704/smoke_bar/t0/wire.png
wrote bench/campaigns/advisor-batch-1-s2-hunter-pc/runs/cfg-141e7704/sphere/t0/wire.png
wrote bench/campaigns/advisor-batch-1-s2-hunter-pc/runs/cfg-161654c7/cantilever/t0/wire.png
wrote bench/campaigns/advisor-batch-1-s2-hunter-pc/runs/cfg-161654c7/cylinder/t0/wire.png
wrote bench/campaigns/advisor-batch-1-s2-hunter-pc/runs/cfg-161654c7/plate_hole/t0/wire.png
wrote bench/campaigns/advisor-batch-1-s2-hunter-pc/runs/cfg-161654c7/smoke_bar/t0/wire.png
wrote bench/campaigns/advisor-batch-1-s2-hunter-pc/runs/cfg-161654c7/sphere/t0/wire.png
wrote bench/campaigns/advisor-batch-1-s2-hunter-pc/runs/cfg-18c4744e/cantilever/t0/wire.png
wrote bench/campaigns/advisor-batch-1-s2-hunter-pc/runs/cfg-18c4744e/cylinder/t0/wire.png
wrote bench/campaigns/advisor-batch-1-s2-hunter-pc/runs/cfg-18c4744e/smoke_bar/t0/wire.png
wrote bench/campaigns/advisor-batch-1-s2-hunter-pc/runs/cfg-1a35f814/cantilever/t0/wire.png
wrote bench/campaigns/advisor-batch-1-s2-hunter-pc/runs/cfg-1a35f814/cylinder/t0/wire.png
wrote bench/campaigns/advisor-batch-1-s2-hunter-pc/runs/cfg-1a35f814/plate_hole/t0/wire.png
wrote bench/campaigns/advisor-batch-1-s2-hunter-pc/runs/cfg-1a35f814/smoke_bar/t0/wire.png
wrote bench/campaigns/advisor-batch-1-s2-hunter-pc/runs/cfg-1a35f814/sphere/t0/wire.png
wrote bench/campaigns/advisor-batch-1-s2-hunter-pc/runs/cfg-1a3643d8/cantilever/t0/wire.png
wrote bench/campaigns/advisor-batch-1-s2-hunter-pc/runs/cfg-1a3643d8/cylinder/t0/wire.png
wrote bench/campaigns/advisor-batch-1-s2-hunter-pc/runs/cfg-1a3643d8/smoke_bar/t0/wire.png
wrote bench/campaigns/advisor-batch-1-s2-hunter-pc/runs/cfg-1a3643d8/sphere/t0/wire.png
wrote bench/campaigns/advisor-batch-1-s2-hunter-pc/runs/cfg-1be8522b/cantilever/t0/wire.png
wrote bench/campaigns/advisor-batch-1-s2-hunter-pc/runs/cfg-1be8522b/cylinder/t0/wire.png
wrote bench/campaigns/advisor-batch-1-s2-hunter-pc/runs/cfg-1be8522b/icecream_cone/t0/wire.png
wrote bench/campaigns/advisor-batch-1-s2-hunter-pc/runs/cfg-1be8522b/plate_hole/t0/wire.png
wrote bench/campaigns/advisor-batch-1-s2-hunter-pc/runs/cfg-1be8522b/smoke_bar/t0/wire.png
wrote bench/campaigns/advisor-batch-1-s2-hunter-pc/runs/cfg-1be8522b/sphere/t0/wire.png
wrote bench/campaigns/advisor-batch-1-s2-hunter-pc/runs/cfg-1cd6ae16/cantilever/t0/wire.png
wrote bench/campaigns/advisor-batch-1-s2-hunter-pc/runs/cfg-1cd6ae16/cylinder/t0/wire.png
wrote bench/campaigns/advisor-batch-1-s2-hunter-pc/runs/cfg-1cd6ae16/plate_hole/t0/wire.png
wrote bench/campaigns/advisor-batch-1-s2-hunter-pc/runs/cfg-1cd6ae16/smoke_bar/t0/wire.png
wrote bench/campaigns/advisor-batch-1-s2-hunter-pc/runs/cfg-1cd6ae16/sphere/t0/wire.png
wrote bench/campaigns/advisor-batch-1-s2-hunter-pc/runs/cfg-1daaf024/cantilever/t0/wire.png
wrote bench/campaigns/advisor-batch-1-s2-hunter-pc/runs/cfg-1daaf024/cylinder/t0/wire.png
wrote bench/campaigns/advisor-batch-1-s2-hunter-pc/runs/cfg-1daaf024/plate_hole/t0/wire.png
wrote bench/campaigns/advisor-batch-1-s2-hunter-pc/runs/cfg-1daaf024/smoke_bar/t0/wire.png
wrote bench/campaigns/advisor-batch-1-s2-hunter-pc/runs/cfg-1daaf024/sphere/t0/wire.png
wrote bench/campaigns/advisor-batch-1-s2-hunter-pc/runs/cfg-244b652b/cantilever/t0/wire.png
wrote bench/campaigns/advisor-batch-1-s2-hunter-pc/runs/cfg-244b652b/cylinder/t0/wire.png
wrote bench/campaigns/advisor-batch-1-s2-hunter-pc/runs/cfg-244b652b/plate_hole/t0/wire.png
wrote bench/campaigns/advisor-batch-1-s2-hunter-pc/runs/cfg-244b652b/smoke_bar/t0/wire.png
wrote bench/campaigns/advisor-batch-1-s2-hunter-pc/runs/cfg-244b652b/sphere/t0/wire.png
wrote bench/campaigns/advisor-batch-1-s2-hunter-pc/runs/cfg-25013c1c/cantilever/t0/wire.png
wrote bench/campaigns/advisor-batch-1-s2-hunter-pc/runs/cfg-25013c1c/cylinder/t0/wire.png
wrote bench/campaigns/advisor-batch-1-s2-hunter-pc/runs/cfg-25013c1c/plate_hole/t0/wire.png
wrote bench/campaigns/advisor-batch-1-s2-hunter-pc/runs/cfg-25013c1c/smoke_bar/t0/wire.png
wrote bench/campaigns/advisor-batch-1-s2-hunter-pc/runs/cfg-25013c1c/sphere/t0/wire.png
wrote bench/campaigns/advisor-batch-1-s2-hunter-pc/runs/cfg-27949710/cantilever/t0/wire.png
wrote bench/campaigns/advisor-batch-1-s2-hunter-pc/runs/cfg-27949710/cylinder/t0/wire.png
wrote bench/campaigns/advisor-batch-1-s2-hunter-pc/runs/cfg-27949710/smoke_bar/t0/wire.png
wrote bench/campaigns/advisor-batch-1-s2-hunter-pc/runs/cfg-27949710/sphere/t0/wire.png
wrote bench/campaigns/advisor-batch-1-s2-hunter-pc/runs/cfg-2a01cf24/cantilever/t0/wire.png
wrote bench/campaigns/advisor-batch-1-s2-hunter-pc/runs/cfg-2a01cf24/cylinder/t0/wire.png
wrote bench/campaigns/advisor-batch-1-s2-hunter-pc/runs/cfg-2a01cf24/icecream_cone/t0/wire.png
wrote bench/campaigns/advisor-batch-1-s2-hunter-pc/runs/cfg-2a01cf24/plate_hole/t0/wire.png
wrote bench/campaigns/advisor-batch-1-s2-hunter-pc/runs/cfg-2a01cf24/smoke_bar/t0/wire.png
wrote bench/campaigns/advisor-batch-1-s2-hunter-pc/runs/cfg-2a01cf24/sphere/t0/wire.png
wrote bench/campaigns/advisor-batch-1-s2-hunter-pc/runs/cfg-2a095f54/cantilever/t0/wire.png
wrote bench/campaigns/advisor-batch-1-s2-hunter-pc/runs/cfg-2a095f54/cylinder/t0/wire.png
wrote bench/campaigns/advisor-batch-1-s2-hunter-pc/runs/cfg-2a095f54/smoke_bar/t0/wire.png
wrote bench/campaigns/advisor-batch-1-s2-hunter-pc/runs/cfg-2a095f54/sphere/t0/wire.png
wrote bench/campaigns/advisor-batch-1-s2-hunter-pc/runs/cfg-2bf49c9f/cantilever/t0/wire.png
wrote bench/campaigns/advisor-batch-1-s2-hunter-pc/runs/cfg-2bf49c9f/cylinder/t0/wire.png
wrote bench/campaigns/advisor-batch-1-s2-hunter-pc/runs/cfg-2bf49c9f/smoke_bar/t0/wire.png
wrote bench/campaigns/advisor-batch-1-s2-hunter-pc/runs/cfg-2bf49c9f/sphere/t0/wire.png
wrote bench/campaigns/advisor-batch-1-s2-hunter-pc/runs/cfg-33ea01d5/cantilever/t0/wire.png
wrote bench/campaigns/advisor-batch-1-s2-hunter-pc/runs/cfg-33ea01d5/cylinder/t0/wire.png
wrote bench/campaigns/advisor-batch-1-s2-hunter-pc/runs/cfg-33ea01d5/smoke_bar/t0/wire.png
wrote bench/campaigns/advisor-batch-1-s2-hunter-pc/runs/cfg-33ea01d5/sphere/t0/wire.png
wrote bench/campaigns/advisor-batch-1-s2-hunter-pc/runs/cfg-358d3914/cantilever/t0/wire.png
wrote bench/campaigns/advisor-batch-1-s2-hunter-pc/runs/cfg-358d3914/cylinder/t0/wire.png
wrote bench/campaigns/advisor-batch-1-s2-hunter-pc/runs/cfg-358d3914/plate_hole/t0/wire.png
wrote bench/campaigns/advisor-batch-1-s2-hunter-pc/runs/cfg-358d3914/smoke_bar/t0/wire.png
wrote bench/campaigns/advisor-batch-1-s2-hunter-pc/runs/cfg-358d3914/sphere/t0/wire.png
wrote bench/campaigns/advisor-batch-1-s2-hunter-pc/runs/cfg-3abc00cf/cantilever/t0/wire.png
wrote bench/campaigns/advisor-batch-1-s2-hunter-pc/runs/cfg-3abc00cf/cylinder/t0/wire.png
wrote bench/campaigns/advisor-batch-1-s2-hunter-pc/runs/cfg-3abc00cf/plate_hole/t0/wire.png
wrote bench/campaigns/advisor-batch-1-s2-hunter-pc/runs/cfg-3abc00cf/smoke_bar/t0/wire.png
wrote bench/campaigns/advisor-batch-1-s2-hunter-pc/runs/cfg-3abc00cf/sphere/t0/wire.png
wrote bench/campaigns/advisor-batch-1-s2-hunter-pc/runs/cfg-4039b73e/cantilever/t0/wire.png
wrote bench/campaigns/advisor-batch-1-s2-hunter-pc/runs/cfg-4039b73e/cylinder/t0/wire.png
wrote bench/campaigns/advisor-batch-1-s2-hunter-pc/runs/cfg-4039b73e/smoke_bar/t0/wire.png
wrote bench/campaigns/advisor-batch-1-s2-hunter-pc/runs/cfg-4039b73e/sphere/t0/wire.png
wrote bench/campaigns/advisor-batch-1-s2-hunter-pc/runs/cfg-47518788/cantilever/t0/wire.png
wrote bench/campaigns/advisor-batch-1-s2-hunter-pc/runs/cfg-47518788/cylinder/t0/wire.png
wrote bench/campaigns/advisor-batch-1-s2-hunter-pc/runs/cfg-47518788/plate_hole/t0/wire.png
wrote bench/campaigns/advisor-batch-1-s2-hunter-pc/runs/cfg-47518788/smoke_bar/t0/wire.png
wrote bench/campaigns/advisor-batch-1-s2-hunter-pc/runs/cfg-47518788/sphere/t0/wire.png
wrote bench/campaigns/advisor-batch-1-s2-hunter-pc/runs/cfg-499a1f5b/cantilever/t0/wire.png
wrote bench/campaigns/advisor-batch-1-s2-hunter-pc/runs/cfg-499a1f5b/cylinder/t0/wire.png
wrote bench/campaigns/advisor-batch-1-s2-hunter-pc/runs/cfg-499a1f5b/smoke_bar/t0/wire.png
wrote bench/campaigns/advisor-batch-1-s2-hunter-pc/runs/cfg-499a1f5b/sphere/t0/wire.png
wrote bench/campaigns/advisor-batch-1-s2-hunter-pc/runs/cfg-4ae9c9a2/cantilever/t0/wire.png
wrote bench/campaigns/advisor-batch-1-s2-hunter-pc/runs/cfg-4ae9c9a2/cylinder/t0/wire.png
wrote bench/campaigns/advisor-batch-1-s2-hunter-pc/runs/cfg-4ae9c9a2/smoke_bar/t0/wire.png
wrote bench/campaigns/advisor-batch-1-s2-hunter-pc/runs/cfg-4ae9c9a2/sphere/t0/wire.png
wrote bench/campaigns/advisor-batch-1-s2-hunter-pc/runs/cfg-5422807b/cantilever/t0/wire.png
wrote bench/campaigns/advisor-batch-1-s2-hunter-pc/runs/cfg-5422807b/cylinder/t0/wire.png
wrote bench/campaigns/advisor-batch-1-s2-hunter-pc/runs/cfg-5422807b/plate_hole/t0/wire.png
wrote bench/campaigns/advisor-batch-1-s2-hunter-pc/runs/cfg-5422807b/smoke_bar/t0/wire.png
wrote bench/campaigns/advisor-batch-1-s2-hunter-pc/runs/cfg-5422807b/sphere/t0/wire.png
wrote bench/campaigns/advisor-batch-1-s2-hunter-pc/runs/cfg-5702fde1/cantilever/t0/wire.png
wrote bench/campaigns/advisor-batch-1-s2-hunter-pc/runs/cfg-5702fde1/cylinder/t0/wire.png
wrote bench/campaigns/advisor-batch-1-s2-hunter-pc/runs/cfg-5702fde1/plate_hole/t0/wire.png
wrote bench/campaigns/advisor-batch-1-s2-hunter-pc/runs/cfg-5702fde1/smoke_bar/t0/wire.png
wrote bench/campaigns/advisor-batch-1-s2-hunter-pc/runs/cfg-5702fde1/sphere/t0/wire.png
wrote bench/campaigns/advisor-batch-1-s2-hunter-pc/runs/cfg-5abc7708/cantilever/t0/wire.png
wrote bench/campaigns/advisor-batch-1-s2-hunter-pc/runs/cfg-5abc7708/cylinder/t0/wire.png
wrote bench/campaigns/advisor-batch-1-s2-hunter-pc/runs/cfg-5abc7708/smoke_bar/t0/wire.png
wrote bench/campaigns/advisor-batch-1-s2-hunter-pc/runs/cfg-62a8c888/cantilever/t0/wire.png
wrote bench/campaigns/advisor-batch-1-s2-hunter-pc/runs/cfg-62a8c888/cylinder/t0/wire.png
wrote bench/campaigns/advisor-batch-1-s2-hunter-pc/runs/cfg-62a8c888/plate_hole/t0/wire.png
wrote bench/campaigns/advisor-batch-1-s2-hunter-pc/runs/cfg-62a8c888/smoke_bar/t0/wire.png
wrote bench/campaigns/advisor-batch-1-s2-hunter-pc/runs/cfg-62a8c888/sphere/t0/wire.png
wrote bench/campaigns/advisor-batch-1-s2-hunter-pc/runs/cfg-67922491/cantilever/t0/wire.png
wrote bench/campaigns/advisor-batch-1-s2-hunter-pc/runs/cfg-67922491/cylinder/t0/wire.png
wrote bench/campaigns/advisor-batch-1-s2-hunter-pc/runs/cfg-67922491/plate_hole/t0/wire.png
wrote bench/campaigns/advisor-batch-1-s2-hunter-pc/runs/cfg-67922491/smoke_bar/t0/wire.png
wrote bench/campaigns/advisor-batch-1-s2-hunter-pc/runs/cfg-67922491/sphere/t0/wire.png
wrote bench/campaigns/advisor-batch-1-s2-hunter-pc/runs/cfg-70616bcb/cantilever/t0/wire.png
wrote bench/campaigns/advisor-batch-1-s2-hunter-pc/runs/cfg-70616bcb/cylinder/t0/wire.png
wrote bench/campaigns/advisor-batch-1-s2-hunter-pc/runs/cfg-70616bcb/smoke_bar/t0/wire.png
wrote bench/campaigns/advisor-batch-1-s2-hunter-pc/runs/cfg-77964214/cantilever/t0/wire.png
wrote bench/campaigns/advisor-batch-1-s2-hunter-pc/runs/cfg-77964214/cylinder/t0/wire.png
wrote bench/campaigns/advisor-batch-1-s2-hunter-pc/runs/cfg-77964214/plate_hole/t0/wire.png
wrote bench/campaigns/advisor-batch-1-s2-hunter-pc/runs/cfg-77964214/smoke_bar/t0/wire.png
wrote bench/campaigns/advisor-batch-1-s2-hunter-pc/runs/cfg-77964214/sphere/t0/wire.png
wrote bench/campaigns/advisor-batch-1-s2-hunter-pc/runs/cfg-85ac4502/cantilever/t0/wire.png
wrote bench/campaigns/advisor-batch-1-s2-hunter-pc/runs/cfg-85ac4502/cylinder/t0/wire.png
wrote bench/campaigns/advisor-batch-1-s2-hunter-pc/runs/cfg-85ac4502/smoke_bar/t0/wire.png
wrote bench/campaigns/advisor-batch-1-s2-hunter-pc/runs/cfg-85ac4502/sphere/t0/wire.png
wrote bench/campaigns/advisor-batch-1-s2-hunter-pc/runs/cfg-8b59c7c7/cantilever/t0/wire.png
wrote bench/campaigns/advisor-batch-1-s2-hunter-pc/runs/cfg-8b59c7c7/cylinder/t0/wire.png
wrote bench/campaigns/advisor-batch-1-s2-hunter-pc/runs/cfg-8b59c7c7/plate_hole/t0/wire.png
wrote bench/campaigns/advisor-batch-1-s2-hunter-pc/runs/cfg-8b59c7c7/smoke_bar/t0/wire.png
wrote bench/campaigns/advisor-batch-1-s2-hunter-pc/runs/cfg-8b59c7c7/sphere/t0/wire.png
wrote bench/campaigns/advisor-batch-1-s2-hunter-pc/runs/cfg-8cebeab3/cantilever/t0/wire.png
wrote bench/campaigns/advisor-batch-1-s2-hunter-pc/runs/cfg-8cebeab3/cylinder/t0/wire.png
wrote bench/campaigns/advisor-batch-1-s2-hunter-pc/runs/cfg-8cebeab3/plate_hole/t0/wire.png
wrote bench/campaigns/advisor-batch-1-s2-hunter-pc/runs/cfg-8cebeab3/smoke_bar/t0/wire.png
wrote bench/campaigns/advisor-batch-1-s2-hunter-pc/runs/cfg-8cebeab3/sphere/t0/wire.png
wrote bench/campaigns/advisor-batch-1-s2-hunter-pc/runs/cfg-939be278/cantilever/t0/wire.png
wrote bench/campaigns/advisor-batch-1-s2-hunter-pc/runs/cfg-939be278/cylinder/t0/wire.png
wrote bench/campaigns/advisor-batch-1-s2-hunter-pc/runs/cfg-939be278/smoke_bar/t0/wire.png
wrote bench/campaigns/advisor-batch-1-s2-hunter-pc/runs/cfg-939be278/sphere/t0/wire.png
wrote bench/campaigns/advisor-batch-1-s2-hunter-pc/runs/cfg-97fdde29/cantilever/t0/wire.png
wrote bench/campaigns/advisor-batch-1-s2-hunter-pc/runs/cfg-97fdde29/cylinder/t0/wire.png
wrote bench/campaigns/advisor-batch-1-s2-hunter-pc/runs/cfg-97fdde29/smoke_bar/t0/wire.png
wrote bench/campaigns/advisor-batch-1-s2-hunter-pc/runs/cfg-9d819bdc/cantilever/t0/wire.png
wrote bench/campaigns/advisor-batch-1-s2-hunter-pc/runs/cfg-9d819bdc/cylinder/t0/wire.png
wrote bench/campaigns/advisor-batch-1-s2-hunter-pc/runs/cfg-9d819bdc/smoke_bar/t0/wire.png
wrote bench/campaigns/advisor-batch-1-s2-hunter-pc/runs/cfg-9d819bdc/sphere/t0/wire.png
wrote bench/campaigns/advisor-batch-1-s2-hunter-pc/runs/cfg-9d9c56c4/cantilever/t0/wire.png
wrote bench/campaigns/advisor-batch-1-s2-hunter-pc/runs/cfg-9d9c56c4/cylinder/t0/wire.png
wrote bench/campaigns/advisor-batch-1-s2-hunter-pc/runs/cfg-9d9c56c4/plate_hole/t0/wire.png
wrote bench/campaigns/advisor-batch-1-s2-hunter-pc/runs/cfg-9d9c56c4/smoke_bar/t0/wire.png
wrote bench/campaigns/advisor-batch-1-s2-hunter-pc/runs/cfg-9d9c56c4/sphere/t0/wire.png
wrote bench/campaigns/advisor-batch-1-s2-hunter-pc/runs/cfg-a18fd7be/cantilever/t0/wire.png
wrote bench/campaigns/advisor-batch-1-s2-hunter-pc/runs/cfg-a18fd7be/cylinder/t0/wire.png
wrote bench/campaigns/advisor-batch-1-s2-hunter-pc/runs/cfg-a18fd7be/smoke_bar/t0/wire.png
wrote bench/campaigns/advisor-batch-1-s2-hunter-pc/runs/cfg-a18fd7be/sphere/t0/wire.png
wrote bench/campaigns/advisor-batch-1-s2-hunter-pc/runs/cfg-a39e03ff/cantilever/t0/wire.png
wrote bench/campaigns/advisor-batch-1-s2-hunter-pc/runs/cfg-a39e03ff/cylinder/t0/wire.png
wrote bench/campaigns/advisor-batch-1-s2-hunter-pc/runs/cfg-a39e03ff/icecream_cone/t0/wire.png
wrote bench/campaigns/advisor-batch-1-s2-hunter-pc/runs/cfg-a39e03ff/plate_hole/t0/wire.png
wrote bench/campaigns/advisor-batch-1-s2-hunter-pc/runs/cfg-a39e03ff/smoke_bar/t0/wire.png
wrote bench/campaigns/advisor-batch-1-s2-hunter-pc/runs/cfg-a39e03ff/sphere/t0/wire.png
wrote bench/campaigns/advisor-batch-1-s2-hunter-pc/runs/cfg-a5be2b08/cantilever/t0/wire.png
wrote bench/campaigns/advisor-batch-1-s2-hunter-pc/runs/cfg-a5be2b08/cylinder/t0/wire.png
wrote bench/campaigns/advisor-batch-1-s2-hunter-pc/runs/cfg-a5be2b08/plate_hole/t0/wire.png
wrote bench/campaigns/advisor-batch-1-s2-hunter-pc/runs/cfg-a5be2b08/smoke_bar/t0/wire.png
wrote bench/campaigns/advisor-batch-1-s2-hunter-pc/runs/cfg-a5be2b08/sphere/t0/wire.png
wrote bench/campaigns/advisor-batch-1-s2-hunter-pc/runs/cfg-ab5b5a5b/cantilever/t0/wire.png
wrote bench/campaigns/advisor-batch-1-s2-hunter-pc/runs/cfg-ab5b5a5b/cylinder/t0/wire.png
wrote bench/campaigns/advisor-batch-1-s2-hunter-pc/runs/cfg-ab5b5a5b/plate_hole/t0/wire.png
wrote bench/campaigns/advisor-batch-1-s2-hunter-pc/runs/cfg-ab5b5a5b/smoke_bar/t0/wire.png
wrote bench/campaigns/advisor-batch-1-s2-hunter-pc/runs/cfg-ab5b5a5b/sphere/t0/wire.png
wrote bench/campaigns/advisor-batch-1-s2-hunter-pc/runs/cfg-af99ddd3/cantilever/t0/wire.png
wrote bench/campaigns/advisor-batch-1-s2-hunter-pc/runs/cfg-af99ddd3/cylinder/t0/wire.png
wrote bench/campaigns/advisor-batch-1-s2-hunter-pc/runs/cfg-af99ddd3/plate_hole/t0/wire.png
wrote bench/campaigns/advisor-batch-1-s2-hunter-pc/runs/cfg-af99ddd3/smoke_bar/t0/wire.png
wrote bench/campaigns/advisor-batch-1-s2-hunter-pc/runs/cfg-af99ddd3/sphere/t0/wire.png
wrote bench/campaigns/advisor-batch-1-s2-hunter-pc/runs/cfg-b1b11a33/cantilever/t0/wire.png
wrote bench/campaigns/advisor-batch-1-s2-hunter-pc/runs/cfg-b1b11a33/cylinder/t0/wire.png
wrote bench/campaigns/advisor-batch-1-s2-hunter-pc/runs/cfg-b1b11a33/smoke_bar/t0/wire.png
wrote bench/campaigns/advisor-batch-1-s2-hunter-pc/runs/cfg-bce718be/cantilever/t0/wire.png
wrote bench/campaigns/advisor-batch-1-s2-hunter-pc/runs/cfg-bce718be/cylinder/t0/wire.png
wrote bench/campaigns/advisor-batch-1-s2-hunter-pc/runs/cfg-bce718be/smoke_bar/t0/wire.png
wrote bench/campaigns/advisor-batch-1-s2-hunter-pc/runs/cfg-bce718be/sphere/t0/wire.png
wrote bench/campaigns/advisor-batch-1-s2-hunter-pc/runs/cfg-c5788dcf/cantilever/t0/wire.png
wrote bench/campaigns/advisor-batch-1-s2-hunter-pc/runs/cfg-c5788dcf/cylinder/t0/wire.png
wrote bench/campaigns/advisor-batch-1-s2-hunter-pc/runs/cfg-c5788dcf/plate_hole/t0/wire.png
wrote bench/campaigns/advisor-batch-1-s2-hunter-pc/runs/cfg-c5788dcf/smoke_bar/t0/wire.png
wrote bench/campaigns/advisor-batch-1-s2-hunter-pc/runs/cfg-c5788dcf/sphere/t0/wire.png
wrote bench/campaigns/advisor-batch-1-s2-hunter-pc/runs/cfg-d286588d/cantilever/t0/wire.png
wrote bench/campaigns/advisor-batch-1-s2-hunter-pc/runs/cfg-d286588d/cylinder/t0/wire.png
wrote bench/campaigns/advisor-batch-1-s2-hunter-pc/runs/cfg-d286588d/plate_hole/t0/wire.png
wrote bench/campaigns/advisor-batch-1-s2-hunter-pc/runs/cfg-d286588d/smoke_bar/t0/wire.png
wrote bench/campaigns/advisor-batch-1-s2-hunter-pc/runs/cfg-d286588d/sphere/t0/wire.png
wrote bench/campaigns/advisor-batch-1-s2-hunter-pc/runs/cfg-e7f14d51/cantilever/t0/wire.png
wrote bench/campaigns/advisor-batch-1-s2-hunter-pc/runs/cfg-e7f14d51/cylinder/t0/wire.png
wrote bench/campaigns/advisor-batch-1-s2-hunter-pc/runs/cfg-e7f14d51/plate_hole/t0/wire.png
wrote bench/campaigns/advisor-batch-1-s2-hunter-pc/runs/cfg-e7f14d51/smoke_bar/t0/wire.png
wrote bench/campaigns/advisor-batch-1-s2-hunter-pc/runs/cfg-e7f14d51/sphere/t0/wire.png
wrote bench/campaigns/advisor-batch-1-s2-hunter-pc/runs/cfg-ea224697/cantilever/t0/wire.png
wrote bench/campaigns/advisor-batch-1-s2-hunter-pc/runs/cfg-ea224697/cylinder/t0/wire.png
wrote bench/campaigns/advisor-batch-1-s2-hunter-pc/runs/cfg-ea224697/smoke_bar/t0/wire.png
wrote bench/campaigns/advisor-batch-1-s2-hunter-pc/runs/cfg-ea224697/sphere/t0/wire.png
wrote bench/campaigns/advisor-batch-1-s2-hunter-pc/runs/cfg-ecfce6bf/cantilever/t0/wire.png
wrote bench/campaigns/advisor-batch-1-s2-hunter-pc/runs/cfg-ecfce6bf/cylinder/t0/wire.png
wrote bench/campaigns/advisor-batch-1-s2-hunter-pc/runs/cfg-ecfce6bf/smoke_bar/t0/wire.png
warehouse_shots: 215 rendered, 0 skipped (exists), 0 failed (215 mesh.vtu total)
finished: 288 runs → /home/hunter/Desktop/Polyhedral-FEA/bench/campaigns/advisor-batch-1-s2-hunter-pc/results.jsonl
=== exit 0 after 152.7s
