
=== 2026-08-14T18:02:55Z OMP_NUM_THREADS=2 :: /home/liveuser/Polyhedral-FEA/build/apps/testlab/polymesh_testlab resume /home/liveuser/Polyhedral-FEA/bench/campaigns/advisor-batch-3-s3-livingroom-pc
campaign advisor-batch-3-s3-livingroom-pc: 16 configs, 6 parts, 1 tiers
  max_run_wall_s=180 (override all tiers)
  max_pack_wall_s=21600
tier 0: h_scale=1 keep_frac=1 survivors=4 max_run_wall_s=180
  run cfg-9ab082c9 part=plate_notch_s0_c0 tier=0 ...
  run cfg-9ab082c9 part=plate_notch_s0_c1 tier=0 ...
  run cfg-9ab082c9 part=plate_notch_s0_c2 tier=0 ...
  run cfg-9ab082c9 part=plate_notch_s2_c0 tier=0 ...
  run cfg-9ab082c9 part=plate_notch_s2_c1 tier=0 ...
  run cfg-9ab082c9 part=plate_notch_s2_c2 tier=0 ...
  run cfg-bc1e79aa part=plate_notch_s0_c0 tier=0 ...
  run cfg-bc1e79aa part=plate_notch_s0_c1 tier=0 ...
  run cfg-bc1e79aa part=plate_notch_s0_c2 tier=0 ...
  run cfg-bc1e79aa part=plate_notch_s2_c0 tier=0 ...
  run cfg-bc1e79aa part=plate_notch_s2_c1 tier=0 ...
  run cfg-bc1e79aa part=plate_notch_s2_c2 tier=0 ...
  run cfg-6b320550 part=plate_notch_s0_c0 tier=0 ...
  run cfg-6b320550 part=plate_notch_s0_c1 tier=0 ...
  run cfg-6b320550 part=plate_notch_s0_c2 tier=0 ...
  run cfg-6b320550 part=plate_notch_s2_c0 tier=0 ...
  run cfg-6b320550 part=plate_notch_s2_c1 tier=0 ...
  run cfg-6b320550 part=plate_notch_s2_c2 tier=0 ...
  run cfg-1ab25f2b part=plate_notch_s0_c0 tier=0 ...
  run cfg-1ab25f2b part=plate_notch_s0_c1 tier=0 ...
  run cfg-1ab25f2b part=plate_notch_s0_c2 tier=0 ...
  run cfg-1ab25f2b part=plate_notch_s2_c0 tier=0 ...
  run cfg-1ab25f2b part=plate_notch_s2_c1 tier=0 ...
  run cfg-1ab25f2b part=plate_notch_s2_c2 tier=0 ...
wrote bench/campaigns/advisor-batch-3-s3-livingroom-pc/runs/cfg-1ab25f2b/plate_notch_s0_c0/t0/wire.png
wrote bench/campaigns/advisor-batch-3-s3-livingroom-pc/runs/cfg-1ab25f2b/plate_notch_s0_c1/t0/wire.png
wrote bench/campaigns/advisor-batch-3-s3-livingroom-pc/runs/cfg-1ab25f2b/plate_notch_s0_c2/t0/wire.png
wrote bench/campaigns/advisor-batch-3-s3-livingroom-pc/runs/cfg-1ab25f2b/plate_notch_s2_c0/t0/wire.png
wrote bench/campaigns/advisor-batch-3-s3-livingroom-pc/runs/cfg-1ab25f2b/plate_notch_s2_c1/t0/wire.png
wrote bench/campaigns/advisor-batch-3-s3-livingroom-pc/runs/cfg-1ab25f2b/plate_notch_s2_c2/t0/wire.png
wrote bench/campaigns/advisor-batch-3-s3-livingroom-pc/runs/cfg-6b320550/plate_notch_s0_c0/t0/wire.png
wrote bench/campaigns/advisor-batch-3-s3-livingroom-pc/runs/cfg-6b320550/plate_notch_s0_c1/t0/wire.png
wrote bench/campaigns/advisor-batch-3-s3-livingroom-pc/runs/cfg-6b320550/plate_notch_s0_c2/t0/wire.png
wrote bench/campaigns/advisor-batch-3-s3-livingroom-pc/runs/cfg-6b320550/plate_notch_s2_c0/t0/wire.png
wrote bench/campaigns/advisor-batch-3-s3-livingroom-pc/runs/cfg-6b320550/plate_notch_s2_c1/t0/wire.png
wrote bench/campaigns/advisor-batch-3-s3-livingroom-pc/runs/cfg-6b320550/plate_notch_s2_c2/t0/wire.png
wrote bench/campaigns/advisor-batch-3-s3-livingroom-pc/runs/cfg-9ab082c9/plate_notch_s0_c0/t0/wire.png
wrote bench/campaigns/advisor-batch-3-s3-livingroom-pc/runs/cfg-9ab082c9/plate_notch_s0_c1/t0/wire.png
wrote bench/campaigns/advisor-batch-3-s3-livingroom-pc/runs/cfg-9ab082c9/plate_notch_s0_c2/t0/wire.png
wrote bench/campaigns/advisor-batch-3-s3-livingroom-pc/runs/cfg-9ab082c9/plate_notch_s2_c0/t0/wire.png
wrote bench/campaigns/advisor-batch-3-s3-livingroom-pc/runs/cfg-9ab082c9/plate_notch_s2_c1/t0/wire.png
wrote bench/campaigns/advisor-batch-3-s3-livingroom-pc/runs/cfg-9ab082c9/plate_notch_s2_c2/t0/wire.png
wrote bench/campaigns/advisor-batch-3-s3-livingroom-pc/runs/cfg-bc1e79aa/plate_notch_s0_c0/t0/wire.png
wrote bench/campaigns/advisor-batch-3-s3-livingroom-pc/runs/cfg-bc1e79aa/plate_notch_s0_c1/t0/wire.png
wrote bench/campaigns/advisor-batch-3-s3-livingroom-pc/runs/cfg-bc1e79aa/plate_notch_s0_c2/t0/wire.png
wrote bench/campaigns/advisor-batch-3-s3-livingroom-pc/runs/cfg-bc1e79aa/plate_notch_s2_c0/t0/wire.png
wrote bench/campaigns/advisor-batch-3-s3-livingroom-pc/runs/cfg-bc1e79aa/plate_notch_s2_c1/t0/wire.png
wrote bench/campaigns/advisor-batch-3-s3-livingroom-pc/runs/cfg-bc1e79aa/plate_notch_s2_c2/t0/wire.png
warehouse_shots: 24 rendered, 0 skipped (exists), 0 failed (24 mesh.vtu total)
finished: 24 runs → /home/liveuser/Polyhedral-FEA/bench/campaigns/advisor-batch-3-s3-livingroom-pc/results.jsonl
=== exit 0 after 239.1s

=== 2026-08-14T18:47:35Z OMP_NUM_THREADS=2 :: /home/liveuser/Polyhedral-FEA/build/apps/testlab/polymesh_testlab resume /home/liveuser/Polyhedral-FEA/bench/campaigns/advisor-batch-3-s3-livingroom-pc
campaign advisor-batch-3-s3-livingroom-pc: 16 configs, 6 parts, 1 tiers
  max_run_wall_s=180 (override all tiers)
  max_pack_wall_s=21600
tier 0: h_scale=1 keep_frac=1 survivors=4 max_run_wall_s=180
  run cfg-9ab082c9 part=sphere_box_s0_c0 tier=0 ...
  run cfg-9ab082c9 part=sphere_box_s0_c1 tier=0 ...
  run cfg-9ab082c9 part=sphere_box_s0_c2 tier=0 ...
  run cfg-9ab082c9 part=sphere_box_s2_c0 tier=0 ...
  run cfg-9ab082c9 part=sphere_box_s2_c1 tier=0 ...
  run cfg-9ab082c9 part=sphere_box_s2_c2 tier=0 ...
  run cfg-bc1e79aa part=sphere_box_s0_c0 tier=0 ...
  run cfg-bc1e79aa part=sphere_box_s0_c1 tier=0 ...
  run cfg-bc1e79aa part=sphere_box_s0_c2 tier=0 ...
  run cfg-bc1e79aa part=sphere_box_s2_c0 tier=0 ...
  run cfg-bc1e79aa part=sphere_box_s2_c1 tier=0 ...
  run cfg-bc1e79aa part=sphere_box_s2_c2 tier=0 ...
  run cfg-6b320550 part=sphere_box_s0_c0 tier=0 ...
  run cfg-6b320550 part=sphere_box_s0_c1 tier=0 ...
  run cfg-6b320550 part=sphere_box_s0_c2 tier=0 ...
  run cfg-6b320550 part=sphere_box_s2_c0 tier=0 ...
  run cfg-6b320550 part=sphere_box_s2_c1 tier=0 ...
  run cfg-6b320550 part=sphere_box_s2_c2 tier=0 ...
  run cfg-1ab25f2b part=sphere_box_s0_c0 tier=0 ...
  run cfg-1ab25f2b part=sphere_box_s0_c1 tier=0 ...
  run cfg-1ab25f2b part=sphere_box_s0_c2 tier=0 ...
  run cfg-1ab25f2b part=sphere_box_s2_c0 tier=0 ...
  run cfg-1ab25f2b part=sphere_box_s2_c1 tier=0 ...
  run cfg-1ab25f2b part=sphere_box_s2_c2 tier=0 ...
warehouse_shots: 0 rendered, 24 skipped (exists), 0 failed (24 mesh.vtu total)
finished: 24 runs → /home/liveuser/Polyhedral-FEA/bench/campaigns/advisor-batch-3-s3-livingroom-pc/results.jsonl
=== exit 0 after 2266.1s

=== 2026-08-14T19:31:12Z OMP_NUM_THREADS=2 :: /home/liveuser/Polyhedral-FEA/build/apps/testlab/polymesh_testlab resume /home/liveuser/Polyhedral-FEA/bench/campaigns/advisor-batch-3-s3-livingroom-pc
campaign advisor-batch-3-s3-livingroom-pc: 16 configs, 6 parts, 1 tiers
  max_run_wall_s=180 (override all tiers)
  max_pack_wall_s=21600
tier 0: h_scale=1 keep_frac=1 survivors=4 max_run_wall_s=180
  run cfg-9ab082c9 part=stepped_shaft_s0_c0 tier=0 ...
  run cfg-9ab082c9 part=stepped_shaft_s0_c1 tier=0 ...
  run cfg-9ab082c9 part=stepped_shaft_s0_c2 tier=0 ...
  run cfg-9ab082c9 part=stepped_shaft_s2_c0 tier=0 ...
  run cfg-9ab082c9 part=stepped_shaft_s2_c1 tier=0 ...
  run cfg-9ab082c9 part=stepped_shaft_s2_c2 tier=0 ...
  run cfg-bc1e79aa part=stepped_shaft_s0_c0 tier=0 ...
  run cfg-bc1e79aa part=stepped_shaft_s0_c1 tier=0 ...
  run cfg-bc1e79aa part=stepped_shaft_s0_c2 tier=0 ...
  run cfg-bc1e79aa part=stepped_shaft_s2_c0 tier=0 ...
  run cfg-bc1e79aa part=stepped_shaft_s2_c1 tier=0 ...
  run cfg-bc1e79aa part=stepped_shaft_s2_c2 tier=0 ...
  run cfg-6b320550 part=stepped_shaft_s0_c0 tier=0 ...
  run cfg-6b320550 part=stepped_shaft_s0_c1 tier=0 ...
  run cfg-6b320550 part=stepped_shaft_s0_c2 tier=0 ...
  run cfg-6b320550 part=stepped_shaft_s2_c0 tier=0 ...
  run cfg-6b320550 part=stepped_shaft_s2_c1 tier=0 ...
  run cfg-6b320550 part=stepped_shaft_s2_c2 tier=0 ...
  run cfg-1ab25f2b part=stepped_shaft_s0_c0 tier=0 ...
  run cfg-1ab25f2b part=stepped_shaft_s0_c1 tier=0 ...
  run cfg-1ab25f2b part=stepped_shaft_s0_c2 tier=0 ...
  run cfg-1ab25f2b part=stepped_shaft_s2_c0 tier=0 ...
  run cfg-1ab25f2b part=stepped_shaft_s2_c1 tier=0 ...
  run cfg-1ab25f2b part=stepped_shaft_s2_c2 tier=0 ...
warehouse_shots: 0 rendered, 24 skipped (exists), 0 failed (24 mesh.vtu total)
finished: 24 runs → /home/liveuser/Polyhedral-FEA/bench/campaigns/advisor-batch-3-s3-livingroom-pc/results.jsonl
=== exit 0 after 5.3s

=== 2026-08-14T20:17:10Z OMP_NUM_THREADS=2 :: /home/liveuser/Polyhedral-FEA/build/apps/testlab/polymesh_testlab resume /home/liveuser/Polyhedral-FEA/bench/campaigns/advisor-batch-3-s3-livingroom-pc
campaign advisor-batch-3-s3-livingroom-pc: 16 configs, 6 parts, 1 tiers
  max_run_wall_s=180 (override all tiers)
  max_pack_wall_s=21600
tier 0: h_scale=1 keep_frac=1 survivors=4 max_run_wall_s=180
  run cfg-9ab082c9 part=l_bracket_s0_c0 tier=0 ...
  run cfg-9ab082c9 part=l_bracket_s0_c1 tier=0 ...
  run cfg-9ab082c9 part=l_bracket_s0_c2 tier=0 ...
  run cfg-9ab082c9 part=l_bracket_s2_c0 tier=0 ...
  run cfg-9ab082c9 part=l_bracket_s2_c1 tier=0 ...
  run cfg-9ab082c9 part=l_bracket_s2_c2 tier=0 ...
  run cfg-bc1e79aa part=l_bracket_s0_c0 tier=0 ...
  run cfg-bc1e79aa part=l_bracket_s0_c1 tier=0 ...
  run cfg-bc1e79aa part=l_bracket_s0_c2 tier=0 ...
  run cfg-bc1e79aa part=l_bracket_s2_c0 tier=0 ...
  run cfg-bc1e79aa part=l_bracket_s2_c1 tier=0 ...
  run cfg-bc1e79aa part=l_bracket_s2_c2 tier=0 ...
  run cfg-6b320550 part=l_bracket_s0_c0 tier=0 ...
  run cfg-6b320550 part=l_bracket_s0_c1 tier=0 ...
  run cfg-6b320550 part=l_bracket_s0_c2 tier=0 ...
  run cfg-6b320550 part=l_bracket_s2_c0 tier=0 ...
  run cfg-6b320550 part=l_bracket_s2_c1 tier=0 ...
  run cfg-6b320550 part=l_bracket_s2_c2 tier=0 ...
  run cfg-1ab25f2b part=l_bracket_s0_c0 tier=0 ...
  run cfg-1ab25f2b part=l_bracket_s0_c1 tier=0 ...
  run cfg-1ab25f2b part=l_bracket_s0_c2 tier=0 ...
  run cfg-1ab25f2b part=l_bracket_s2_c0 tier=0 ...
  run cfg-1ab25f2b part=l_bracket_s2_c1 tier=0 ...
  run cfg-1ab25f2b part=l_bracket_s2_c2 tier=0 ...
wrote bench/campaigns/advisor-batch-3-s3-livingroom-pc/runs/cfg-1ab25f2b/l_bracket_s0_c0/t0/wire.png
wrote bench/campaigns/advisor-batch-3-s3-livingroom-pc/runs/cfg-1ab25f2b/l_bracket_s0_c1/t0/wire.png
wrote bench/campaigns/advisor-batch-3-s3-livingroom-pc/runs/cfg-1ab25f2b/l_bracket_s0_c2/t0/wire.png
wrote bench/campaigns/advisor-batch-3-s3-livingroom-pc/runs/cfg-1ab25f2b/l_bracket_s2_c0/t0/wire.png
wrote bench/campaigns/advisor-batch-3-s3-livingroom-pc/runs/cfg-1ab25f2b/l_bracket_s2_c1/t0/wire.png
wrote bench/campaigns/advisor-batch-3-s3-livingroom-pc/runs/cfg-1ab25f2b/l_bracket_s2_c2/t0/wire.png
wrote bench/campaigns/advisor-batch-3-s3-livingroom-pc/runs/cfg-6b320550/l_bracket_s0_c0/t0/wire.png
wrote bench/campaigns/advisor-batch-3-s3-livingroom-pc/runs/cfg-6b320550/l_bracket_s0_c1/t0/wire.png
wrote bench/campaigns/advisor-batch-3-s3-livingroom-pc/runs/cfg-6b320550/l_bracket_s0_c2/t0/wire.png
wrote bench/campaigns/advisor-batch-3-s3-livingroom-pc/runs/cfg-6b320550/l_bracket_s2_c0/t0/wire.png
wrote bench/campaigns/advisor-batch-3-s3-livingroom-pc/runs/cfg-6b320550/l_bracket_s2_c1/t0/wire.png
wrote bench/campaigns/advisor-batch-3-s3-livingroom-pc/runs/cfg-6b320550/l_bracket_s2_c2/t0/wire.png
wrote bench/campaigns/advisor-batch-3-s3-livingroom-pc/runs/cfg-9ab082c9/l_bracket_s0_c0/t0/wire.png
wrote bench/campaigns/advisor-batch-3-s3-livingroom-pc/runs/cfg-9ab082c9/l_bracket_s0_c1/t0/wire.png
wrote bench/campaigns/advisor-batch-3-s3-livingroom-pc/runs/cfg-9ab082c9/l_bracket_s0_c2/t0/wire.png
wrote bench/campaigns/advisor-batch-3-s3-livingroom-pc/runs/cfg-9ab082c9/l_bracket_s2_c0/t0/wire.png
wrote bench/campaigns/advisor-batch-3-s3-livingroom-pc/runs/cfg-9ab082c9/l_bracket_s2_c1/t0/wire.png
wrote bench/campaigns/advisor-batch-3-s3-livingroom-pc/runs/cfg-9ab082c9/l_bracket_s2_c2/t0/wire.png
wrote bench/campaigns/advisor-batch-3-s3-livingroom-pc/runs/cfg-bc1e79aa/l_bracket_s0_c0/t0/wire.png
wrote bench/campaigns/advisor-batch-3-s3-livingroom-pc/runs/cfg-bc1e79aa/l_bracket_s0_c1/t0/wire.png
wrote bench/campaigns/advisor-batch-3-s3-livingroom-pc/runs/cfg-bc1e79aa/l_bracket_s0_c2/t0/wire.png
wrote bench/campaigns/advisor-batch-3-s3-livingroom-pc/runs/cfg-bc1e79aa/l_bracket_s2_c0/t0/wire.png
wrote bench/campaigns/advisor-batch-3-s3-livingroom-pc/runs/cfg-bc1e79aa/l_bracket_s2_c1/t0/wire.png
wrote bench/campaigns/advisor-batch-3-s3-livingroom-pc/runs/cfg-bc1e79aa/l_bracket_s2_c2/t0/wire.png
warehouse_shots: 24 rendered, 24 skipped (exists), 0 failed (48 mesh.vtu total)
finished: 24 runs → /home/liveuser/Polyhedral-FEA/bench/campaigns/advisor-batch-3-s3-livingroom-pc/results.jsonl
=== exit 0 after 106.8s
