
=== 2026-08-14T18:01:01Z OMP_NUM_THREADS=2 :: /home/liveuser/Polyhedral-FEA/build/apps/testlab/polymesh_testlab resume /home/liveuser/Polyhedral-FEA/bench/campaigns/advisor-batch-2-s0-livingroom-pc
campaign advisor-batch-2-s0-livingroom-pc: 32 configs, 6 parts, 1 tiers
  max_run_wall_s=180 (override all tiers)
  max_pack_wall_s=21600
tier 0: h_scale=1 keep_frac=1 survivors=8 max_run_wall_s=180
  run cfg-197de74f part=plate_notch_s0_c0 tier=0 ...
  run cfg-197de74f part=plate_notch_s0_c1 tier=0 ...
  run cfg-197de74f part=plate_notch_s0_c2 tier=0 ...
  run cfg-197de74f part=plate_notch_s2_c0 tier=0 ...
  run cfg-197de74f part=plate_notch_s2_c1 tier=0 ...
  run cfg-197de74f part=plate_notch_s2_c2 tier=0 ...
  run cfg-5615708d part=plate_notch_s0_c0 tier=0 ...
  run cfg-5615708d part=plate_notch_s0_c1 tier=0 ...
  run cfg-5615708d part=plate_notch_s0_c2 tier=0 ...
  run cfg-5615708d part=plate_notch_s2_c0 tier=0 ...
  run cfg-5615708d part=plate_notch_s2_c1 tier=0 ...
  run cfg-5615708d part=plate_notch_s2_c2 tier=0 ...
  run cfg-dae54304 part=plate_notch_s0_c0 tier=0 ...
  run cfg-dae54304 part=plate_notch_s0_c1 tier=0 ...
  run cfg-dae54304 part=plate_notch_s0_c2 tier=0 ...
  run cfg-dae54304 part=plate_notch_s2_c0 tier=0 ...
  run cfg-dae54304 part=plate_notch_s2_c1 tier=0 ...
  run cfg-dae54304 part=plate_notch_s2_c2 tier=0 ...
  run cfg-ffcd821e part=plate_notch_s0_c0 tier=0 ...
  run cfg-ffcd821e part=plate_notch_s0_c1 tier=0 ...
  run cfg-ffcd821e part=plate_notch_s0_c2 tier=0 ...
  run cfg-ffcd821e part=plate_notch_s2_c0 tier=0 ...
  run cfg-ffcd821e part=plate_notch_s2_c1 tier=0 ...
  run cfg-ffcd821e part=plate_notch_s2_c2 tier=0 ...
  run cfg-6547103a part=plate_notch_s0_c0 tier=0 ...
  run cfg-6547103a part=plate_notch_s0_c1 tier=0 ...
  run cfg-6547103a part=plate_notch_s0_c2 tier=0 ...
  run cfg-6547103a part=plate_notch_s2_c0 tier=0 ...
  run cfg-6547103a part=plate_notch_s2_c1 tier=0 ...
  run cfg-6547103a part=plate_notch_s2_c2 tier=0 ...
  run cfg-16bdf738 part=plate_notch_s0_c0 tier=0 ...
  run cfg-16bdf738 part=plate_notch_s0_c1 tier=0 ...
  run cfg-16bdf738 part=plate_notch_s0_c2 tier=0 ...
  run cfg-16bdf738 part=plate_notch_s2_c0 tier=0 ...
  run cfg-16bdf738 part=plate_notch_s2_c1 tier=0 ...
  run cfg-16bdf738 part=plate_notch_s2_c2 tier=0 ...
  run cfg-eeb0f407 part=plate_notch_s0_c0 tier=0 ...
  run cfg-eeb0f407 part=plate_notch_s0_c1 tier=0 ...
  run cfg-eeb0f407 part=plate_notch_s0_c2 tier=0 ...
  run cfg-eeb0f407 part=plate_notch_s2_c0 tier=0 ...
  run cfg-eeb0f407 part=plate_notch_s2_c1 tier=0 ...
  run cfg-eeb0f407 part=plate_notch_s2_c2 tier=0 ...
  run cfg-af234445 part=plate_notch_s0_c0 tier=0 ...
  run cfg-af234445 part=plate_notch_s0_c1 tier=0 ...
  run cfg-af234445 part=plate_notch_s0_c2 tier=0 ...
  run cfg-af234445 part=plate_notch_s2_c0 tier=0 ...
  run cfg-af234445 part=plate_notch_s2_c1 tier=0 ...
  run cfg-af234445 part=plate_notch_s2_c2 tier=0 ...
wrote bench/campaigns/advisor-batch-2-s0-livingroom-pc/runs/cfg-16bdf738/plate_notch_s0_c0/t0/wire.png
wrote bench/campaigns/advisor-batch-2-s0-livingroom-pc/runs/cfg-16bdf738/plate_notch_s0_c1/t0/wire.png
wrote bench/campaigns/advisor-batch-2-s0-livingroom-pc/runs/cfg-16bdf738/plate_notch_s0_c2/t0/wire.png
wrote bench/campaigns/advisor-batch-2-s0-livingroom-pc/runs/cfg-16bdf738/plate_notch_s2_c0/t0/wire.png
wrote bench/campaigns/advisor-batch-2-s0-livingroom-pc/runs/cfg-16bdf738/plate_notch_s2_c1/t0/wire.png
wrote bench/campaigns/advisor-batch-2-s0-livingroom-pc/runs/cfg-16bdf738/plate_notch_s2_c2/t0/wire.png
wrote bench/campaigns/advisor-batch-2-s0-livingroom-pc/runs/cfg-197de74f/plate_notch_s0_c0/t0/wire.png
wrote bench/campaigns/advisor-batch-2-s0-livingroom-pc/runs/cfg-197de74f/plate_notch_s0_c1/t0/wire.png
wrote bench/campaigns/advisor-batch-2-s0-livingroom-pc/runs/cfg-197de74f/plate_notch_s0_c2/t0/wire.png
wrote bench/campaigns/advisor-batch-2-s0-livingroom-pc/runs/cfg-197de74f/plate_notch_s2_c0/t0/wire.png
wrote bench/campaigns/advisor-batch-2-s0-livingroom-pc/runs/cfg-197de74f/plate_notch_s2_c1/t0/wire.png
wrote bench/campaigns/advisor-batch-2-s0-livingroom-pc/runs/cfg-197de74f/plate_notch_s2_c2/t0/wire.png
wrote bench/campaigns/advisor-batch-2-s0-livingroom-pc/runs/cfg-5615708d/plate_notch_s0_c0/t0/wire.png
wrote bench/campaigns/advisor-batch-2-s0-livingroom-pc/runs/cfg-5615708d/plate_notch_s0_c1/t0/wire.png
wrote bench/campaigns/advisor-batch-2-s0-livingroom-pc/runs/cfg-5615708d/plate_notch_s0_c2/t0/wire.png
wrote bench/campaigns/advisor-batch-2-s0-livingroom-pc/runs/cfg-5615708d/plate_notch_s2_c0/t0/wire.png
wrote bench/campaigns/advisor-batch-2-s0-livingroom-pc/runs/cfg-5615708d/plate_notch_s2_c1/t0/wire.png
wrote bench/campaigns/advisor-batch-2-s0-livingroom-pc/runs/cfg-5615708d/plate_notch_s2_c2/t0/wire.png
wrote bench/campaigns/advisor-batch-2-s0-livingroom-pc/runs/cfg-6547103a/plate_notch_s0_c0/t0/wire.png
wrote bench/campaigns/advisor-batch-2-s0-livingroom-pc/runs/cfg-6547103a/plate_notch_s0_c1/t0/wire.png
wrote bench/campaigns/advisor-batch-2-s0-livingroom-pc/runs/cfg-6547103a/plate_notch_s0_c2/t0/wire.png
wrote bench/campaigns/advisor-batch-2-s0-livingroom-pc/runs/cfg-6547103a/plate_notch_s2_c0/t0/wire.png
wrote bench/campaigns/advisor-batch-2-s0-livingroom-pc/runs/cfg-6547103a/plate_notch_s2_c1/t0/wire.png
wrote bench/campaigns/advisor-batch-2-s0-livingroom-pc/runs/cfg-6547103a/plate_notch_s2_c2/t0/wire.png
wrote bench/campaigns/advisor-batch-2-s0-livingroom-pc/runs/cfg-af234445/plate_notch_s0_c0/t0/wire.png
wrote bench/campaigns/advisor-batch-2-s0-livingroom-pc/runs/cfg-af234445/plate_notch_s0_c1/t0/wire.png
wrote bench/campaigns/advisor-batch-2-s0-livingroom-pc/runs/cfg-af234445/plate_notch_s0_c2/t0/wire.png
wrote bench/campaigns/advisor-batch-2-s0-livingroom-pc/runs/cfg-af234445/plate_notch_s2_c0/t0/wire.png
wrote bench/campaigns/advisor-batch-2-s0-livingroom-pc/runs/cfg-af234445/plate_notch_s2_c1/t0/wire.png
wrote bench/campaigns/advisor-batch-2-s0-livingroom-pc/runs/cfg-af234445/plate_notch_s2_c2/t0/wire.png
wrote bench/campaigns/advisor-batch-2-s0-livingroom-pc/runs/cfg-dae54304/plate_notch_s0_c0/t0/wire.png
wrote bench/campaigns/advisor-batch-2-s0-livingroom-pc/runs/cfg-dae54304/plate_notch_s0_c1/t0/wire.png
wrote bench/campaigns/advisor-batch-2-s0-livingroom-pc/runs/cfg-dae54304/plate_notch_s0_c2/t0/wire.png
wrote bench/campaigns/advisor-batch-2-s0-livingroom-pc/runs/cfg-dae54304/plate_notch_s2_c0/t0/wire.png
wrote bench/campaigns/advisor-batch-2-s0-livingroom-pc/runs/cfg-dae54304/plate_notch_s2_c1/t0/wire.png
wrote bench/campaigns/advisor-batch-2-s0-livingroom-pc/runs/cfg-dae54304/plate_notch_s2_c2/t0/wire.png
wrote bench/campaigns/advisor-batch-2-s0-livingroom-pc/runs/cfg-ffcd821e/plate_notch_s0_c0/t0/wire.png
wrote bench/campaigns/advisor-batch-2-s0-livingroom-pc/runs/cfg-ffcd821e/plate_notch_s0_c1/t0/wire.png
wrote bench/campaigns/advisor-batch-2-s0-livingroom-pc/runs/cfg-ffcd821e/plate_notch_s0_c2/t0/wire.png
wrote bench/campaigns/advisor-batch-2-s0-livingroom-pc/runs/cfg-ffcd821e/plate_notch_s2_c0/t0/wire.png
wrote bench/campaigns/advisor-batch-2-s0-livingroom-pc/runs/cfg-ffcd821e/plate_notch_s2_c1/t0/wire.png
wrote bench/campaigns/advisor-batch-2-s0-livingroom-pc/runs/cfg-ffcd821e/plate_notch_s2_c2/t0/wire.png
warehouse_shots: 42 rendered, 0 skipped (exists), 0 failed (42 mesh.vtu total)
finished: 48 runs → /home/liveuser/Polyhedral-FEA/bench/campaigns/advisor-batch-2-s0-livingroom-pc/results.jsonl
=== exit 0 after 90.4s

=== 2026-08-14T18:08:58Z OMP_NUM_THREADS=2 :: /home/liveuser/Polyhedral-FEA/build/apps/testlab/polymesh_testlab resume /home/liveuser/Polyhedral-FEA/bench/campaigns/advisor-batch-2-s0-livingroom-pc
campaign advisor-batch-2-s0-livingroom-pc: 32 configs, 6 parts, 1 tiers
  max_run_wall_s=180 (override all tiers)
  max_pack_wall_s=21600
tier 0: h_scale=1 keep_frac=1 survivors=8 max_run_wall_s=180
  run cfg-197de74f part=sphere_box_s0_c0 tier=0 ...
  run cfg-197de74f part=sphere_box_s0_c1 tier=0 ...
  run cfg-197de74f part=sphere_box_s0_c2 tier=0 ...
  run cfg-197de74f part=sphere_box_s2_c0 tier=0 ...
  run cfg-197de74f part=sphere_box_s2_c1 tier=0 ...
  run cfg-197de74f part=sphere_box_s2_c2 tier=0 ...
  run cfg-5615708d part=sphere_box_s0_c0 tier=0 ...
  run cfg-5615708d part=sphere_box_s0_c1 tier=0 ...
  run cfg-5615708d part=sphere_box_s0_c2 tier=0 ...
  run cfg-5615708d part=sphere_box_s2_c0 tier=0 ...
  run cfg-5615708d part=sphere_box_s2_c1 tier=0 ...
  run cfg-5615708d part=sphere_box_s2_c2 tier=0 ...
  run cfg-dae54304 part=sphere_box_s0_c0 tier=0 ...
  run cfg-dae54304 part=sphere_box_s0_c1 tier=0 ...
  run cfg-dae54304 part=sphere_box_s0_c2 tier=0 ...
  run cfg-dae54304 part=sphere_box_s2_c0 tier=0 ...
  run cfg-dae54304 part=sphere_box_s2_c1 tier=0 ...
  run cfg-dae54304 part=sphere_box_s2_c2 tier=0 ...
  run cfg-ffcd821e part=sphere_box_s0_c0 tier=0 ...
  run cfg-ffcd821e part=sphere_box_s0_c1 tier=0 ...
  run cfg-ffcd821e part=sphere_box_s0_c2 tier=0 ...
  run cfg-ffcd821e part=sphere_box_s2_c0 tier=0 ...
  run cfg-ffcd821e part=sphere_box_s2_c1 tier=0 ...
  run cfg-ffcd821e part=sphere_box_s2_c2 tier=0 ...
  run cfg-6547103a part=sphere_box_s0_c0 tier=0 ...
  run cfg-6547103a part=sphere_box_s0_c1 tier=0 ...
  run cfg-6547103a part=sphere_box_s0_c2 tier=0 ...
  run cfg-6547103a part=sphere_box_s2_c0 tier=0 ...
  run cfg-6547103a part=sphere_box_s2_c1 tier=0 ...
  run cfg-6547103a part=sphere_box_s2_c2 tier=0 ...
  run cfg-16bdf738 part=sphere_box_s0_c0 tier=0 ...
  run cfg-16bdf738 part=sphere_box_s0_c1 tier=0 ...
  run cfg-16bdf738 part=sphere_box_s0_c2 tier=0 ...
  run cfg-16bdf738 part=sphere_box_s2_c0 tier=0 ...
  run cfg-16bdf738 part=sphere_box_s2_c1 tier=0 ...
  run cfg-16bdf738 part=sphere_box_s2_c2 tier=0 ...
  run cfg-eeb0f407 part=sphere_box_s0_c0 tier=0 ...
  run cfg-eeb0f407 part=sphere_box_s0_c1 tier=0 ...
  run cfg-eeb0f407 part=sphere_box_s0_c2 tier=0 ...
  run cfg-eeb0f407 part=sphere_box_s2_c0 tier=0 ...
  run cfg-eeb0f407 part=sphere_box_s2_c1 tier=0 ...
  run cfg-eeb0f407 part=sphere_box_s2_c2 tier=0 ...
  run cfg-af234445 part=sphere_box_s0_c0 tier=0 ...
  run cfg-af234445 part=sphere_box_s0_c1 tier=0 ...
  run cfg-af234445 part=sphere_box_s0_c2 tier=0 ...
  run cfg-af234445 part=sphere_box_s2_c0 tier=0 ...
  run cfg-af234445 part=sphere_box_s2_c1 tier=0 ...
  run cfg-af234445 part=sphere_box_s2_c2 tier=0 ...
wrote bench/campaigns/advisor-batch-2-s0-livingroom-pc/runs/cfg-16bdf738/sphere_box_s0_c0/t0/wire.png
wrote bench/campaigns/advisor-batch-2-s0-livingroom-pc/runs/cfg-16bdf738/sphere_box_s0_c1/t0/wire.png
wrote bench/campaigns/advisor-batch-2-s0-livingroom-pc/runs/cfg-16bdf738/sphere_box_s0_c2/t0/wire.png
wrote bench/campaigns/advisor-batch-2-s0-livingroom-pc/runs/cfg-197de74f/sphere_box_s0_c0/t0/wire.png
wrote bench/campaigns/advisor-batch-2-s0-livingroom-pc/runs/cfg-197de74f/sphere_box_s0_c1/t0/wire.png
wrote bench/campaigns/advisor-batch-2-s0-livingroom-pc/runs/cfg-197de74f/sphere_box_s0_c2/t0/wire.png
wrote bench/campaigns/advisor-batch-2-s0-livingroom-pc/runs/cfg-197de74f/sphere_box_s2_c0/t0/wire.png
wrote bench/campaigns/advisor-batch-2-s0-livingroom-pc/runs/cfg-197de74f/sphere_box_s2_c1/t0/wire.png
wrote bench/campaigns/advisor-batch-2-s0-livingroom-pc/runs/cfg-197de74f/sphere_box_s2_c2/t0/wire.png
wrote bench/campaigns/advisor-batch-2-s0-livingroom-pc/runs/cfg-5615708d/sphere_box_s0_c0/t0/wire.png
wrote bench/campaigns/advisor-batch-2-s0-livingroom-pc/runs/cfg-5615708d/sphere_box_s0_c1/t0/wire.png
wrote bench/campaigns/advisor-batch-2-s0-livingroom-pc/runs/cfg-5615708d/sphere_box_s0_c2/t0/wire.png
wrote bench/campaigns/advisor-batch-2-s0-livingroom-pc/runs/cfg-6547103a/sphere_box_s0_c0/t0/wire.png
wrote bench/campaigns/advisor-batch-2-s0-livingroom-pc/runs/cfg-6547103a/sphere_box_s0_c1/t0/wire.png
wrote bench/campaigns/advisor-batch-2-s0-livingroom-pc/runs/cfg-6547103a/sphere_box_s0_c2/t0/wire.png
wrote bench/campaigns/advisor-batch-2-s0-livingroom-pc/runs/cfg-6547103a/sphere_box_s2_c0/t0/wire.png
wrote bench/campaigns/advisor-batch-2-s0-livingroom-pc/runs/cfg-6547103a/sphere_box_s2_c1/t0/wire.png
wrote bench/campaigns/advisor-batch-2-s0-livingroom-pc/runs/cfg-6547103a/sphere_box_s2_c2/t0/wire.png
wrote bench/campaigns/advisor-batch-2-s0-livingroom-pc/runs/cfg-af234445/sphere_box_s0_c0/t0/wire.png
wrote bench/campaigns/advisor-batch-2-s0-livingroom-pc/runs/cfg-af234445/sphere_box_s0_c1/t0/wire.png
wrote bench/campaigns/advisor-batch-2-s0-livingroom-pc/runs/cfg-af234445/sphere_box_s0_c2/t0/wire.png
wrote bench/campaigns/advisor-batch-2-s0-livingroom-pc/runs/cfg-af234445/sphere_box_s2_c0/t0/wire.png
wrote bench/campaigns/advisor-batch-2-s0-livingroom-pc/runs/cfg-af234445/sphere_box_s2_c1/t0/wire.png
wrote bench/campaigns/advisor-batch-2-s0-livingroom-pc/runs/cfg-af234445/sphere_box_s2_c2/t0/wire.png
wrote bench/campaigns/advisor-batch-2-s0-livingroom-pc/runs/cfg-dae54304/sphere_box_s0_c0/t0/wire.png
wrote bench/campaigns/advisor-batch-2-s0-livingroom-pc/runs/cfg-dae54304/sphere_box_s0_c1/t0/wire.png
wrote bench/campaigns/advisor-batch-2-s0-livingroom-pc/runs/cfg-dae54304/sphere_box_s0_c2/t0/wire.png
wrote bench/campaigns/advisor-batch-2-s0-livingroom-pc/runs/cfg-dae54304/sphere_box_s2_c0/t0/wire.png
wrote bench/campaigns/advisor-batch-2-s0-livingroom-pc/runs/cfg-dae54304/sphere_box_s2_c1/t0/wire.png
wrote bench/campaigns/advisor-batch-2-s0-livingroom-pc/runs/cfg-dae54304/sphere_box_s2_c2/t0/wire.png
wrote bench/campaigns/advisor-batch-2-s0-livingroom-pc/runs/cfg-eeb0f407/sphere_box_s0_c0/t0/wire.png
wrote bench/campaigns/advisor-batch-2-s0-livingroom-pc/runs/cfg-eeb0f407/sphere_box_s0_c1/t0/wire.png
wrote bench/campaigns/advisor-batch-2-s0-livingroom-pc/runs/cfg-eeb0f407/sphere_box_s0_c2/t0/wire.png
wrote bench/campaigns/advisor-batch-2-s0-livingroom-pc/runs/cfg-eeb0f407/sphere_box_s2_c0/t0/wire.png
wrote bench/campaigns/advisor-batch-2-s0-livingroom-pc/runs/cfg-eeb0f407/sphere_box_s2_c1/t0/wire.png
wrote bench/campaigns/advisor-batch-2-s0-livingroom-pc/runs/cfg-eeb0f407/sphere_box_s2_c2/t0/wire.png
wrote bench/campaigns/advisor-batch-2-s0-livingroom-pc/runs/cfg-ffcd821e/sphere_box_s0_c0/t0/wire.png
wrote bench/campaigns/advisor-batch-2-s0-livingroom-pc/runs/cfg-ffcd821e/sphere_box_s0_c1/t0/wire.png
wrote bench/campaigns/advisor-batch-2-s0-livingroom-pc/runs/cfg-ffcd821e/sphere_box_s0_c2/t0/wire.png
wrote bench/campaigns/advisor-batch-2-s0-livingroom-pc/runs/cfg-ffcd821e/sphere_box_s2_c0/t0/wire.png
wrote bench/campaigns/advisor-batch-2-s0-livingroom-pc/runs/cfg-ffcd821e/sphere_box_s2_c1/t0/wire.png
wrote bench/campaigns/advisor-batch-2-s0-livingroom-pc/runs/cfg-ffcd821e/sphere_box_s2_c2/t0/wire.png
warehouse_shots: 42 rendered, 42 skipped (exists), 0 failed (84 mesh.vtu total)
finished: 48 runs → /home/liveuser/Polyhedral-FEA/bench/campaigns/advisor-batch-2-s0-livingroom-pc/results.jsonl
=== exit 0 after 166.9s

=== 2026-08-14T19:31:05Z OMP_NUM_THREADS=2 :: /home/liveuser/Polyhedral-FEA/build/apps/testlab/polymesh_testlab resume /home/liveuser/Polyhedral-FEA/bench/campaigns/advisor-batch-2-s0-livingroom-pc
campaign advisor-batch-2-s0-livingroom-pc: 32 configs, 6 parts, 1 tiers
  max_run_wall_s=180 (override all tiers)
  max_pack_wall_s=21600
tier 0: h_scale=1 keep_frac=1 survivors=8 max_run_wall_s=180
  run cfg-197de74f part=stepped_shaft_s0_c0 tier=0 ...
  run cfg-197de74f part=stepped_shaft_s0_c1 tier=0 ...
  run cfg-197de74f part=stepped_shaft_s0_c2 tier=0 ...
  run cfg-197de74f part=stepped_shaft_s2_c0 tier=0 ...
  run cfg-197de74f part=stepped_shaft_s2_c1 tier=0 ...
  run cfg-197de74f part=stepped_shaft_s2_c2 tier=0 ...
  run cfg-5615708d part=stepped_shaft_s0_c0 tier=0 ...
  run cfg-5615708d part=stepped_shaft_s0_c1 tier=0 ...
  run cfg-5615708d part=stepped_shaft_s0_c2 tier=0 ...
  run cfg-5615708d part=stepped_shaft_s2_c0 tier=0 ...
  run cfg-5615708d part=stepped_shaft_s2_c1 tier=0 ...
  run cfg-5615708d part=stepped_shaft_s2_c2 tier=0 ...
  run cfg-dae54304 part=stepped_shaft_s0_c0 tier=0 ...
  run cfg-dae54304 part=stepped_shaft_s0_c1 tier=0 ...
  run cfg-dae54304 part=stepped_shaft_s0_c2 tier=0 ...
  run cfg-dae54304 part=stepped_shaft_s2_c0 tier=0 ...
  run cfg-dae54304 part=stepped_shaft_s2_c1 tier=0 ...
  run cfg-dae54304 part=stepped_shaft_s2_c2 tier=0 ...
  run cfg-ffcd821e part=stepped_shaft_s0_c0 tier=0 ...
  run cfg-ffcd821e part=stepped_shaft_s0_c1 tier=0 ...
  run cfg-ffcd821e part=stepped_shaft_s0_c2 tier=0 ...
  run cfg-ffcd821e part=stepped_shaft_s2_c0 tier=0 ...
  run cfg-ffcd821e part=stepped_shaft_s2_c1 tier=0 ...
  run cfg-ffcd821e part=stepped_shaft_s2_c2 tier=0 ...
  run cfg-6547103a part=stepped_shaft_s0_c0 tier=0 ...
  run cfg-6547103a part=stepped_shaft_s0_c1 tier=0 ...
  run cfg-6547103a part=stepped_shaft_s0_c2 tier=0 ...
  run cfg-6547103a part=stepped_shaft_s2_c0 tier=0 ...
  run cfg-6547103a part=stepped_shaft_s2_c1 tier=0 ...
  run cfg-6547103a part=stepped_shaft_s2_c2 tier=0 ...
  run cfg-16bdf738 part=stepped_shaft_s0_c0 tier=0 ...
  run cfg-16bdf738 part=stepped_shaft_s0_c1 tier=0 ...
  run cfg-16bdf738 part=stepped_shaft_s0_c2 tier=0 ...
  run cfg-16bdf738 part=stepped_shaft_s2_c0 tier=0 ...
  run cfg-16bdf738 part=stepped_shaft_s2_c1 tier=0 ...
  run cfg-16bdf738 part=stepped_shaft_s2_c2 tier=0 ...
  run cfg-eeb0f407 part=stepped_shaft_s0_c0 tier=0 ...
  run cfg-eeb0f407 part=stepped_shaft_s0_c1 tier=0 ...
  run cfg-eeb0f407 part=stepped_shaft_s0_c2 tier=0 ...
  run cfg-eeb0f407 part=stepped_shaft_s2_c0 tier=0 ...
  run cfg-eeb0f407 part=stepped_shaft_s2_c1 tier=0 ...
  run cfg-eeb0f407 part=stepped_shaft_s2_c2 tier=0 ...
  run cfg-af234445 part=stepped_shaft_s0_c0 tier=0 ...
  run cfg-af234445 part=stepped_shaft_s0_c1 tier=0 ...
  run cfg-af234445 part=stepped_shaft_s0_c2 tier=0 ...
  run cfg-af234445 part=stepped_shaft_s2_c0 tier=0 ...
  run cfg-af234445 part=stepped_shaft_s2_c1 tier=0 ...
  run cfg-af234445 part=stepped_shaft_s2_c2 tier=0 ...
warehouse_shots: 0 rendered, 84 skipped (exists), 0 failed (84 mesh.vtu total)
finished: 48 runs → /home/liveuser/Polyhedral-FEA/bench/campaigns/advisor-batch-2-s0-livingroom-pc/results.jsonl
=== exit 0 after 6.5s
