
=== 2026-08-14T20:16:54Z OMP_NUM_THREADS=3 :: /home/hunter/Desktop/Polyhedral-FEA/build/apps/testlab/polymesh_testlab resume /home/hunter/Desktop/Polyhedral-FEA/bench/campaigns/advisor-batch-3-s3-hunter-pc
campaign advisor-batch-3-s3-hunter-pc: 16 configs, 6 parts, 1 tiers
  max_run_wall_s=180 (override all tiers)
  max_pack_wall_s=21600
tier 0: h_scale=1 keep_frac=1 survivors=4 max_run_wall_s=180
  run cfg-9ab082c9 part=box_hole_s0_c0 tier=0 ...
  run cfg-9ab082c9 part=box_hole_s0_c1 tier=0 ...
  run cfg-9ab082c9 part=box_hole_s0_c2 tier=0 ...
  run cfg-9ab082c9 part=box_hole_s2_c0 tier=0 ...
  run cfg-9ab082c9 part=box_hole_s2_c1 tier=0 ...
  run cfg-9ab082c9 part=box_hole_s2_c2 tier=0 ...
  run cfg-bc1e79aa part=box_hole_s0_c0 tier=0 ...
  run cfg-bc1e79aa part=box_hole_s0_c1 tier=0 ...
  run cfg-bc1e79aa part=box_hole_s0_c2 tier=0 ...
  run cfg-bc1e79aa part=box_hole_s2_c0 tier=0 ...
  run cfg-bc1e79aa part=box_hole_s2_c1 tier=0 ...
  run cfg-bc1e79aa part=box_hole_s2_c2 tier=0 ...
  run cfg-6b320550 part=box_hole_s0_c0 tier=0 ...
  run cfg-6b320550 part=box_hole_s0_c1 tier=0 ...
  run cfg-6b320550 part=box_hole_s0_c2 tier=0 ...
  run cfg-6b320550 part=box_hole_s2_c0 tier=0 ...
  run cfg-6b320550 part=box_hole_s2_c1 tier=0 ...
  run cfg-6b320550 part=box_hole_s2_c2 tier=0 ...
  run cfg-1ab25f2b part=box_hole_s0_c0 tier=0 ...
  run cfg-1ab25f2b part=box_hole_s0_c1 tier=0 ...
  run cfg-1ab25f2b part=box_hole_s0_c2 tier=0 ...
  run cfg-1ab25f2b part=box_hole_s2_c0 tier=0 ...
  run cfg-1ab25f2b part=box_hole_s2_c1 tier=0 ...
  run cfg-1ab25f2b part=box_hole_s2_c2 tier=0 ...
wrote bench/campaigns/advisor-batch-3-s3-hunter-pc/runs/cfg-1ab25f2b/box_hole_s0_c0/t0/wire.png
wrote bench/campaigns/advisor-batch-3-s3-hunter-pc/runs/cfg-1ab25f2b/box_hole_s0_c1/t0/wire.png
wrote bench/campaigns/advisor-batch-3-s3-hunter-pc/runs/cfg-1ab25f2b/box_hole_s0_c2/t0/wire.png
wrote bench/campaigns/advisor-batch-3-s3-hunter-pc/runs/cfg-6b320550/box_hole_s0_c0/t0/wire.png
wrote bench/campaigns/advisor-batch-3-s3-hunter-pc/runs/cfg-6b320550/box_hole_s0_c1/t0/wire.png
wrote bench/campaigns/advisor-batch-3-s3-hunter-pc/runs/cfg-6b320550/box_hole_s0_c2/t0/wire.png
wrote bench/campaigns/advisor-batch-3-s3-hunter-pc/runs/cfg-9ab082c9/box_hole_s0_c0/t0/wire.png
wrote bench/campaigns/advisor-batch-3-s3-hunter-pc/runs/cfg-9ab082c9/box_hole_s0_c1/t0/wire.png
wrote bench/campaigns/advisor-batch-3-s3-hunter-pc/runs/cfg-9ab082c9/box_hole_s0_c2/t0/wire.png
wrote bench/campaigns/advisor-batch-3-s3-hunter-pc/runs/cfg-bc1e79aa/box_hole_s0_c0/t0/wire.png
wrote bench/campaigns/advisor-batch-3-s3-hunter-pc/runs/cfg-bc1e79aa/box_hole_s0_c1/t0/wire.png
wrote bench/campaigns/advisor-batch-3-s3-hunter-pc/runs/cfg-bc1e79aa/box_hole_s0_c2/t0/wire.png
warehouse_shots: 12 rendered, 0 skipped (exists), 0 failed (12 mesh.vtu total)
finished: 24 runs → /home/hunter/Desktop/Polyhedral-FEA/bench/campaigns/advisor-batch-3-s3-hunter-pc/results.jsonl
=== exit 0 after 66.0s

=== 2026-08-14T20:19:21Z OMP_NUM_THREADS=3 :: /home/hunter/Desktop/Polyhedral-FEA/build/apps/testlab/polymesh_testlab resume /home/hunter/Desktop/Polyhedral-FEA/bench/campaigns/advisor-batch-3-s3-hunter-pc
campaign advisor-batch-3-s3-hunter-pc: 16 configs, 6 parts, 1 tiers
  max_run_wall_s=180 (override all tiers)
  max_pack_wall_s=21600
tier 0: h_scale=1 keep_frac=1 survivors=4 max_run_wall_s=180
  run cfg-9ab082c9 part=channel_s0_c0 tier=0 ...
  run cfg-9ab082c9 part=channel_s0_c1 tier=0 ...
  run cfg-9ab082c9 part=channel_s0_c2 tier=0 ...
  run cfg-9ab082c9 part=channel_s2_c0 tier=0 ...
  run cfg-9ab082c9 part=channel_s2_c1 tier=0 ...
  run cfg-9ab082c9 part=channel_s2_c2 tier=0 ...
  run cfg-bc1e79aa part=channel_s0_c0 tier=0 ...
  run cfg-bc1e79aa part=channel_s0_c1 tier=0 ...
  run cfg-bc1e79aa part=channel_s0_c2 tier=0 ...
  run cfg-bc1e79aa part=channel_s2_c0 tier=0 ...
  run cfg-bc1e79aa part=channel_s2_c1 tier=0 ...
  run cfg-bc1e79aa part=channel_s2_c2 tier=0 ...
  run cfg-6b320550 part=channel_s0_c0 tier=0 ...
  run cfg-6b320550 part=channel_s0_c1 tier=0 ...
  run cfg-6b320550 part=channel_s0_c2 tier=0 ...
  run cfg-6b320550 part=channel_s2_c0 tier=0 ...
  run cfg-6b320550 part=channel_s2_c1 tier=0 ...
  run cfg-6b320550 part=channel_s2_c2 tier=0 ...
  run cfg-1ab25f2b part=channel_s0_c0 tier=0 ...
  run cfg-1ab25f2b part=channel_s0_c1 tier=0 ...
  run cfg-1ab25f2b part=channel_s0_c2 tier=0 ...
  run cfg-1ab25f2b part=channel_s2_c0 tier=0 ...
  run cfg-1ab25f2b part=channel_s2_c1 tier=0 ...
  run cfg-1ab25f2b part=channel_s2_c2 tier=0 ...
wrote bench/campaigns/advisor-batch-3-s3-hunter-pc/runs/cfg-1ab25f2b/channel_s0_c0/t0/wire.png
wrote bench/campaigns/advisor-batch-3-s3-hunter-pc/runs/cfg-1ab25f2b/channel_s0_c1/t0/wire.png
wrote bench/campaigns/advisor-batch-3-s3-hunter-pc/runs/cfg-1ab25f2b/channel_s0_c2/t0/wire.png
wrote bench/campaigns/advisor-batch-3-s3-hunter-pc/runs/cfg-6b320550/channel_s0_c0/t0/wire.png
wrote bench/campaigns/advisor-batch-3-s3-hunter-pc/runs/cfg-6b320550/channel_s0_c1/t0/wire.png
wrote bench/campaigns/advisor-batch-3-s3-hunter-pc/runs/cfg-6b320550/channel_s0_c2/t0/wire.png
wrote bench/campaigns/advisor-batch-3-s3-hunter-pc/runs/cfg-9ab082c9/channel_s0_c0/t0/wire.png
wrote bench/campaigns/advisor-batch-3-s3-hunter-pc/runs/cfg-9ab082c9/channel_s0_c1/t0/wire.png
wrote bench/campaigns/advisor-batch-3-s3-hunter-pc/runs/cfg-9ab082c9/channel_s0_c2/t0/wire.png
wrote bench/campaigns/advisor-batch-3-s3-hunter-pc/runs/cfg-bc1e79aa/channel_s0_c0/t0/wire.png
wrote bench/campaigns/advisor-batch-3-s3-hunter-pc/runs/cfg-bc1e79aa/channel_s0_c1/t0/wire.png
wrote bench/campaigns/advisor-batch-3-s3-hunter-pc/runs/cfg-bc1e79aa/channel_s0_c2/t0/wire.png
warehouse_shots: 12 rendered, 12 skipped (exists), 0 failed (24 mesh.vtu total)
finished: 24 runs → /home/hunter/Desktop/Polyhedral-FEA/bench/campaigns/advisor-batch-3-s3-hunter-pc/results.jsonl
=== exit 0 after 197.8s
