campaign advisor-truth-lb: 2 configs, 5 parts, 1 tiers
  max_run_wall_s=600 (override all tiers)
  max_pack_wall_s=172800
tier 0: h_scale=1 keep_frac=1 survivors=2 max_run_wall_s=600
  run cfg-b9d47e8b part=l_bracket_s1_c0 tier=0 ...
  run cfg-b9d47e8b part=l_bracket_s1_c2 tier=0 ...
  run cfg-b9d47e8b part=l_bracket_s3_c0 tier=0 ...
  run cfg-b9d47e8b part=l_bracket_s3_c1 tier=0 ...
  run cfg-b9d47e8b part=l_bracket_s3_c2 tier=0 ...
  run cfg-b9e570bc part=l_bracket_s1_c0 tier=0 ...
  run cfg-b9e570bc part=l_bracket_s1_c2 tier=0 ...
  run cfg-b9e570bc part=l_bracket_s3_c0 tier=0 ...
  run cfg-b9e570bc part=l_bracket_s3_c1 tier=0 ...
  run cfg-b9e570bc part=l_bracket_s3_c2 tier=0 ...
Could not find platform independent libraries <prefix>
wrote bench\campaigns\advisor-truth-lb\runs\cfg-b9d47e8b\l_bracket_s1_c0\t0\wire.png
wrote bench\campaigns\advisor-truth-lb\runs\cfg-b9d47e8b\l_bracket_s1_c2\t0\wire.png
wrote bench\campaigns\advisor-truth-lb\runs\cfg-b9d47e8b\l_bracket_s3_c0\t0\wire.png
wrote bench\campaigns\advisor-truth-lb\runs\cfg-b9d47e8b\l_bracket_s3_c1\t0\wire.png
wrote bench\campaigns\advisor-truth-lb\runs\cfg-b9d47e8b\l_bracket_s3_c2\t0\wire.png
wrote bench\campaigns\advisor-truth-lb\runs\cfg-b9e570bc\l_bracket_s1_c0\t0\wire.png
wrote bench\campaigns\advisor-truth-lb\runs\cfg-b9e570bc\l_bracket_s1_c2\t0\wire.png
wrote bench\campaigns\advisor-truth-lb\runs\cfg-b9e570bc\l_bracket_s3_c0\t0\wire.png
wrote bench\campaigns\advisor-truth-lb\runs\cfg-b9e570bc\l_bracket_s3_c1\t0\wire.png
wrote bench\campaigns\advisor-truth-lb\runs\cfg-b9e570bc\l_bracket_s3_c2\t0\wire.png
warehouse_shots: 10 rendered, 0 skipped (exists), 0 failed (10 mesh.vtu total)
finished: 10 runs → bench\campaigns\advisor-truth-lb\results.jsonl
