campaign advisor-batch-1-affected2-s1: 12 configs, 8 parts, 1 tiers
  max_run_wall_s=180 (override all tiers)
  max_pack_wall_s=21600
tier 0: h_scale=1 keep_frac=1 survivors=6 max_run_wall_s=180
  run cfg-fb09c9c0 part=sphere_box_s0_c1 tier=0 ...
  run cfg-fb09c9c0 part=sphere_box_s0_c2 tier=0 ...
  run cfg-fb09c9c0 part=sphere_box_s1_c1 tier=0 ...
  run cfg-fb09c9c0 part=sphere_box_s1_c2 tier=0 ...
  run cfg-fb09c9c0 part=sphere_box_s2_c1 tier=0 ...
  run cfg-fb09c9c0 part=sphere_box_s2_c2 tier=0 ...
  run cfg-fb09c9c0 part=sphere_box_s3_c1 tier=0 ...
  run cfg-fb09c9c0 part=sphere_box_s3_c2 tier=0 ...
  run cfg-faa155a2 part=sphere_box_s0_c1 tier=0 ...
  run cfg-faa155a2 part=sphere_box_s0_c2 tier=0 ...
  run cfg-faa155a2 part=sphere_box_s1_c1 tier=0 ...
  run cfg-faa155a2 part=sphere_box_s1_c2 tier=0 ...
  run cfg-faa155a2 part=sphere_box_s2_c1 tier=0 ...
  run cfg-faa155a2 part=sphere_box_s2_c2 tier=0 ...
  run cfg-faa155a2 part=sphere_box_s3_c1 tier=0 ...
  run cfg-faa155a2 part=sphere_box_s3_c2 tier=0 ...
  run cfg-394d64fc part=sphere_box_s0_c1 tier=0 ...
  run cfg-394d64fc part=sphere_box_s0_c2 tier=0 ...
  run cfg-394d64fc part=sphere_box_s1_c1 tier=0 ...
  run cfg-394d64fc part=sphere_box_s1_c2 tier=0 ...
  run cfg-394d64fc part=sphere_box_s2_c1 tier=0 ...
  run cfg-394d64fc part=sphere_box_s2_c2 tier=0 ...
  run cfg-394d64fc part=sphere_box_s3_c1 tier=0 ...
  run cfg-394d64fc part=sphere_box_s3_c2 tier=0 ...
  run cfg-075a869e part=sphere_box_s0_c1 tier=0 ...
  run cfg-075a869e part=sphere_box_s0_c2 tier=0 ...
  run cfg-075a869e part=sphere_box_s1_c1 tier=0 ...
  run cfg-075a869e part=sphere_box_s1_c2 tier=0 ...
  run cfg-075a869e part=sphere_box_s2_c1 tier=0 ...
  run cfg-075a869e part=sphere_box_s2_c2 tier=0 ...
  run cfg-075a869e part=sphere_box_s3_c1 tier=0 ...
  run cfg-075a869e part=sphere_box_s3_c2 tier=0 ...
  run cfg-0e5a96d4 part=sphere_box_s0_c1 tier=0 ...
  run cfg-0e5a96d4 part=sphere_box_s0_c2 tier=0 ...
  run cfg-0e5a96d4 part=sphere_box_s1_c1 tier=0 ...
  run cfg-0e5a96d4 part=sphere_box_s1_c2 tier=0 ...
  run cfg-0e5a96d4 part=sphere_box_s2_c1 tier=0 ...
  run cfg-0e5a96d4 part=sphere_box_s2_c2 tier=0 ...
  run cfg-0e5a96d4 part=sphere_box_s3_c1 tier=0 ...
  run cfg-0e5a96d4 part=sphere_box_s3_c2 tier=0 ...
  run cfg-120dbcb6 part=sphere_box_s0_c1 tier=0 ...
  run cfg-120dbcb6 part=sphere_box_s0_c2 tier=0 ...
  run cfg-120dbcb6 part=sphere_box_s1_c1 tier=0 ...
  run cfg-120dbcb6 part=sphere_box_s1_c2 tier=0 ...
  run cfg-120dbcb6 part=sphere_box_s2_c1 tier=0 ...
  run cfg-120dbcb6 part=sphere_box_s2_c2 tier=0 ...
  run cfg-120dbcb6 part=sphere_box_s3_c1 tier=0 ...
  run cfg-120dbcb6 part=sphere_box_s3_c2 tier=0 ...
Could not find platform independent libraries <prefix>
FAIL bench\campaigns\advisor-batch-1-affected2-s1\runs\cfg-075a869e\sphere_box_s1_c1\t0\mesh.vtu: Could not find platform independent libraries <prefix>
Traceback (most recent call last):
  File "C:\Users\Yakub\Desktop\Polyhedral-FEA\scripts\vtu_wire_png.py", line 23, in <module>
    import figstyle as fs  # noqa: E402
    ^^^^^^^^^^^^^^^^^^^^^
  File "C:\Users\Yakub\Desktop\Polyhedral-FEA\scripts\figstyle.py", line 45, in <module>
    import numpy as np
ModuleNotFoundError: No module named 'numpy'
FAIL bench\campaigns\advisor-batch-1-affected2-s1\runs\cfg-075a869e\sphere_box_s1_c2\t0\mesh.vtu: Could not find platform independent libraries <prefix>
Traceback (most recent call last):
  File "C:\Users\Yakub\Desktop\Polyhedral-FEA\scripts\vtu_wire_png.py", line 23, in <module>
    import figstyle as fs  # noqa: E402
    ^^^^^^^^^^^^^^^^^^^^^
  File "C:\Users\Yakub\Desktop\Polyhedral-FEA\scripts\figstyle.py", line 45, in <module>
    import numpy as np
ModuleNotFoundError: No module named 'numpy'
FAIL bench\campaigns\advisor-batch-1-affected2-s1\runs\cfg-075a869e\sphere_box_s3_c1\t0\mesh.vtu: Could not find platform independent libraries <prefix>
Traceback (most recent call last):
  File "C:\Users\Yakub\Desktop\Polyhedral-FEA\scripts\vtu_wire_png.py", line 23, in <module>
    import figstyle as fs  # noqa: E402
    ^^^^^^^^^^^^^^^^^^^^^
  File "C:\Users\Yakub\Desktop\Polyhedral-FEA\scripts\figstyle.py", line 45, in <module>
    import numpy as np
ModuleNotFoundError: No module named 'numpy'
FAIL bench\campaigns\advisor-batch-1-affected2-s1\runs\cfg-075a869e\sphere_box_s3_c2\t0\mesh.vtu: Could not find platform independent libraries <prefix>
Traceback (most recent call last):
  File "C:\Users\Yakub\Desktop\Polyhedral-FEA\scripts\vtu_wire_png.py", line 23, in <module>
    import figstyle as fs  # noqa: E402
    ^^^^^^^^^^^^^^^^^^^^^
  File "C:\Users\Yakub\Desktop\Polyhedral-FEA\scripts\figstyle.py", line 45, in <module>
    import numpy as np
ModuleNotFoundError: No module named 'numpy'
FAIL bench\campaigns\advisor-batch-1-affected2-s1\runs\cfg-0e5a96d4\sphere_box_s3_c1\t0\mesh.vtu: Could not find platform independent libraries <prefix>
Traceback (most recent call last):
  File "C:\Users\Yakub\Desktop\Polyhedral-FEA\scripts\vtu_wire_png.py", line 23, in <module>
    import figstyle as fs  # noqa: E402
    ^^^^^^^^^^^^^^^^^^^^^
  File "C:\Users\Yakub\Desktop\Polyhedral-FEA\scripts\figstyle.py", line 45, in <module>
    import numpy as np
ModuleNotFoundError: No module named 'numpy'
FAIL bench\campaigns\advisor-batch-1-affected2-s1\runs\cfg-0e5a96d4\sphere_box_s3_c2\t0\mesh.vtu: Could not find platform independent libraries <prefix>
Traceback (most recent call last):
  File "C:\Users\Yakub\Desktop\Polyhedral-FEA\scripts\vtu_wire_png.py", line 23, in <module>
    import figstyle as fs  # noqa: E402
    ^^^^^^^^^^^^^^^^^^^^^
  File "C:\Users\Yakub\Desktop\Polyhedral-FEA\scripts\figstyle.py", line 45, in <module>
    import numpy as np
ModuleNotFoundError: No module named 'numpy'
FAIL bench\campaigns\advisor-batch-1-affected2-s1\runs\cfg-120dbcb6\sphere_box_s2_c1\t0\mesh.vtu: Could not find platform independent libraries <prefix>
Traceback (most recent call last):
  File "C:\Users\Yakub\Desktop\Polyhedral-FEA\scripts\vtu_wire_png.py", line 23, in <module>
    import figstyle as fs  # noqa: E402
    ^^^^^^^^^^^^^^^^^^^^^
  File "C:\Users\Yakub\Desktop\Polyhedral-FEA\scripts\figstyle.py", line 45, in <module>
    import numpy as np
ModuleNotFoundError: No module named 'numpy'
FAIL bench\campaigns\advisor-batch-1-affected2-s1\runs\cfg-120dbcb6\sphere_box_s2_c2\t0\mesh.vtu: Could not find platform independent libraries <prefix>
Traceback (most recent call last):
  File "C:\Users\Yakub\Desktop\Polyhedral-FEA\scripts\vtu_wire_png.py", line 23, in <module>
    import figstyle as fs  # noqa: E402
    ^^^^^^^^^^^^^^^^^^^^^
  File "C:\Users\Yakub\Desktop\Polyhedral-FEA\scripts\figstyle.py", line 45, in <module>
    import numpy as np
ModuleNotFoundError: No module named 'numpy'
FAIL bench\campaigns\advisor-batch-1-affected2-s1\runs\cfg-394d64fc\sphere_box_s0_c1\t0\mesh.vtu: Could not find platform independent libraries <prefix>
Traceback (most recent call last):
  File "C:\Users\Yakub\Desktop\Polyhedral-FEA\scripts\vtu_wire_png.py", line 23, in <module>
    import figstyle as fs  # noqa: E402
    ^^^^^^^^^^^^^^^^^^^^^
  File "C:\Users\Yakub\Desktop\Polyhedral-FEA\scripts\figstyle.py", line 45, in <module>
    import numpy as np
ModuleNotFoundError: No module named 'numpy'
FAIL bench\campaigns\advisor-batch-1-affected2-s1\runs\cfg-394d64fc\sphere_box_s0_c2\t0\mesh.vtu: Could not find platform independent libraries <prefix>
Traceback (most recent call last):
  File "C:\Users\Yakub\Desktop\Polyhedral-FEA\scripts\vtu_wire_png.py", line 23, in <module>
    import figstyle as fs  # noqa: E402
    ^^^^^^^^^^^^^^^^^^^^^
  File "C:\Users\Yakub\Desktop\Polyhedral-FEA\scripts\figstyle.py", line 45, in <module>
    import numpy as np
ModuleNotFoundError: No module named 'numpy'
FAIL bench\campaigns\advisor-batch-1-affected2-s1\runs\cfg-394d64fc\sphere_box_s1_c1\t0\mesh.vtu: Could not find platform independent libraries <prefix>
Traceback (most recent call last):
  File "C:\Users\Yakub\Desktop\Polyhedral-FEA\scripts\vtu_wire_png.py", line 23, in <module>
    import figstyle as fs  # noqa: E402
    ^^^^^^^^^^^^^^^^^^^^^
  File "C:\Users\Yakub\Desktop\Polyhedral-FEA\scripts\figstyle.py", line 45, in <module>
    import numpy as np
ModuleNotFoundError: No module named 'numpy'
FAIL bench\campaigns\advisor-batch-1-affected2-s1\runs\cfg-394d64fc\sphere_box_s1_c2\t0\mesh.vtu: Could not find platform independent libraries <prefix>
Traceback (most recent call last):
  File "C:\Users\Yakub\Desktop\Polyhedral-FEA\scripts\vtu_wire_png.py", line 23, in <module>
    import figstyle as fs  # noqa: E402
    ^^^^^^^^^^^^^^^^^^^^^
  File "C:\Users\Yakub\Desktop\Polyhedral-FEA\scripts\figstyle.py", line 45, in <module>
    import numpy as np
ModuleNotFoundError: No module named 'numpy'
FAIL bench\campaigns\advisor-batch-1-affected2-s1\runs\cfg-394d64fc\sphere_box_s2_c1\t0\mesh.vtu: Could not find platform independent libraries <prefix>
Traceback (most recent call last):
  File "C:\Users\Yakub\Desktop\Polyhedral-FEA\scripts\vtu_wire_png.py", line 23, in <module>
    import figstyle as fs  # noqa: E402
    ^^^^^^^^^^^^^^^^^^^^^
  File "C:\Users\Yakub\Desktop\Polyhedral-FEA\scripts\figstyle.py", line 45, in <module>
    import numpy as np
ModuleNotFoundError: No module named 'numpy'
FAIL bench\campaigns\advisor-batch-1-affected2-s1\runs\cfg-394d64fc\sphere_box_s2_c2\t0\mesh.vtu: Could not find platform independent libraries <prefix>
Traceback (most recent call last):
  File "C:\Users\Yakub\Desktop\Polyhedral-FEA\scripts\vtu_wire_png.py", line 23, in <module>
    import figstyle as fs  # noqa: E402
    ^^^^^^^^^^^^^^^^^^^^^
  File "C:\Users\Yakub\Desktop\Polyhedral-FEA\scripts\figstyle.py", line 45, in <module>
    import numpy as np
ModuleNotFoundError: No module named 'numpy'
FAIL bench\campaigns\advisor-batch-1-affected2-s1\runs\cfg-394d64fc\sphere_box_s3_c1\t0\mesh.vtu: Could not find platform independent libraries <prefix>
Traceback (most recent call last):
  File "C:\Users\Yakub\Desktop\Polyhedral-FEA\scripts\vtu_wire_png.py", line 23, in <module>
    import figstyle as fs  # noqa: E402
    ^^^^^^^^^^^^^^^^^^^^^
  File "C:\Users\Yakub\Desktop\Polyhedral-FEA\scripts\figstyle.py", line 45, in <module>
    import numpy as np
ModuleNotFoundError: No module named 'numpy'
FAIL bench\campaigns\advisor-batch-1-affected2-s1\runs\cfg-394d64fc\sphere_box_s3_c2\t0\mesh.vtu: Could not find platform independent libraries <prefix>
Traceback (most recent call last):
  File "C:\Users\Yakub\Desktop\Polyhedral-FEA\scripts\vtu_wire_png.py", line 23, in <module>
    import figstyle as fs  # noqa: E402
    ^^^^^^^^^^^^^^^^^^^^^
  File "C:\Users\Yakub\Desktop\Polyhedral-FEA\scripts\figstyle.py", line 45, in <module>
    import numpy as np
ModuleNotFoundError: No module named 'numpy'
FAIL bench\campaigns\advisor-batch-1-affected2-s1\runs\cfg-faa155a2\sphere_box_s0_c1\t0\mesh.vtu: Could not find platform independent libraries <prefix>
Traceback (most recent call last):
  File "C:\Users\Yakub\Desktop\Polyhedral-FEA\scripts\vtu_wire_png.py", line 23, in <module>
    import figstyle as fs  # noqa: E402
    ^^^^^^^^^^^^^^^^^^^^^
  File "C:\Users\Yakub\Desktop\Polyhedral-FEA\scripts\figstyle.py", line 45, in <module>
    import numpy as np
ModuleNotFoundError: No module named 'numpy'
FAIL bench\campaigns\advisor-batch-1-affected2-s1\runs\cfg-faa155a2\sphere_box_s0_c2\t0\mesh.vtu: Could not find platform independent libraries <prefix>
Traceback (most recent call last):
  File "C:\Users\Yakub\Desktop\Polyhedral-FEA\scripts\vtu_wire_png.py", line 23, in <module>
    import figstyle as fs  # noqa: E402
    ^^^^^^^^^^^^^^^^^^^^^
  File "C:\Users\Yakub\Desktop\Polyhedral-FEA\scripts\figstyle.py", line 45, in <module>
    import numpy as np
ModuleNotFoundError: No module named 'numpy'
FAIL bench\campaigns\advisor-batch-1-affected2-s1\runs\cfg-faa155a2\sphere_box_s1_c1\t0\mesh.vtu: Could not find platform independent libraries <prefix>
Traceback (most recent call last):
  File "C:\Users\Yakub\Desktop\Polyhedral-FEA\scripts\vtu_wire_png.py", line 23, in <module>
    import figstyle as fs  # noqa: E402
    ^^^^^^^^^^^^^^^^^^^^^
  File "C:\Users\Yakub\Desktop\Polyhedral-FEA\scripts\figstyle.py", line 45, in <module>
    import numpy as np
ModuleNotFoundError: No module named 'numpy'
FAIL bench\campaigns\advisor-batch-1-affected2-s1\runs\cfg-faa155a2\sphere_box_s1_c2\t0\mesh.vtu: Could not find platform independent libraries <prefix>
Traceback (most recent call last):
  File "C:\Users\Yakub\Desktop\Polyhedral-FEA\scripts\vtu_wire_png.py", line 23, in <module>
    import figstyle as fs  # noqa: E402
    ^^^^^^^^^^^^^^^^^^^^^
  File "C:\Users\Yakub\Desktop\Polyhedral-FEA\scripts\figstyle.py", line 45, in <module>
    import numpy as np
ModuleNotFoundError: No module named 'numpy'
FAIL bench\campaigns\advisor-batch-1-affected2-s1\runs\cfg-faa155a2\sphere_box_s2_c1\t0\mesh.vtu: Could not find platform independent libraries <prefix>
Traceback (most recent call last):
  File "C:\Users\Yakub\Desktop\Polyhedral-FEA\scripts\vtu_wire_png.py", line 23, in <module>
    import figstyle as fs  # noqa: E402
    ^^^^^^^^^^^^^^^^^^^^^
  File "C:\Users\Yakub\Desktop\Polyhedral-FEA\scripts\figstyle.py", line 45, in <module>
    import numpy as np
ModuleNotFoundError: No module named 'numpy'
FAIL bench\campaigns\advisor-batch-1-affected2-s1\runs\cfg-faa155a2\sphere_box_s2_c2\t0\mesh.vtu: Could not find platform independent libraries <prefix>
Traceback (most recent call last):
  File "C:\Users\Yakub\Desktop\Polyhedral-FEA\scripts\vtu_wire_png.py", line 23, in <module>
    import figstyle as fs  # noqa: E402
    ^^^^^^^^^^^^^^^^^^^^^
  File "C:\Users\Yakub\Desktop\Polyhedral-FEA\scripts\figstyle.py", line 45, in <module>
    import numpy as np
ModuleNotFoundError: No module named 'numpy'
FAIL bench\campaigns\advisor-batch-1-affected2-s1\runs\cfg-faa155a2\sphere_box_s3_c1\t0\mesh.vtu: Could not find platform independent libraries <prefix>
Traceback (most recent call last):
  File "C:\Users\Yakub\Desktop\Polyhedral-FEA\scripts\vtu_wire_png.py", line 23, in <module>
    import figstyle as fs  # noqa: E402
    ^^^^^^^^^^^^^^^^^^^^^
  File "C:\Users\Yakub\Desktop\Polyhedral-FEA\scripts\figstyle.py", line 45, in <module>
    import numpy as np
ModuleNotFoundError: No module named 'numpy'
FAIL bench\campaigns\advisor-batch-1-affected2-s1\runs\cfg-faa155a2\sphere_box_s3_c2\t0\mesh.vtu: Could not find platform independent libraries <prefix>
Traceback (most recent call last):
  File "C:\Users\Yakub\Desktop\Polyhedral-FEA\scripts\vtu_wire_png.py", line 23, in <module>
    import figstyle as fs  # noqa: E402
    ^^^^^^^^^^^^^^^^^^^^^
  File "C:\Users\Yakub\Desktop\Polyhedral-FEA\scripts\figstyle.py", line 45, in <module>
    import numpy as np
ModuleNotFoundError: No module named 'numpy'
FAIL bench\campaigns\advisor-batch-1-affected2-s1\runs\cfg-fb09c9c0\sphere_box_s0_c1\t0\mesh.vtu: Could not find platform independent libraries <prefix>
Traceback (most recent call last):
  File "C:\Users\Yakub\Desktop\Polyhedral-FEA\scripts\vtu_wire_png.py", line 23, in <module>
    import figstyle as fs  # noqa: E402
    ^^^^^^^^^^^^^^^^^^^^^
  File "C:\Users\Yakub\Desktop\Polyhedral-FEA\scripts\figstyle.py", line 45, in <module>
    import numpy as np
ModuleNotFoundError: No module named 'numpy'
FAIL bench\campaigns\advisor-batch-1-affected2-s1\runs\cfg-fb09c9c0\sphere_box_s0_c2\t0\mesh.vtu: Could not find platform independent libraries <prefix>
Traceback (most recent call last):
  File "C:\Users\Yakub\Desktop\Polyhedral-FEA\scripts\vtu_wire_png.py", line 23, in <module>
    import figstyle as fs  # noqa: E402
    ^^^^^^^^^^^^^^^^^^^^^
  File "C:\Users\Yakub\Desktop\Polyhedral-FEA\scripts\figstyle.py", line 45, in <module>
    import numpy as np
ModuleNotFoundError: No module named 'numpy'
FAIL bench\campaigns\advisor-batch-1-affected2-s1\runs\cfg-fb09c9c0\sphere_box_s1_c1\t0\mesh.vtu: Could not find platform independent libraries <prefix>
Traceback (most recent call last):
  File "C:\Users\Yakub\Desktop\Polyhedral-FEA\scripts\vtu_wire_png.py", line 23, in <module>
    import figstyle as fs  # noqa: E402
    ^^^^^^^^^^^^^^^^^^^^^
  File "C:\Users\Yakub\Desktop\Polyhedral-FEA\scripts\figstyle.py", line 45, in <module>
    import numpy as np
ModuleNotFoundError: No module named 'numpy'
FAIL bench\campaigns\advisor-batch-1-affected2-s1\runs\cfg-fb09c9c0\sphere_box_s1_c2\t0\mesh.vtu: Could not find platform independent libraries <prefix>
Traceback (most recent call last):
  File "C:\Users\Yakub\Desktop\Polyhedral-FEA\scripts\vtu_wire_png.py", line 23, in <module>
    import figstyle as fs  # noqa: E402
    ^^^^^^^^^^^^^^^^^^^^^
  File "C:\Users\Yakub\Desktop\Polyhedral-FEA\scripts\figstyle.py", line 45, in <module>
    import numpy as np
ModuleNotFoundError: No module named 'numpy'
FAIL bench\campaigns\advisor-batch-1-affected2-s1\runs\cfg-fb09c9c0\sphere_box_s2_c1\t0\mesh.vtu: Could not find platform independent libraries <prefix>
Traceback (most recent call last):
  File "C:\Users\Yakub\Desktop\Polyhedral-FEA\scripts\vtu_wire_png.py", line 23, in <module>
    import figstyle as fs  # noqa: E402
    ^^^^^^^^^^^^^^^^^^^^^
  File "C:\Users\Yakub\Desktop\Polyhedral-FEA\scripts\figstyle.py", line 45, in <module>
    import numpy as np
ModuleNotFoundError: No module named 'numpy'
FAIL bench\campaigns\advisor-batch-1-affected2-s1\runs\cfg-fb09c9c0\sphere_box_s2_c2\t0\mesh.vtu: Could not find platform independent libraries <prefix>
Traceback (most recent call last):
  File "C:\Users\Yakub\Desktop\Polyhedral-FEA\scripts\vtu_wire_png.py", line 23, in <module>
    import figstyle as fs  # noqa: E402
    ^^^^^^^^^^^^^^^^^^^^^
  File "C:\Users\Yakub\Desktop\Polyhedral-FEA\scripts\figstyle.py", line 45, in <module>
    import numpy as np
ModuleNotFoundError: No module named 'numpy'
FAIL bench\campaigns\advisor-batch-1-affected2-s1\runs\cfg-fb09c9c0\sphere_box_s3_c1\t0\mesh.vtu: Could not find platform independent libraries <prefix>
Traceback (most recent call last):
  File "C:\Users\Yakub\Desktop\Polyhedral-FEA\scripts\vtu_wire_png.py", line 23, in <module>
    import figstyle as fs  # noqa: E402
    ^^^^^^^^^^^^^^^^^^^^^
  File "C:\Users\Yakub\Desktop\Polyhedral-FEA\scripts\figstyle.py", line 45, in <module>
    import numpy as np
ModuleNotFoundError: No module named 'numpy'
FAIL bench\campaigns\advisor-batch-1-affected2-s1\runs\cfg-fb09c9c0\sphere_box_s3_c2\t0\mesh.vtu: Could not find platform independent libraries <prefix>
Traceback (most recent call last):
  File "C:\Users\Yakub\Desktop\Polyhedral-FEA\scripts\vtu_wire_png.py", line 23, in <module>
    import figstyle as fs  # noqa: E402
    ^^^^^^^^^^^^^^^^^^^^^
  File "C:\Users\Yakub\Desktop\Polyhedral-FEA\scripts\figstyle.py", line 45, in <module>
    import numpy as np
ModuleNotFoundError: No module named 'numpy'
warehouse_shots: 0 rendered, 0 skipped (exists), 32 failed (32 mesh.vtu total)
on_finish warehouse_shots exited 1
finished: 48 runs → bench/campaigns/advisor-batch-1-affected2-s1\results.jsonl
