Cases loaded: 78 (tests/fixtures/parts=6, bench/geometries/corpus/primitives=72)
Rows in: 3652 unique (7148 records scanned, 3496 duplicates)
Rows kept: 3652
Truth campaigns skipped (advisor-truth-*): advisor-truth-0, advisor-truth-0-s0, advisor-truth-0-s1, advisor-truth-0-s2, advisor-truth-0-s3, advisor-truth-ch, advisor-truth-lb  [their rel_err is ~0 by construction; promote_truth.py defines truth from them]
Rows retained for the failure head: 146 (health_not_ok=146, accuracy_untrusted=146)
Schemas: advisor-row-v3=3456, legacy=196
Wrote: bench\advisor\dataset.csv
Wrote: bench\advisor\dataset_schema.json
cfg_id mirror verified against 2734 recorded row(s)
truth gate: advisor-truth-0 has 216/216 pairs over 4 results.jsonl (advisor-truth-0-s0, advisor-truth-0-s1, advisor-truth-0-s2, advisor-truth-0-s3), 0 config(s) incomplete
template:   bench/campaigns/advisor-batch-3-template/campaign.json
parts:      72 from template parts
configs:    16 (full-factorial grid expansion)
pairs:      1152 total (part x cfg_id)
dedup scan: 14 results.jsonl under bench/campaigns/advisor-*, 2538 completed pairs on record
dedup hits: 0
to run:     1152 pairs across 4 campaign dir(s), 4 shard(s) x OMP_NUM_THREADS=3
  shard 0: advisor-batch-3-s0/campaign.json (4 configs x 72 parts = 288 pairs)
  shard 1: advisor-batch-3-s1/campaign.json (4 configs x 72 parts = 288 pairs)
  shard 2: advisor-batch-3-s2/campaign.json (4 configs x 72 parts = 288 pairs)
  shard 3: advisor-batch-3-s3/campaign.json (4 configs x 72 parts = 288 pairs)
rebuilding bench/advisor/dataset.csv ...
batch 3: 1152 new rows in 9.0 min (2.1421 rows/s), dedup_hits=0, mesh_ms_frac=0.7337 over 1152 row(s) -> mesh cache recommended
