
=== 2026-08-14T18:01:01Z OMP_NUM_THREADS=2 :: /home/liveuser/Polyhedral-FEA/build/apps/testlab/polymesh_testlab resume /home/liveuser/Polyhedral-FEA/bench/campaigns/advisor-batch-2-s1-livingroom-pc
campaign advisor-batch-2-s1-livingroom-pc: 32 configs, 6 parts, 1 tiers
  max_run_wall_s=180 (override all tiers)
  max_pack_wall_s=21600
tier 0: h_scale=1 keep_frac=1 survivors=8 max_run_wall_s=180
  run cfg-19863bd4 part=plate_notch_s0_c0 tier=0 ...
  run cfg-19863bd4 part=plate_notch_s0_c1 tier=0 ...
  run cfg-19863bd4 part=plate_notch_s0_c2 tier=0 ...
  run cfg-19863bd4 part=plate_notch_s2_c0 tier=0 ...
  run cfg-19863bd4 part=plate_notch_s2_c1 tier=0 ...
  run cfg-19863bd4 part=plate_notch_s2_c2 tier=0 ...
  run cfg-56133ab6 part=plate_notch_s0_c0 tier=0 ...
  run cfg-56133ab6 part=plate_notch_s0_c1 tier=0 ...
  run cfg-56133ab6 part=plate_notch_s0_c2 tier=0 ...
  run cfg-56133ab6 part=plate_notch_s2_c0 tier=0 ...
  run cfg-56133ab6 part=plate_notch_s2_c1 tier=0 ...
  run cfg-56133ab6 part=plate_notch_s2_c2 tier=0 ...
  run cfg-dadb3b7f part=plate_notch_s0_c0 tier=0 ...
  run cfg-dadb3b7f part=plate_notch_s0_c1 tier=0 ...
  run cfg-dadb3b7f part=plate_notch_s0_c2 tier=0 ...
  run cfg-dadb3b7f part=plate_notch_s2_c0 tier=0 ...
  run cfg-dadb3b7f part=plate_notch_s2_c1 tier=0 ...
  run cfg-dadb3b7f part=plate_notch_s2_c2 tier=0 ...
  run cfg-ffcfb7f5 part=plate_notch_s0_c0 tier=0 ...
  run cfg-ffcfb7f5 part=plate_notch_s0_c1 tier=0 ...
  run cfg-ffcfb7f5 part=plate_notch_s0_c2 tier=0 ...
  run cfg-ffcfb7f5 part=plate_notch_s2_c0 tier=0 ...
  run cfg-ffcfb7f5 part=plate_notch_s2_c1 tier=0 ...
  run cfg-ffcfb7f5 part=plate_notch_s2_c2 tier=0 ...
  run cfg-65494611 part=plate_notch_s0_c0 tier=0 ...
  run cfg-65494611 part=plate_notch_s0_c1 tier=0 ...
  run cfg-65494611 part=plate_notch_s0_c2 tier=0 ...
  run cfg-65494611 part=plate_notch_s2_c0 tier=0 ...
  run cfg-65494611 part=plate_notch_s2_c1 tier=0 ...
  run cfg-65494611 part=plate_notch_s2_c2 tier=0 ...
  run cfg-16b3efb3 part=plate_notch_s0_c0 tier=0 ...
  run cfg-16b3efb3 part=plate_notch_s0_c1 tier=0 ...
  run cfg-16b3efb3 part=plate_notch_s0_c2 tier=0 ...
  run cfg-16b3efb3 part=plate_notch_s2_c0 tier=0 ...
  run cfg-16b3efb3 part=plate_notch_s2_c1 tier=0 ...
  run cfg-16b3efb3 part=plate_notch_s2_c2 tier=0 ...
  run cfg-eeb9488c part=plate_notch_s0_c0 tier=0 ...
  run cfg-eeb9488c part=plate_notch_s0_c1 tier=0 ...
  run cfg-eeb9488c part=plate_notch_s0_c2 tier=0 ...
  run cfg-eeb9488c part=plate_notch_s2_c0 tier=0 ...
  run cfg-eeb9488c part=plate_notch_s2_c1 tier=0 ...
  run cfg-eeb9488c part=plate_notch_s2_c2 tier=0 ...
  run cfg-af210e6e part=plate_notch_s0_c0 tier=0 ...
  run cfg-af210e6e part=plate_notch_s0_c1 tier=0 ...
  run cfg-af210e6e part=plate_notch_s0_c2 tier=0 ...
  run cfg-af210e6e part=plate_notch_s2_c0 tier=0 ...
  run cfg-af210e6e part=plate_notch_s2_c1 tier=0 ...
  run cfg-af210e6e part=plate_notch_s2_c2 tier=0 ...
wrote bench/campaigns/advisor-batch-2-s1-livingroom-pc/runs/cfg-16b3efb3/plate_notch_s0_c0/t0/wire.png
wrote bench/campaigns/advisor-batch-2-s1-livingroom-pc/runs/cfg-16b3efb3/plate_notch_s0_c1/t0/wire.png
wrote bench/campaigns/advisor-batch-2-s1-livingroom-pc/runs/cfg-16b3efb3/plate_notch_s0_c2/t0/wire.png
wrote bench/campaigns/advisor-batch-2-s1-livingroom-pc/runs/cfg-16b3efb3/plate_notch_s2_c0/t0/wire.png
wrote bench/campaigns/advisor-batch-2-s1-livingroom-pc/runs/cfg-16b3efb3/plate_notch_s2_c1/t0/wire.png
wrote bench/campaigns/advisor-batch-2-s1-livingroom-pc/runs/cfg-16b3efb3/plate_notch_s2_c2/t0/wire.png
wrote bench/campaigns/advisor-batch-2-s1-livingroom-pc/runs/cfg-19863bd4/plate_notch_s0_c0/t0/wire.png
wrote bench/campaigns/advisor-batch-2-s1-livingroom-pc/runs/cfg-19863bd4/plate_notch_s0_c1/t0/wire.png
wrote bench/campaigns/advisor-batch-2-s1-livingroom-pc/runs/cfg-19863bd4/plate_notch_s0_c2/t0/wire.png
wrote bench/campaigns/advisor-batch-2-s1-livingroom-pc/runs/cfg-19863bd4/plate_notch_s2_c0/t0/wire.png
wrote bench/campaigns/advisor-batch-2-s1-livingroom-pc/runs/cfg-19863bd4/plate_notch_s2_c1/t0/wire.png
wrote bench/campaigns/advisor-batch-2-s1-livingroom-pc/runs/cfg-19863bd4/plate_notch_s2_c2/t0/wire.png
wrote bench/campaigns/advisor-batch-2-s1-livingroom-pc/runs/cfg-56133ab6/plate_notch_s0_c0/t0/wire.png
wrote bench/campaigns/advisor-batch-2-s1-livingroom-pc/runs/cfg-56133ab6/plate_notch_s0_c1/t0/wire.png
wrote bench/campaigns/advisor-batch-2-s1-livingroom-pc/runs/cfg-56133ab6/plate_notch_s0_c2/t0/wire.png
wrote bench/campaigns/advisor-batch-2-s1-livingroom-pc/runs/cfg-56133ab6/plate_notch_s2_c0/t0/wire.png
wrote bench/campaigns/advisor-batch-2-s1-livingroom-pc/runs/cfg-56133ab6/plate_notch_s2_c1/t0/wire.png
wrote bench/campaigns/advisor-batch-2-s1-livingroom-pc/runs/cfg-56133ab6/plate_notch_s2_c2/t0/wire.png
wrote bench/campaigns/advisor-batch-2-s1-livingroom-pc/runs/cfg-65494611/plate_notch_s0_c0/t0/wire.png
wrote bench/campaigns/advisor-batch-2-s1-livingroom-pc/runs/cfg-65494611/plate_notch_s0_c1/t0/wire.png
wrote bench/campaigns/advisor-batch-2-s1-livingroom-pc/runs/cfg-65494611/plate_notch_s0_c2/t0/wire.png
wrote bench/campaigns/advisor-batch-2-s1-livingroom-pc/runs/cfg-65494611/plate_notch_s2_c0/t0/wire.png
wrote bench/campaigns/advisor-batch-2-s1-livingroom-pc/runs/cfg-65494611/plate_notch_s2_c1/t0/wire.png
wrote bench/campaigns/advisor-batch-2-s1-livingroom-pc/runs/cfg-65494611/plate_notch_s2_c2/t0/wire.png
wrote bench/campaigns/advisor-batch-2-s1-livingroom-pc/runs/cfg-af210e6e/plate_notch_s0_c0/t0/wire.png
wrote bench/campaigns/advisor-batch-2-s1-livingroom-pc/runs/cfg-af210e6e/plate_notch_s0_c1/t0/wire.png
wrote bench/campaigns/advisor-batch-2-s1-livingroom-pc/runs/cfg-af210e6e/plate_notch_s0_c2/t0/wire.png
wrote bench/campaigns/advisor-batch-2-s1-livingroom-pc/runs/cfg-af210e6e/plate_notch_s2_c0/t0/wire.png
wrote bench/campaigns/advisor-batch-2-s1-livingroom-pc/runs/cfg-af210e6e/plate_notch_s2_c1/t0/wire.png
wrote bench/campaigns/advisor-batch-2-s1-livingroom-pc/runs/cfg-af210e6e/plate_notch_s2_c2/t0/wire.png
wrote bench/campaigns/advisor-batch-2-s1-livingroom-pc/runs/cfg-dadb3b7f/plate_notch_s0_c0/t0/wire.png
wrote bench/campaigns/advisor-batch-2-s1-livingroom-pc/runs/cfg-dadb3b7f/plate_notch_s0_c1/t0/wire.png
wrote bench/campaigns/advisor-batch-2-s1-livingroom-pc/runs/cfg-dadb3b7f/plate_notch_s0_c2/t0/wire.png
wrote bench/campaigns/advisor-batch-2-s1-livingroom-pc/runs/cfg-dadb3b7f/plate_notch_s2_c0/t0/wire.png
wrote bench/campaigns/advisor-batch-2-s1-livingroom-pc/runs/cfg-dadb3b7f/plate_notch_s2_c1/t0/wire.png
wrote bench/campaigns/advisor-batch-2-s1-livingroom-pc/runs/cfg-dadb3b7f/plate_notch_s2_c2/t0/wire.png
wrote bench/campaigns/advisor-batch-2-s1-livingroom-pc/runs/cfg-ffcfb7f5/plate_notch_s0_c0/t0/wire.png
wrote bench/campaigns/advisor-batch-2-s1-livingroom-pc/runs/cfg-ffcfb7f5/plate_notch_s0_c1/t0/wire.png
wrote bench/campaigns/advisor-batch-2-s1-livingroom-pc/runs/cfg-ffcfb7f5/plate_notch_s0_c2/t0/wire.png
wrote bench/campaigns/advisor-batch-2-s1-livingroom-pc/runs/cfg-ffcfb7f5/plate_notch_s2_c0/t0/wire.png
wrote bench/campaigns/advisor-batch-2-s1-livingroom-pc/runs/cfg-ffcfb7f5/plate_notch_s2_c1/t0/wire.png
wrote bench/campaigns/advisor-batch-2-s1-livingroom-pc/runs/cfg-ffcfb7f5/plate_notch_s2_c2/t0/wire.png
warehouse_shots: 42 rendered, 0 skipped (exists), 0 failed (42 mesh.vtu total)
finished: 48 runs → /home/liveuser/Polyhedral-FEA/bench/campaigns/advisor-batch-2-s1-livingroom-pc/results.jsonl
=== exit 0 after 90.6s

=== 2026-08-14T18:08:58Z OMP_NUM_THREADS=2 :: /home/liveuser/Polyhedral-FEA/build/apps/testlab/polymesh_testlab resume /home/liveuser/Polyhedral-FEA/bench/campaigns/advisor-batch-2-s1-livingroom-pc
campaign advisor-batch-2-s1-livingroom-pc: 32 configs, 6 parts, 1 tiers
  max_run_wall_s=180 (override all tiers)
  max_pack_wall_s=21600
tier 0: h_scale=1 keep_frac=1 survivors=8 max_run_wall_s=180
  run cfg-19863bd4 part=sphere_box_s0_c0 tier=0 ...
  run cfg-19863bd4 part=sphere_box_s0_c1 tier=0 ...
  run cfg-19863bd4 part=sphere_box_s0_c2 tier=0 ...
  run cfg-19863bd4 part=sphere_box_s2_c0 tier=0 ...
  run cfg-19863bd4 part=sphere_box_s2_c1 tier=0 ...
  run cfg-19863bd4 part=sphere_box_s2_c2 tier=0 ...
  run cfg-56133ab6 part=sphere_box_s0_c0 tier=0 ...
  run cfg-56133ab6 part=sphere_box_s0_c1 tier=0 ...
  run cfg-56133ab6 part=sphere_box_s0_c2 tier=0 ...
  run cfg-56133ab6 part=sphere_box_s2_c0 tier=0 ...
  run cfg-56133ab6 part=sphere_box_s2_c1 tier=0 ...
  run cfg-56133ab6 part=sphere_box_s2_c2 tier=0 ...
  run cfg-dadb3b7f part=sphere_box_s0_c0 tier=0 ...
  run cfg-dadb3b7f part=sphere_box_s0_c1 tier=0 ...
  run cfg-dadb3b7f part=sphere_box_s0_c2 tier=0 ...
  run cfg-dadb3b7f part=sphere_box_s2_c0 tier=0 ...
  run cfg-dadb3b7f part=sphere_box_s2_c1 tier=0 ...
  run cfg-dadb3b7f part=sphere_box_s2_c2 tier=0 ...
  run cfg-ffcfb7f5 part=sphere_box_s0_c0 tier=0 ...
  run cfg-ffcfb7f5 part=sphere_box_s0_c1 tier=0 ...
  run cfg-ffcfb7f5 part=sphere_box_s0_c2 tier=0 ...
  run cfg-ffcfb7f5 part=sphere_box_s2_c0 tier=0 ...
  run cfg-ffcfb7f5 part=sphere_box_s2_c1 tier=0 ...
  run cfg-ffcfb7f5 part=sphere_box_s2_c2 tier=0 ...
  run cfg-65494611 part=sphere_box_s0_c0 tier=0 ...
  run cfg-65494611 part=sphere_box_s0_c1 tier=0 ...
  run cfg-65494611 part=sphere_box_s0_c2 tier=0 ...
  run cfg-65494611 part=sphere_box_s2_c0 tier=0 ...
  run cfg-65494611 part=sphere_box_s2_c1 tier=0 ...
  run cfg-65494611 part=sphere_box_s2_c2 tier=0 ...
  run cfg-16b3efb3 part=sphere_box_s0_c0 tier=0 ...
  run cfg-16b3efb3 part=sphere_box_s0_c1 tier=0 ...
  run cfg-16b3efb3 part=sphere_box_s0_c2 tier=0 ...
  run cfg-16b3efb3 part=sphere_box_s2_c0 tier=0 ...
  run cfg-16b3efb3 part=sphere_box_s2_c1 tier=0 ...
  run cfg-16b3efb3 part=sphere_box_s2_c2 tier=0 ...
  run cfg-eeb9488c part=sphere_box_s0_c0 tier=0 ...
  run cfg-eeb9488c part=sphere_box_s0_c1 tier=0 ...
  run cfg-eeb9488c part=sphere_box_s0_c2 tier=0 ...
  run cfg-eeb9488c part=sphere_box_s2_c0 tier=0 ...
  run cfg-eeb9488c part=sphere_box_s2_c1 tier=0 ...
  run cfg-eeb9488c part=sphere_box_s2_c2 tier=0 ...
  run cfg-af210e6e part=sphere_box_s0_c0 tier=0 ...
  run cfg-af210e6e part=sphere_box_s0_c1 tier=0 ...
  run cfg-af210e6e part=sphere_box_s0_c2 tier=0 ...
  run cfg-af210e6e part=sphere_box_s2_c0 tier=0 ...
  run cfg-af210e6e part=sphere_box_s2_c1 tier=0 ...
  run cfg-af210e6e part=sphere_box_s2_c2 tier=0 ...
wrote bench/campaigns/advisor-batch-2-s1-livingroom-pc/runs/cfg-16b3efb3/sphere_box_s0_c0/t0/wire.png
wrote bench/campaigns/advisor-batch-2-s1-livingroom-pc/runs/cfg-16b3efb3/sphere_box_s0_c1/t0/wire.png
wrote bench/campaigns/advisor-batch-2-s1-livingroom-pc/runs/cfg-16b3efb3/sphere_box_s0_c2/t0/wire.png
wrote bench/campaigns/advisor-batch-2-s1-livingroom-pc/runs/cfg-19863bd4/sphere_box_s0_c0/t0/wire.png
wrote bench/campaigns/advisor-batch-2-s1-livingroom-pc/runs/cfg-19863bd4/sphere_box_s0_c1/t0/wire.png
wrote bench/campaigns/advisor-batch-2-s1-livingroom-pc/runs/cfg-19863bd4/sphere_box_s0_c2/t0/wire.png
wrote bench/campaigns/advisor-batch-2-s1-livingroom-pc/runs/cfg-19863bd4/sphere_box_s2_c0/t0/wire.png
wrote bench/campaigns/advisor-batch-2-s1-livingroom-pc/runs/cfg-19863bd4/sphere_box_s2_c1/t0/wire.png
wrote bench/campaigns/advisor-batch-2-s1-livingroom-pc/runs/cfg-19863bd4/sphere_box_s2_c2/t0/wire.png
wrote bench/campaigns/advisor-batch-2-s1-livingroom-pc/runs/cfg-56133ab6/sphere_box_s0_c0/t0/wire.png
wrote bench/campaigns/advisor-batch-2-s1-livingroom-pc/runs/cfg-56133ab6/sphere_box_s0_c1/t0/wire.png
wrote bench/campaigns/advisor-batch-2-s1-livingroom-pc/runs/cfg-56133ab6/sphere_box_s0_c2/t0/wire.png
wrote bench/campaigns/advisor-batch-2-s1-livingroom-pc/runs/cfg-65494611/sphere_box_s0_c0/t0/wire.png
wrote bench/campaigns/advisor-batch-2-s1-livingroom-pc/runs/cfg-65494611/sphere_box_s0_c1/t0/wire.png
wrote bench/campaigns/advisor-batch-2-s1-livingroom-pc/runs/cfg-65494611/sphere_box_s0_c2/t0/wire.png
wrote bench/campaigns/advisor-batch-2-s1-livingroom-pc/runs/cfg-65494611/sphere_box_s2_c0/t0/wire.png
wrote bench/campaigns/advisor-batch-2-s1-livingroom-pc/runs/cfg-65494611/sphere_box_s2_c1/t0/wire.png
wrote bench/campaigns/advisor-batch-2-s1-livingroom-pc/runs/cfg-65494611/sphere_box_s2_c2/t0/wire.png
wrote bench/campaigns/advisor-batch-2-s1-livingroom-pc/runs/cfg-af210e6e/sphere_box_s0_c0/t0/wire.png
wrote bench/campaigns/advisor-batch-2-s1-livingroom-pc/runs/cfg-af210e6e/sphere_box_s0_c1/t0/wire.png
wrote bench/campaigns/advisor-batch-2-s1-livingroom-pc/runs/cfg-af210e6e/sphere_box_s0_c2/t0/wire.png
wrote bench/campaigns/advisor-batch-2-s1-livingroom-pc/runs/cfg-af210e6e/sphere_box_s2_c0/t0/wire.png
wrote bench/campaigns/advisor-batch-2-s1-livingroom-pc/runs/cfg-af210e6e/sphere_box_s2_c1/t0/wire.png
wrote bench/campaigns/advisor-batch-2-s1-livingroom-pc/runs/cfg-af210e6e/sphere_box_s2_c2/t0/wire.png
wrote bench/campaigns/advisor-batch-2-s1-livingroom-pc/runs/cfg-dadb3b7f/sphere_box_s0_c0/t0/wire.png
wrote bench/campaigns/advisor-batch-2-s1-livingroom-pc/runs/cfg-dadb3b7f/sphere_box_s0_c1/t0/wire.png
wrote bench/campaigns/advisor-batch-2-s1-livingroom-pc/runs/cfg-dadb3b7f/sphere_box_s0_c2/t0/wire.png
wrote bench/campaigns/advisor-batch-2-s1-livingroom-pc/runs/cfg-dadb3b7f/sphere_box_s2_c0/t0/wire.png
wrote bench/campaigns/advisor-batch-2-s1-livingroom-pc/runs/cfg-dadb3b7f/sphere_box_s2_c1/t0/wire.png
wrote bench/campaigns/advisor-batch-2-s1-livingroom-pc/runs/cfg-dadb3b7f/sphere_box_s2_c2/t0/wire.png
wrote bench/campaigns/advisor-batch-2-s1-livingroom-pc/runs/cfg-eeb9488c/sphere_box_s0_c0/t0/wire.png
wrote bench/campaigns/advisor-batch-2-s1-livingroom-pc/runs/cfg-eeb9488c/sphere_box_s0_c1/t0/wire.png
wrote bench/campaigns/advisor-batch-2-s1-livingroom-pc/runs/cfg-eeb9488c/sphere_box_s0_c2/t0/wire.png
wrote bench/campaigns/advisor-batch-2-s1-livingroom-pc/runs/cfg-eeb9488c/sphere_box_s2_c0/t0/wire.png
wrote bench/campaigns/advisor-batch-2-s1-livingroom-pc/runs/cfg-eeb9488c/sphere_box_s2_c1/t0/wire.png
wrote bench/campaigns/advisor-batch-2-s1-livingroom-pc/runs/cfg-eeb9488c/sphere_box_s2_c2/t0/wire.png
wrote bench/campaigns/advisor-batch-2-s1-livingroom-pc/runs/cfg-ffcfb7f5/sphere_box_s0_c0/t0/wire.png
wrote bench/campaigns/advisor-batch-2-s1-livingroom-pc/runs/cfg-ffcfb7f5/sphere_box_s0_c1/t0/wire.png
wrote bench/campaigns/advisor-batch-2-s1-livingroom-pc/runs/cfg-ffcfb7f5/sphere_box_s0_c2/t0/wire.png
wrote bench/campaigns/advisor-batch-2-s1-livingroom-pc/runs/cfg-ffcfb7f5/sphere_box_s2_c0/t0/wire.png
wrote bench/campaigns/advisor-batch-2-s1-livingroom-pc/runs/cfg-ffcfb7f5/sphere_box_s2_c1/t0/wire.png
wrote bench/campaigns/advisor-batch-2-s1-livingroom-pc/runs/cfg-ffcfb7f5/sphere_box_s2_c2/t0/wire.png
warehouse_shots: 42 rendered, 42 skipped (exists), 0 failed (84 mesh.vtu total)
finished: 48 runs → /home/liveuser/Polyhedral-FEA/bench/campaigns/advisor-batch-2-s1-livingroom-pc/results.jsonl
=== exit 0 after 168.9s

=== 2026-08-14T19:31:05Z OMP_NUM_THREADS=2 :: /home/liveuser/Polyhedral-FEA/build/apps/testlab/polymesh_testlab resume /home/liveuser/Polyhedral-FEA/bench/campaigns/advisor-batch-2-s1-livingroom-pc
campaign advisor-batch-2-s1-livingroom-pc: 32 configs, 6 parts, 1 tiers
  max_run_wall_s=180 (override all tiers)
  max_pack_wall_s=21600
tier 0: h_scale=1 keep_frac=1 survivors=8 max_run_wall_s=180
  run cfg-19863bd4 part=stepped_shaft_s0_c0 tier=0 ...
  run cfg-19863bd4 part=stepped_shaft_s0_c1 tier=0 ...
  run cfg-19863bd4 part=stepped_shaft_s0_c2 tier=0 ...
  run cfg-19863bd4 part=stepped_shaft_s2_c0 tier=0 ...
  run cfg-19863bd4 part=stepped_shaft_s2_c1 tier=0 ...
  run cfg-19863bd4 part=stepped_shaft_s2_c2 tier=0 ...
  run cfg-56133ab6 part=stepped_shaft_s0_c0 tier=0 ...
  run cfg-56133ab6 part=stepped_shaft_s0_c1 tier=0 ...
  run cfg-56133ab6 part=stepped_shaft_s0_c2 tier=0 ...
  run cfg-56133ab6 part=stepped_shaft_s2_c0 tier=0 ...
  run cfg-56133ab6 part=stepped_shaft_s2_c1 tier=0 ...
  run cfg-56133ab6 part=stepped_shaft_s2_c2 tier=0 ...
  run cfg-dadb3b7f part=stepped_shaft_s0_c0 tier=0 ...
  run cfg-dadb3b7f part=stepped_shaft_s0_c1 tier=0 ...
  run cfg-dadb3b7f part=stepped_shaft_s0_c2 tier=0 ...
  run cfg-dadb3b7f part=stepped_shaft_s2_c0 tier=0 ...
  run cfg-dadb3b7f part=stepped_shaft_s2_c1 tier=0 ...
  run cfg-dadb3b7f part=stepped_shaft_s2_c2 tier=0 ...
  run cfg-ffcfb7f5 part=stepped_shaft_s0_c0 tier=0 ...
  run cfg-ffcfb7f5 part=stepped_shaft_s0_c1 tier=0 ...
  run cfg-ffcfb7f5 part=stepped_shaft_s0_c2 tier=0 ...
  run cfg-ffcfb7f5 part=stepped_shaft_s2_c0 tier=0 ...
  run cfg-ffcfb7f5 part=stepped_shaft_s2_c1 tier=0 ...
  run cfg-ffcfb7f5 part=stepped_shaft_s2_c2 tier=0 ...
  run cfg-65494611 part=stepped_shaft_s0_c0 tier=0 ...
  run cfg-65494611 part=stepped_shaft_s0_c1 tier=0 ...
  run cfg-65494611 part=stepped_shaft_s0_c2 tier=0 ...
  run cfg-65494611 part=stepped_shaft_s2_c0 tier=0 ...
  run cfg-65494611 part=stepped_shaft_s2_c1 tier=0 ...
  run cfg-65494611 part=stepped_shaft_s2_c2 tier=0 ...
  run cfg-16b3efb3 part=stepped_shaft_s0_c0 tier=0 ...
  run cfg-16b3efb3 part=stepped_shaft_s0_c1 tier=0 ...
  run cfg-16b3efb3 part=stepped_shaft_s0_c2 tier=0 ...
  run cfg-16b3efb3 part=stepped_shaft_s2_c0 tier=0 ...
  run cfg-16b3efb3 part=stepped_shaft_s2_c1 tier=0 ...
  run cfg-16b3efb3 part=stepped_shaft_s2_c2 tier=0 ...
  run cfg-eeb9488c part=stepped_shaft_s0_c0 tier=0 ...
  run cfg-eeb9488c part=stepped_shaft_s0_c1 tier=0 ...
  run cfg-eeb9488c part=stepped_shaft_s0_c2 tier=0 ...
  run cfg-eeb9488c part=stepped_shaft_s2_c0 tier=0 ...
  run cfg-eeb9488c part=stepped_shaft_s2_c1 tier=0 ...
  run cfg-eeb9488c part=stepped_shaft_s2_c2 tier=0 ...
  run cfg-af210e6e part=stepped_shaft_s0_c0 tier=0 ...
  run cfg-af210e6e part=stepped_shaft_s0_c1 tier=0 ...
  run cfg-af210e6e part=stepped_shaft_s0_c2 tier=0 ...
  run cfg-af210e6e part=stepped_shaft_s2_c0 tier=0 ...
  run cfg-af210e6e part=stepped_shaft_s2_c1 tier=0 ...
  run cfg-af210e6e part=stepped_shaft_s2_c2 tier=0 ...
warehouse_shots: 0 rendered, 84 skipped (exists), 0 failed (84 mesh.vtu total)
finished: 48 runs → /home/liveuser/Polyhedral-FEA/bench/campaigns/advisor-batch-2-s1-livingroom-pc/results.jsonl
=== exit 0 after 6.5s
