
=== 2026-08-14T19:21:50Z OMP_NUM_THREADS=3 :: /home/hunter/Desktop/Polyhedral-FEA/build/apps/testlab/polymesh_testlab resume /home/hunter/Desktop/Polyhedral-FEA/bench/campaigns/advisor-batch-1-s0-hunter-pc
campaign advisor-batch-1-s0-hunter-pc: 288 configs, 6 parts, 1 tiers
  max_run_wall_s=45 (override all tiers)
  max_pack_wall_s=86400
tier 0: h_scale=1 keep_frac=1 survivors=72 max_run_wall_s=45
  run cfg-5a495f0a part=smoke_bar tier=0 ...
  run cfg-5a495f0a part=plate_hole tier=0 ...
  run cfg-5a495f0a part=cantilever tier=0 ...
  run cfg-5a495f0a part=cylinder tier=0 ...
  run cfg-5a495f0a part=sphere tier=0 ...
  run cfg-5a495f0a part=icecream_cone tier=0 ...
  run cfg-c9778778 part=smoke_bar tier=0 ...
  run cfg-c9778778 part=plate_hole tier=0 ...
  run cfg-c9778778 part=cantilever tier=0 ...
  run cfg-c9778778 part=cylinder tier=0 ...
  run cfg-c9778778 part=sphere tier=0 ...
  run cfg-c9778778 part=icecream_cone tier=0 ...
  run cfg-33ea01d5 part=smoke_bar tier=0 ...
  run cfg-33ea01d5 part=plate_hole tier=0 ...
  run cfg-33ea01d5 part=cantilever tier=0 ...
  run cfg-33ea01d5 part=cylinder tier=0 ...
  run cfg-33ea01d5 part=sphere tier=0 ...
  run cfg-33ea01d5 part=icecream_cone tier=0 ...
  run cfg-e61ac021 part=smoke_bar tier=0 ...
  run cfg-e61ac021 part=plate_hole tier=0 ...
  run cfg-e61ac021 part=cantilever tier=0 ...
  run cfg-e61ac021 part=cylinder tier=0 ...
  run cfg-e61ac021 part=sphere tier=0 ...
  run cfg-e61ac021 part=icecream_cone tier=0 ...
  run cfg-cd4d6395 part=smoke_bar tier=0 ...
  run cfg-cd4d6395 part=plate_hole tier=0 ...
  run cfg-cd4d6395 part=cantilever tier=0 ...
  run cfg-cd4d6395 part=cylinder tier=0 ...
  run cfg-cd4d6395 part=sphere tier=0 ...
  run cfg-cd4d6395 part=icecream_cone tier=0 ...
  run cfg-5702fde1 part=smoke_bar tier=0 ...
  run cfg-5702fde1 part=plate_hole tier=0 ...
  run cfg-5702fde1 part=cantilever tier=0 ...
  run cfg-5702fde1 part=cylinder tier=0 ...
  run cfg-5702fde1 part=sphere tier=0 ...
  run cfg-5702fde1 part=icecream_cone tier=0 ...
  run cfg-f330c8e5 part=smoke_bar tier=0 ...
  run cfg-f330c8e5 part=plate_hole tier=0 ...
  run cfg-f330c8e5 part=cantilever tier=0 ...
  run cfg-f330c8e5 part=cylinder tier=0 ...
  run cfg-f330c8e5 part=sphere tier=0 ...
  run cfg-f330c8e5 part=icecream_cone tier=0 ...
  run cfg-d7995871 part=smoke_bar tier=0 ...
  run cfg-d7995871 part=plate_hole tier=0 ...
  run cfg-d7995871 part=cantilever tier=0 ...
  run cfg-d7995871 part=cylinder tier=0 ...
  run cfg-d7995871 part=sphere tier=0 ...
  run cfg-d7995871 part=icecream_cone tier=0 ...
  run cfg-1a3643d8 part=smoke_bar tier=0 ...
  run cfg-1a3643d8 part=plate_hole tier=0 ...
  run cfg-1a3643d8 part=cantilever tier=0 ...
  run cfg-1a3643d8 part=cylinder tier=0 ...
  run cfg-1a3643d8 part=sphere tier=0 ...
  run cfg-1a3643d8 part=icecream_cone tier=0 ...
  run cfg-e06f2012 part=smoke_bar tier=0 ...
  run cfg-e06f2012 part=plate_hole tier=0 ...
  run cfg-e06f2012 part=cantilever tier=0 ...
  run cfg-e06f2012 part=cylinder tier=0 ...
  run cfg-e06f2012 part=sphere tier=0 ...
  run cfg-e06f2012 part=icecream_cone tier=0 ...
  run cfg-fd1b959a part=smoke_bar tier=0 ...
  run cfg-fd1b959a part=plate_hole tier=0 ...
  run cfg-fd1b959a part=cantilever tier=0 ...
  run cfg-fd1b959a part=cylinder tier=0 ...
  run cfg-fd1b959a part=sphere tier=0 ...
  run cfg-fd1b959a part=icecream_cone tier=0 ...
  run cfg-a5be2b08 part=smoke_bar tier=0 ...
  run cfg-a5be2b08 part=plate_hole tier=0 ...
  run cfg-a5be2b08 part=cantilever tier=0 ...
  run cfg-a5be2b08 part=cylinder tier=0 ...
  run cfg-a5be2b08 part=sphere tier=0 ...
  run cfg-a5be2b08 part=icecream_cone tier=0 ...
  run cfg-10617741 part=smoke_bar tier=0 ...
  run cfg-10617741 part=plate_hole tier=0 ...
  run cfg-10617741 part=cantilever tier=0 ...
  run cfg-10617741 part=cylinder tier=0 ...
  run cfg-10617741 part=sphere tier=0 ...
  run cfg-10617741 part=icecream_cone tier=0 ...
  run cfg-339f6d8d part=smoke_bar tier=0 ...
  run cfg-339f6d8d part=plate_hole tier=0 ...
  run cfg-339f6d8d part=cantilever tier=0 ...
  run cfg-339f6d8d part=cylinder tier=0 ...
  run cfg-339f6d8d part=sphere tier=0 ...
  run cfg-339f6d8d part=icecream_cone tier=0 ...
  run cfg-358d3914 part=smoke_bar tier=0 ...
  run cfg-358d3914 part=plate_hole tier=0 ...
  run cfg-358d3914 part=cantilever tier=0 ...
  run cfg-358d3914 part=cylinder tier=0 ...
  run cfg-358d3914 part=sphere tier=0 ...
  run cfg-358d3914 part=icecream_cone tier=0 ...
  run cfg-289ed88e part=smoke_bar tier=0 ...
  run cfg-289ed88e part=plate_hole tier=0 ...
  run cfg-289ed88e part=cantilever tier=0 ...
  run cfg-289ed88e part=cylinder tier=0 ...
  run cfg-289ed88e part=sphere tier=0 ...
  run cfg-289ed88e part=icecream_cone tier=0 ...
  run cfg-a91ff0a6 part=smoke_bar tier=0 ...
  run cfg-a91ff0a6 part=plate_hole tier=0 ...
  run cfg-a91ff0a6 part=cantilever tier=0 ...
  run cfg-a91ff0a6 part=cylinder tier=0 ...
  run cfg-a91ff0a6 part=sphere tier=0 ...
  run cfg-a91ff0a6 part=icecream_cone tier=0 ...
  run cfg-1daaf024 part=smoke_bar tier=0 ...
  run cfg-1daaf024 part=plate_hole tier=0 ...
  run cfg-1daaf024 part=cantilever tier=0 ...
  run cfg-1daaf024 part=cylinder tier=0 ...
  run cfg-1daaf024 part=sphere tier=0 ...
  run cfg-1daaf024 part=icecream_cone tier=0 ...
  run cfg-e1d83414 part=smoke_bar tier=0 ...
  run cfg-e1d83414 part=plate_hole tier=0 ...
  run cfg-e1d83414 part=cantilever tier=0 ...
  run cfg-e1d83414 part=cylinder tier=0 ...
  run cfg-e1d83414 part=sphere tier=0 ...
  run cfg-e1d83414 part=icecream_cone tier=0 ...
  run cfg-cab1398e part=smoke_bar tier=0 ...
  run cfg-cab1398e part=plate_hole tier=0 ...
  run cfg-cab1398e part=cantilever tier=0 ...
  run cfg-cab1398e part=cylinder tier=0 ...
  run cfg-cab1398e part=sphere tier=0 ...
  run cfg-cab1398e part=icecream_cone tier=0 ...
  run cfg-3abc00cf part=smoke_bar tier=0 ...
  run cfg-3abc00cf part=plate_hole tier=0 ...
  run cfg-3abc00cf part=cantilever tier=0 ...
  run cfg-3abc00cf part=cylinder tier=0 ...
  run cfg-3abc00cf part=sphere tier=0 ...
  run cfg-3abc00cf part=icecream_cone tier=0 ...
  run cfg-480c3d87 part=smoke_bar tier=0 ...
  run cfg-480c3d87 part=plate_hole tier=0 ...
  run cfg-480c3d87 part=cantilever tier=0 ...
  run cfg-480c3d87 part=cylinder tier=0 ...
  run cfg-480c3d87 part=sphere tier=0 ...
  run cfg-480c3d87 part=icecream_cone tier=0 ...
  run cfg-c0eb7123 part=smoke_bar tier=0 ...
  run cfg-c0eb7123 part=plate_hole tier=0 ...
  run cfg-c0eb7123 part=cantilever tier=0 ...
  run cfg-c0eb7123 part=cylinder tier=0 ...
  run cfg-c0eb7123 part=sphere tier=0 ...
  run cfg-c0eb7123 part=icecream_cone tier=0 ...
  run cfg-244b652b part=smoke_bar tier=0 ...
  run cfg-244b652b part=plate_hole tier=0 ...
  run cfg-244b652b part=cantilever tier=0 ...
  run cfg-244b652b part=cylinder tier=0 ...
  run cfg-244b652b part=sphere tier=0 ...
  run cfg-244b652b part=icecream_cone tier=0 ...
  run cfg-aea03c41 part=smoke_bar tier=0 ...
  run cfg-aea03c41 part=plate_hole tier=0 ...
  run cfg-aea03c41 part=cantilever tier=0 ...
  run cfg-aea03c41 part=cylinder tier=0 ...
  run cfg-aea03c41 part=sphere tier=0 ...
  run cfg-aea03c41 part=icecream_cone tier=0 ...
  run cfg-3ff64c8d part=smoke_bar tier=0 ...
  run cfg-3ff64c8d part=plate_hole tier=0 ...
  run cfg-3ff64c8d part=cantilever tier=0 ...
  run cfg-3ff64c8d part=cylinder tier=0 ...
  run cfg-3ff64c8d part=sphere tier=0 ...
  run cfg-3ff64c8d part=icecream_cone tier=0 ...
  run cfg-1a35f814 part=smoke_bar tier=0 ...
  run cfg-1a35f814 part=plate_hole tier=0 ...
  run cfg-1a35f814 part=cantilever tier=0 ...
  run cfg-1a35f814 part=cylinder tier=0 ...
  run cfg-1a35f814 part=sphere tier=0 ...
  run cfg-1a35f814 part=icecream_cone tier=0 ...
  run cfg-203bc58e part=smoke_bar tier=0 ...
  run cfg-203bc58e part=plate_hole tier=0 ...
  run cfg-203bc58e part=cantilever tier=0 ...
  run cfg-203bc58e part=cylinder tier=0 ...
  run cfg-203bc58e part=sphere tier=0 ...
  run cfg-203bc58e part=icecream_cone tier=0 ...
  run cfg-475eb5a6 part=smoke_bar tier=0 ...
  run cfg-475eb5a6 part=plate_hole tier=0 ...
  run cfg-475eb5a6 part=cantilever tier=0 ...
  run cfg-475eb5a6 part=cylinder tier=0 ...
  run cfg-475eb5a6 part=sphere tier=0 ...
  run cfg-475eb5a6 part=icecream_cone tier=0 ...
  run cfg-2a01cf24 part=smoke_bar tier=0 ...
  run cfg-2a01cf24 part=plate_hole tier=0 ...
  run cfg-2a01cf24 part=cantilever tier=0 ...
  run cfg-2a01cf24 part=cylinder tier=0 ...
  run cfg-2a01cf24 part=sphere tier=0 ...
  run cfg-2a01cf24 part=icecream_cone tier=0 ...
  run cfg-c680f314 part=smoke_bar tier=0 ...
  run cfg-c680f314 part=plate_hole tier=0 ...
  run cfg-c680f314 part=cantilever tier=0 ...
  run cfg-c680f314 part=cylinder tier=0 ...
  run cfg-c680f314 part=sphere tier=0 ...
  run cfg-c680f314 part=icecream_cone tier=0 ...
  run cfg-c24e268e part=smoke_bar tier=0 ...
  run cfg-c24e268e part=plate_hole tier=0 ...
  run cfg-c24e268e part=cantilever tier=0 ...
  run cfg-c24e268e part=cylinder tier=0 ...
  run cfg-c24e268e part=sphere tier=0 ...
  run cfg-c24e268e part=icecream_cone tier=0 ...
  run cfg-c5788dcf part=smoke_bar tier=0 ...
  run cfg-c5788dcf part=plate_hole tier=0 ...
  run cfg-c5788dcf part=cantilever tier=0 ...
  run cfg-c5788dcf part=cylinder tier=0 ...
  run cfg-c5788dcf part=sphere tier=0 ...
  run cfg-c5788dcf part=icecream_cone tier=0 ...
  run cfg-07b2f487 part=smoke_bar tier=0 ...
  run cfg-07b2f487 part=plate_hole tier=0 ...
  run cfg-07b2f487 part=cantilever tier=0 ...
  run cfg-07b2f487 part=cylinder tier=0 ...
  run cfg-07b2f487 part=sphere tier=0 ...
  run cfg-07b2f487 part=icecream_cone tier=0 ...
  run cfg-a5943023 part=smoke_bar tier=0 ...
  run cfg-a5943023 part=plate_hole tier=0 ...
  run cfg-a5943023 part=cantilever tier=0 ...
  run cfg-a5943023 part=cylinder tier=0 ...
  run cfg-a5943023 part=sphere tier=0 ...
  run cfg-a5943023 part=icecream_cone tier=0 ...
  run cfg-1be8522b part=smoke_bar tier=0 ...
  run cfg-1be8522b part=plate_hole tier=0 ...
  run cfg-1be8522b part=cantilever tier=0 ...
  run cfg-1be8522b part=cylinder tier=0 ...
  run cfg-1be8522b part=sphere tier=0 ...
  run cfg-1be8522b part=icecream_cone tier=0 ...
  run cfg-2df65cb1 part=smoke_bar tier=0 ...
  run cfg-2df65cb1 part=plate_hole tier=0 ...
  run cfg-2df65cb1 part=cantilever tier=0 ...
  run cfg-2df65cb1 part=cylinder tier=0 ...
  run cfg-2df65cb1 part=sphere tier=0 ...
  run cfg-2df65cb1 part=icecream_cone tier=0 ...
  run cfg-d09ca47d part=smoke_bar tier=0 ...
  run cfg-d09ca47d part=plate_hole tier=0 ...
  run cfg-d09ca47d part=cantilever tier=0 ...
  run cfg-d09ca47d part=cylinder tier=0 ...
  run cfg-d09ca47d part=sphere tier=0 ...
  run cfg-d09ca47d part=icecream_cone tier=0 ...
  run cfg-141e7704 part=smoke_bar tier=0 ...
  run cfg-141e7704 part=plate_hole tier=0 ...
  run cfg-141e7704 part=cantilever tier=0 ...
  run cfg-141e7704 part=cylinder tier=0 ...
  run cfg-141e7704 part=sphere tier=0 ...
  run cfg-141e7704 part=icecream_cone tier=0 ...
  run cfg-309a6f7e part=smoke_bar tier=0 ...
  run cfg-309a6f7e part=plate_hole tier=0 ...
  run cfg-309a6f7e part=cantilever tier=0 ...
  run cfg-309a6f7e part=cylinder tier=0 ...
  run cfg-309a6f7e part=sphere tier=0 ...
  run cfg-309a6f7e part=icecream_cone tier=0 ...
  run cfg-5c843d96 part=smoke_bar tier=0 ...
  run cfg-5c843d96 part=plate_hole tier=0 ...
  run cfg-5c843d96 part=cantilever tier=0 ...
  run cfg-5c843d96 part=cylinder tier=0 ...
  run cfg-5c843d96 part=sphere tier=0 ...
  run cfg-5c843d96 part=icecream_cone tier=0 ...
  run cfg-77964214 part=smoke_bar tier=0 ...
  run cfg-77964214 part=plate_hole tier=0 ...
  run cfg-77964214 part=cantilever tier=0 ...
  run cfg-77964214 part=cylinder tier=0 ...
  run cfg-77964214 part=sphere tier=0 ...
  run cfg-77964214 part=icecream_cone tier=0 ...
  run cfg-a8be2964 part=smoke_bar tier=0 ...
  run cfg-a8be2964 part=plate_hole tier=0 ...
  run cfg-a8be2964 part=cantilever tier=0 ...
  run cfg-a8be2964 part=cylinder tier=0 ...
  run cfg-a8be2964 part=sphere tier=0 ...
  run cfg-a8be2964 part=icecream_cone tier=0 ...
  run cfg-79113a9e part=smoke_bar tier=0 ...
  run cfg-79113a9e part=plate_hole tier=0 ...
  run cfg-79113a9e part=cantilever tier=0 ...
  run cfg-79113a9e part=cylinder tier=0 ...
  run cfg-79113a9e part=sphere tier=0 ...
  run cfg-79113a9e part=icecream_cone tier=0 ...
  run cfg-2bf49c9f part=smoke_bar tier=0 ...
  run cfg-2bf49c9f part=plate_hole tier=0 ...
  run cfg-2bf49c9f part=cantilever tier=0 ...
  run cfg-2bf49c9f part=cylinder tier=0 ...
  run cfg-2bf49c9f part=sphere tier=0 ...
  run cfg-2bf49c9f part=icecream_cone tier=0 ...
  run cfg-0b140b57 part=smoke_bar tier=0 ...
  run cfg-0b140b57 part=plate_hole tier=0 ...
  run cfg-0b140b57 part=cantilever tier=0 ...
  run cfg-0b140b57 part=cylinder tier=0 ...
  run cfg-0b140b57 part=sphere tier=0 ...
  run cfg-0b140b57 part=icecream_cone tier=0 ...
  run cfg-2756f173 part=smoke_bar tier=0 ...
  run cfg-2756f173 part=plate_hole tier=0 ...
  run cfg-2756f173 part=cantilever tier=0 ...
  run cfg-2756f173 part=cylinder tier=0 ...
  run cfg-2756f173 part=sphere tier=0 ...
  run cfg-2756f173 part=icecream_cone tier=0 ...
  run cfg-5422807b part=smoke_bar tier=0 ...
  run cfg-5422807b part=plate_hole tier=0 ...
  run cfg-5422807b part=cantilever tier=0 ...
  run cfg-5422807b part=cylinder tier=0 ...
  run cfg-5422807b part=sphere tier=0 ...
  run cfg-5422807b part=icecream_cone tier=0 ...
  run cfg-b670f9a6 part=smoke_bar tier=0 ...
  run cfg-b670f9a6 part=plate_hole tier=0 ...
  run cfg-b670f9a6 part=cantilever tier=0 ...
  run cfg-b670f9a6 part=cylinder tier=0 ...
  run cfg-b670f9a6 part=sphere tier=0 ...
  run cfg-b670f9a6 part=icecream_cone tier=0 ...
  run cfg-bc91db24 part=smoke_bar tier=0 ...
  run cfg-bc91db24 part=plate_hole tier=0 ...
  run cfg-bc91db24 part=cantilever tier=0 ...
  run cfg-bc91db24 part=cylinder tier=0 ...
  run cfg-bc91db24 part=sphere tier=0 ...
  run cfg-bc91db24 part=icecream_cone tier=0 ...
  run cfg-67922491 part=smoke_bar tier=0 ...
  run cfg-67922491 part=plate_hole tier=0 ...
  run cfg-67922491 part=cantilever tier=0 ...
  run cfg-67922491 part=cylinder tier=0 ...
  run cfg-67922491 part=sphere tier=0 ...
  run cfg-67922491 part=icecream_cone tier=0 ...
  run cfg-feb7e91d part=smoke_bar tier=0 ...
  run cfg-feb7e91d part=plate_hole tier=0 ...
  run cfg-feb7e91d part=cantilever tier=0 ...
  run cfg-feb7e91d part=cylinder tier=0 ...
  run cfg-feb7e91d part=sphere tier=0 ...
  run cfg-feb7e91d part=icecream_cone tier=0 ...
  run cfg-1db28041 part=smoke_bar tier=0 ...
  run cfg-1db28041 part=plate_hole tier=0 ...
  run cfg-1db28041 part=cantilever tier=0 ...
  run cfg-1db28041 part=cylinder tier=0 ...
  run cfg-1db28041 part=sphere tier=0 ...
  run cfg-1db28041 part=icecream_cone tier=0 ...
  run cfg-d286588d part=smoke_bar tier=0 ...
  run cfg-d286588d part=plate_hole tier=0 ...
  run cfg-d286588d part=cantilever tier=0 ...
  run cfg-d286588d part=cylinder tier=0 ...
  run cfg-d286588d part=sphere tier=0 ...
  run cfg-d286588d part=icecream_cone tier=0 ...
  run cfg-f99c4239 part=smoke_bar tier=0 ...
  run cfg-f99c4239 part=plate_hole tier=0 ...
  run cfg-f99c4239 part=cantilever tier=0 ...
  run cfg-f99c4239 part=cylinder tier=0 ...
  run cfg-f99c4239 part=sphere tier=0 ...
  run cfg-f99c4239 part=icecream_cone tier=0 ...
  run cfg-bd9b6ec5 part=smoke_bar tier=0 ...
  run cfg-bd9b6ec5 part=plate_hole tier=0 ...
  run cfg-bd9b6ec5 part=cantilever tier=0 ...
  run cfg-bd9b6ec5 part=cylinder tier=0 ...
  run cfg-bd9b6ec5 part=sphere tier=0 ...
  run cfg-bd9b6ec5 part=icecream_cone tier=0 ...
  run cfg-9d819bdc part=smoke_bar tier=0 ...
  run cfg-9d819bdc part=plate_hole tier=0 ...
  run cfg-9d819bdc part=cantilever tier=0 ...
  run cfg-9d819bdc part=cylinder tier=0 ...
  run cfg-9d819bdc part=sphere tier=0 ...
  run cfg-9d819bdc part=icecream_cone tier=0 ...
  run cfg-bd49c936 part=smoke_bar tier=0 ...
  run cfg-bd49c936 part=plate_hole tier=0 ...
  run cfg-bd49c936 part=cantilever tier=0 ...
  run cfg-bd49c936 part=cylinder tier=0 ...
  run cfg-bd49c936 part=sphere tier=0 ...
  run cfg-bd49c936 part=icecream_cone tier=0 ...
  run cfg-a708135e part=smoke_bar tier=0 ...
  run cfg-a708135e part=plate_hole tier=0 ...
  run cfg-a708135e part=cantilever tier=0 ...
  run cfg-a708135e part=cylinder tier=0 ...
  run cfg-a708135e part=sphere tier=0 ...
  run cfg-a708135e part=icecream_cone tier=0 ...
  run cfg-25013c1c part=smoke_bar tier=0 ...
  run cfg-25013c1c part=plate_hole tier=0 ...
  run cfg-25013c1c part=cantilever tier=0 ...
  run cfg-25013c1c part=cylinder tier=0 ...
  run cfg-25013c1c part=sphere tier=0 ...
  run cfg-25013c1c part=icecream_cone tier=0 ...
  run cfg-3e538a98 part=smoke_bar tier=0 ...
  run cfg-3e538a98 part=plate_hole tier=0 ...
  run cfg-3e538a98 part=cantilever tier=0 ...
  run cfg-3e538a98 part=cylinder tier=0 ...
  run cfg-3e538a98 part=sphere tier=0 ...
  run cfg-3e538a98 part=icecream_cone tier=0 ...
  run cfg-7ff640d2 part=smoke_bar tier=0 ...
  run cfg-7ff640d2 part=plate_hole tier=0 ...
  run cfg-7ff640d2 part=cantilever tier=0 ...
  run cfg-7ff640d2 part=cylinder tier=0 ...
  run cfg-7ff640d2 part=sphere tier=0 ...
  run cfg-7ff640d2 part=icecream_cone tier=0 ...
  run cfg-8cebeab3 part=smoke_bar tier=0 ...
  run cfg-8cebeab3 part=plate_hole tier=0 ...
  run cfg-8cebeab3 part=cantilever tier=0 ...
  run cfg-8cebeab3 part=cylinder tier=0 ...
  run cfg-8cebeab3 part=sphere tier=0 ...
  run cfg-8cebeab3 part=icecream_cone tier=0 ...
  run cfg-e25e61bb part=smoke_bar tier=0 ...
  run cfg-e25e61bb part=plate_hole tier=0 ...
  run cfg-e25e61bb part=cantilever tier=0 ...
  run cfg-e25e61bb part=cylinder tier=0 ...
  run cfg-e25e61bb part=sphere tier=0 ...
  run cfg-e25e61bb part=icecream_cone tier=0 ...
  run cfg-b66e3d67 part=smoke_bar tier=0 ...
  run cfg-b66e3d67 part=plate_hole tier=0 ...
  run cfg-b66e3d67 part=cantilever tier=0 ...
  run cfg-b66e3d67 part=cylinder tier=0 ...
  run cfg-b66e3d67 part=sphere tier=0 ...
  run cfg-b66e3d67 part=icecream_cone tier=0 ...
  run cfg-a39e03ff part=smoke_bar tier=0 ...
  run cfg-a39e03ff part=plate_hole tier=0 ...
  run cfg-a39e03ff part=cantilever tier=0 ...
  run cfg-a39e03ff part=cylinder tier=0 ...
  run cfg-a39e03ff part=sphere tier=0 ...
  run cfg-a39e03ff part=icecream_cone tier=0 ...
  run cfg-25cae84b part=smoke_bar tier=0 ...
  run cfg-25cae84b part=plate_hole tier=0 ...
  run cfg-25cae84b part=cantilever tier=0 ...
  run cfg-25cae84b part=cylinder tier=0 ...
  run cfg-25cae84b part=sphere tier=0 ...
  run cfg-25cae84b part=icecream_cone tier=0 ...
  run cfg-0df546d3 part=smoke_bar tier=0 ...
  run cfg-0df546d3 part=plate_hole tier=0 ...
  run cfg-0df546d3 part=cantilever tier=0 ...
  run cfg-0df546d3 part=cylinder tier=0 ...
  run cfg-0df546d3 part=sphere tier=0 ...
  run cfg-0df546d3 part=icecream_cone tier=0 ...
  run cfg-4039b73e part=smoke_bar tier=0 ...
  run cfg-4039b73e part=plate_hole tier=0 ...
  run cfg-4039b73e part=cantilever tier=0 ...
  run cfg-4039b73e part=cylinder tier=0 ...
  run cfg-4039b73e part=sphere tier=0 ...
  run cfg-4039b73e part=icecream_cone tier=0 ...
  run cfg-b7207d3c part=smoke_bar tier=0 ...
  run cfg-b7207d3c part=plate_hole tier=0 ...
  run cfg-b7207d3c part=cantilever tier=0 ...
  run cfg-b7207d3c part=cylinder tier=0 ...
  run cfg-b7207d3c part=sphere tier=0 ...
  run cfg-b7207d3c part=icecream_cone tier=0 ...
  run cfg-2c8319fc part=smoke_bar tier=0 ...
  run cfg-2c8319fc part=plate_hole tier=0 ...
  run cfg-2c8319fc part=cantilever tier=0 ...
  run cfg-2c8319fc part=cylinder tier=0 ...
  run cfg-2c8319fc part=sphere tier=0 ...
  run cfg-2c8319fc part=icecream_cone tier=0 ...
  run cfg-1cd6ae16 part=smoke_bar tier=0 ...
  run cfg-1cd6ae16 part=plate_hole tier=0 ...
  run cfg-1cd6ae16 part=cantilever tier=0 ...
  run cfg-1cd6ae16 part=cylinder tier=0 ...
  run cfg-1cd6ae16 part=sphere tier=0 ...
  run cfg-1cd6ae16 part=icecream_cone tier=0 ...
wrote bench/campaigns/advisor-batch-1-s0-hunter-pc/runs/cfg-07b2f487/cantilever/t0/wire.png
wrote bench/campaigns/advisor-batch-1-s0-hunter-pc/runs/cfg-07b2f487/cylinder/t0/wire.png
wrote bench/campaigns/advisor-batch-1-s0-hunter-pc/runs/cfg-07b2f487/plate_hole/t0/wire.png
wrote bench/campaigns/advisor-batch-1-s0-hunter-pc/runs/cfg-07b2f487/smoke_bar/t0/wire.png
wrote bench/campaigns/advisor-batch-1-s0-hunter-pc/runs/cfg-07b2f487/sphere/t0/wire.png
wrote bench/campaigns/advisor-batch-1-s0-hunter-pc/runs/cfg-0b140b57/cantilever/t0/wire.png
wrote bench/campaigns/advisor-batch-1-s0-hunter-pc/runs/cfg-0b140b57/cylinder/t0/wire.png
wrote bench/campaigns/advisor-batch-1-s0-hunter-pc/runs/cfg-0b140b57/plate_hole/t0/wire.png
wrote bench/campaigns/advisor-batch-1-s0-hunter-pc/runs/cfg-0b140b57/smoke_bar/t0/wire.png
wrote bench/campaigns/advisor-batch-1-s0-hunter-pc/runs/cfg-0b140b57/sphere/t0/wire.png
wrote bench/campaigns/advisor-batch-1-s0-hunter-pc/runs/cfg-0df546d3/cantilever/t0/wire.png
wrote bench/campaigns/advisor-batch-1-s0-hunter-pc/runs/cfg-0df546d3/cylinder/t0/wire.png
wrote bench/campaigns/advisor-batch-1-s0-hunter-pc/runs/cfg-0df546d3/smoke_bar/t0/wire.png
wrote bench/campaigns/advisor-batch-1-s0-hunter-pc/runs/cfg-10617741/cantilever/t0/wire.png
wrote bench/campaigns/advisor-batch-1-s0-hunter-pc/runs/cfg-10617741/cylinder/t0/wire.png
wrote bench/campaigns/advisor-batch-1-s0-hunter-pc/runs/cfg-10617741/smoke_bar/t0/wire.png
wrote bench/campaigns/advisor-batch-1-s0-hunter-pc/runs/cfg-10617741/sphere/t0/wire.png
wrote bench/campaigns/advisor-batch-1-s0-hunter-pc/runs/cfg-141e7704/cantilever/t0/wire.png
wrote bench/campaigns/advisor-batch-1-s0-hunter-pc/runs/cfg-141e7704/cylinder/t0/wire.png
wrote bench/campaigns/advisor-batch-1-s0-hunter-pc/runs/cfg-141e7704/plate_hole/t0/wire.png
wrote bench/campaigns/advisor-batch-1-s0-hunter-pc/runs/cfg-141e7704/smoke_bar/t0/wire.png
wrote bench/campaigns/advisor-batch-1-s0-hunter-pc/runs/cfg-141e7704/sphere/t0/wire.png
wrote bench/campaigns/advisor-batch-1-s0-hunter-pc/runs/cfg-1a35f814/cantilever/t0/wire.png
wrote bench/campaigns/advisor-batch-1-s0-hunter-pc/runs/cfg-1a35f814/cylinder/t0/wire.png
wrote bench/campaigns/advisor-batch-1-s0-hunter-pc/runs/cfg-1a35f814/plate_hole/t0/wire.png
wrote bench/campaigns/advisor-batch-1-s0-hunter-pc/runs/cfg-1a35f814/smoke_bar/t0/wire.png
wrote bench/campaigns/advisor-batch-1-s0-hunter-pc/runs/cfg-1a35f814/sphere/t0/wire.png
wrote bench/campaigns/advisor-batch-1-s0-hunter-pc/runs/cfg-1a3643d8/cantilever/t0/wire.png
wrote bench/campaigns/advisor-batch-1-s0-hunter-pc/runs/cfg-1a3643d8/cylinder/t0/wire.png
wrote bench/campaigns/advisor-batch-1-s0-hunter-pc/runs/cfg-1a3643d8/plate_hole/t0/wire.png
wrote bench/campaigns/advisor-batch-1-s0-hunter-pc/runs/cfg-1a3643d8/smoke_bar/t0/wire.png
wrote bench/campaigns/advisor-batch-1-s0-hunter-pc/runs/cfg-1a3643d8/sphere/t0/wire.png
wrote bench/campaigns/advisor-batch-1-s0-hunter-pc/runs/cfg-1be8522b/cantilever/t0/wire.png
wrote bench/campaigns/advisor-batch-1-s0-hunter-pc/runs/cfg-1be8522b/cylinder/t0/wire.png
wrote bench/campaigns/advisor-batch-1-s0-hunter-pc/runs/cfg-1be8522b/icecream_cone/t0/wire.png
wrote bench/campaigns/advisor-batch-1-s0-hunter-pc/runs/cfg-1be8522b/plate_hole/t0/wire.png
wrote bench/campaigns/advisor-batch-1-s0-hunter-pc/runs/cfg-1be8522b/smoke_bar/t0/wire.png
wrote bench/campaigns/advisor-batch-1-s0-hunter-pc/runs/cfg-1be8522b/sphere/t0/wire.png
wrote bench/campaigns/advisor-batch-1-s0-hunter-pc/runs/cfg-1cd6ae16/cantilever/t0/wire.png
wrote bench/campaigns/advisor-batch-1-s0-hunter-pc/runs/cfg-1cd6ae16/cylinder/t0/wire.png
wrote bench/campaigns/advisor-batch-1-s0-hunter-pc/runs/cfg-1cd6ae16/plate_hole/t0/wire.png
wrote bench/campaigns/advisor-batch-1-s0-hunter-pc/runs/cfg-1cd6ae16/smoke_bar/t0/wire.png
wrote bench/campaigns/advisor-batch-1-s0-hunter-pc/runs/cfg-1cd6ae16/sphere/t0/wire.png
wrote bench/campaigns/advisor-batch-1-s0-hunter-pc/runs/cfg-1daaf024/cantilever/t0/wire.png
wrote bench/campaigns/advisor-batch-1-s0-hunter-pc/runs/cfg-1daaf024/cylinder/t0/wire.png
wrote bench/campaigns/advisor-batch-1-s0-hunter-pc/runs/cfg-1daaf024/plate_hole/t0/wire.png
wrote bench/campaigns/advisor-batch-1-s0-hunter-pc/runs/cfg-1daaf024/smoke_bar/t0/wire.png
wrote bench/campaigns/advisor-batch-1-s0-hunter-pc/runs/cfg-1daaf024/sphere/t0/wire.png
wrote bench/campaigns/advisor-batch-1-s0-hunter-pc/runs/cfg-1db28041/cantilever/t0/wire.png
wrote bench/campaigns/advisor-batch-1-s0-hunter-pc/runs/cfg-1db28041/cylinder/t0/wire.png
wrote bench/campaigns/advisor-batch-1-s0-hunter-pc/runs/cfg-1db28041/icecream_cone/t0/wire.png
wrote bench/campaigns/advisor-batch-1-s0-hunter-pc/runs/cfg-1db28041/plate_hole/t0/wire.png
wrote bench/campaigns/advisor-batch-1-s0-hunter-pc/runs/cfg-1db28041/smoke_bar/t0/wire.png
wrote bench/campaigns/advisor-batch-1-s0-hunter-pc/runs/cfg-1db28041/sphere/t0/wire.png
wrote bench/campaigns/advisor-batch-1-s0-hunter-pc/runs/cfg-203bc58e/cantilever/t0/wire.png
wrote bench/campaigns/advisor-batch-1-s0-hunter-pc/runs/cfg-203bc58e/cylinder/t0/wire.png
wrote bench/campaigns/advisor-batch-1-s0-hunter-pc/runs/cfg-203bc58e/plate_hole/t0/wire.png
wrote bench/campaigns/advisor-batch-1-s0-hunter-pc/runs/cfg-203bc58e/smoke_bar/t0/wire.png
wrote bench/campaigns/advisor-batch-1-s0-hunter-pc/runs/cfg-203bc58e/sphere/t0/wire.png
wrote bench/campaigns/advisor-batch-1-s0-hunter-pc/runs/cfg-244b652b/cantilever/t0/wire.png
wrote bench/campaigns/advisor-batch-1-s0-hunter-pc/runs/cfg-244b652b/cylinder/t0/wire.png
wrote bench/campaigns/advisor-batch-1-s0-hunter-pc/runs/cfg-244b652b/plate_hole/t0/wire.png
wrote bench/campaigns/advisor-batch-1-s0-hunter-pc/runs/cfg-244b652b/smoke_bar/t0/wire.png
wrote bench/campaigns/advisor-batch-1-s0-hunter-pc/runs/cfg-244b652b/sphere/t0/wire.png
wrote bench/campaigns/advisor-batch-1-s0-hunter-pc/runs/cfg-25013c1c/cantilever/t0/wire.png
wrote bench/campaigns/advisor-batch-1-s0-hunter-pc/runs/cfg-25013c1c/cylinder/t0/wire.png
wrote bench/campaigns/advisor-batch-1-s0-hunter-pc/runs/cfg-25013c1c/plate_hole/t0/wire.png
wrote bench/campaigns/advisor-batch-1-s0-hunter-pc/runs/cfg-25013c1c/smoke_bar/t0/wire.png
wrote bench/campaigns/advisor-batch-1-s0-hunter-pc/runs/cfg-25013c1c/sphere/t0/wire.png
wrote bench/campaigns/advisor-batch-1-s0-hunter-pc/runs/cfg-25cae84b/cantilever/t0/wire.png
wrote bench/campaigns/advisor-batch-1-s0-hunter-pc/runs/cfg-25cae84b/cylinder/t0/wire.png
wrote bench/campaigns/advisor-batch-1-s0-hunter-pc/runs/cfg-25cae84b/smoke_bar/t0/wire.png
wrote bench/campaigns/advisor-batch-1-s0-hunter-pc/runs/cfg-2756f173/cantilever/t0/wire.png
wrote bench/campaigns/advisor-batch-1-s0-hunter-pc/runs/cfg-2756f173/cylinder/t0/wire.png
wrote bench/campaigns/advisor-batch-1-s0-hunter-pc/runs/cfg-2756f173/plate_hole/t0/wire.png
wrote bench/campaigns/advisor-batch-1-s0-hunter-pc/runs/cfg-2756f173/smoke_bar/t0/wire.png
wrote bench/campaigns/advisor-batch-1-s0-hunter-pc/runs/cfg-2756f173/sphere/t0/wire.png
wrote bench/campaigns/advisor-batch-1-s0-hunter-pc/runs/cfg-289ed88e/cantilever/t0/wire.png
wrote bench/campaigns/advisor-batch-1-s0-hunter-pc/runs/cfg-289ed88e/cylinder/t0/wire.png
wrote bench/campaigns/advisor-batch-1-s0-hunter-pc/runs/cfg-289ed88e/plate_hole/t0/wire.png
wrote bench/campaigns/advisor-batch-1-s0-hunter-pc/runs/cfg-289ed88e/smoke_bar/t0/wire.png
wrote bench/campaigns/advisor-batch-1-s0-hunter-pc/runs/cfg-289ed88e/sphere/t0/wire.png
wrote bench/campaigns/advisor-batch-1-s0-hunter-pc/runs/cfg-2a01cf24/cantilever/t0/wire.png
wrote bench/campaigns/advisor-batch-1-s0-hunter-pc/runs/cfg-2a01cf24/cylinder/t0/wire.png
wrote bench/campaigns/advisor-batch-1-s0-hunter-pc/runs/cfg-2a01cf24/icecream_cone/t0/wire.png
wrote bench/campaigns/advisor-batch-1-s0-hunter-pc/runs/cfg-2a01cf24/plate_hole/t0/wire.png
wrote bench/campaigns/advisor-batch-1-s0-hunter-pc/runs/cfg-2a01cf24/smoke_bar/t0/wire.png
wrote bench/campaigns/advisor-batch-1-s0-hunter-pc/runs/cfg-2a01cf24/sphere/t0/wire.png
wrote bench/campaigns/advisor-batch-1-s0-hunter-pc/runs/cfg-2bf49c9f/cantilever/t0/wire.png
wrote bench/campaigns/advisor-batch-1-s0-hunter-pc/runs/cfg-2bf49c9f/cylinder/t0/wire.png
wrote bench/campaigns/advisor-batch-1-s0-hunter-pc/runs/cfg-2bf49c9f/plate_hole/t0/wire.png
wrote bench/campaigns/advisor-batch-1-s0-hunter-pc/runs/cfg-2bf49c9f/smoke_bar/t0/wire.png
wrote bench/campaigns/advisor-batch-1-s0-hunter-pc/runs/cfg-2bf49c9f/sphere/t0/wire.png
wrote bench/campaigns/advisor-batch-1-s0-hunter-pc/runs/cfg-2c8319fc/cantilever/t0/wire.png
wrote bench/campaigns/advisor-batch-1-s0-hunter-pc/runs/cfg-2c8319fc/cylinder/t0/wire.png
wrote bench/campaigns/advisor-batch-1-s0-hunter-pc/runs/cfg-2c8319fc/plate_hole/t0/wire.png
wrote bench/campaigns/advisor-batch-1-s0-hunter-pc/runs/cfg-2c8319fc/smoke_bar/t0/wire.png
wrote bench/campaigns/advisor-batch-1-s0-hunter-pc/runs/cfg-2c8319fc/sphere/t0/wire.png
wrote bench/campaigns/advisor-batch-1-s0-hunter-pc/runs/cfg-2df65cb1/cantilever/t0/wire.png
wrote bench/campaigns/advisor-batch-1-s0-hunter-pc/runs/cfg-2df65cb1/cylinder/t0/wire.png
wrote bench/campaigns/advisor-batch-1-s0-hunter-pc/runs/cfg-2df65cb1/plate_hole/t0/wire.png
wrote bench/campaigns/advisor-batch-1-s0-hunter-pc/runs/cfg-2df65cb1/smoke_bar/t0/wire.png
wrote bench/campaigns/advisor-batch-1-s0-hunter-pc/runs/cfg-309a6f7e/cantilever/t0/wire.png
wrote bench/campaigns/advisor-batch-1-s0-hunter-pc/runs/cfg-309a6f7e/cylinder/t0/wire.png
wrote bench/campaigns/advisor-batch-1-s0-hunter-pc/runs/cfg-309a6f7e/plate_hole/t0/wire.png
wrote bench/campaigns/advisor-batch-1-s0-hunter-pc/runs/cfg-309a6f7e/smoke_bar/t0/wire.png
wrote bench/campaigns/advisor-batch-1-s0-hunter-pc/runs/cfg-309a6f7e/sphere/t0/wire.png
wrote bench/campaigns/advisor-batch-1-s0-hunter-pc/runs/cfg-339f6d8d/cantilever/t0/wire.png
wrote bench/campaigns/advisor-batch-1-s0-hunter-pc/runs/cfg-339f6d8d/cylinder/t0/wire.png
wrote bench/campaigns/advisor-batch-1-s0-hunter-pc/runs/cfg-339f6d8d/plate_hole/t0/wire.png
wrote bench/campaigns/advisor-batch-1-s0-hunter-pc/runs/cfg-339f6d8d/smoke_bar/t0/wire.png
wrote bench/campaigns/advisor-batch-1-s0-hunter-pc/runs/cfg-33ea01d5/cantilever/t0/wire.png
wrote bench/campaigns/advisor-batch-1-s0-hunter-pc/runs/cfg-33ea01d5/cylinder/t0/wire.png
wrote bench/campaigns/advisor-batch-1-s0-hunter-pc/runs/cfg-33ea01d5/plate_hole/t0/wire.png
wrote bench/campaigns/advisor-batch-1-s0-hunter-pc/runs/cfg-33ea01d5/smoke_bar/t0/wire.png
wrote bench/campaigns/advisor-batch-1-s0-hunter-pc/runs/cfg-33ea01d5/sphere/t0/wire.png
wrote bench/campaigns/advisor-batch-1-s0-hunter-pc/runs/cfg-358d3914/cantilever/t0/wire.png
wrote bench/campaigns/advisor-batch-1-s0-hunter-pc/runs/cfg-358d3914/cylinder/t0/wire.png
wrote bench/campaigns/advisor-batch-1-s0-hunter-pc/runs/cfg-358d3914/plate_hole/t0/wire.png
wrote bench/campaigns/advisor-batch-1-s0-hunter-pc/runs/cfg-358d3914/smoke_bar/t0/wire.png
wrote bench/campaigns/advisor-batch-1-s0-hunter-pc/runs/cfg-358d3914/sphere/t0/wire.png
wrote bench/campaigns/advisor-batch-1-s0-hunter-pc/runs/cfg-3abc00cf/cantilever/t0/wire.png
wrote bench/campaigns/advisor-batch-1-s0-hunter-pc/runs/cfg-3abc00cf/cylinder/t0/wire.png
wrote bench/campaigns/advisor-batch-1-s0-hunter-pc/runs/cfg-3abc00cf/plate_hole/t0/wire.png
wrote bench/campaigns/advisor-batch-1-s0-hunter-pc/runs/cfg-3abc00cf/smoke_bar/t0/wire.png
wrote bench/campaigns/advisor-batch-1-s0-hunter-pc/runs/cfg-3abc00cf/sphere/t0/wire.png
wrote bench/campaigns/advisor-batch-1-s0-hunter-pc/runs/cfg-3e538a98/cantilever/t0/wire.png
wrote bench/campaigns/advisor-batch-1-s0-hunter-pc/runs/cfg-3e538a98/cylinder/t0/wire.png
wrote bench/campaigns/advisor-batch-1-s0-hunter-pc/runs/cfg-3e538a98/smoke_bar/t0/wire.png
wrote bench/campaigns/advisor-batch-1-s0-hunter-pc/runs/cfg-3e538a98/sphere/t0/wire.png
wrote bench/campaigns/advisor-batch-1-s0-hunter-pc/runs/cfg-3ff64c8d/cantilever/t0/wire.png
wrote bench/campaigns/advisor-batch-1-s0-hunter-pc/runs/cfg-3ff64c8d/cylinder/t0/wire.png
wrote bench/campaigns/advisor-batch-1-s0-hunter-pc/runs/cfg-3ff64c8d/smoke_bar/t0/wire.png
wrote bench/campaigns/advisor-batch-1-s0-hunter-pc/runs/cfg-3ff64c8d/sphere/t0/wire.png
wrote bench/campaigns/advisor-batch-1-s0-hunter-pc/runs/cfg-4039b73e/cantilever/t0/wire.png
wrote bench/campaigns/advisor-batch-1-s0-hunter-pc/runs/cfg-4039b73e/cylinder/t0/wire.png
wrote bench/campaigns/advisor-batch-1-s0-hunter-pc/runs/cfg-4039b73e/smoke_bar/t0/wire.png
wrote bench/campaigns/advisor-batch-1-s0-hunter-pc/runs/cfg-4039b73e/sphere/t0/wire.png
wrote bench/campaigns/advisor-batch-1-s0-hunter-pc/runs/cfg-475eb5a6/cantilever/t0/wire.png
wrote bench/campaigns/advisor-batch-1-s0-hunter-pc/runs/cfg-475eb5a6/cylinder/t0/wire.png
wrote bench/campaigns/advisor-batch-1-s0-hunter-pc/runs/cfg-475eb5a6/icecream_cone/t0/wire.png
wrote bench/campaigns/advisor-batch-1-s0-hunter-pc/runs/cfg-475eb5a6/plate_hole/t0/wire.png
wrote bench/campaigns/advisor-batch-1-s0-hunter-pc/runs/cfg-475eb5a6/smoke_bar/t0/wire.png
wrote bench/campaigns/advisor-batch-1-s0-hunter-pc/runs/cfg-475eb5a6/sphere/t0/wire.png
wrote bench/campaigns/advisor-batch-1-s0-hunter-pc/runs/cfg-480c3d87/cantilever/t0/wire.png
wrote bench/campaigns/advisor-batch-1-s0-hunter-pc/runs/cfg-480c3d87/cylinder/t0/wire.png
wrote bench/campaigns/advisor-batch-1-s0-hunter-pc/runs/cfg-480c3d87/plate_hole/t0/wire.png
wrote bench/campaigns/advisor-batch-1-s0-hunter-pc/runs/cfg-480c3d87/smoke_bar/t0/wire.png
wrote bench/campaigns/advisor-batch-1-s0-hunter-pc/runs/cfg-480c3d87/sphere/t0/wire.png
wrote bench/campaigns/advisor-batch-1-s0-hunter-pc/runs/cfg-5422807b/cantilever/t0/wire.png
wrote bench/campaigns/advisor-batch-1-s0-hunter-pc/runs/cfg-5422807b/cylinder/t0/wire.png
wrote bench/campaigns/advisor-batch-1-s0-hunter-pc/runs/cfg-5422807b/plate_hole/t0/wire.png
wrote bench/campaigns/advisor-batch-1-s0-hunter-pc/runs/cfg-5422807b/smoke_bar/t0/wire.png
wrote bench/campaigns/advisor-batch-1-s0-hunter-pc/runs/cfg-5422807b/sphere/t0/wire.png
wrote bench/campaigns/advisor-batch-1-s0-hunter-pc/runs/cfg-5702fde1/cantilever/t0/wire.png
wrote bench/campaigns/advisor-batch-1-s0-hunter-pc/runs/cfg-5702fde1/cylinder/t0/wire.png
wrote bench/campaigns/advisor-batch-1-s0-hunter-pc/runs/cfg-5702fde1/plate_hole/t0/wire.png
wrote bench/campaigns/advisor-batch-1-s0-hunter-pc/runs/cfg-5702fde1/smoke_bar/t0/wire.png
wrote bench/campaigns/advisor-batch-1-s0-hunter-pc/runs/cfg-5702fde1/sphere/t0/wire.png
wrote bench/campaigns/advisor-batch-1-s0-hunter-pc/runs/cfg-5a495f0a/cantilever/t0/wire.png
wrote bench/campaigns/advisor-batch-1-s0-hunter-pc/runs/cfg-5a495f0a/cylinder/t0/wire.png
wrote bench/campaigns/advisor-batch-1-s0-hunter-pc/runs/cfg-5a495f0a/plate_hole/t0/wire.png
wrote bench/campaigns/advisor-batch-1-s0-hunter-pc/runs/cfg-5a495f0a/smoke_bar/t0/wire.png
wrote bench/campaigns/advisor-batch-1-s0-hunter-pc/runs/cfg-5c843d96/cantilever/t0/wire.png
wrote bench/campaigns/advisor-batch-1-s0-hunter-pc/runs/cfg-5c843d96/cylinder/t0/wire.png
wrote bench/campaigns/advisor-batch-1-s0-hunter-pc/runs/cfg-5c843d96/plate_hole/t0/wire.png
wrote bench/campaigns/advisor-batch-1-s0-hunter-pc/runs/cfg-5c843d96/smoke_bar/t0/wire.png
wrote bench/campaigns/advisor-batch-1-s0-hunter-pc/runs/cfg-5c843d96/sphere/t0/wire.png
wrote bench/campaigns/advisor-batch-1-s0-hunter-pc/runs/cfg-67922491/cantilever/t0/wire.png
wrote bench/campaigns/advisor-batch-1-s0-hunter-pc/runs/cfg-67922491/cylinder/t0/wire.png
wrote bench/campaigns/advisor-batch-1-s0-hunter-pc/runs/cfg-67922491/plate_hole/t0/wire.png
wrote bench/campaigns/advisor-batch-1-s0-hunter-pc/runs/cfg-67922491/smoke_bar/t0/wire.png
wrote bench/campaigns/advisor-batch-1-s0-hunter-pc/runs/cfg-67922491/sphere/t0/wire.png
wrote bench/campaigns/advisor-batch-1-s0-hunter-pc/runs/cfg-77964214/cantilever/t0/wire.png
wrote bench/campaigns/advisor-batch-1-s0-hunter-pc/runs/cfg-77964214/cylinder/t0/wire.png
wrote bench/campaigns/advisor-batch-1-s0-hunter-pc/runs/cfg-77964214/plate_hole/t0/wire.png
wrote bench/campaigns/advisor-batch-1-s0-hunter-pc/runs/cfg-77964214/smoke_bar/t0/wire.png
wrote bench/campaigns/advisor-batch-1-s0-hunter-pc/runs/cfg-77964214/sphere/t0/wire.png
wrote bench/campaigns/advisor-batch-1-s0-hunter-pc/runs/cfg-79113a9e/cantilever/t0/wire.png
wrote bench/campaigns/advisor-batch-1-s0-hunter-pc/runs/cfg-79113a9e/cylinder/t0/wire.png
wrote bench/campaigns/advisor-batch-1-s0-hunter-pc/runs/cfg-79113a9e/plate_hole/t0/wire.png
wrote bench/campaigns/advisor-batch-1-s0-hunter-pc/runs/cfg-79113a9e/smoke_bar/t0/wire.png
wrote bench/campaigns/advisor-batch-1-s0-hunter-pc/runs/cfg-7ff640d2/cantilever/t0/wire.png
wrote bench/campaigns/advisor-batch-1-s0-hunter-pc/runs/cfg-7ff640d2/cylinder/t0/wire.png
wrote bench/campaigns/advisor-batch-1-s0-hunter-pc/runs/cfg-7ff640d2/smoke_bar/t0/wire.png
wrote bench/campaigns/advisor-batch-1-s0-hunter-pc/runs/cfg-7ff640d2/sphere/t0/wire.png
wrote bench/campaigns/advisor-batch-1-s0-hunter-pc/runs/cfg-8cebeab3/cantilever/t0/wire.png
wrote bench/campaigns/advisor-batch-1-s0-hunter-pc/runs/cfg-8cebeab3/cylinder/t0/wire.png
wrote bench/campaigns/advisor-batch-1-s0-hunter-pc/runs/cfg-8cebeab3/plate_hole/t0/wire.png
wrote bench/campaigns/advisor-batch-1-s0-hunter-pc/runs/cfg-8cebeab3/smoke_bar/t0/wire.png
wrote bench/campaigns/advisor-batch-1-s0-hunter-pc/runs/cfg-8cebeab3/sphere/t0/wire.png
wrote bench/campaigns/advisor-batch-1-s0-hunter-pc/runs/cfg-9d819bdc/cantilever/t0/wire.png
wrote bench/campaigns/advisor-batch-1-s0-hunter-pc/runs/cfg-9d819bdc/cylinder/t0/wire.png
wrote bench/campaigns/advisor-batch-1-s0-hunter-pc/runs/cfg-9d819bdc/smoke_bar/t0/wire.png
wrote bench/campaigns/advisor-batch-1-s0-hunter-pc/runs/cfg-9d819bdc/sphere/t0/wire.png
wrote bench/campaigns/advisor-batch-1-s0-hunter-pc/runs/cfg-a39e03ff/cantilever/t0/wire.png
wrote bench/campaigns/advisor-batch-1-s0-hunter-pc/runs/cfg-a39e03ff/cylinder/t0/wire.png
wrote bench/campaigns/advisor-batch-1-s0-hunter-pc/runs/cfg-a39e03ff/icecream_cone/t0/wire.png
wrote bench/campaigns/advisor-batch-1-s0-hunter-pc/runs/cfg-a39e03ff/plate_hole/t0/wire.png
wrote bench/campaigns/advisor-batch-1-s0-hunter-pc/runs/cfg-a39e03ff/smoke_bar/t0/wire.png
wrote bench/campaigns/advisor-batch-1-s0-hunter-pc/runs/cfg-a39e03ff/sphere/t0/wire.png
wrote bench/campaigns/advisor-batch-1-s0-hunter-pc/runs/cfg-a5943023/cantilever/t0/wire.png
wrote bench/campaigns/advisor-batch-1-s0-hunter-pc/runs/cfg-a5943023/cylinder/t0/wire.png
wrote bench/campaigns/advisor-batch-1-s0-hunter-pc/runs/cfg-a5943023/icecream_cone/t0/wire.png
wrote bench/campaigns/advisor-batch-1-s0-hunter-pc/runs/cfg-a5943023/plate_hole/t0/wire.png
wrote bench/campaigns/advisor-batch-1-s0-hunter-pc/runs/cfg-a5943023/smoke_bar/t0/wire.png
wrote bench/campaigns/advisor-batch-1-s0-hunter-pc/runs/cfg-a5943023/sphere/t0/wire.png
wrote bench/campaigns/advisor-batch-1-s0-hunter-pc/runs/cfg-a5be2b08/cantilever/t0/wire.png
wrote bench/campaigns/advisor-batch-1-s0-hunter-pc/runs/cfg-a5be2b08/cylinder/t0/wire.png
wrote bench/campaigns/advisor-batch-1-s0-hunter-pc/runs/cfg-a5be2b08/plate_hole/t0/wire.png
wrote bench/campaigns/advisor-batch-1-s0-hunter-pc/runs/cfg-a5be2b08/smoke_bar/t0/wire.png
wrote bench/campaigns/advisor-batch-1-s0-hunter-pc/runs/cfg-a5be2b08/sphere/t0/wire.png
wrote bench/campaigns/advisor-batch-1-s0-hunter-pc/runs/cfg-a708135e/cantilever/t0/wire.png
wrote bench/campaigns/advisor-batch-1-s0-hunter-pc/runs/cfg-a708135e/cylinder/t0/wire.png
wrote bench/campaigns/advisor-batch-1-s0-hunter-pc/runs/cfg-a708135e/plate_hole/t0/wire.png
wrote bench/campaigns/advisor-batch-1-s0-hunter-pc/runs/cfg-a708135e/smoke_bar/t0/wire.png
wrote bench/campaigns/advisor-batch-1-s0-hunter-pc/runs/cfg-a708135e/sphere/t0/wire.png
wrote bench/campaigns/advisor-batch-1-s0-hunter-pc/runs/cfg-a8be2964/cantilever/t0/wire.png
wrote bench/campaigns/advisor-batch-1-s0-hunter-pc/runs/cfg-a8be2964/cylinder/t0/wire.png
wrote bench/campaigns/advisor-batch-1-s0-hunter-pc/runs/cfg-a8be2964/plate_hole/t0/wire.png
wrote bench/campaigns/advisor-batch-1-s0-hunter-pc/runs/cfg-a8be2964/smoke_bar/t0/wire.png
wrote bench/campaigns/advisor-batch-1-s0-hunter-pc/runs/cfg-a91ff0a6/cantilever/t0/wire.png
wrote bench/campaigns/advisor-batch-1-s0-hunter-pc/runs/cfg-a91ff0a6/cylinder/t0/wire.png
wrote bench/campaigns/advisor-batch-1-s0-hunter-pc/runs/cfg-a91ff0a6/icecream_cone/t0/wire.png
wrote bench/campaigns/advisor-batch-1-s0-hunter-pc/runs/cfg-a91ff0a6/plate_hole/t0/wire.png
wrote bench/campaigns/advisor-batch-1-s0-hunter-pc/runs/cfg-a91ff0a6/smoke_bar/t0/wire.png
wrote bench/campaigns/advisor-batch-1-s0-hunter-pc/runs/cfg-a91ff0a6/sphere/t0/wire.png
wrote bench/campaigns/advisor-batch-1-s0-hunter-pc/runs/cfg-aea03c41/cantilever/t0/wire.png
wrote bench/campaigns/advisor-batch-1-s0-hunter-pc/runs/cfg-aea03c41/cylinder/t0/wire.png
wrote bench/campaigns/advisor-batch-1-s0-hunter-pc/runs/cfg-aea03c41/smoke_bar/t0/wire.png
wrote bench/campaigns/advisor-batch-1-s0-hunter-pc/runs/cfg-aea03c41/sphere/t0/wire.png
wrote bench/campaigns/advisor-batch-1-s0-hunter-pc/runs/cfg-b66e3d67/cantilever/t0/wire.png
wrote bench/campaigns/advisor-batch-1-s0-hunter-pc/runs/cfg-b66e3d67/cylinder/t0/wire.png
wrote bench/campaigns/advisor-batch-1-s0-hunter-pc/runs/cfg-b66e3d67/icecream_cone/t0/wire.png
wrote bench/campaigns/advisor-batch-1-s0-hunter-pc/runs/cfg-b66e3d67/plate_hole/t0/wire.png
wrote bench/campaigns/advisor-batch-1-s0-hunter-pc/runs/cfg-b66e3d67/smoke_bar/t0/wire.png
wrote bench/campaigns/advisor-batch-1-s0-hunter-pc/runs/cfg-b66e3d67/sphere/t0/wire.png
wrote bench/campaigns/advisor-batch-1-s0-hunter-pc/runs/cfg-b670f9a6/cantilever/t0/wire.png
wrote bench/campaigns/advisor-batch-1-s0-hunter-pc/runs/cfg-b670f9a6/cylinder/t0/wire.png
wrote bench/campaigns/advisor-batch-1-s0-hunter-pc/runs/cfg-b670f9a6/smoke_bar/t0/wire.png
wrote bench/campaigns/advisor-batch-1-s0-hunter-pc/runs/cfg-b670f9a6/sphere/t0/wire.png
wrote bench/campaigns/advisor-batch-1-s0-hunter-pc/runs/cfg-b7207d3c/cantilever/t0/wire.png
wrote bench/campaigns/advisor-batch-1-s0-hunter-pc/runs/cfg-b7207d3c/cylinder/t0/wire.png
wrote bench/campaigns/advisor-batch-1-s0-hunter-pc/runs/cfg-b7207d3c/smoke_bar/t0/wire.png
wrote bench/campaigns/advisor-batch-1-s0-hunter-pc/runs/cfg-b7207d3c/sphere/t0/wire.png
wrote bench/campaigns/advisor-batch-1-s0-hunter-pc/runs/cfg-bc91db24/cantilever/t0/wire.png
wrote bench/campaigns/advisor-batch-1-s0-hunter-pc/runs/cfg-bc91db24/cylinder/t0/wire.png
wrote bench/campaigns/advisor-batch-1-s0-hunter-pc/runs/cfg-bc91db24/plate_hole/t0/wire.png
wrote bench/campaigns/advisor-batch-1-s0-hunter-pc/runs/cfg-bc91db24/smoke_bar/t0/wire.png
wrote bench/campaigns/advisor-batch-1-s0-hunter-pc/runs/cfg-bd49c936/cantilever/t0/wire.png
wrote bench/campaigns/advisor-batch-1-s0-hunter-pc/runs/cfg-bd49c936/cylinder/t0/wire.png
wrote bench/campaigns/advisor-batch-1-s0-hunter-pc/runs/cfg-bd49c936/plate_hole/t0/wire.png
wrote bench/campaigns/advisor-batch-1-s0-hunter-pc/runs/cfg-bd49c936/smoke_bar/t0/wire.png
wrote bench/campaigns/advisor-batch-1-s0-hunter-pc/runs/cfg-bd49c936/sphere/t0/wire.png
wrote bench/campaigns/advisor-batch-1-s0-hunter-pc/runs/cfg-bd9b6ec5/cantilever/t0/wire.png
wrote bench/campaigns/advisor-batch-1-s0-hunter-pc/runs/cfg-bd9b6ec5/cylinder/t0/wire.png
wrote bench/campaigns/advisor-batch-1-s0-hunter-pc/runs/cfg-bd9b6ec5/plate_hole/t0/wire.png
wrote bench/campaigns/advisor-batch-1-s0-hunter-pc/runs/cfg-bd9b6ec5/smoke_bar/t0/wire.png
wrote bench/campaigns/advisor-batch-1-s0-hunter-pc/runs/cfg-c0eb7123/cantilever/t0/wire.png
wrote bench/campaigns/advisor-batch-1-s0-hunter-pc/runs/cfg-c0eb7123/cylinder/t0/wire.png
wrote bench/campaigns/advisor-batch-1-s0-hunter-pc/runs/cfg-c0eb7123/icecream_cone/t0/wire.png
wrote bench/campaigns/advisor-batch-1-s0-hunter-pc/runs/cfg-c0eb7123/plate_hole/t0/wire.png
wrote bench/campaigns/advisor-batch-1-s0-hunter-pc/runs/cfg-c0eb7123/smoke_bar/t0/wire.png
wrote bench/campaigns/advisor-batch-1-s0-hunter-pc/runs/cfg-c0eb7123/sphere/t0/wire.png
wrote bench/campaigns/advisor-batch-1-s0-hunter-pc/runs/cfg-c24e268e/cantilever/t0/wire.png
wrote bench/campaigns/advisor-batch-1-s0-hunter-pc/runs/cfg-c24e268e/cylinder/t0/wire.png
wrote bench/campaigns/advisor-batch-1-s0-hunter-pc/runs/cfg-c24e268e/smoke_bar/t0/wire.png
wrote bench/campaigns/advisor-batch-1-s0-hunter-pc/runs/cfg-c24e268e/sphere/t0/wire.png
wrote bench/campaigns/advisor-batch-1-s0-hunter-pc/runs/cfg-c5788dcf/cantilever/t0/wire.png
wrote bench/campaigns/advisor-batch-1-s0-hunter-pc/runs/cfg-c5788dcf/cylinder/t0/wire.png
wrote bench/campaigns/advisor-batch-1-s0-hunter-pc/runs/cfg-c5788dcf/plate_hole/t0/wire.png
wrote bench/campaigns/advisor-batch-1-s0-hunter-pc/runs/cfg-c5788dcf/smoke_bar/t0/wire.png
wrote bench/campaigns/advisor-batch-1-s0-hunter-pc/runs/cfg-c5788dcf/sphere/t0/wire.png
wrote bench/campaigns/advisor-batch-1-s0-hunter-pc/runs/cfg-c680f314/cantilever/t0/wire.png
wrote bench/campaigns/advisor-batch-1-s0-hunter-pc/runs/cfg-c680f314/cylinder/t0/wire.png
wrote bench/campaigns/advisor-batch-1-s0-hunter-pc/runs/cfg-c680f314/smoke_bar/t0/wire.png
wrote bench/campaigns/advisor-batch-1-s0-hunter-pc/runs/cfg-c680f314/sphere/t0/wire.png
wrote bench/campaigns/advisor-batch-1-s0-hunter-pc/runs/cfg-c9778778/cantilever/t0/wire.png
wrote bench/campaigns/advisor-batch-1-s0-hunter-pc/runs/cfg-c9778778/cylinder/t0/wire.png
wrote bench/campaigns/advisor-batch-1-s0-hunter-pc/runs/cfg-c9778778/plate_hole/t0/wire.png
wrote bench/campaigns/advisor-batch-1-s0-hunter-pc/runs/cfg-c9778778/smoke_bar/t0/wire.png
wrote bench/campaigns/advisor-batch-1-s0-hunter-pc/runs/cfg-cab1398e/cantilever/t0/wire.png
wrote bench/campaigns/advisor-batch-1-s0-hunter-pc/runs/cfg-cab1398e/cylinder/t0/wire.png
wrote bench/campaigns/advisor-batch-1-s0-hunter-pc/runs/cfg-cab1398e/plate_hole/t0/wire.png
wrote bench/campaigns/advisor-batch-1-s0-hunter-pc/runs/cfg-cab1398e/smoke_bar/t0/wire.png
wrote bench/campaigns/advisor-batch-1-s0-hunter-pc/runs/cfg-cd4d6395/cantilever/t0/wire.png
wrote bench/campaigns/advisor-batch-1-s0-hunter-pc/runs/cfg-cd4d6395/cylinder/t0/wire.png
wrote bench/campaigns/advisor-batch-1-s0-hunter-pc/runs/cfg-cd4d6395/plate_hole/t0/wire.png
wrote bench/campaigns/advisor-batch-1-s0-hunter-pc/runs/cfg-cd4d6395/smoke_bar/t0/wire.png
wrote bench/campaigns/advisor-batch-1-s0-hunter-pc/runs/cfg-cd4d6395/sphere/t0/wire.png
wrote bench/campaigns/advisor-batch-1-s0-hunter-pc/runs/cfg-d09ca47d/cantilever/t0/wire.png
wrote bench/campaigns/advisor-batch-1-s0-hunter-pc/runs/cfg-d09ca47d/cylinder/t0/wire.png
wrote bench/campaigns/advisor-batch-1-s0-hunter-pc/runs/cfg-d09ca47d/plate_hole/t0/wire.png
wrote bench/campaigns/advisor-batch-1-s0-hunter-pc/runs/cfg-d09ca47d/smoke_bar/t0/wire.png
wrote bench/campaigns/advisor-batch-1-s0-hunter-pc/runs/cfg-d286588d/cantilever/t0/wire.png
wrote bench/campaigns/advisor-batch-1-s0-hunter-pc/runs/cfg-d286588d/cylinder/t0/wire.png
wrote bench/campaigns/advisor-batch-1-s0-hunter-pc/runs/cfg-d286588d/plate_hole/t0/wire.png
wrote bench/campaigns/advisor-batch-1-s0-hunter-pc/runs/cfg-d286588d/smoke_bar/t0/wire.png
wrote bench/campaigns/advisor-batch-1-s0-hunter-pc/runs/cfg-d286588d/sphere/t0/wire.png
wrote bench/campaigns/advisor-batch-1-s0-hunter-pc/runs/cfg-d7995871/cantilever/t0/wire.png
wrote bench/campaigns/advisor-batch-1-s0-hunter-pc/runs/cfg-d7995871/cylinder/t0/wire.png
wrote bench/campaigns/advisor-batch-1-s0-hunter-pc/runs/cfg-d7995871/plate_hole/t0/wire.png
wrote bench/campaigns/advisor-batch-1-s0-hunter-pc/runs/cfg-d7995871/smoke_bar/t0/wire.png
wrote bench/campaigns/advisor-batch-1-s0-hunter-pc/runs/cfg-e06f2012/cantilever/t0/wire.png
wrote bench/campaigns/advisor-batch-1-s0-hunter-pc/runs/cfg-e06f2012/cylinder/t0/wire.png
wrote bench/campaigns/advisor-batch-1-s0-hunter-pc/runs/cfg-e06f2012/plate_hole/t0/wire.png
wrote bench/campaigns/advisor-batch-1-s0-hunter-pc/runs/cfg-e06f2012/smoke_bar/t0/wire.png
wrote bench/campaigns/advisor-batch-1-s0-hunter-pc/runs/cfg-e06f2012/sphere/t0/wire.png
wrote bench/campaigns/advisor-batch-1-s0-hunter-pc/runs/cfg-e1d83414/cantilever/t0/wire.png
wrote bench/campaigns/advisor-batch-1-s0-hunter-pc/runs/cfg-e1d83414/cylinder/t0/wire.png
wrote bench/campaigns/advisor-batch-1-s0-hunter-pc/runs/cfg-e1d83414/smoke_bar/t0/wire.png
wrote bench/campaigns/advisor-batch-1-s0-hunter-pc/runs/cfg-e1d83414/sphere/t0/wire.png
wrote bench/campaigns/advisor-batch-1-s0-hunter-pc/runs/cfg-e25e61bb/cantilever/t0/wire.png
wrote bench/campaigns/advisor-batch-1-s0-hunter-pc/runs/cfg-e25e61bb/cylinder/t0/wire.png
wrote bench/campaigns/advisor-batch-1-s0-hunter-pc/runs/cfg-e25e61bb/plate_hole/t0/wire.png
wrote bench/campaigns/advisor-batch-1-s0-hunter-pc/runs/cfg-e25e61bb/smoke_bar/t0/wire.png
wrote bench/campaigns/advisor-batch-1-s0-hunter-pc/runs/cfg-e25e61bb/sphere/t0/wire.png
wrote bench/campaigns/advisor-batch-1-s0-hunter-pc/runs/cfg-e61ac021/cantilever/t0/wire.png
wrote bench/campaigns/advisor-batch-1-s0-hunter-pc/runs/cfg-e61ac021/cylinder/t0/wire.png
wrote bench/campaigns/advisor-batch-1-s0-hunter-pc/runs/cfg-e61ac021/plate_hole/t0/wire.png
wrote bench/campaigns/advisor-batch-1-s0-hunter-pc/runs/cfg-e61ac021/smoke_bar/t0/wire.png
wrote bench/campaigns/advisor-batch-1-s0-hunter-pc/runs/cfg-e61ac021/sphere/t0/wire.png
wrote bench/campaigns/advisor-batch-1-s0-hunter-pc/runs/cfg-f330c8e5/cantilever/t0/wire.png
wrote bench/campaigns/advisor-batch-1-s0-hunter-pc/runs/cfg-f330c8e5/cylinder/t0/wire.png
wrote bench/campaigns/advisor-batch-1-s0-hunter-pc/runs/cfg-f330c8e5/plate_hole/t0/wire.png
wrote bench/campaigns/advisor-batch-1-s0-hunter-pc/runs/cfg-f330c8e5/smoke_bar/t0/wire.png
wrote bench/campaigns/advisor-batch-1-s0-hunter-pc/runs/cfg-f99c4239/cantilever/t0/wire.png
wrote bench/campaigns/advisor-batch-1-s0-hunter-pc/runs/cfg-f99c4239/cylinder/t0/wire.png
wrote bench/campaigns/advisor-batch-1-s0-hunter-pc/runs/cfg-f99c4239/smoke_bar/t0/wire.png
wrote bench/campaigns/advisor-batch-1-s0-hunter-pc/runs/cfg-fd1b959a/cantilever/t0/wire.png
wrote bench/campaigns/advisor-batch-1-s0-hunter-pc/runs/cfg-fd1b959a/cylinder/t0/wire.png
wrote bench/campaigns/advisor-batch-1-s0-hunter-pc/runs/cfg-fd1b959a/plate_hole/t0/wire.png
wrote bench/campaigns/advisor-batch-1-s0-hunter-pc/runs/cfg-fd1b959a/smoke_bar/t0/wire.png
wrote bench/campaigns/advisor-batch-1-s0-hunter-pc/runs/cfg-fd1b959a/sphere/t0/wire.png
wrote bench/campaigns/advisor-batch-1-s0-hunter-pc/runs/cfg-feb7e91d/cantilever/t0/wire.png
wrote bench/campaigns/advisor-batch-1-s0-hunter-pc/runs/cfg-feb7e91d/cylinder/t0/wire.png
wrote bench/campaigns/advisor-batch-1-s0-hunter-pc/runs/cfg-feb7e91d/plate_hole/t0/wire.png
wrote bench/campaigns/advisor-batch-1-s0-hunter-pc/runs/cfg-feb7e91d/smoke_bar/t0/wire.png
wrote bench/campaigns/advisor-batch-1-s0-hunter-pc/runs/cfg-feb7e91d/sphere/t0/wire.png
warehouse_shots: 339 rendered, 0 skipped (exists), 0 failed (339 mesh.vtu total)
finished: 432 runs → /home/hunter/Desktop/Polyhedral-FEA/bench/campaigns/advisor-batch-1-s0-hunter-pc/results.jsonl
=== exit 0 after 208.6s

=== 2026-08-14T22:05:40Z OMP_NUM_THREADS=3 :: /home/hunter/Desktop/Polyhedral-FEA/build/apps/testlab/polymesh_testlab resume /home/hunter/Desktop/Polyhedral-FEA/bench/campaigns/advisor-batch-1-s0-hunter-pc
campaign advisor-batch-1-s0-hunter-pc: 288 configs, 1 parts, 1 tiers
  max_run_wall_s=45 (override all tiers)
  max_pack_wall_s=86400
tier 0: h_scale=1 keep_frac=1 survivors=72 max_run_wall_s=45
  run cfg-5a495f0a part=smoke_bar tier=0 ...
  run cfg-c9778778 part=smoke_bar tier=0 ...
  run cfg-33ea01d5 part=smoke_bar tier=0 ...
  run cfg-e61ac021 part=smoke_bar tier=0 ...
  run cfg-cd4d6395 part=smoke_bar tier=0 ...
  run cfg-5702fde1 part=smoke_bar tier=0 ...
  run cfg-f330c8e5 part=smoke_bar tier=0 ...
  run cfg-d7995871 part=smoke_bar tier=0 ...
  run cfg-1a3643d8 part=smoke_bar tier=0 ...
  run cfg-e06f2012 part=smoke_bar tier=0 ...
  run cfg-fd1b959a part=smoke_bar tier=0 ...
  run cfg-a5be2b08 part=smoke_bar tier=0 ...
  run cfg-10617741 part=smoke_bar tier=0 ...
  run cfg-339f6d8d part=smoke_bar tier=0 ...
  run cfg-358d3914 part=smoke_bar tier=0 ...
  run cfg-289ed88e part=smoke_bar tier=0 ...
  run cfg-a91ff0a6 part=smoke_bar tier=0 ...
  run cfg-1daaf024 part=smoke_bar tier=0 ...
  run cfg-e1d83414 part=smoke_bar tier=0 ...
  run cfg-cab1398e part=smoke_bar tier=0 ...
  run cfg-3abc00cf part=smoke_bar tier=0 ...
  run cfg-480c3d87 part=smoke_bar tier=0 ...
  run cfg-c0eb7123 part=smoke_bar tier=0 ...
  run cfg-244b652b part=smoke_bar tier=0 ...
  run cfg-aea03c41 part=smoke_bar tier=0 ...
  run cfg-3ff64c8d part=smoke_bar tier=0 ...
  run cfg-1a35f814 part=smoke_bar tier=0 ...
  run cfg-203bc58e part=smoke_bar tier=0 ...
  run cfg-475eb5a6 part=smoke_bar tier=0 ...
  run cfg-2a01cf24 part=smoke_bar tier=0 ...
  run cfg-c680f314 part=smoke_bar tier=0 ...
  run cfg-c24e268e part=smoke_bar tier=0 ...
  run cfg-c5788dcf part=smoke_bar tier=0 ...
  run cfg-07b2f487 part=smoke_bar tier=0 ...
  run cfg-a5943023 part=smoke_bar tier=0 ...
  run cfg-1be8522b part=smoke_bar tier=0 ...
  run cfg-2df65cb1 part=smoke_bar tier=0 ...
  run cfg-d09ca47d part=smoke_bar tier=0 ...
  run cfg-141e7704 part=smoke_bar tier=0 ...
  run cfg-309a6f7e part=smoke_bar tier=0 ...
  run cfg-5c843d96 part=smoke_bar tier=0 ...
  run cfg-77964214 part=smoke_bar tier=0 ...
  run cfg-a8be2964 part=smoke_bar tier=0 ...
  run cfg-79113a9e part=smoke_bar tier=0 ...
  run cfg-2bf49c9f part=smoke_bar tier=0 ...
  run cfg-0b140b57 part=smoke_bar tier=0 ...
  run cfg-2756f173 part=smoke_bar tier=0 ...
  run cfg-5422807b part=smoke_bar tier=0 ...
  run cfg-b670f9a6 part=smoke_bar tier=0 ...
  run cfg-bc91db24 part=smoke_bar tier=0 ...
  run cfg-67922491 part=smoke_bar tier=0 ...
  run cfg-feb7e91d part=smoke_bar tier=0 ...
  run cfg-1db28041 part=smoke_bar tier=0 ...
  run cfg-d286588d part=smoke_bar tier=0 ...
  run cfg-f99c4239 part=smoke_bar tier=0 ...
  run cfg-bd9b6ec5 part=smoke_bar tier=0 ...
  run cfg-9d819bdc part=smoke_bar tier=0 ...
  run cfg-bd49c936 part=smoke_bar tier=0 ...
  run cfg-a708135e part=smoke_bar tier=0 ...
  run cfg-25013c1c part=smoke_bar tier=0 ...
  run cfg-3e538a98 part=smoke_bar tier=0 ...
  run cfg-7ff640d2 part=smoke_bar tier=0 ...
  run cfg-8cebeab3 part=smoke_bar tier=0 ...
  run cfg-e25e61bb part=smoke_bar tier=0 ...
  run cfg-b66e3d67 part=smoke_bar tier=0 ...
  run cfg-a39e03ff part=smoke_bar tier=0 ...
  run cfg-25cae84b part=smoke_bar tier=0 ...
  run cfg-0df546d3 part=smoke_bar tier=0 ...
  run cfg-4039b73e part=smoke_bar tier=0 ...
  run cfg-b7207d3c part=smoke_bar tier=0 ...
  run cfg-2c8319fc part=smoke_bar tier=0 ...
  run cfg-1cd6ae16 part=smoke_bar tier=0 ...
warehouse_shots: 0 rendered, 339 skipped (exists), 0 failed (339 mesh.vtu total)
finished: 72 runs → /home/hunter/Desktop/Polyhedral-FEA/bench/campaigns/advisor-batch-1-s0-hunter-pc/results.jsonl
=== exit 0 after 8.1s

=== 2026-08-14T22:05:53Z OMP_NUM_THREADS=3 :: /home/hunter/Desktop/Polyhedral-FEA/build/apps/testlab/polymesh_testlab resume /home/hunter/Desktop/Polyhedral-FEA/bench/campaigns/advisor-batch-1-s0-hunter-pc
campaign advisor-batch-1-s0-hunter-pc: 288 configs, 1 parts, 1 tiers
  max_run_wall_s=45 (override all tiers)
  max_pack_wall_s=86400
tier 0: h_scale=1 keep_frac=1 survivors=72 max_run_wall_s=45
  run cfg-5a495f0a part=icecream_cone tier=0 ...
  run cfg-c9778778 part=icecream_cone tier=0 ...
  run cfg-33ea01d5 part=icecream_cone tier=0 ...
  run cfg-e61ac021 part=icecream_cone tier=0 ...
  run cfg-cd4d6395 part=icecream_cone tier=0 ...
  run cfg-5702fde1 part=icecream_cone tier=0 ...
  run cfg-f330c8e5 part=icecream_cone tier=0 ...
  run cfg-d7995871 part=icecream_cone tier=0 ...
  run cfg-1a3643d8 part=icecream_cone tier=0 ...
  run cfg-e06f2012 part=icecream_cone tier=0 ...
  run cfg-fd1b959a part=icecream_cone tier=0 ...
  run cfg-a5be2b08 part=icecream_cone tier=0 ...
  run cfg-10617741 part=icecream_cone tier=0 ...
  run cfg-339f6d8d part=icecream_cone tier=0 ...
  run cfg-358d3914 part=icecream_cone tier=0 ...
  run cfg-289ed88e part=icecream_cone tier=0 ...
  run cfg-a91ff0a6 part=icecream_cone tier=0 ...
  run cfg-1daaf024 part=icecream_cone tier=0 ...
  run cfg-e1d83414 part=icecream_cone tier=0 ...
  run cfg-cab1398e part=icecream_cone tier=0 ...
  run cfg-3abc00cf part=icecream_cone tier=0 ...
  run cfg-480c3d87 part=icecream_cone tier=0 ...
  run cfg-c0eb7123 part=icecream_cone tier=0 ...
  run cfg-244b652b part=icecream_cone tier=0 ...
  run cfg-aea03c41 part=icecream_cone tier=0 ...
  run cfg-3ff64c8d part=icecream_cone tier=0 ...
  run cfg-1a35f814 part=icecream_cone tier=0 ...
  run cfg-203bc58e part=icecream_cone tier=0 ...
  run cfg-475eb5a6 part=icecream_cone tier=0 ...
  run cfg-2a01cf24 part=icecream_cone tier=0 ...
  run cfg-c680f314 part=icecream_cone tier=0 ...
  run cfg-c24e268e part=icecream_cone tier=0 ...
  run cfg-c5788dcf part=icecream_cone tier=0 ...
  run cfg-07b2f487 part=icecream_cone tier=0 ...
  run cfg-a5943023 part=icecream_cone tier=0 ...
  run cfg-1be8522b part=icecream_cone tier=0 ...
  run cfg-2df65cb1 part=icecream_cone tier=0 ...
  run cfg-d09ca47d part=icecream_cone tier=0 ...
  run cfg-141e7704 part=icecream_cone tier=0 ...
  run cfg-309a6f7e part=icecream_cone tier=0 ...
  run cfg-5c843d96 part=icecream_cone tier=0 ...
  run cfg-77964214 part=icecream_cone tier=0 ...
  run cfg-a8be2964 part=icecream_cone tier=0 ...
  run cfg-79113a9e part=icecream_cone tier=0 ...
  run cfg-2bf49c9f part=icecream_cone tier=0 ...
  run cfg-0b140b57 part=icecream_cone tier=0 ...
  run cfg-2756f173 part=icecream_cone tier=0 ...
  run cfg-5422807b part=icecream_cone tier=0 ...
  run cfg-b670f9a6 part=icecream_cone tier=0 ...
  run cfg-bc91db24 part=icecream_cone tier=0 ...
  run cfg-67922491 part=icecream_cone tier=0 ...
  run cfg-feb7e91d part=icecream_cone tier=0 ...
  run cfg-1db28041 part=icecream_cone tier=0 ...
  run cfg-d286588d part=icecream_cone tier=0 ...
  run cfg-f99c4239 part=icecream_cone tier=0 ...
  run cfg-bd9b6ec5 part=icecream_cone tier=0 ...
  run cfg-9d819bdc part=icecream_cone tier=0 ...
  run cfg-bd49c936 part=icecream_cone tier=0 ...
  run cfg-a708135e part=icecream_cone tier=0 ...
  run cfg-25013c1c part=icecream_cone tier=0 ...
  run cfg-3e538a98 part=icecream_cone tier=0 ...
  run cfg-7ff640d2 part=icecream_cone tier=0 ...
  run cfg-8cebeab3 part=icecream_cone tier=0 ...
  run cfg-e25e61bb part=icecream_cone tier=0 ...
  run cfg-b66e3d67 part=icecream_cone tier=0 ...
  run cfg-a39e03ff part=icecream_cone tier=0 ...
  run cfg-25cae84b part=icecream_cone tier=0 ...
  run cfg-0df546d3 part=icecream_cone tier=0 ...
  run cfg-4039b73e part=icecream_cone tier=0 ...
  run cfg-b7207d3c part=icecream_cone tier=0 ...
  run cfg-2c8319fc part=icecream_cone tier=0 ...
  run cfg-1cd6ae16 part=icecream_cone tier=0 ...
warehouse_shots: 0 rendered, 339 skipped (exists), 0 failed (339 mesh.vtu total)
finished: 72 runs → /home/hunter/Desktop/Polyhedral-FEA/bench/campaigns/advisor-batch-1-s0-hunter-pc/results.jsonl
=== exit 0 after 12.7s
