
=== 2026-08-10T20:56:10Z OMP_NUM_THREADS=2 :: C:\Users\Yakub\Desktop\Polyhedral-FEA\build\apps\testlab\polymesh_testlab.exe resume C:\Users\Yakub\Desktop\Polyhedral-FEA\bench\campaigns\advisor-batch-1-s3
campaign advisor-batch-1-s3: 32 configs, 48 parts, 1 tiers
  max_run_wall_s=45 (override all tiers)
  max_pack_wall_s=86400
tier 0: h_scale=1 keep_frac=1 survivors=8 max_run_wall_s=45
  run cfg-75b3aea6 part=box_hole_s0_c0 tier=0 ...
  run cfg-75b3aea6 part=box_hole_s0_c1 tier=0 ...
  run cfg-75b3aea6 part=box_hole_s1_c0 tier=0 ...
  run cfg-75b3aea6 part=box_hole_s1_c1 tier=0 ...
  run cfg-75b3aea6 part=box_hole_s2_c0 tier=0 ...
  run cfg-75b3aea6 part=box_hole_s2_c1 tier=0 ...
  run cfg-75b3aea6 part=box_hole_s3_c0 tier=0 ...
  run cfg-75b3aea6 part=box_hole_s3_c1 tier=0 ...
  run cfg-75b3aea6 part=channel_s0_c0 tier=0 ...
  run cfg-75b3aea6 part=channel_s0_c1 tier=0 ...
  run cfg-75b3aea6 part=channel_s1_c0 tier=0 ...
  run cfg-75b3aea6 part=channel_s1_c1 tier=0 ...
  run cfg-75b3aea6 part=channel_s2_c0 tier=0 ...
  run cfg-75b3aea6 part=channel_s2_c1 tier=0 ...
  run cfg-75b3aea6 part=channel_s3_c0 tier=0 ...
  run cfg-75b3aea6 part=channel_s3_c1 tier=0 ...
  run cfg-75b3aea6 part=l_bracket_s0_c0 tier=0 ...
  run cfg-75b3aea6 part=l_bracket_s0_c1 tier=0 ...
  run cfg-75b3aea6 part=l_bracket_s1_c0 tier=0 ...
  run cfg-75b3aea6 part=l_bracket_s1_c1 tier=0 ...
  run cfg-75b3aea6 part=l_bracket_s2_c0 tier=0 ...
  run cfg-75b3aea6 part=l_bracket_s2_c1 tier=0 ...
  run cfg-75b3aea6 part=l_bracket_s3_c0 tier=0 ...
  run cfg-75b3aea6 part=l_bracket_s3_c1 tier=0 ...
  run cfg-75b3aea6 part=plate_notch_s0_c0 tier=0 ...
  run cfg-75b3aea6 part=plate_notch_s0_c1 tier=0 ...
  run cfg-75b3aea6 part=plate_notch_s1_c0 tier=0 ...
  run cfg-75b3aea6 part=plate_notch_s1_c1 tier=0 ...
  run cfg-75b3aea6 part=plate_notch_s2_c0 tier=0 ...
  run cfg-75b3aea6 part=plate_notch_s2_c1 tier=0 ...
  run cfg-75b3aea6 part=plate_notch_s3_c0 tier=0 ...
  run cfg-75b3aea6 part=plate_notch_s3_c1 tier=0 ...
  run cfg-75b3aea6 part=sphere_box_s0_c0 tier=0 ...
  run cfg-75b3aea6 part=sphere_box_s0_c1 tier=0 ...
  run cfg-75b3aea6 part=sphere_box_s1_c0 tier=0 ...
  run cfg-75b3aea6 part=sphere_box_s1_c1 tier=0 ...
  run cfg-75b3aea6 part=sphere_box_s2_c0 tier=0 ...
  run cfg-75b3aea6 part=sphere_box_s2_c1 tier=0 ...
  run cfg-75b3aea6 part=sphere_box_s3_c0 tier=0 ...
  run cfg-75b3aea6 part=sphere_box_s3_c1 tier=0 ...
  run cfg-75b3aea6 part=stepped_shaft_s0_c0 tier=0 ...
  run cfg-75b3aea6 part=stepped_shaft_s0_c1 tier=0 ...
  run cfg-75b3aea6 part=stepped_shaft_s1_c0 tier=0 ...
  run cfg-75b3aea6 part=stepped_shaft_s1_c1 tier=0 ...
  run cfg-75b3aea6 part=stepped_shaft_s2_c0 tier=0 ...
  run cfg-75b3aea6 part=stepped_shaft_s2_c1 tier=0 ...
  run cfg-75b3aea6 part=stepped_shaft_s3_c0 tier=0 ...
  run cfg-75b3aea6 part=stepped_shaft_s3_c1 tier=0 ...
  run cfg-ba90b861 part=box_hole_s0_c0 tier=0 ...
  run cfg-ba90b861 part=box_hole_s0_c1 tier=0 ...
  run cfg-ba90b861 part=box_hole_s1_c0 tier=0 ...
  run cfg-ba90b861 part=box_hole_s1_c1 tier=0 ...
  run cfg-ba90b861 part=box_hole_s2_c0 tier=0 ...
  run cfg-ba90b861 part=box_hole_s2_c1 tier=0 ...
  run cfg-ba90b861 part=box_hole_s3_c0 tier=0 ...
  run cfg-ba90b861 part=box_hole_s3_c1 tier=0 ...
  run cfg-ba90b861 part=channel_s0_c0 tier=0 ...
  run cfg-ba90b861 part=channel_s0_c1 tier=0 ...
  run cfg-ba90b861 part=channel_s1_c0 tier=0 ...
  run cfg-ba90b861 part=channel_s1_c1 tier=0 ...
  run cfg-ba90b861 part=channel_s2_c0 tier=0 ...
  run cfg-ba90b861 part=channel_s2_c1 tier=0 ...
  run cfg-ba90b861 part=channel_s3_c0 tier=0 ...
  run cfg-ba90b861 part=channel_s3_c1 tier=0 ...
  run cfg-ba90b861 part=l_bracket_s0_c0 tier=0 ...
  run cfg-ba90b861 part=l_bracket_s0_c1 tier=0 ...
  run cfg-ba90b861 part=l_bracket_s1_c0 tier=0 ...
  run cfg-ba90b861 part=l_bracket_s1_c1 tier=0 ...
  run cfg-ba90b861 part=l_bracket_s2_c0 tier=0 ...
  run cfg-ba90b861 part=l_bracket_s2_c1 tier=0 ...
  run cfg-ba90b861 part=l_bracket_s3_c0 tier=0 ...
  run cfg-ba90b861 part=l_bracket_s3_c1 tier=0 ...
  run cfg-ba90b861 part=plate_notch_s0_c0 tier=0 ...
  run cfg-ba90b861 part=plate_notch_s0_c1 tier=0 ...
  run cfg-ba90b861 part=plate_notch_s1_c0 tier=0 ...
  run cfg-ba90b861 part=plate_notch_s1_c1 tier=0 ...
  run cfg-ba90b861 part=plate_notch_s2_c0 tier=0 ...
  run cfg-ba90b861 part=plate_notch_s2_c1 tier=0 ...
  run cfg-ba90b861 part=plate_notch_s3_c0 tier=0 ...
  run cfg-ba90b861 part=plate_notch_s3_c1 tier=0 ...
  run cfg-ba90b861 part=sphere_box_s0_c0 tier=0 ...
  run cfg-ba90b861 part=sphere_box_s0_c1 tier=0 ...
  run cfg-ba90b861 part=sphere_box_s1_c0 tier=0 ...
  run cfg-ba90b861 part=sphere_box_s1_c1 tier=0 ...
  run cfg-ba90b861 part=sphere_box_s2_c0 tier=0 ...
  run cfg-ba90b861 part=sphere_box_s2_c1 tier=0 ...
  run cfg-ba90b861 part=sphere_box_s3_c0 tier=0 ...
  run cfg-ba90b861 part=sphere_box_s3_c1 tier=0 ...
  run cfg-ba90b861 part=stepped_shaft_s0_c0 tier=0 ...
  run cfg-ba90b861 part=stepped_shaft_s0_c1 tier=0 ...
  run cfg-ba90b861 part=stepped_shaft_s1_c0 tier=0 ...
  run cfg-ba90b861 part=stepped_shaft_s1_c1 tier=0 ...
  run cfg-ba90b861 part=stepped_shaft_s2_c0 tier=0 ...
  run cfg-ba90b861 part=stepped_shaft_s2_c1 tier=0 ...
  run cfg-ba90b861 part=stepped_shaft_s3_c0 tier=0 ...
  run cfg-ba90b861 part=stepped_shaft_s3_c1 tier=0 ...
  run cfg-dec32237 part=box_hole_s0_c0 tier=0 ...
  run cfg-dec32237 part=box_hole_s0_c1 tier=0 ...
  run cfg-dec32237 part=box_hole_s1_c0 tier=0 ...
  run cfg-dec32237 part=box_hole_s1_c1 tier=0 ...
  run cfg-dec32237 part=box_hole_s2_c0 tier=0 ...
  run cfg-dec32237 part=box_hole_s2_c1 tier=0 ...
  run cfg-dec32237 part=box_hole_s3_c0 tier=0 ...
  run cfg-dec32237 part=box_hole_s3_c1 tier=0 ...
  run cfg-dec32237 part=channel_s0_c0 tier=0 ...
  run cfg-dec32237 part=channel_s0_c1 tier=0 ...
  run cfg-dec32237 part=channel_s1_c0 tier=0 ...
  run cfg-dec32237 part=channel_s1_c1 tier=0 ...
  run cfg-dec32237 part=channel_s2_c0 tier=0 ...
  run cfg-dec32237 part=channel_s2_c1 tier=0 ...
  run cfg-dec32237 part=channel_s3_c0 tier=0 ...
  run cfg-dec32237 part=channel_s3_c1 tier=0 ...
  run cfg-dec32237 part=l_bracket_s0_c0 tier=0 ...
  run cfg-dec32237 part=l_bracket_s0_c1 tier=0 ...
  run cfg-dec32237 part=l_bracket_s1_c0 tier=0 ...
  run cfg-dec32237 part=l_bracket_s1_c1 tier=0 ...
  run cfg-dec32237 part=l_bracket_s2_c0 tier=0 ...
  run cfg-dec32237 part=l_bracket_s2_c1 tier=0 ...
  run cfg-dec32237 part=l_bracket_s3_c0 tier=0 ...
  run cfg-dec32237 part=l_bracket_s3_c1 tier=0 ...
  run cfg-dec32237 part=plate_notch_s0_c0 tier=0 ...
  run cfg-dec32237 part=plate_notch_s0_c1 tier=0 ...
  run cfg-dec32237 part=plate_notch_s1_c0 tier=0 ...
  run cfg-dec32237 part=plate_notch_s1_c1 tier=0 ...
  run cfg-dec32237 part=plate_notch_s2_c0 tier=0 ...
  run cfg-dec32237 part=plate_notch_s2_c1 tier=0 ...
  run cfg-dec32237 part=plate_notch_s3_c0 tier=0 ...
  run cfg-dec32237 part=plate_notch_s3_c1 tier=0 ...
  run cfg-dec32237 part=sphere_box_s0_c0 tier=0 ...
  run cfg-dec32237 part=sphere_box_s0_c1 tier=0 ...
  run cfg-dec32237 part=sphere_box_s1_c0 tier=0 ...
  run cfg-dec32237 part=sphere_box_s1_c1 tier=0 ...
  run cfg-dec32237 part=sphere_box_s2_c0 tier=0 ...
  run cfg-dec32237 part=sphere_box_s2_c1 tier=0 ...
  run cfg-dec32237 part=sphere_box_s3_c0 tier=0 ...
  run cfg-dec32237 part=sphere_box_s3_c1 tier=0 ...
  run cfg-dec32237 part=stepped_shaft_s0_c0 tier=0 ...
  run cfg-dec32237 part=stepped_shaft_s0_c1 tier=0 ...
  run cfg-dec32237 part=stepped_shaft_s1_c0 tier=0 ...
  run cfg-dec32237 part=stepped_shaft_s1_c1 tier=0 ...
  run cfg-dec32237 part=stepped_shaft_s2_c0 tier=0 ...
  run cfg-dec32237 part=stepped_shaft_s2_c1 tier=0 ...
  run cfg-dec32237 part=stepped_shaft_s3_c0 tier=0 ...
  run cfg-dec32237 part=stepped_shaft_s3_c1 tier=0 ...
  run cfg-e01963f2 part=box_hole_s0_c0 tier=0 ...
  run cfg-e01963f2 part=box_hole_s0_c1 tier=0 ...
  run cfg-e01963f2 part=box_hole_s1_c0 tier=0 ...
  run cfg-e01963f2 part=box_hole_s1_c1 tier=0 ...
  run cfg-e01963f2 part=box_hole_s2_c0 tier=0 ...
  run cfg-e01963f2 part=box_hole_s2_c1 tier=0 ...
  run cfg-e01963f2 part=box_hole_s3_c0 tier=0 ...
  run cfg-e01963f2 part=box_hole_s3_c1 tier=0 ...
  run cfg-e01963f2 part=channel_s0_c0 tier=0 ...
  run cfg-e01963f2 part=channel_s0_c1 tier=0 ...
  run cfg-e01963f2 part=channel_s1_c0 tier=0 ...
  run cfg-e01963f2 part=channel_s1_c1 tier=0 ...
  run cfg-e01963f2 part=channel_s2_c0 tier=0 ...
  run cfg-e01963f2 part=channel_s2_c1 tier=0 ...
  run cfg-e01963f2 part=channel_s3_c0 tier=0 ...
  run cfg-e01963f2 part=channel_s3_c1 tier=0 ...
  run cfg-e01963f2 part=l_bracket_s0_c0 tier=0 ...
  run cfg-e01963f2 part=l_bracket_s0_c1 tier=0 ...
  run cfg-e01963f2 part=l_bracket_s1_c0 tier=0 ...
  run cfg-e01963f2 part=l_bracket_s1_c1 tier=0 ...
  run cfg-e01963f2 part=l_bracket_s2_c0 tier=0 ...
  run cfg-e01963f2 part=l_bracket_s2_c1 tier=0 ...
  run cfg-e01963f2 part=l_bracket_s3_c0 tier=0 ...
  run cfg-e01963f2 part=l_bracket_s3_c1 tier=0 ...
  run cfg-e01963f2 part=plate_notch_s0_c0 tier=0 ...
  run cfg-e01963f2 part=plate_notch_s0_c1 tier=0 ...
  run cfg-e01963f2 part=plate_notch_s1_c0 tier=0 ...
  run cfg-e01963f2 part=plate_notch_s1_c1 tier=0 ...
  run cfg-e01963f2 part=plate_notch_s2_c0 tier=0 ...
  run cfg-e01963f2 part=plate_notch_s2_c1 tier=0 ...
  run cfg-e01963f2 part=plate_notch_s3_c0 tier=0 ...
  run cfg-e01963f2 part=plate_notch_s3_c1 tier=0 ...
  run cfg-e01963f2 part=sphere_box_s0_c0 tier=0 ...
  run cfg-e01963f2 part=sphere_box_s0_c1 tier=0 ...
  run cfg-e01963f2 part=sphere_box_s1_c0 tier=0 ...
  run cfg-e01963f2 part=sphere_box_s1_c1 tier=0 ...
  run cfg-e01963f2 part=sphere_box_s2_c0 tier=0 ...
  run cfg-e01963f2 part=sphere_box_s2_c1 tier=0 ...
  run cfg-e01963f2 part=sphere_box_s3_c0 tier=0 ...
  run cfg-e01963f2 part=sphere_box_s3_c1 tier=0 ...
  run cfg-e01963f2 part=stepped_shaft_s0_c0 tier=0 ...
  run cfg-e01963f2 part=stepped_shaft_s0_c1 tier=0 ...
  run cfg-e01963f2 part=stepped_shaft_s1_c0 tier=0 ...
  run cfg-e01963f2 part=stepped_shaft_s1_c1 tier=0 ...
  run cfg-e01963f2 part=stepped_shaft_s2_c0 tier=0 ...
  run cfg-e01963f2 part=stepped_shaft_s2_c1 tier=0 ...
  run cfg-e01963f2 part=stepped_shaft_s3_c0 tier=0 ...
  run cfg-e01963f2 part=stepped_shaft_s3_c1 tier=0 ...
  run cfg-eebb9de5 part=box_hole_s0_c0 tier=0 ...
  run cfg-eebb9de5 part=box_hole_s0_c1 tier=0 ...
  run cfg-eebb9de5 part=box_hole_s1_c0 tier=0 ...
  run cfg-eebb9de5 part=box_hole_s1_c1 tier=0 ...
  run cfg-eebb9de5 part=box_hole_s2_c0 tier=0 ...
  run cfg-eebb9de5 part=box_hole_s2_c1 tier=0 ...
  run cfg-eebb9de5 part=box_hole_s3_c0 tier=0 ...
  run cfg-eebb9de5 part=box_hole_s3_c1 tier=0 ...
  run cfg-eebb9de5 part=channel_s0_c0 tier=0 ...
  run cfg-eebb9de5 part=channel_s0_c1 tier=0 ...
  run cfg-eebb9de5 part=channel_s1_c0 tier=0 ...
  run cfg-eebb9de5 part=channel_s1_c1 tier=0 ...
  run cfg-eebb9de5 part=channel_s2_c0 tier=0 ...
  run cfg-eebb9de5 part=channel_s2_c1 tier=0 ...
  run cfg-eebb9de5 part=channel_s3_c0 tier=0 ...
  run cfg-eebb9de5 part=channel_s3_c1 tier=0 ...
  run cfg-eebb9de5 part=l_bracket_s0_c0 tier=0 ...
  run cfg-eebb9de5 part=l_bracket_s0_c1 tier=0 ...
  run cfg-eebb9de5 part=l_bracket_s1_c0 tier=0 ...
  run cfg-eebb9de5 part=l_bracket_s1_c1 tier=0 ...
  run cfg-eebb9de5 part=l_bracket_s2_c0 tier=0 ...
  run cfg-eebb9de5 part=l_bracket_s2_c1 tier=0 ...
  run cfg-eebb9de5 part=l_bracket_s3_c0 tier=0 ...
  run cfg-eebb9de5 part=l_bracket_s3_c1 tier=0 ...
  run cfg-eebb9de5 part=plate_notch_s0_c0 tier=0 ...
  run cfg-eebb9de5 part=plate_notch_s0_c1 tier=0 ...
  run cfg-eebb9de5 part=plate_notch_s1_c0 tier=0 ...
  run cfg-eebb9de5 part=plate_notch_s1_c1 tier=0 ...
  run cfg-eebb9de5 part=plate_notch_s2_c0 tier=0 ...
  run cfg-eebb9de5 part=plate_notch_s2_c1 tier=0 ...
  run cfg-eebb9de5 part=plate_notch_s3_c0 tier=0 ...
  run cfg-eebb9de5 part=plate_notch_s3_c1 tier=0 ...
  run cfg-eebb9de5 part=sphere_box_s0_c0 tier=0 ...
  run cfg-eebb9de5 part=sphere_box_s0_c1 tier=0 ...
  run cfg-eebb9de5 part=sphere_box_s1_c0 tier=0 ...
  run cfg-eebb9de5 part=sphere_box_s1_c1 tier=0 ...
  run cfg-eebb9de5 part=sphere_box_s2_c0 tier=0 ...
  run cfg-eebb9de5 part=sphere_box_s2_c1 tier=0 ...
  run cfg-eebb9de5 part=sphere_box_s3_c0 tier=0 ...
  run cfg-eebb9de5 part=sphere_box_s3_c1 tier=0 ...
  run cfg-eebb9de5 part=stepped_shaft_s0_c0 tier=0 ...
  run cfg-eebb9de5 part=stepped_shaft_s0_c1 tier=0 ...
  run cfg-eebb9de5 part=stepped_shaft_s1_c0 tier=0 ...
  run cfg-eebb9de5 part=stepped_shaft_s1_c1 tier=0 ...
  run cfg-eebb9de5 part=stepped_shaft_s2_c0 tier=0 ...
  run cfg-eebb9de5 part=stepped_shaft_s2_c1 tier=0 ...
  run cfg-eebb9de5 part=stepped_shaft_s3_c0 tier=0 ...
  run cfg-eebb9de5 part=stepped_shaft_s3_c1 tier=0 ...
  run cfg-97d33ab4 part=box_hole_s0_c0 tier=0 ...
  run cfg-97d33ab4 part=box_hole_s0_c1 tier=0 ...
  run cfg-97d33ab4 part=box_hole_s1_c0 tier=0 ...
  run cfg-97d33ab4 part=box_hole_s1_c1 tier=0 ...
  run cfg-97d33ab4 part=box_hole_s2_c0 tier=0 ...
  run cfg-97d33ab4 part=box_hole_s2_c1 tier=0 ...
  run cfg-97d33ab4 part=box_hole_s3_c0 tier=0 ...
  run cfg-97d33ab4 part=box_hole_s3_c1 tier=0 ...
  run cfg-97d33ab4 part=channel_s0_c0 tier=0 ...
  run cfg-97d33ab4 part=channel_s0_c1 tier=0 ...
  run cfg-97d33ab4 part=channel_s1_c0 tier=0 ...
  run cfg-97d33ab4 part=channel_s1_c1 tier=0 ...
  run cfg-97d33ab4 part=channel_s2_c0 tier=0 ...
  run cfg-97d33ab4 part=channel_s2_c1 tier=0 ...
  run cfg-97d33ab4 part=channel_s3_c0 tier=0 ...
  run cfg-97d33ab4 part=channel_s3_c1 tier=0 ...
  run cfg-97d33ab4 part=l_bracket_s0_c0 tier=0 ...
  run cfg-97d33ab4 part=l_bracket_s0_c1 tier=0 ...
  run cfg-97d33ab4 part=l_bracket_s1_c0 tier=0 ...
  run cfg-97d33ab4 part=l_bracket_s1_c1 tier=0 ...
  run cfg-97d33ab4 part=l_bracket_s2_c0 tier=0 ...
  run cfg-97d33ab4 part=l_bracket_s2_c1 tier=0 ...
  run cfg-97d33ab4 part=l_bracket_s3_c0 tier=0 ...
  run cfg-97d33ab4 part=l_bracket_s3_c1 tier=0 ...
  run cfg-97d33ab4 part=plate_notch_s0_c0 tier=0 ...
  run cfg-97d33ab4 part=plate_notch_s0_c1 tier=0 ...
  run cfg-97d33ab4 part=plate_notch_s1_c0 tier=0 ...
  run cfg-97d33ab4 part=plate_notch_s1_c1 tier=0 ...
  run cfg-97d33ab4 part=plate_notch_s2_c0 tier=0 ...
  run cfg-97d33ab4 part=plate_notch_s2_c1 tier=0 ...
  run cfg-97d33ab4 part=plate_notch_s3_c0 tier=0 ...
  run cfg-97d33ab4 part=plate_notch_s3_c1 tier=0 ...
  run cfg-97d33ab4 part=sphere_box_s0_c0 tier=0 ...
  run cfg-97d33ab4 part=sphere_box_s0_c1 tier=0 ...
  run cfg-97d33ab4 part=sphere_box_s1_c0 tier=0 ...
  run cfg-97d33ab4 part=sphere_box_s1_c1 tier=0 ...
  run cfg-97d33ab4 part=sphere_box_s2_c0 tier=0 ...
  run cfg-97d33ab4 part=sphere_box_s2_c1 tier=0 ...
  run cfg-97d33ab4 part=sphere_box_s3_c0 tier=0 ...
  run cfg-97d33ab4 part=sphere_box_s3_c1 tier=0 ...
  run cfg-97d33ab4 part=stepped_shaft_s0_c0 tier=0 ...
  run cfg-97d33ab4 part=stepped_shaft_s0_c1 tier=0 ...
  run cfg-97d33ab4 part=stepped_shaft_s1_c0 tier=0 ...
  run cfg-97d33ab4 part=stepped_shaft_s1_c1 tier=0 ...
  run cfg-97d33ab4 part=stepped_shaft_s2_c0 tier=0 ...
  run cfg-97d33ab4 part=stepped_shaft_s2_c1 tier=0 ...
  run cfg-97d33ab4 part=stepped_shaft_s3_c0 tier=0 ...
  run cfg-97d33ab4 part=stepped_shaft_s3_c1 tier=0 ...
  run cfg-8c06ef12 part=box_hole_s0_c0 tier=0 ...
  run cfg-8c06ef12 part=box_hole_s0_c1 tier=0 ...
  run cfg-8c06ef12 part=box_hole_s1_c0 tier=0 ...
  run cfg-8c06ef12 part=box_hole_s1_c1 tier=0 ...
  run cfg-8c06ef12 part=box_hole_s2_c0 tier=0 ...
  run cfg-8c06ef12 part=box_hole_s2_c1 tier=0 ...
  run cfg-8c06ef12 part=box_hole_s3_c0 tier=0 ...
  run cfg-8c06ef12 part=box_hole_s3_c1 tier=0 ...
  run cfg-8c06ef12 part=channel_s0_c0 tier=0 ...
  run cfg-8c06ef12 part=channel_s0_c1 tier=0 ...
  run cfg-8c06ef12 part=channel_s1_c0 tier=0 ...
  run cfg-8c06ef12 part=channel_s1_c1 tier=0 ...
  run cfg-8c06ef12 part=channel_s2_c0 tier=0 ...
  run cfg-8c06ef12 part=channel_s2_c1 tier=0 ...
  run cfg-8c06ef12 part=channel_s3_c0 tier=0 ...
  run cfg-8c06ef12 part=channel_s3_c1 tier=0 ...
  run cfg-8c06ef12 part=l_bracket_s0_c0 tier=0 ...
  run cfg-8c06ef12 part=l_bracket_s0_c1 tier=0 ...
  run cfg-8c06ef12 part=l_bracket_s1_c0 tier=0 ...
  run cfg-8c06ef12 part=l_bracket_s1_c1 tier=0 ...
  run cfg-8c06ef12 part=l_bracket_s2_c0 tier=0 ...
  run cfg-8c06ef12 part=l_bracket_s2_c1 tier=0 ...
  run cfg-8c06ef12 part=l_bracket_s3_c0 tier=0 ...
  run cfg-8c06ef12 part=l_bracket_s3_c1 tier=0 ...
  run cfg-8c06ef12 part=plate_notch_s0_c0 tier=0 ...
  run cfg-8c06ef12 part=plate_notch_s0_c1 tier=0 ...
  run cfg-8c06ef12 part=plate_notch_s1_c0 tier=0 ...
  run cfg-8c06ef12 part=plate_notch_s1_c1 tier=0 ...
  run cfg-8c06ef12 part=plate_notch_s2_c0 tier=0 ...
  run cfg-8c06ef12 part=plate_notch_s2_c1 tier=0 ...
  run cfg-8c06ef12 part=plate_notch_s3_c0 tier=0 ...
  run cfg-8c06ef12 part=plate_notch_s3_c1 tier=0 ...
  run cfg-8c06ef12 part=sphere_box_s0_c0 tier=0 ...
  run cfg-8c06ef12 part=sphere_box_s0_c1 tier=0 ...
  run cfg-8c06ef12 part=sphere_box_s1_c0 tier=0 ...
  run cfg-8c06ef12 part=sphere_box_s1_c1 tier=0 ...
  run cfg-8c06ef12 part=sphere_box_s2_c0 tier=0 ...
  run cfg-8c06ef12 part=sphere_box_s2_c1 tier=0 ...
  run cfg-8c06ef12 part=sphere_box_s3_c0 tier=0 ...
  run cfg-8c06ef12 part=sphere_box_s3_c1 tier=0 ...
  run cfg-8c06ef12 part=stepped_shaft_s0_c0 tier=0 ...
  run cfg-8c06ef12 part=stepped_shaft_s0_c1 tier=0 ...
  run cfg-8c06ef12 part=stepped_shaft_s1_c0 tier=0 ...
  run cfg-8c06ef12 part=stepped_shaft_s1_c1 tier=0 ...
  run cfg-8c06ef12 part=stepped_shaft_s2_c0 tier=0 ...
  run cfg-8c06ef12 part=stepped_shaft_s2_c1 tier=0 ...
  run cfg-8c06ef12 part=stepped_shaft_s3_c0 tier=0 ...
  run cfg-8c06ef12 part=stepped_shaft_s3_c1 tier=0 ...
  run cfg-463ea325 part=box_hole_s0_c0 tier=0 ...
  run cfg-463ea325 part=box_hole_s0_c1 tier=0 ...
  run cfg-463ea325 part=box_hole_s1_c0 tier=0 ...
  run cfg-463ea325 part=box_hole_s1_c1 tier=0 ...
  run cfg-463ea325 part=box_hole_s2_c0 tier=0 ...
  run cfg-463ea325 part=box_hole_s2_c1 tier=0 ...
  run cfg-463ea325 part=box_hole_s3_c0 tier=0 ...
  run cfg-463ea325 part=box_hole_s3_c1 tier=0 ...
  run cfg-463ea325 part=channel_s0_c0 tier=0 ...
  run cfg-463ea325 part=channel_s0_c1 tier=0 ...
  run cfg-463ea325 part=channel_s1_c0 tier=0 ...
  run cfg-463ea325 part=channel_s1_c1 tier=0 ...
  run cfg-463ea325 part=channel_s2_c0 tier=0 ...
  run cfg-463ea325 part=channel_s2_c1 tier=0 ...
  run cfg-463ea325 part=channel_s3_c0 tier=0 ...
  run cfg-463ea325 part=channel_s3_c1 tier=0 ...
  run cfg-463ea325 part=l_bracket_s0_c0 tier=0 ...
  run cfg-463ea325 part=l_bracket_s0_c1 tier=0 ...
  run cfg-463ea325 part=l_bracket_s1_c0 tier=0 ...
  run cfg-463ea325 part=l_bracket_s1_c1 tier=0 ...
  run cfg-463ea325 part=l_bracket_s2_c0 tier=0 ...
  run cfg-463ea325 part=l_bracket_s2_c1 tier=0 ...
  run cfg-463ea325 part=l_bracket_s3_c0 tier=0 ...
  run cfg-463ea325 part=l_bracket_s3_c1 tier=0 ...
  run cfg-463ea325 part=plate_notch_s0_c0 tier=0 ...
  run cfg-463ea325 part=plate_notch_s0_c1 tier=0 ...
  run cfg-463ea325 part=plate_notch_s1_c0 tier=0 ...
  run cfg-463ea325 part=plate_notch_s1_c1 tier=0 ...
  run cfg-463ea325 part=plate_notch_s2_c0 tier=0 ...
  run cfg-463ea325 part=plate_notch_s2_c1 tier=0 ...
  run cfg-463ea325 part=plate_notch_s3_c0 tier=0 ...
  run cfg-463ea325 part=plate_notch_s3_c1 tier=0 ...
  run cfg-463ea325 part=sphere_box_s0_c0 tier=0 ...
  run cfg-463ea325 part=sphere_box_s0_c1 tier=0 ...
  run cfg-463ea325 part=sphere_box_s1_c0 tier=0 ...
  run cfg-463ea325 part=sphere_box_s1_c1 tier=0 ...
  run cfg-463ea325 part=sphere_box_s2_c0 tier=0 ...
  run cfg-463ea325 part=sphere_box_s2_c1 tier=0 ...
  run cfg-463ea325 part=sphere_box_s3_c0 tier=0 ...
  run cfg-463ea325 part=sphere_box_s3_c1 tier=0 ...
  run cfg-463ea325 part=stepped_shaft_s0_c0 tier=0 ...
  run cfg-463ea325 part=stepped_shaft_s0_c1 tier=0 ...
  run cfg-463ea325 part=stepped_shaft_s1_c0 tier=0 ...
  run cfg-463ea325 part=stepped_shaft_s1_c1 tier=0 ...
  run cfg-463ea325 part=stepped_shaft_s2_c0 tier=0 ...
  run cfg-463ea325 part=stepped_shaft_s2_c1 tier=0 ...
  run cfg-463ea325 part=stepped_shaft_s3_c0 tier=0 ...
  run cfg-463ea325 part=stepped_shaft_s3_c1 tier=0 ...
Could not find platform independent libraries <prefix>
wrote bench\campaigns\advisor-batch-1-s3\runs\cfg-463ea325\box_hole_s0_c0\t0\wire.png
wrote bench\campaigns\advisor-batch-1-s3\runs\cfg-463ea325\box_hole_s0_c1\t0\wire.png
wrote bench\campaigns\advisor-batch-1-s3\runs\cfg-463ea325\box_hole_s1_c0\t0\wire.png
wrote bench\campaigns\advisor-batch-1-s3\runs\cfg-463ea325\box_hole_s1_c1\t0\wire.png
wrote bench\campaigns\advisor-batch-1-s3\runs\cfg-463ea325\box_hole_s2_c0\t0\wire.png
wrote bench\campaigns\advisor-batch-1-s3\runs\cfg-463ea325\box_hole_s2_c1\t0\wire.png
wrote bench\campaigns\advisor-batch-1-s3\runs\cfg-463ea325\box_hole_s3_c0\t0\wire.png
wrote bench\campaigns\advisor-batch-1-s3\runs\cfg-463ea325\box_hole_s3_c1\t0\wire.png
wrote bench\campaigns\advisor-batch-1-s3\runs\cfg-463ea325\channel_s3_c0\t0\wire.png
wrote bench\campaigns\advisor-batch-1-s3\runs\cfg-463ea325\channel_s3_c1\t0\wire.png
wrote bench\campaigns\advisor-batch-1-s3\runs\cfg-463ea325\l_bracket_s0_c0\t0\wire.png
wrote bench\campaigns\advisor-batch-1-s3\runs\cfg-463ea325\l_bracket_s0_c1\t0\wire.png
wrote bench\campaigns\advisor-batch-1-s3\runs\cfg-463ea325\l_bracket_s1_c0\t0\wire.png
wrote bench\campaigns\advisor-batch-1-s3\runs\cfg-463ea325\l_bracket_s1_c1\t0\wire.png
wrote bench\campaigns\advisor-batch-1-s3\runs\cfg-463ea325\l_bracket_s2_c0\t0\wire.png
wrote bench\campaigns\advisor-batch-1-s3\runs\cfg-463ea325\l_bracket_s2_c1\t0\wire.png
wrote bench\campaigns\advisor-batch-1-s3\runs\cfg-463ea325\l_bracket_s3_c0\t0\wire.png
wrote bench\campaigns\advisor-batch-1-s3\runs\cfg-463ea325\l_bracket_s3_c1\t0\wire.png
wrote bench\campaigns\advisor-batch-1-s3\runs\cfg-463ea325\plate_notch_s0_c0\t0\wire.png
wrote bench\campaigns\advisor-batch-1-s3\runs\cfg-463ea325\plate_notch_s0_c1\t0\wire.png
wrote bench\campaigns\advisor-batch-1-s3\runs\cfg-463ea325\plate_notch_s1_c0\t0\wire.png
wrote bench\campaigns\advisor-batch-1-s3\runs\cfg-463ea325\plate_notch_s1_c1\t0\wire.png
wrote bench\campaigns\advisor-batch-1-s3\runs\cfg-463ea325\plate_notch_s2_c0\t0\wire.png
wrote bench\campaigns\advisor-batch-1-s3\runs\cfg-463ea325\plate_notch_s2_c1\t0\wire.png
wrote bench\campaigns\advisor-batch-1-s3\runs\cfg-463ea325\plate_notch_s3_c0\t0\wire.png
wrote bench\campaigns\advisor-batch-1-s3\runs\cfg-463ea325\plate_notch_s3_c1\t0\wire.png
wrote bench\campaigns\advisor-batch-1-s3\runs\cfg-463ea325\sphere_box_s0_c1\t0\wire.png
wrote bench\campaigns\advisor-batch-1-s3\runs\cfg-463ea325\sphere_box_s1_c0\t0\wire.png
wrote bench\campaigns\advisor-batch-1-s3\runs\cfg-463ea325\sphere_box_s1_c1\t0\wire.png
wrote bench\campaigns\advisor-batch-1-s3\runs\cfg-463ea325\sphere_box_s2_c0\t0\wire.png
wrote bench\campaigns\advisor-batch-1-s3\runs\cfg-463ea325\sphere_box_s2_c1\t0\wire.png
wrote bench\campaigns\advisor-batch-1-s3\runs\cfg-463ea325\sphere_box_s3_c0\t0\wire.png
wrote bench\campaigns\advisor-batch-1-s3\runs\cfg-463ea325\sphere_box_s3_c1\t0\wire.png
wrote bench\campaigns\advisor-batch-1-s3\runs\cfg-463ea325\stepped_shaft_s0_c0\t0\wire.png
wrote bench\campaigns\advisor-batch-1-s3\runs\cfg-463ea325\stepped_shaft_s0_c1\t0\wire.png
wrote bench\campaigns\advisor-batch-1-s3\runs\cfg-463ea325\stepped_shaft_s1_c0\t0\wire.png
wrote bench\campaigns\advisor-batch-1-s3\runs\cfg-463ea325\stepped_shaft_s1_c1\t0\wire.png
wrote bench\campaigns\advisor-batch-1-s3\runs\cfg-463ea325\stepped_shaft_s2_c0\t0\wire.png
wrote bench\campaigns\advisor-batch-1-s3\runs\cfg-463ea325\stepped_shaft_s2_c1\t0\wire.png
wrote bench\campaigns\advisor-batch-1-s3\runs\cfg-463ea325\stepped_shaft_s3_c0\t0\wire.png
wrote bench\campaigns\advisor-batch-1-s3\runs\cfg-463ea325\stepped_shaft_s3_c1\t0\wire.png
wrote bench\campaigns\advisor-batch-1-s3\runs\cfg-75b3aea6\box_hole_s0_c0\t0\wire.png
wrote bench\campaigns\advisor-batch-1-s3\runs\cfg-75b3aea6\box_hole_s0_c1\t0\wire.png
wrote bench\campaigns\advisor-batch-1-s3\runs\cfg-75b3aea6\box_hole_s1_c0\t0\wire.png
wrote bench\campaigns\advisor-batch-1-s3\runs\cfg-75b3aea6\box_hole_s1_c1\t0\wire.png
wrote bench\campaigns\advisor-batch-1-s3\runs\cfg-75b3aea6\box_hole_s2_c0\t0\wire.png
wrote bench\campaigns\advisor-batch-1-s3\runs\cfg-75b3aea6\box_hole_s2_c1\t0\wire.png
wrote bench\campaigns\advisor-batch-1-s3\runs\cfg-75b3aea6\box_hole_s3_c0\t0\wire.png
wrote bench\campaigns\advisor-batch-1-s3\runs\cfg-75b3aea6\box_hole_s3_c1\t0\wire.png
wrote bench\campaigns\advisor-batch-1-s3\runs\cfg-75b3aea6\plate_notch_s0_c0\t0\wire.png
wrote bench\campaigns\advisor-batch-1-s3\runs\cfg-75b3aea6\plate_notch_s0_c1\t0\wire.png
wrote bench\campaigns\advisor-batch-1-s3\runs\cfg-75b3aea6\plate_notch_s1_c0\t0\wire.png
wrote bench\campaigns\advisor-batch-1-s3\runs\cfg-75b3aea6\plate_notch_s1_c1\t0\wire.png
wrote bench\campaigns\advisor-batch-1-s3\runs\cfg-75b3aea6\plate_notch_s2_c0\t0\wire.png
wrote bench\campaigns\advisor-batch-1-s3\runs\cfg-75b3aea6\plate_notch_s2_c1\t0\wire.png
wrote bench\campaigns\advisor-batch-1-s3\runs\cfg-75b3aea6\plate_notch_s3_c0\t0\wire.png
wrote bench\campaigns\advisor-batch-1-s3\runs\cfg-75b3aea6\plate_notch_s3_c1\t0\wire.png
wrote bench\campaigns\advisor-batch-1-s3\runs\cfg-75b3aea6\sphere_box_s0_c0\t0\wire.png
wrote bench\campaigns\advisor-batch-1-s3\runs\cfg-75b3aea6\sphere_box_s0_c1\t0\wire.png
wrote bench\campaigns\advisor-batch-1-s3\runs\cfg-75b3aea6\sphere_box_s1_c0\t0\wire.png
wrote bench\campaigns\advisor-batch-1-s3\runs\cfg-75b3aea6\sphere_box_s1_c1\t0\wire.png
wrote bench\campaigns\advisor-batch-1-s3\runs\cfg-75b3aea6\sphere_box_s2_c0\t0\wire.png
wrote bench\campaigns\advisor-batch-1-s3\runs\cfg-75b3aea6\sphere_box_s2_c1\t0\wire.png
wrote bench\campaigns\advisor-batch-1-s3\runs\cfg-75b3aea6\sphere_box_s3_c0\t0\wire.png
wrote bench\campaigns\advisor-batch-1-s3\runs\cfg-75b3aea6\sphere_box_s3_c1\t0\wire.png
wrote bench\campaigns\advisor-batch-1-s3\runs\cfg-75b3aea6\stepped_shaft_s0_c0\t0\wire.png
wrote bench\campaigns\advisor-batch-1-s3\runs\cfg-75b3aea6\stepped_shaft_s0_c1\t0\wire.png
wrote bench\campaigns\advisor-batch-1-s3\runs\cfg-75b3aea6\stepped_shaft_s1_c0\t0\wire.png
wrote bench\campaigns\advisor-batch-1-s3\runs\cfg-75b3aea6\stepped_shaft_s1_c1\t0\wire.png
wrote bench\campaigns\advisor-batch-1-s3\runs\cfg-75b3aea6\stepped_shaft_s2_c0\t0\wire.png
wrote bench\campaigns\advisor-batch-1-s3\runs\cfg-75b3aea6\stepped_shaft_s2_c1\t0\wire.png
wrote bench\campaigns\advisor-batch-1-s3\runs\cfg-75b3aea6\stepped_shaft_s3_c0\t0\wire.png
wrote bench\campaigns\advisor-batch-1-s3\runs\cfg-75b3aea6\stepped_shaft_s3_c1\t0\wire.png
wrote bench\campaigns\advisor-batch-1-s3\runs\cfg-8c06ef12\box_hole_s0_c0\t0\wire.png
wrote bench\campaigns\advisor-batch-1-s3\runs\cfg-8c06ef12\box_hole_s0_c1\t0\wire.png
wrote bench\campaigns\advisor-batch-1-s3\runs\cfg-8c06ef12\box_hole_s1_c0\t0\wire.png
wrote bench\campaigns\advisor-batch-1-s3\runs\cfg-8c06ef12\box_hole_s1_c1\t0\wire.png
wrote bench\campaigns\advisor-batch-1-s3\runs\cfg-8c06ef12\box_hole_s2_c0\t0\wire.png
wrote bench\campaigns\advisor-batch-1-s3\runs\cfg-8c06ef12\box_hole_s2_c1\t0\wire.png
wrote bench\campaigns\advisor-batch-1-s3\runs\cfg-8c06ef12\box_hole_s3_c0\t0\wire.png
wrote bench\campaigns\advisor-batch-1-s3\runs\cfg-8c06ef12\box_hole_s3_c1\t0\wire.png
wrote bench\campaigns\advisor-batch-1-s3\runs\cfg-8c06ef12\plate_notch_s0_c0\t0\wire.png
wrote bench\campaigns\advisor-batch-1-s3\runs\cfg-8c06ef12\plate_notch_s0_c1\t0\wire.png
wrote bench\campaigns\advisor-batch-1-s3\runs\cfg-8c06ef12\plate_notch_s1_c0\t0\wire.png
wrote bench\campaigns\advisor-batch-1-s3\runs\cfg-8c06ef12\plate_notch_s1_c1\t0\wire.png
wrote bench\campaigns\advisor-batch-1-s3\runs\cfg-8c06ef12\plate_notch_s2_c0\t0\wire.png
wrote bench\campaigns\advisor-batch-1-s3\runs\cfg-8c06ef12\plate_notch_s2_c1\t0\wire.png
wrote bench\campaigns\advisor-batch-1-s3\runs\cfg-8c06ef12\plate_notch_s3_c0\t0\wire.png
wrote bench\campaigns\advisor-batch-1-s3\runs\cfg-8c06ef12\plate_notch_s3_c1\t0\wire.png
wrote bench\campaigns\advisor-batch-1-s3\runs\cfg-8c06ef12\sphere_box_s0_c0\t0\wire.png
wrote bench\campaigns\advisor-batch-1-s3\runs\cfg-8c06ef12\sphere_box_s0_c1\t0\wire.png
wrote bench\campaigns\advisor-batch-1-s3\runs\cfg-8c06ef12\sphere_box_s1_c0\t0\wire.png
wrote bench\campaigns\advisor-batch-1-s3\runs\cfg-8c06ef12\sphere_box_s1_c1\t0\wire.png
wrote bench\campaigns\advisor-batch-1-s3\runs\cfg-8c06ef12\sphere_box_s2_c0\t0\wire.png
wrote bench\campaigns\advisor-batch-1-s3\runs\cfg-8c06ef12\sphere_box_s2_c1\t0\wire.png
wrote bench\campaigns\advisor-batch-1-s3\runs\cfg-8c06ef12\sphere_box_s3_c0\t0\wire.png
wrote bench\campaigns\advisor-batch-1-s3\runs\cfg-8c06ef12\sphere_box_s3_c1\t0\wire.png
wrote bench\campaigns\advisor-batch-1-s3\runs\cfg-8c06ef12\stepped_shaft_s0_c0\t0\wire.png
wrote bench\campaigns\advisor-batch-1-s3\runs\cfg-8c06ef12\stepped_shaft_s0_c1\t0\wire.png
wrote bench\campaigns\advisor-batch-1-s3\runs\cfg-8c06ef12\stepped_shaft_s1_c0\t0\wire.png
wrote bench\campaigns\advisor-batch-1-s3\runs\cfg-8c06ef12\stepped_shaft_s1_c1\t0\wire.png
wrote bench\campaigns\advisor-batch-1-s3\runs\cfg-8c06ef12\stepped_shaft_s2_c0\t0\wire.png
wrote bench\campaigns\advisor-batch-1-s3\runs\cfg-8c06ef12\stepped_shaft_s2_c1\t0\wire.png
wrote bench\campaigns\advisor-batch-1-s3\runs\cfg-8c06ef12\stepped_shaft_s3_c0\t0\wire.png
wrote bench\campaigns\advisor-batch-1-s3\runs\cfg-8c06ef12\stepped_shaft_s3_c1\t0\wire.png
wrote bench\campaigns\advisor-batch-1-s3\runs\cfg-97d33ab4\box_hole_s0_c0\t0\wire.png
wrote bench\campaigns\advisor-batch-1-s3\runs\cfg-97d33ab4\box_hole_s0_c1\t0\wire.png
wrote bench\campaigns\advisor-batch-1-s3\runs\cfg-97d33ab4\box_hole_s1_c0\t0\wire.png
wrote bench\campaigns\advisor-batch-1-s3\runs\cfg-97d33ab4\box_hole_s1_c1\t0\wire.png
wrote bench\campaigns\advisor-batch-1-s3\runs\cfg-97d33ab4\box_hole_s2_c0\t0\wire.png
wrote bench\campaigns\advisor-batch-1-s3\runs\cfg-97d33ab4\box_hole_s2_c1\t0\wire.png
wrote bench\campaigns\advisor-batch-1-s3\runs\cfg-97d33ab4\box_hole_s3_c0\t0\wire.png
wrote bench\campaigns\advisor-batch-1-s3\runs\cfg-97d33ab4\box_hole_s3_c1\t0\wire.png
wrote bench\campaigns\advisor-batch-1-s3\runs\cfg-97d33ab4\channel_s3_c0\t0\wire.png
wrote bench\campaigns\advisor-batch-1-s3\runs\cfg-97d33ab4\channel_s3_c1\t0\wire.png
wrote bench\campaigns\advisor-batch-1-s3\runs\cfg-97d33ab4\l_bracket_s0_c0\t0\wire.png
wrote bench\campaigns\advisor-batch-1-s3\runs\cfg-97d33ab4\l_bracket_s0_c1\t0\wire.png
wrote bench\campaigns\advisor-batch-1-s3\runs\cfg-97d33ab4\l_bracket_s1_c0\t0\wire.png
wrote bench\campaigns\advisor-batch-1-s3\runs\cfg-97d33ab4\l_bracket_s1_c1\t0\wire.png
wrote bench\campaigns\advisor-batch-1-s3\runs\cfg-97d33ab4\l_bracket_s2_c0\t0\wire.png
wrote bench\campaigns\advisor-batch-1-s3\runs\cfg-97d33ab4\l_bracket_s2_c1\t0\wire.png
wrote bench\campaigns\advisor-batch-1-s3\runs\cfg-97d33ab4\l_bracket_s3_c0\t0\wire.png
wrote bench\campaigns\advisor-batch-1-s3\runs\cfg-97d33ab4\l_bracket_s3_c1\t0\wire.png
wrote bench\campaigns\advisor-batch-1-s3\runs\cfg-97d33ab4\plate_notch_s0_c0\t0\wire.png
wrote bench\campaigns\advisor-batch-1-s3\runs\cfg-97d33ab4\plate_notch_s0_c1\t0\wire.png
wrote bench\campaigns\advisor-batch-1-s3\runs\cfg-97d33ab4\plate_notch_s1_c0\t0\wire.png
wrote bench\campaigns\advisor-batch-1-s3\runs\cfg-97d33ab4\plate_notch_s1_c1\t0\wire.png
wrote bench\campaigns\advisor-batch-1-s3\runs\cfg-97d33ab4\plate_notch_s2_c0\t0\wire.png
wrote bench\campaigns\advisor-batch-1-s3\runs\cfg-97d33ab4\plate_notch_s2_c1\t0\wire.png
wrote bench\campaigns\advisor-batch-1-s3\runs\cfg-97d33ab4\plate_notch_s3_c0\t0\wire.png
wrote bench\campaigns\advisor-batch-1-s3\runs\cfg-97d33ab4\plate_notch_s3_c1\t0\wire.png
wrote bench\campaigns\advisor-batch-1-s3\runs\cfg-97d33ab4\sphere_box_s0_c0\t0\wire.png
wrote bench\campaigns\advisor-batch-1-s3\runs\cfg-97d33ab4\sphere_box_s0_c1\t0\wire.png
wrote bench\campaigns\advisor-batch-1-s3\runs\cfg-97d33ab4\sphere_box_s1_c0\t0\wire.png
wrote bench\campaigns\advisor-batch-1-s3\runs\cfg-97d33ab4\sphere_box_s1_c1\t0\wire.png
wrote bench\campaigns\advisor-batch-1-s3\runs\cfg-97d33ab4\sphere_box_s2_c0\t0\wire.png
wrote bench\campaigns\advisor-batch-1-s3\runs\cfg-97d33ab4\sphere_box_s2_c1\t0\wire.png
wrote bench\campaigns\advisor-batch-1-s3\runs\cfg-97d33ab4\sphere_box_s3_c0\t0\wire.png
wrote bench\campaigns\advisor-batch-1-s3\runs\cfg-97d33ab4\sphere_box_s3_c1\t0\wire.png
wrote bench\campaigns\advisor-batch-1-s3\runs\cfg-97d33ab4\stepped_shaft_s0_c0\t0\wire.png
wrote bench\campaigns\advisor-batch-1-s3\runs\cfg-97d33ab4\stepped_shaft_s0_c1\t0\wire.png
wrote bench\campaigns\advisor-batch-1-s3\runs\cfg-97d33ab4\stepped_shaft_s1_c0\t0\wire.png
wrote bench\campaigns\advisor-batch-1-s3\runs\cfg-97d33ab4\stepped_shaft_s1_c1\t0\wire.png
wrote bench\campaigns\advisor-batch-1-s3\runs\cfg-97d33ab4\stepped_shaft_s2_c0\t0\wire.png
wrote bench\campaigns\advisor-batch-1-s3\runs\cfg-97d33ab4\stepped_shaft_s2_c1\t0\wire.png
wrote bench\campaigns\advisor-batch-1-s3\runs\cfg-97d33ab4\stepped_shaft_s3_c0\t0\wire.png
wrote bench\campaigns\advisor-batch-1-s3\runs\cfg-97d33ab4\stepped_shaft_s3_c1\t0\wire.png
wrote bench\campaigns\advisor-batch-1-s3\runs\cfg-ba90b861\box_hole_s0_c0\t0\wire.png
wrote bench\campaigns\advisor-batch-1-s3\runs\cfg-ba90b861\box_hole_s0_c1\t0\wire.png
wrote bench\campaigns\advisor-batch-1-s3\runs\cfg-ba90b861\box_hole_s1_c0\t0\wire.png
wrote bench\campaigns\advisor-batch-1-s3\runs\cfg-ba90b861\box_hole_s1_c1\t0\wire.png
wrote bench\campaigns\advisor-batch-1-s3\runs\cfg-ba90b861\box_hole_s2_c0\t0\wire.png
wrote bench\campaigns\advisor-batch-1-s3\runs\cfg-ba90b861\box_hole_s2_c1\t0\wire.png
wrote bench\campaigns\advisor-batch-1-s3\runs\cfg-ba90b861\box_hole_s3_c0\t0\wire.png
wrote bench\campaigns\advisor-batch-1-s3\runs\cfg-ba90b861\box_hole_s3_c1\t0\wire.png
wrote bench\campaigns\advisor-batch-1-s3\runs\cfg-ba90b861\channel_s3_c0\t0\wire.png
wrote bench\campaigns\advisor-batch-1-s3\runs\cfg-ba90b861\channel_s3_c1\t0\wire.png
wrote bench\campaigns\advisor-batch-1-s3\runs\cfg-ba90b861\l_bracket_s0_c0\t0\wire.png
wrote bench\campaigns\advisor-batch-1-s3\runs\cfg-ba90b861\l_bracket_s0_c1\t0\wire.png
wrote bench\campaigns\advisor-batch-1-s3\runs\cfg-ba90b861\l_bracket_s1_c0\t0\wire.png
wrote bench\campaigns\advisor-batch-1-s3\runs\cfg-ba90b861\l_bracket_s1_c1\t0\wire.png
wrote bench\campaigns\advisor-batch-1-s3\runs\cfg-ba90b861\l_bracket_s2_c0\t0\wire.png
wrote bench\campaigns\advisor-batch-1-s3\runs\cfg-ba90b861\l_bracket_s2_c1\t0\wire.png
wrote bench\campaigns\advisor-batch-1-s3\runs\cfg-ba90b861\l_bracket_s3_c0\t0\wire.png
wrote bench\campaigns\advisor-batch-1-s3\runs\cfg-ba90b861\l_bracket_s3_c1\t0\wire.png
wrote bench\campaigns\advisor-batch-1-s3\runs\cfg-ba90b861\plate_notch_s0_c0\t0\wire.png
wrote bench\campaigns\advisor-batch-1-s3\runs\cfg-ba90b861\plate_notch_s0_c1\t0\wire.png
wrote bench\campaigns\advisor-batch-1-s3\runs\cfg-ba90b861\plate_notch_s1_c0\t0\wire.png
wrote bench\campaigns\advisor-batch-1-s3\runs\cfg-ba90b861\plate_notch_s1_c1\t0\wire.png
wrote bench\campaigns\advisor-batch-1-s3\runs\cfg-ba90b861\plate_notch_s2_c0\t0\wire.png
wrote bench\campaigns\advisor-batch-1-s3\runs\cfg-ba90b861\plate_notch_s2_c1\t0\wire.png
wrote bench\campaigns\advisor-batch-1-s3\runs\cfg-ba90b861\plate_notch_s3_c0\t0\wire.png
wrote bench\campaigns\advisor-batch-1-s3\runs\cfg-ba90b861\plate_notch_s3_c1\t0\wire.png
wrote bench\campaigns\advisor-batch-1-s3\runs\cfg-ba90b861\sphere_box_s0_c0\t0\wire.png
wrote bench\campaigns\advisor-batch-1-s3\runs\cfg-ba90b861\sphere_box_s0_c1\t0\wire.png
wrote bench\campaigns\advisor-batch-1-s3\runs\cfg-ba90b861\sphere_box_s1_c0\t0\wire.png
wrote bench\campaigns\advisor-batch-1-s3\runs\cfg-ba90b861\sphere_box_s1_c1\t0\wire.png
wrote bench\campaigns\advisor-batch-1-s3\runs\cfg-ba90b861\sphere_box_s2_c0\t0\wire.png
wrote bench\campaigns\advisor-batch-1-s3\runs\cfg-ba90b861\sphere_box_s2_c1\t0\wire.png
wrote bench\campaigns\advisor-batch-1-s3\runs\cfg-ba90b861\sphere_box_s3_c0\t0\wire.png
wrote bench\campaigns\advisor-batch-1-s3\runs\cfg-ba90b861\sphere_box_s3_c1\t0\wire.png
wrote bench\campaigns\advisor-batch-1-s3\runs\cfg-ba90b861\stepped_shaft_s0_c0\t0\wire.png
wrote bench\campaigns\advisor-batch-1-s3\runs\cfg-ba90b861\stepped_shaft_s0_c1\t0\wire.png
wrote bench\campaigns\advisor-batch-1-s3\runs\cfg-ba90b861\stepped_shaft_s1_c0\t0\wire.png
wrote bench\campaigns\advisor-batch-1-s3\runs\cfg-ba90b861\stepped_shaft_s1_c1\t0\wire.png
wrote bench\campaigns\advisor-batch-1-s3\runs\cfg-ba90b861\stepped_shaft_s2_c0\t0\wire.png
wrote bench\campaigns\advisor-batch-1-s3\runs\cfg-ba90b861\stepped_shaft_s2_c1\t0\wire.png
wrote bench\campaigns\advisor-batch-1-s3\runs\cfg-ba90b861\stepped_shaft_s3_c0\t0\wire.png
wrote bench\campaigns\advisor-batch-1-s3\runs\cfg-ba90b861\stepped_shaft_s3_c1\t0\wire.png
wrote bench\campaigns\advisor-batch-1-s3\runs\cfg-dec32237\box_hole_s0_c0\t0\wire.png
wrote bench\campaigns\advisor-batch-1-s3\runs\cfg-dec32237\box_hole_s0_c1\t0\wire.png
wrote bench\campaigns\advisor-batch-1-s3\runs\cfg-dec32237\box_hole_s1_c0\t0\wire.png
wrote bench\campaigns\advisor-batch-1-s3\runs\cfg-dec32237\box_hole_s1_c1\t0\wire.png
wrote bench\campaigns\advisor-batch-1-s3\runs\cfg-dec32237\box_hole_s2_c0\t0\wire.png
wrote bench\campaigns\advisor-batch-1-s3\runs\cfg-dec32237\box_hole_s2_c1\t0\wire.png
wrote bench\campaigns\advisor-batch-1-s3\runs\cfg-dec32237\box_hole_s3_c0\t0\wire.png
wrote bench\campaigns\advisor-batch-1-s3\runs\cfg-dec32237\box_hole_s3_c1\t0\wire.png
wrote bench\campaigns\advisor-batch-1-s3\runs\cfg-dec32237\plate_notch_s0_c0\t0\wire.png
wrote bench\campaigns\advisor-batch-1-s3\runs\cfg-dec32237\plate_notch_s0_c1\t0\wire.png
wrote bench\campaigns\advisor-batch-1-s3\runs\cfg-dec32237\plate_notch_s1_c0\t0\wire.png
wrote bench\campaigns\advisor-batch-1-s3\runs\cfg-dec32237\plate_notch_s1_c1\t0\wire.png
wrote bench\campaigns\advisor-batch-1-s3\runs\cfg-dec32237\plate_notch_s2_c0\t0\wire.png
wrote bench\campaigns\advisor-batch-1-s3\runs\cfg-dec32237\plate_notch_s2_c1\t0\wire.png
wrote bench\campaigns\advisor-batch-1-s3\runs\cfg-dec32237\plate_notch_s3_c0\t0\wire.png
wrote bench\campaigns\advisor-batch-1-s3\runs\cfg-dec32237\plate_notch_s3_c1\t0\wire.png
wrote bench\campaigns\advisor-batch-1-s3\runs\cfg-dec32237\sphere_box_s0_c0\t0\wire.png
wrote bench\campaigns\advisor-batch-1-s3\runs\cfg-dec32237\sphere_box_s0_c1\t0\wire.png
wrote bench\campaigns\advisor-batch-1-s3\runs\cfg-dec32237\sphere_box_s1_c0\t0\wire.png
wrote bench\campaigns\advisor-batch-1-s3\runs\cfg-dec32237\sphere_box_s1_c1\t0\wire.png
wrote bench\campaigns\advisor-batch-1-s3\runs\cfg-dec32237\sphere_box_s2_c0\t0\wire.png
wrote bench\campaigns\advisor-batch-1-s3\runs\cfg-dec32237\sphere_box_s2_c1\t0\wire.png
wrote bench\campaigns\advisor-batch-1-s3\runs\cfg-dec32237\sphere_box_s3_c0\t0\wire.png
wrote bench\campaigns\advisor-batch-1-s3\runs\cfg-dec32237\sphere_box_s3_c1\t0\wire.png
wrote bench\campaigns\advisor-batch-1-s3\runs\cfg-dec32237\stepped_shaft_s0_c0\t0\wire.png
wrote bench\campaigns\advisor-batch-1-s3\runs\cfg-dec32237\stepped_shaft_s0_c1\t0\wire.png
wrote bench\campaigns\advisor-batch-1-s3\runs\cfg-dec32237\stepped_shaft_s1_c0\t0\wire.png
wrote bench\campaigns\advisor-batch-1-s3\runs\cfg-dec32237\stepped_shaft_s1_c1\t0\wire.png
wrote bench\campaigns\advisor-batch-1-s3\runs\cfg-dec32237\stepped_shaft_s2_c0\t0\wire.png
wrote bench\campaigns\advisor-batch-1-s3\runs\cfg-dec32237\stepped_shaft_s2_c1\t0\wire.png
wrote bench\campaigns\advisor-batch-1-s3\runs\cfg-dec32237\stepped_shaft_s3_c0\t0\wire.png
wrote bench\campaigns\advisor-batch-1-s3\runs\cfg-dec32237\stepped_shaft_s3_c1\t0\wire.png
wrote bench\campaigns\advisor-batch-1-s3\runs\cfg-e01963f2\box_hole_s0_c0\t0\wire.png
wrote bench\campaigns\advisor-batch-1-s3\runs\cfg-e01963f2\box_hole_s0_c1\t0\wire.png
wrote bench\campaigns\advisor-batch-1-s3\runs\cfg-e01963f2\box_hole_s1_c0\t0\wire.png
wrote bench\campaigns\advisor-batch-1-s3\runs\cfg-e01963f2\box_hole_s1_c1\t0\wire.png
wrote bench\campaigns\advisor-batch-1-s3\runs\cfg-e01963f2\box_hole_s2_c0\t0\wire.png
wrote bench\campaigns\advisor-batch-1-s3\runs\cfg-e01963f2\box_hole_s2_c1\t0\wire.png
wrote bench\campaigns\advisor-batch-1-s3\runs\cfg-e01963f2\box_hole_s3_c0\t0\wire.png
wrote bench\campaigns\advisor-batch-1-s3\runs\cfg-e01963f2\box_hole_s3_c1\t0\wire.png
wrote bench\campaigns\advisor-batch-1-s3\runs\cfg-e01963f2\channel_s3_c0\t0\wire.png
wrote bench\campaigns\advisor-batch-1-s3\runs\cfg-e01963f2\channel_s3_c1\t0\wire.png
wrote bench\campaigns\advisor-batch-1-s3\runs\cfg-e01963f2\l_bracket_s0_c0\t0\wire.png
wrote bench\campaigns\advisor-batch-1-s3\runs\cfg-e01963f2\l_bracket_s0_c1\t0\wire.png
wrote bench\campaigns\advisor-batch-1-s3\runs\cfg-e01963f2\l_bracket_s1_c0\t0\wire.png
wrote bench\campaigns\advisor-batch-1-s3\runs\cfg-e01963f2\l_bracket_s1_c1\t0\wire.png
wrote bench\campaigns\advisor-batch-1-s3\runs\cfg-e01963f2\l_bracket_s2_c0\t0\wire.png
wrote bench\campaigns\advisor-batch-1-s3\runs\cfg-e01963f2\l_bracket_s2_c1\t0\wire.png
wrote bench\campaigns\advisor-batch-1-s3\runs\cfg-e01963f2\l_bracket_s3_c0\t0\wire.png
wrote bench\campaigns\advisor-batch-1-s3\runs\cfg-e01963f2\l_bracket_s3_c1\t0\wire.png
wrote bench\campaigns\advisor-batch-1-s3\runs\cfg-e01963f2\plate_notch_s0_c0\t0\wire.png
wrote bench\campaigns\advisor-batch-1-s3\runs\cfg-e01963f2\plate_notch_s0_c1\t0\wire.png
wrote bench\campaigns\advisor-batch-1-s3\runs\cfg-e01963f2\plate_notch_s1_c0\t0\wire.png
wrote bench\campaigns\advisor-batch-1-s3\runs\cfg-e01963f2\plate_notch_s1_c1\t0\wire.png
wrote bench\campaigns\advisor-batch-1-s3\runs\cfg-e01963f2\plate_notch_s2_c0\t0\wire.png
wrote bench\campaigns\advisor-batch-1-s3\runs\cfg-e01963f2\plate_notch_s2_c1\t0\wire.png
wrote bench\campaigns\advisor-batch-1-s3\runs\cfg-e01963f2\plate_notch_s3_c0\t0\wire.png
wrote bench\campaigns\advisor-batch-1-s3\runs\cfg-e01963f2\plate_notch_s3_c1\t0\wire.png
wrote bench\campaigns\advisor-batch-1-s3\runs\cfg-e01963f2\sphere_box_s0_c0\t0\wire.png
wrote bench\campaigns\advisor-batch-1-s3\runs\cfg-e01963f2\sphere_box_s0_c1\t0\wire.png
wrote bench\campaigns\advisor-batch-1-s3\runs\cfg-e01963f2\sphere_box_s1_c0\t0\wire.png
wrote bench\campaigns\advisor-batch-1-s3\runs\cfg-e01963f2\sphere_box_s1_c1\t0\wire.png
wrote bench\campaigns\advisor-batch-1-s3\runs\cfg-e01963f2\sphere_box_s2_c0\t0\wire.png
wrote bench\campaigns\advisor-batch-1-s3\runs\cfg-e01963f2\sphere_box_s2_c1\t0\wire.png
wrote bench\campaigns\advisor-batch-1-s3\runs\cfg-e01963f2\sphere_box_s3_c0\t0\wire.png
wrote bench\campaigns\advisor-batch-1-s3\runs\cfg-e01963f2\sphere_box_s3_c1\t0\wire.png
wrote bench\campaigns\advisor-batch-1-s3\runs\cfg-e01963f2\stepped_shaft_s0_c0\t0\wire.png
wrote bench\campaigns\advisor-batch-1-s3\runs\cfg-e01963f2\stepped_shaft_s0_c1\t0\wire.png
wrote bench\campaigns\advisor-batch-1-s3\runs\cfg-e01963f2\stepped_shaft_s1_c0\t0\wire.png
wrote bench\campaigns\advisor-batch-1-s3\runs\cfg-e01963f2\stepped_shaft_s1_c1\t0\wire.png
wrote bench\campaigns\advisor-batch-1-s3\runs\cfg-e01963f2\stepped_shaft_s2_c0\t0\wire.png
wrote bench\campaigns\advisor-batch-1-s3\runs\cfg-e01963f2\stepped_shaft_s2_c1\t0\wire.png
wrote bench\campaigns\advisor-batch-1-s3\runs\cfg-e01963f2\stepped_shaft_s3_c0\t0\wire.png
wrote bench\campaigns\advisor-batch-1-s3\runs\cfg-e01963f2\stepped_shaft_s3_c1\t0\wire.png
wrote bench\campaigns\advisor-batch-1-s3\runs\cfg-eebb9de5\box_hole_s0_c0\t0\wire.png
wrote bench\campaigns\advisor-batch-1-s3\runs\cfg-eebb9de5\box_hole_s0_c1\t0\wire.png
wrote bench\campaigns\advisor-batch-1-s3\runs\cfg-eebb9de5\box_hole_s1_c0\t0\wire.png
wrote bench\campaigns\advisor-batch-1-s3\runs\cfg-eebb9de5\box_hole_s1_c1\t0\wire.png
wrote bench\campaigns\advisor-batch-1-s3\runs\cfg-eebb9de5\box_hole_s2_c0\t0\wire.png
wrote bench\campaigns\advisor-batch-1-s3\runs\cfg-eebb9de5\box_hole_s2_c1\t0\wire.png
wrote bench\campaigns\advisor-batch-1-s3\runs\cfg-eebb9de5\box_hole_s3_c0\t0\wire.png
wrote bench\campaigns\advisor-batch-1-s3\runs\cfg-eebb9de5\box_hole_s3_c1\t0\wire.png
wrote bench\campaigns\advisor-batch-1-s3\runs\cfg-eebb9de5\plate_notch_s0_c0\t0\wire.png
wrote bench\campaigns\advisor-batch-1-s3\runs\cfg-eebb9de5\plate_notch_s0_c1\t0\wire.png
wrote bench\campaigns\advisor-batch-1-s3\runs\cfg-eebb9de5\plate_notch_s1_c0\t0\wire.png
wrote bench\campaigns\advisor-batch-1-s3\runs\cfg-eebb9de5\plate_notch_s1_c1\t0\wire.png
wrote bench\campaigns\advisor-batch-1-s3\runs\cfg-eebb9de5\plate_notch_s2_c0\t0\wire.png
wrote bench\campaigns\advisor-batch-1-s3\runs\cfg-eebb9de5\plate_notch_s2_c1\t0\wire.png
wrote bench\campaigns\advisor-batch-1-s3\runs\cfg-eebb9de5\plate_notch_s3_c0\t0\wire.png
wrote bench\campaigns\advisor-batch-1-s3\runs\cfg-eebb9de5\plate_notch_s3_c1\t0\wire.png
wrote bench\campaigns\advisor-batch-1-s3\runs\cfg-eebb9de5\sphere_box_s0_c0\t0\wire.png
wrote bench\campaigns\advisor-batch-1-s3\runs\cfg-eebb9de5\sphere_box_s0_c1\t0\wire.png
wrote bench\campaigns\advisor-batch-1-s3\runs\cfg-eebb9de5\sphere_box_s1_c0\t0\wire.png
wrote bench\campaigns\advisor-batch-1-s3\runs\cfg-eebb9de5\sphere_box_s1_c1\t0\wire.png
wrote bench\campaigns\advisor-batch-1-s3\runs\cfg-eebb9de5\sphere_box_s2_c0\t0\wire.png
wrote bench\campaigns\advisor-batch-1-s3\runs\cfg-eebb9de5\sphere_box_s2_c1\t0\wire.png
wrote bench\campaigns\advisor-batch-1-s3\runs\cfg-eebb9de5\sphere_box_s3_c0\t0\wire.png
wrote bench\campaigns\advisor-batch-1-s3\runs\cfg-eebb9de5\sphere_box_s3_c1\t0\wire.png
wrote bench\campaigns\advisor-batch-1-s3\runs\cfg-eebb9de5\stepped_shaft_s0_c0\t0\wire.png
wrote bench\campaigns\advisor-batch-1-s3\runs\cfg-eebb9de5\stepped_shaft_s0_c1\t0\wire.png
wrote bench\campaigns\advisor-batch-1-s3\runs\cfg-eebb9de5\stepped_shaft_s1_c0\t0\wire.png
wrote bench\campaigns\advisor-batch-1-s3\runs\cfg-eebb9de5\stepped_shaft_s1_c1\t0\wire.png
wrote bench\campaigns\advisor-batch-1-s3\runs\cfg-eebb9de5\stepped_shaft_s2_c0\t0\wire.png
wrote bench\campaigns\advisor-batch-1-s3\runs\cfg-eebb9de5\stepped_shaft_s2_c1\t0\wire.png
wrote bench\campaigns\advisor-batch-1-s3\runs\cfg-eebb9de5\stepped_shaft_s3_c0\t0\wire.png
wrote bench\campaigns\advisor-batch-1-s3\runs\cfg-eebb9de5\stepped_shaft_s3_c1\t0\wire.png
warehouse_shots: 295 rendered, 0 skipped (exists), 0 failed (295 mesh.vtu total)
finished: 384 runs → C:\Users\Yakub\Desktop\Polyhedral-FEA\bench\campaigns\advisor-batch-1-s3\results.jsonl
=== exit 0 after 2710.5s
