
=== 2026-08-14T10:13:06Z OMP_NUM_THREADS=2 :: C:\Users\Yakub\Desktop\Polyhedral-FEA\build\apps\testlab\polymesh_testlab.exe resume C:\Users\Yakub\Desktop\Polyhedral-FEA\bench\campaigns\advisor-batch-1-s1
campaign advisor-batch-1-s1: 288 configs, 6 parts, 1 tiers
  max_run_wall_s=45 (override all tiers)
  max_pack_wall_s=86400
tier 0: h_scale=1 keep_frac=1 survivors=72 max_run_wall_s=45
  run cfg-a77106d9 part=smoke_bar tier=0 ...
  run cfg-a77106d9 part=plate_hole tier=0 ...
  run cfg-a77106d9 part=cantilever tier=0 ...
  run cfg-a77106d9 part=cylinder tier=0 ...
  run cfg-a77106d9 part=sphere tier=0 ...
  run cfg-a77106d9 part=icecream_cone tier=0 ...
  run cfg-aad27433 part=smoke_bar tier=0 ...
  run cfg-aad27433 part=plate_hole tier=0 ...
  run cfg-aad27433 part=cantilever tier=0 ...
  run cfg-aad27433 part=cylinder tier=0 ...
  run cfg-aad27433 part=sphere tier=0 ...
  run cfg-aad27433 part=icecream_cone tier=0 ...
  run cfg-ccd99376 part=smoke_bar tier=0 ...
  run cfg-ccd99376 part=plate_hole tier=0 ...
  run cfg-ccd99376 part=cantilever tier=0 ...
  run cfg-ccd99376 part=cylinder tier=0 ...
  run cfg-ccd99376 part=sphere tier=0 ...
  run cfg-ccd99376 part=icecream_cone tier=0 ...
  run cfg-ea32b132 part=smoke_bar tier=0 ...
  run cfg-ea32b132 part=plate_hole tier=0 ...
  run cfg-ea32b132 part=cantilever tier=0 ...
  run cfg-ea32b132 part=cylinder tier=0 ...
  run cfg-ea32b132 part=sphere tier=0 ...
  run cfg-ea32b132 part=icecream_cone tier=0 ...
  run cfg-f1f29836 part=smoke_bar tier=0 ...
  run cfg-f1f29836 part=plate_hole tier=0 ...
  run cfg-f1f29836 part=cantilever tier=0 ...
  run cfg-f1f29836 part=cylinder tier=0 ...
  run cfg-f1f29836 part=sphere tier=0 ...
  run cfg-f1f29836 part=icecream_cone tier=0 ...
  run cfg-26768af2 part=smoke_bar tier=0 ...
  run cfg-26768af2 part=plate_hole tier=0 ...
  run cfg-26768af2 part=cantilever tier=0 ...
  run cfg-26768af2 part=cylinder tier=0 ...
  run cfg-26768af2 part=sphere tier=0 ...
  run cfg-26768af2 part=icecream_cone tier=0 ...
  run cfg-3484fe06 part=smoke_bar tier=0 ...
  run cfg-3484fe06 part=plate_hole tier=0 ...
  run cfg-3484fe06 part=cantilever tier=0 ...
  run cfg-3484fe06 part=cylinder tier=0 ...
  run cfg-3484fe06 part=sphere tier=0 ...
  run cfg-3484fe06 part=icecream_cone tier=0 ...
  run cfg-cd3d3942 part=smoke_bar tier=0 ...
  run cfg-cd3d3942 part=plate_hole tier=0 ...
  run cfg-cd3d3942 part=cantilever tier=0 ...
  run cfg-cd3d3942 part=cylinder tier=0 ...
  run cfg-cd3d3942 part=sphere tier=0 ...
  run cfg-cd3d3942 part=icecream_cone tier=0 ...
  run cfg-4a7a5b13 part=smoke_bar tier=0 ...
  run cfg-4a7a5b13 part=plate_hole tier=0 ...
  run cfg-4a7a5b13 part=cantilever tier=0 ...
  run cfg-4a7a5b13 part=cylinder tier=0 ...
  run cfg-4a7a5b13 part=sphere tier=0 ...
  run cfg-4a7a5b13 part=icecream_cone tier=0 ...
  run cfg-8ca3a281 part=smoke_bar tier=0 ...
  run cfg-8ca3a281 part=plate_hole tier=0 ...
  run cfg-8ca3a281 part=cantilever tier=0 ...
  run cfg-8ca3a281 part=cylinder tier=0 ...
  run cfg-8ca3a281 part=sphere tier=0 ...
  run cfg-8ca3a281 part=icecream_cone tier=0 ...
  run cfg-9cf657a9 part=smoke_bar tier=0 ...
  run cfg-9cf657a9 part=plate_hole tier=0 ...
  run cfg-9cf657a9 part=cantilever tier=0 ...
  run cfg-9cf657a9 part=cylinder tier=0 ...
  run cfg-9cf657a9 part=sphere tier=0 ...
  run cfg-9cf657a9 part=icecream_cone tier=0 ...
  run cfg-1036e283 part=smoke_bar tier=0 ...
  run cfg-1036e283 part=plate_hole tier=0 ...
  run cfg-1036e283 part=cantilever tier=0 ...
  run cfg-1036e283 part=cylinder tier=0 ...
  run cfg-1036e283 part=sphere tier=0 ...
  run cfg-1036e283 part=icecream_cone tier=0 ...
  run cfg-446dbbd2 part=smoke_bar tier=0 ...
  run cfg-446dbbd2 part=plate_hole tier=0 ...
  run cfg-446dbbd2 part=cantilever tier=0 ...
  run cfg-446dbbd2 part=cylinder tier=0 ...
  run cfg-446dbbd2 part=sphere tier=0 ...
  run cfg-446dbbd2 part=icecream_cone tier=0 ...
  run cfg-c4d6504e part=smoke_bar tier=0 ...
  run cfg-c4d6504e part=plate_hole tier=0 ...
  run cfg-c4d6504e part=cantilever tier=0 ...
  run cfg-c4d6504e part=cylinder tier=0 ...
  run cfg-c4d6504e part=sphere tier=0 ...
  run cfg-c4d6504e part=icecream_cone tier=0 ...
  run cfg-6ba87f6f part=smoke_bar tier=0 ...
  run cfg-6ba87f6f part=plate_hole tier=0 ...
  run cfg-6ba87f6f part=cantilever tier=0 ...
  run cfg-6ba87f6f part=cylinder tier=0 ...
  run cfg-6ba87f6f part=sphere tier=0 ...
  run cfg-6ba87f6f part=icecream_cone tier=0 ...
  run cfg-dd7388cd part=smoke_bar tier=0 ...
  run cfg-dd7388cd part=plate_hole tier=0 ...
  run cfg-dd7388cd part=cantilever tier=0 ...
  run cfg-dd7388cd part=cylinder tier=0 ...
  run cfg-dd7388cd part=sphere tier=0 ...
  run cfg-dd7388cd part=icecream_cone tier=0 ...
  run cfg-2e7f3d05 part=smoke_bar tier=0 ...
  run cfg-2e7f3d05 part=plate_hole tier=0 ...
  run cfg-2e7f3d05 part=cantilever tier=0 ...
  run cfg-2e7f3d05 part=cylinder tier=0 ...
  run cfg-2e7f3d05 part=sphere tier=0 ...
  run cfg-2e7f3d05 part=icecream_cone tier=0 ...
  run cfg-d9231bff part=smoke_bar tier=0 ...
  run cfg-d9231bff part=plate_hole tier=0 ...
  run cfg-d9231bff part=cantilever tier=0 ...
  run cfg-d9231bff part=cylinder tier=0 ...
  run cfg-d9231bff part=sphere tier=0 ...
  run cfg-d9231bff part=icecream_cone tier=0 ...
  run cfg-17f37a6f part=smoke_bar tier=0 ...
  run cfg-17f37a6f part=plate_hole tier=0 ...
  run cfg-17f37a6f part=cantilever tier=0 ...
  run cfg-17f37a6f part=cylinder tier=0 ...
  run cfg-17f37a6f part=sphere tier=0 ...
  run cfg-17f37a6f part=icecream_cone tier=0 ...
  run cfg-7f85e9cd part=smoke_bar tier=0 ...
  run cfg-7f85e9cd part=plate_hole tier=0 ...
  run cfg-7f85e9cd part=cantilever tier=0 ...
  run cfg-7f85e9cd part=cylinder tier=0 ...
  run cfg-7f85e9cd part=sphere tier=0 ...
  run cfg-7f85e9cd part=icecream_cone tier=0 ...
  run cfg-1c7e40f4 part=smoke_bar tier=0 ...
  run cfg-1c7e40f4 part=plate_hole tier=0 ...
  run cfg-1c7e40f4 part=cantilever tier=0 ...
  run cfg-1c7e40f4 part=cylinder tier=0 ...
  run cfg-1c7e40f4 part=sphere tier=0 ...
  run cfg-1c7e40f4 part=icecream_cone tier=0 ...
  run cfg-8a6dbaac part=smoke_bar tier=0 ...
  run cfg-8a6dbaac part=plate_hole tier=0 ...
  run cfg-8a6dbaac part=cantilever tier=0 ...
  run cfg-8a6dbaac part=cylinder tier=0 ...
  run cfg-8a6dbaac part=sphere tier=0 ...
  run cfg-8a6dbaac part=icecream_cone tier=0 ...
  run cfg-9e0d95a8 part=smoke_bar tier=0 ...
  run cfg-9e0d95a8 part=plate_hole tier=0 ...
  run cfg-9e0d95a8 part=cantilever tier=0 ...
  run cfg-9e0d95a8 part=cylinder tier=0 ...
  run cfg-9e0d95a8 part=sphere tier=0 ...
  run cfg-9e0d95a8 part=icecream_cone tier=0 ...
  run cfg-8db857d0 part=smoke_bar tier=0 ...
  run cfg-8db857d0 part=plate_hole tier=0 ...
  run cfg-8db857d0 part=cantilever tier=0 ...
  run cfg-8db857d0 part=cylinder tier=0 ...
  run cfg-8db857d0 part=sphere tier=0 ...
  run cfg-8db857d0 part=icecream_cone tier=0 ...
  run cfg-e2ac80d2 part=smoke_bar tier=0 ...
  run cfg-e2ac80d2 part=plate_hole tier=0 ...
  run cfg-e2ac80d2 part=cantilever tier=0 ...
  run cfg-e2ac80d2 part=cylinder tier=0 ...
  run cfg-e2ac80d2 part=sphere tier=0 ...
  run cfg-e2ac80d2 part=icecream_cone tier=0 ...
  run cfg-d12d2f4e part=smoke_bar tier=0 ...
  run cfg-d12d2f4e part=plate_hole tier=0 ...
  run cfg-d12d2f4e part=cantilever tier=0 ...
  run cfg-d12d2f4e part=cylinder tier=0 ...
  run cfg-d12d2f4e part=sphere tier=0 ...
  run cfg-d12d2f4e part=icecream_cone tier=0 ...
  run cfg-50513e6f part=smoke_bar tier=0 ...
  run cfg-50513e6f part=plate_hole tier=0 ...
  run cfg-50513e6f part=cantilever tier=0 ...
  run cfg-50513e6f part=cylinder tier=0 ...
  run cfg-50513e6f part=sphere tier=0 ...
  run cfg-50513e6f part=icecream_cone tier=0 ...
  run cfg-d51075cd part=smoke_bar tier=0 ...
  run cfg-d51075cd part=plate_hole tier=0 ...
  run cfg-d51075cd part=cantilever tier=0 ...
  run cfg-d51075cd part=cylinder tier=0 ...
  run cfg-d51075cd part=sphere tier=0 ...
  run cfg-d51075cd part=icecream_cone tier=0 ...
  run cfg-ccbe0205 part=smoke_bar tier=0 ...
  run cfg-ccbe0205 part=plate_hole tier=0 ...
  run cfg-ccbe0205 part=cantilever tier=0 ...
  run cfg-ccbe0205 part=cylinder tier=0 ...
  run cfg-ccbe0205 part=sphere tier=0 ...
  run cfg-ccbe0205 part=icecream_cone tier=0 ...
  run cfg-e579faff part=smoke_bar tier=0 ...
  run cfg-e579faff part=plate_hole tier=0 ...
  run cfg-e579faff part=cantilever tier=0 ...
  run cfg-e579faff part=cylinder tier=0 ...
  run cfg-e579faff part=sphere tier=0 ...
  run cfg-e579faff part=icecream_cone tier=0 ...
  run cfg-fc9c396f part=smoke_bar tier=0 ...
  run cfg-fc9c396f part=plate_hole tier=0 ...
  run cfg-fc9c396f part=cantilever tier=0 ...
  run cfg-fc9c396f part=cylinder tier=0 ...
  run cfg-fc9c396f part=sphere tier=0 ...
  run cfg-fc9c396f part=icecream_cone tier=0 ...
  run cfg-7722d6cd part=smoke_bar tier=0 ...
  run cfg-7722d6cd part=plate_hole tier=0 ...
  run cfg-7722d6cd part=cantilever tier=0 ...
  run cfg-7722d6cd part=cylinder tier=0 ...
  run cfg-7722d6cd part=sphere tier=0 ...
  run cfg-7722d6cd part=icecream_cone tier=0 ...
  run cfg-a73acdf4 part=smoke_bar tier=0 ...
  run cfg-a73acdf4 part=plate_hole tier=0 ...
  run cfg-a73acdf4 part=cantilever tier=0 ...
  run cfg-a73acdf4 part=cylinder tier=0 ...
  run cfg-a73acdf4 part=sphere tier=0 ...
  run cfg-a73acdf4 part=icecream_cone tier=0 ...
  run cfg-4a1471ac part=smoke_bar tier=0 ...
  run cfg-4a1471ac part=plate_hole tier=0 ...
  run cfg-4a1471ac part=cantilever tier=0 ...
  run cfg-4a1471ac part=cylinder tier=0 ...
  run cfg-4a1471ac part=sphere tier=0 ...
  run cfg-4a1471ac part=icecream_cone tier=0 ...
  run cfg-82b654a8 part=smoke_bar tier=0 ...
  run cfg-82b654a8 part=plate_hole tier=0 ...
  run cfg-82b654a8 part=cantilever tier=0 ...
  run cfg-82b654a8 part=cylinder tier=0 ...
  run cfg-82b654a8 part=sphere tier=0 ...
  run cfg-82b654a8 part=icecream_cone tier=0 ...
  run cfg-855544d0 part=smoke_bar tier=0 ...
  run cfg-855544d0 part=plate_hole tier=0 ...
  run cfg-855544d0 part=cantilever tier=0 ...
  run cfg-855544d0 part=cylinder tier=0 ...
  run cfg-855544d0 part=sphere tier=0 ...
  run cfg-855544d0 part=icecream_cone tier=0 ...
  run cfg-acfdfa82 part=smoke_bar tier=0 ...
  run cfg-acfdfa82 part=plate_hole tier=0 ...
  run cfg-acfdfa82 part=cantilever tier=0 ...
  run cfg-acfdfa82 part=cylinder tier=0 ...
  run cfg-acfdfa82 part=sphere tier=0 ...
  run cfg-acfdfa82 part=icecream_cone tier=0 ...
  run cfg-a73b6cbe part=smoke_bar tier=0 ...
  run cfg-a73b6cbe part=plate_hole tier=0 ...
  run cfg-a73b6cbe part=cantilever tier=0 ...
  run cfg-a73b6cbe part=cylinder tier=0 ...
  run cfg-a73b6cbe part=sphere tier=0 ...
  run cfg-a73b6cbe part=icecream_cone tier=0 ...
  run cfg-f1652adf part=smoke_bar tier=0 ...
  run cfg-f1652adf part=plate_hole tier=0 ...
  run cfg-f1652adf part=cantilever tier=0 ...
  run cfg-f1652adf part=cylinder tier=0 ...
  run cfg-f1652adf part=sphere tier=0 ...
  run cfg-f1652adf part=icecream_cone tier=0 ...
  run cfg-97aa9e3d part=smoke_bar tier=0 ...
  run cfg-97aa9e3d part=plate_hole tier=0 ...
  run cfg-97aa9e3d part=cantilever tier=0 ...
  run cfg-97aa9e3d part=cylinder tier=0 ...
  run cfg-97aa9e3d part=sphere tier=0 ...
  run cfg-97aa9e3d part=icecream_cone tier=0 ...
  run cfg-d121ac75 part=smoke_bar tier=0 ...
  run cfg-d121ac75 part=plate_hole tier=0 ...
  run cfg-d121ac75 part=cantilever tier=0 ...
  run cfg-d121ac75 part=cylinder tier=0 ...
  run cfg-d121ac75 part=sphere tier=0 ...
  run cfg-d121ac75 part=icecream_cone tier=0 ...
  run cfg-adb1886f part=smoke_bar tier=0 ...
  run cfg-adb1886f part=plate_hole tier=0 ...
  run cfg-adb1886f part=cantilever tier=0 ...
  run cfg-adb1886f part=cylinder tier=0 ...
  run cfg-adb1886f part=sphere tier=0 ...
  run cfg-adb1886f part=icecream_cone tier=0 ...
  run cfg-d0e1553f part=smoke_bar tier=0 ...
  run cfg-d0e1553f part=plate_hole tier=0 ...
  run cfg-d0e1553f part=cantilever tier=0 ...
  run cfg-d0e1553f part=cylinder tier=0 ...
  run cfg-d0e1553f part=sphere tier=0 ...
  run cfg-d0e1553f part=icecream_cone tier=0 ...
  run cfg-ea7c28dd part=smoke_bar tier=0 ...
  run cfg-ea7c28dd part=plate_hole tier=0 ...
  run cfg-ea7c28dd part=cantilever tier=0 ...
  run cfg-ea7c28dd part=cylinder tier=0 ...
  run cfg-ea7c28dd part=sphere tier=0 ...
  run cfg-ea7c28dd part=icecream_cone tier=0 ...
  run cfg-9a7172c4 part=smoke_bar tier=0 ...
  run cfg-9a7172c4 part=plate_hole tier=0 ...
  run cfg-9a7172c4 part=cantilever tier=0 ...
  run cfg-9a7172c4 part=cylinder tier=0 ...
  run cfg-9a7172c4 part=sphere tier=0 ...
  run cfg-9a7172c4 part=icecream_cone tier=0 ...
  run cfg-211bf33c part=smoke_bar tier=0 ...
  run cfg-211bf33c part=plate_hole tier=0 ...
  run cfg-211bf33c part=cantilever tier=0 ...
  run cfg-211bf33c part=cylinder tier=0 ...
  run cfg-211bf33c part=sphere tier=0 ...
  run cfg-211bf33c part=icecream_cone tier=0 ...
  run cfg-e6ffa4b8 part=smoke_bar tier=0 ...
  run cfg-e6ffa4b8 part=plate_hole tier=0 ...
  run cfg-e6ffa4b8 part=cantilever tier=0 ...
  run cfg-e6ffa4b8 part=cylinder tier=0 ...
  run cfg-e6ffa4b8 part=sphere tier=0 ...
  run cfg-e6ffa4b8 part=icecream_cone tier=0 ...
  run cfg-20cf92e0 part=smoke_bar tier=0 ...
  run cfg-20cf92e0 part=plate_hole tier=0 ...
  run cfg-20cf92e0 part=cantilever tier=0 ...
  run cfg-20cf92e0 part=cylinder tier=0 ...
  run cfg-20cf92e0 part=sphere tier=0 ...
  run cfg-20cf92e0 part=icecream_cone tier=0 ...
  run cfg-3bd04605 part=smoke_bar tier=0 ...
  run cfg-3bd04605 part=plate_hole tier=0 ...
  run cfg-3bd04605 part=cantilever tier=0 ...
  run cfg-3bd04605 part=cylinder tier=0 ...
  run cfg-3bd04605 part=sphere tier=0 ...
  run cfg-3bd04605 part=icecream_cone tier=0 ...
  run cfg-780a06ff part=smoke_bar tier=0 ...
  run cfg-780a06ff part=plate_hole tier=0 ...
  run cfg-780a06ff part=cantilever tier=0 ...
  run cfg-780a06ff part=cylinder tier=0 ...
  run cfg-780a06ff part=sphere tier=0 ...
  run cfg-780a06ff part=icecream_cone tier=0 ...
  run cfg-f43106e2 part=smoke_bar tier=0 ...
  run cfg-f43106e2 part=plate_hole tier=0 ...
  run cfg-f43106e2 part=cantilever tier=0 ...
  run cfg-f43106e2 part=cylinder tier=0 ...
  run cfg-f43106e2 part=sphere tier=0 ...
  run cfg-f43106e2 part=icecream_cone tier=0 ...
  run cfg-2ffee2de part=smoke_bar tier=0 ...
  run cfg-2ffee2de part=plate_hole tier=0 ...
  run cfg-2ffee2de part=cantilever tier=0 ...
  run cfg-2ffee2de part=cylinder tier=0 ...
  run cfg-2ffee2de part=sphere tier=0 ...
  run cfg-2ffee2de part=icecream_cone tier=0 ...
  run cfg-51bec4d2 part=smoke_bar tier=0 ...
  run cfg-51bec4d2 part=plate_hole tier=0 ...
  run cfg-51bec4d2 part=cantilever tier=0 ...
  run cfg-51bec4d2 part=cylinder tier=0 ...
  run cfg-51bec4d2 part=sphere tier=0 ...
  run cfg-51bec4d2 part=icecream_cone tier=0 ...
  run cfg-63bd3b4e part=smoke_bar tier=0 ...
  run cfg-63bd3b4e part=plate_hole tier=0 ...
  run cfg-63bd3b4e part=cantilever tier=0 ...
  run cfg-63bd3b4e part=cylinder tier=0 ...
  run cfg-63bd3b4e part=sphere tier=0 ...
  run cfg-63bd3b4e part=icecream_cone tier=0 ...
  run cfg-d066ccea part=smoke_bar tier=0 ...
  run cfg-d066ccea part=plate_hole tier=0 ...
  run cfg-d066ccea part=cantilever tier=0 ...
  run cfg-d066ccea part=cylinder tier=0 ...
  run cfg-d066ccea part=sphere tier=0 ...
  run cfg-d066ccea part=icecream_cone tier=0 ...
  run cfg-3ee4a066 part=smoke_bar tier=0 ...
  run cfg-3ee4a066 part=plate_hole tier=0 ...
  run cfg-3ee4a066 part=cantilever tier=0 ...
  run cfg-3ee4a066 part=cylinder tier=0 ...
  run cfg-3ee4a066 part=sphere tier=0 ...
  run cfg-3ee4a066 part=icecream_cone tier=0 ...
  run cfg-1da428f7 part=smoke_bar tier=0 ...
  run cfg-1da428f7 part=plate_hole tier=0 ...
  run cfg-1da428f7 part=cantilever tier=0 ...
  run cfg-1da428f7 part=cylinder tier=0 ...
  run cfg-1da428f7 part=sphere tier=0 ...
  run cfg-1da428f7 part=icecream_cone tier=0 ...
  run cfg-98a49495 part=smoke_bar tier=0 ...
  run cfg-98a49495 part=plate_hole tier=0 ...
  run cfg-98a49495 part=cantilever tier=0 ...
  run cfg-98a49495 part=cylinder tier=0 ...
  run cfg-98a49495 part=sphere tier=0 ...
  run cfg-98a49495 part=icecream_cone tier=0 ...
  run cfg-75c1199d part=smoke_bar tier=0 ...
  run cfg-75c1199d part=plate_hole tier=0 ...
  run cfg-75c1199d part=cantilever tier=0 ...
  run cfg-75c1199d part=cylinder tier=0 ...
  run cfg-75c1199d part=sphere tier=0 ...
  run cfg-75c1199d part=icecream_cone tier=0 ...
  run cfg-7388d637 part=smoke_bar tier=0 ...
  run cfg-7388d637 part=plate_hole tier=0 ...
  run cfg-7388d637 part=cantilever tier=0 ...
  run cfg-7388d637 part=cylinder tier=0 ...
  run cfg-7388d637 part=sphere tier=0 ...
  run cfg-7388d637 part=icecream_cone tier=0 ...
  run cfg-d472fcd3 part=smoke_bar tier=0 ...
  run cfg-d472fcd3 part=plate_hole tier=0 ...
  run cfg-d472fcd3 part=cantilever tier=0 ...
  run cfg-d472fcd3 part=cylinder tier=0 ...
  run cfg-d472fcd3 part=sphere tier=0 ...
  run cfg-d472fcd3 part=icecream_cone tier=0 ...
  run cfg-4be9fc41 part=smoke_bar tier=0 ...
  run cfg-4be9fc41 part=plate_hole tier=0 ...
  run cfg-4be9fc41 part=cantilever tier=0 ...
  run cfg-4be9fc41 part=cylinder tier=0 ...
  run cfg-4be9fc41 part=sphere tier=0 ...
  run cfg-4be9fc41 part=icecream_cone tier=0 ...
  run cfg-ab90fdf8 part=smoke_bar tier=0 ...
  run cfg-ab90fdf8 part=plate_hole tier=0 ...
  run cfg-ab90fdf8 part=cantilever tier=0 ...
  run cfg-ab90fdf8 part=cylinder tier=0 ...
  run cfg-ab90fdf8 part=sphere tier=0 ...
  run cfg-ab90fdf8 part=icecream_cone tier=0 ...
  run cfg-8d06af20 part=smoke_bar tier=0 ...
  run cfg-8d06af20 part=plate_hole tier=0 ...
  run cfg-8d06af20 part=cantilever tier=0 ...
  run cfg-8d06af20 part=cylinder tier=0 ...
  run cfg-8d06af20 part=sphere tier=0 ...
  run cfg-8d06af20 part=icecream_cone tier=0 ...
  run cfg-1c2e438c part=smoke_bar tier=0 ...
  run cfg-1c2e438c part=plate_hole tier=0 ...
  run cfg-1c2e438c part=cantilever tier=0 ...
  run cfg-1c2e438c part=cylinder tier=0 ...
  run cfg-1c2e438c part=sphere tier=0 ...
  run cfg-1c2e438c part=icecream_cone tier=0 ...
  run cfg-e825d824 part=smoke_bar tier=0 ...
  run cfg-e825d824 part=plate_hole tier=0 ...
  run cfg-e825d824 part=cantilever tier=0 ...
  run cfg-e825d824 part=cylinder tier=0 ...
  run cfg-e825d824 part=sphere tier=0 ...
  run cfg-e825d824 part=icecream_cone tier=0 ...
  run cfg-69108570 part=smoke_bar tier=0 ...
  run cfg-69108570 part=plate_hole tier=0 ...
  run cfg-69108570 part=cantilever tier=0 ...
  run cfg-69108570 part=cylinder tier=0 ...
  run cfg-69108570 part=sphere tier=0 ...
  run cfg-69108570 part=icecream_cone tier=0 ...
  run cfg-77d5d498 part=smoke_bar tier=0 ...
  run cfg-77d5d498 part=plate_hole tier=0 ...
  run cfg-77d5d498 part=cantilever tier=0 ...
  run cfg-77d5d498 part=cylinder tier=0 ...
  run cfg-77d5d498 part=sphere tier=0 ...
  run cfg-77d5d498 part=icecream_cone tier=0 ...
  run cfg-699aeefd part=smoke_bar tier=0 ...
  run cfg-699aeefd part=plate_hole tier=0 ...
  run cfg-699aeefd part=cantilever tier=0 ...
  run cfg-699aeefd part=cylinder tier=0 ...
  run cfg-699aeefd part=sphere tier=0 ...
  run cfg-699aeefd part=icecream_cone tier=0 ...
  run cfg-a1189557 part=smoke_bar tier=0 ...
  run cfg-a1189557 part=plate_hole tier=0 ...
  run cfg-a1189557 part=cantilever tier=0 ...
  run cfg-a1189557 part=cylinder tier=0 ...
  run cfg-a1189557 part=sphere tier=0 ...
  run cfg-a1189557 part=icecream_cone tier=0 ...
  run cfg-4abefc17 part=smoke_bar tier=0 ...
  run cfg-4abefc17 part=plate_hole tier=0 ...
  run cfg-4abefc17 part=cantilever tier=0 ...
  run cfg-4abefc17 part=cylinder tier=0 ...
  run cfg-4abefc17 part=sphere tier=0 ...
  run cfg-4abefc17 part=icecream_cone tier=0 ...
  run cfg-91741cf5 part=smoke_bar tier=0 ...
  run cfg-91741cf5 part=plate_hole tier=0 ...
  run cfg-91741cf5 part=cantilever tier=0 ...
  run cfg-91741cf5 part=cylinder tier=0 ...
  run cfg-91741cf5 part=sphere tier=0 ...
  run cfg-91741cf5 part=icecream_cone tier=0 ...
wrote bench\campaigns\advisor-batch-1-s1\runs\cfg-1036e283\cantilever\t0\wire.png
wrote bench\campaigns\advisor-batch-1-s1\runs\cfg-1036e283\cylinder\t0\wire.png
wrote bench\campaigns\advisor-batch-1-s1\runs\cfg-1036e283\plate_hole\t0\wire.png
wrote bench\campaigns\advisor-batch-1-s1\runs\cfg-1036e283\smoke_bar\t0\wire.png
wrote bench\campaigns\advisor-batch-1-s1\runs\cfg-1036e283\sphere\t0\wire.png
wrote bench\campaigns\advisor-batch-1-s1\runs\cfg-17f37a6f\cantilever\t0\wire.png
wrote bench\campaigns\advisor-batch-1-s1\runs\cfg-17f37a6f\cylinder\t0\wire.png
wrote bench\campaigns\advisor-batch-1-s1\runs\cfg-17f37a6f\smoke_bar\t0\wire.png
wrote bench\campaigns\advisor-batch-1-s1\runs\cfg-17f37a6f\sphere\t0\wire.png
wrote bench\campaigns\advisor-batch-1-s1\runs\cfg-1c2e438c\cantilever\t0\wire.png
wrote bench\campaigns\advisor-batch-1-s1\runs\cfg-1c2e438c\cylinder\t0\wire.png
wrote bench\campaigns\advisor-batch-1-s1\runs\cfg-1c2e438c\icecream_cone\t0\wire.png
wrote bench\campaigns\advisor-batch-1-s1\runs\cfg-1c2e438c\plate_hole\t0\wire.png
wrote bench\campaigns\advisor-batch-1-s1\runs\cfg-1c2e438c\smoke_bar\t0\wire.png
wrote bench\campaigns\advisor-batch-1-s1\runs\cfg-1c2e438c\sphere\t0\wire.png
wrote bench\campaigns\advisor-batch-1-s1\runs\cfg-1c7e40f4\cantilever\t0\wire.png
wrote bench\campaigns\advisor-batch-1-s1\runs\cfg-1c7e40f4\cylinder\t0\wire.png
wrote bench\campaigns\advisor-batch-1-s1\runs\cfg-1c7e40f4\plate_hole\t0\wire.png
wrote bench\campaigns\advisor-batch-1-s1\runs\cfg-1c7e40f4\smoke_bar\t0\wire.png
wrote bench\campaigns\advisor-batch-1-s1\runs\cfg-1c7e40f4\sphere\t0\wire.png
wrote bench\campaigns\advisor-batch-1-s1\runs\cfg-1da428f7\cantilever\t0\wire.png
wrote bench\campaigns\advisor-batch-1-s1\runs\cfg-1da428f7\cylinder\t0\wire.png
wrote bench\campaigns\advisor-batch-1-s1\runs\cfg-1da428f7\smoke_bar\t0\wire.png
wrote bench\campaigns\advisor-batch-1-s1\runs\cfg-1da428f7\sphere\t0\wire.png
wrote bench\campaigns\advisor-batch-1-s1\runs\cfg-20cf92e0\cantilever\t0\wire.png
wrote bench\campaigns\advisor-batch-1-s1\runs\cfg-20cf92e0\cylinder\t0\wire.png
wrote bench\campaigns\advisor-batch-1-s1\runs\cfg-20cf92e0\plate_hole\t0\wire.png
wrote bench\campaigns\advisor-batch-1-s1\runs\cfg-20cf92e0\smoke_bar\t0\wire.png
wrote bench\campaigns\advisor-batch-1-s1\runs\cfg-20cf92e0\sphere\t0\wire.png
wrote bench\campaigns\advisor-batch-1-s1\runs\cfg-211bf33c\cantilever\t0\wire.png
wrote bench\campaigns\advisor-batch-1-s1\runs\cfg-211bf33c\cylinder\t0\wire.png
wrote bench\campaigns\advisor-batch-1-s1\runs\cfg-211bf33c\plate_hole\t0\wire.png
wrote bench\campaigns\advisor-batch-1-s1\runs\cfg-211bf33c\smoke_bar\t0\wire.png
wrote bench\campaigns\advisor-batch-1-s1\runs\cfg-211bf33c\sphere\t0\wire.png
wrote bench\campaigns\advisor-batch-1-s1\runs\cfg-26768af2\cantilever\t0\wire.png
wrote bench\campaigns\advisor-batch-1-s1\runs\cfg-26768af2\cylinder\t0\wire.png
wrote bench\campaigns\advisor-batch-1-s1\runs\cfg-26768af2\plate_hole\t0\wire.png
wrote bench\campaigns\advisor-batch-1-s1\runs\cfg-26768af2\smoke_bar\t0\wire.png
wrote bench\campaigns\advisor-batch-1-s1\runs\cfg-26768af2\sphere\t0\wire.png
wrote bench\campaigns\advisor-batch-1-s1\runs\cfg-2e7f3d05\cantilever\t0\wire.png
wrote bench\campaigns\advisor-batch-1-s1\runs\cfg-2e7f3d05\cylinder\t0\wire.png
wrote bench\campaigns\advisor-batch-1-s1\runs\cfg-2e7f3d05\icecream_cone\t0\wire.png
wrote bench\campaigns\advisor-batch-1-s1\runs\cfg-2e7f3d05\plate_hole\t0\wire.png
wrote bench\campaigns\advisor-batch-1-s1\runs\cfg-2e7f3d05\smoke_bar\t0\wire.png
wrote bench\campaigns\advisor-batch-1-s1\runs\cfg-2e7f3d05\sphere\t0\wire.png
wrote bench\campaigns\advisor-batch-1-s1\runs\cfg-2ffee2de\cantilever\t0\wire.png
wrote bench\campaigns\advisor-batch-1-s1\runs\cfg-2ffee2de\cylinder\t0\wire.png
wrote bench\campaigns\advisor-batch-1-s1\runs\cfg-2ffee2de\plate_hole\t0\wire.png
wrote bench\campaigns\advisor-batch-1-s1\runs\cfg-2ffee2de\smoke_bar\t0\wire.png
wrote bench\campaigns\advisor-batch-1-s1\runs\cfg-2ffee2de\sphere\t0\wire.png
wrote bench\campaigns\advisor-batch-1-s1\runs\cfg-3484fe06\cantilever\t0\wire.png
wrote bench\campaigns\advisor-batch-1-s1\runs\cfg-3484fe06\cylinder\t0\wire.png
wrote bench\campaigns\advisor-batch-1-s1\runs\cfg-3484fe06\plate_hole\t0\wire.png
wrote bench\campaigns\advisor-batch-1-s1\runs\cfg-3484fe06\smoke_bar\t0\wire.png
wrote bench\campaigns\advisor-batch-1-s1\runs\cfg-3bd04605\cantilever\t0\wire.png
wrote bench\campaigns\advisor-batch-1-s1\runs\cfg-3bd04605\cylinder\t0\wire.png
wrote bench\campaigns\advisor-batch-1-s1\runs\cfg-3bd04605\smoke_bar\t0\wire.png
wrote bench\campaigns\advisor-batch-1-s1\runs\cfg-3bd04605\sphere\t0\wire.png
wrote bench\campaigns\advisor-batch-1-s1\runs\cfg-3ee4a066\cantilever\t0\wire.png
wrote bench\campaigns\advisor-batch-1-s1\runs\cfg-3ee4a066\cylinder\t0\wire.png
wrote bench\campaigns\advisor-batch-1-s1\runs\cfg-3ee4a066\plate_hole\t0\wire.png
wrote bench\campaigns\advisor-batch-1-s1\runs\cfg-3ee4a066\smoke_bar\t0\wire.png
wrote bench\campaigns\advisor-batch-1-s1\runs\cfg-446dbbd2\cantilever\t0\wire.png
wrote bench\campaigns\advisor-batch-1-s1\runs\cfg-446dbbd2\cylinder\t0\wire.png
wrote bench\campaigns\advisor-batch-1-s1\runs\cfg-446dbbd2\smoke_bar\t0\wire.png
wrote bench\campaigns\advisor-batch-1-s1\runs\cfg-446dbbd2\sphere\t0\wire.png
wrote bench\campaigns\advisor-batch-1-s1\runs\cfg-4a1471ac\cantilever\t0\wire.png
wrote bench\campaigns\advisor-batch-1-s1\runs\cfg-4a1471ac\cylinder\t0\wire.png
wrote bench\campaigns\advisor-batch-1-s1\runs\cfg-4a1471ac\plate_hole\t0\wire.png
wrote bench\campaigns\advisor-batch-1-s1\runs\cfg-4a1471ac\smoke_bar\t0\wire.png
wrote bench\campaigns\advisor-batch-1-s1\runs\cfg-4a1471ac\sphere\t0\wire.png
wrote bench\campaigns\advisor-batch-1-s1\runs\cfg-4a7a5b13\cantilever\t0\wire.png
wrote bench\campaigns\advisor-batch-1-s1\runs\cfg-4a7a5b13\cylinder\t0\wire.png
wrote bench\campaigns\advisor-batch-1-s1\runs\cfg-4a7a5b13\plate_hole\t0\wire.png
wrote bench\campaigns\advisor-batch-1-s1\runs\cfg-4a7a5b13\smoke_bar\t0\wire.png
wrote bench\campaigns\advisor-batch-1-s1\runs\cfg-4a7a5b13\sphere\t0\wire.png
wrote bench\campaigns\advisor-batch-1-s1\runs\cfg-4abefc17\cantilever\t0\wire.png
wrote bench\campaigns\advisor-batch-1-s1\runs\cfg-4abefc17\cylinder\t0\wire.png
wrote bench\campaigns\advisor-batch-1-s1\runs\cfg-4abefc17\plate_hole\t0\wire.png
wrote bench\campaigns\advisor-batch-1-s1\runs\cfg-4abefc17\smoke_bar\t0\wire.png
wrote bench\campaigns\advisor-batch-1-s1\runs\cfg-4abefc17\sphere\t0\wire.png
wrote bench\campaigns\advisor-batch-1-s1\runs\cfg-4be9fc41\cantilever\t0\wire.png
wrote bench\campaigns\advisor-batch-1-s1\runs\cfg-4be9fc41\cylinder\t0\wire.png
wrote bench\campaigns\advisor-batch-1-s1\runs\cfg-4be9fc41\smoke_bar\t0\wire.png
wrote bench\campaigns\advisor-batch-1-s1\runs\cfg-4be9fc41\sphere\t0\wire.png
wrote bench\campaigns\advisor-batch-1-s1\runs\cfg-50513e6f\cantilever\t0\wire.png
wrote bench\campaigns\advisor-batch-1-s1\runs\cfg-50513e6f\cylinder\t0\wire.png
wrote bench\campaigns\advisor-batch-1-s1\runs\cfg-50513e6f\plate_hole\t0\wire.png
wrote bench\campaigns\advisor-batch-1-s1\runs\cfg-50513e6f\smoke_bar\t0\wire.png
wrote bench\campaigns\advisor-batch-1-s1\runs\cfg-50513e6f\sphere\t0\wire.png
wrote bench\campaigns\advisor-batch-1-s1\runs\cfg-51bec4d2\cantilever\t0\wire.png
wrote bench\campaigns\advisor-batch-1-s1\runs\cfg-51bec4d2\cylinder\t0\wire.png
wrote bench\campaigns\advisor-batch-1-s1\runs\cfg-51bec4d2\icecream_cone\t0\wire.png
wrote bench\campaigns\advisor-batch-1-s1\runs\cfg-51bec4d2\plate_hole\t0\wire.png
wrote bench\campaigns\advisor-batch-1-s1\runs\cfg-51bec4d2\smoke_bar\t0\wire.png
wrote bench\campaigns\advisor-batch-1-s1\runs\cfg-51bec4d2\sphere\t0\wire.png
wrote bench\campaigns\advisor-batch-1-s1\runs\cfg-63bd3b4e\cantilever\t0\wire.png
wrote bench\campaigns\advisor-batch-1-s1\runs\cfg-63bd3b4e\cylinder\t0\wire.png
wrote bench\campaigns\advisor-batch-1-s1\runs\cfg-63bd3b4e\plate_hole\t0\wire.png
wrote bench\campaigns\advisor-batch-1-s1\runs\cfg-63bd3b4e\smoke_bar\t0\wire.png
wrote bench\campaigns\advisor-batch-1-s1\runs\cfg-63bd3b4e\sphere\t0\wire.png
wrote bench\campaigns\advisor-batch-1-s1\runs\cfg-69108570\cantilever\t0\wire.png
wrote bench\campaigns\advisor-batch-1-s1\runs\cfg-69108570\cylinder\t0\wire.png
wrote bench\campaigns\advisor-batch-1-s1\runs\cfg-69108570\smoke_bar\t0\wire.png
wrote bench\campaigns\advisor-batch-1-s1\runs\cfg-699aeefd\cantilever\t0\wire.png
wrote bench\campaigns\advisor-batch-1-s1\runs\cfg-699aeefd\cylinder\t0\wire.png
wrote bench\campaigns\advisor-batch-1-s1\runs\cfg-699aeefd\smoke_bar\t0\wire.png
wrote bench\campaigns\advisor-batch-1-s1\runs\cfg-699aeefd\sphere\t0\wire.png
wrote bench\campaigns\advisor-batch-1-s1\runs\cfg-6ba87f6f\cantilever\t0\wire.png
wrote bench\campaigns\advisor-batch-1-s1\runs\cfg-6ba87f6f\cylinder\t0\wire.png
wrote bench\campaigns\advisor-batch-1-s1\runs\cfg-6ba87f6f\plate_hole\t0\wire.png
wrote bench\campaigns\advisor-batch-1-s1\runs\cfg-6ba87f6f\smoke_bar\t0\wire.png
wrote bench\campaigns\advisor-batch-1-s1\runs\cfg-6ba87f6f\sphere\t0\wire.png
wrote bench\campaigns\advisor-batch-1-s1\runs\cfg-7388d637\cantilever\t0\wire.png
wrote bench\campaigns\advisor-batch-1-s1\runs\cfg-7388d637\cylinder\t0\wire.png
wrote bench\campaigns\advisor-batch-1-s1\runs\cfg-7388d637\plate_hole\t0\wire.png
wrote bench\campaigns\advisor-batch-1-s1\runs\cfg-7388d637\smoke_bar\t0\wire.png
wrote bench\campaigns\advisor-batch-1-s1\runs\cfg-7388d637\sphere\t0\wire.png
wrote bench\campaigns\advisor-batch-1-s1\runs\cfg-75c1199d\cantilever\t0\wire.png
wrote bench\campaigns\advisor-batch-1-s1\runs\cfg-75c1199d\cylinder\t0\wire.png
wrote bench\campaigns\advisor-batch-1-s1\runs\cfg-75c1199d\plate_hole\t0\wire.png
wrote bench\campaigns\advisor-batch-1-s1\runs\cfg-75c1199d\smoke_bar\t0\wire.png
wrote bench\campaigns\advisor-batch-1-s1\runs\cfg-75c1199d\sphere\t0\wire.png
wrote bench\campaigns\advisor-batch-1-s1\runs\cfg-7722d6cd\cantilever\t0\wire.png
wrote bench\campaigns\advisor-batch-1-s1\runs\cfg-7722d6cd\cylinder\t0\wire.png
wrote bench\campaigns\advisor-batch-1-s1\runs\cfg-7722d6cd\smoke_bar\t0\wire.png
wrote bench\campaigns\advisor-batch-1-s1\runs\cfg-7722d6cd\sphere\t0\wire.png
wrote bench\campaigns\advisor-batch-1-s1\runs\cfg-77d5d498\cantilever\t0\wire.png
wrote bench\campaigns\advisor-batch-1-s1\runs\cfg-77d5d498\cylinder\t0\wire.png
wrote bench\campaigns\advisor-batch-1-s1\runs\cfg-77d5d498\smoke_bar\t0\wire.png
wrote bench\campaigns\advisor-batch-1-s1\runs\cfg-780a06ff\cantilever\t0\wire.png
wrote bench\campaigns\advisor-batch-1-s1\runs\cfg-780a06ff\cylinder\t0\wire.png
wrote bench\campaigns\advisor-batch-1-s1\runs\cfg-780a06ff\plate_hole\t0\wire.png
wrote bench\campaigns\advisor-batch-1-s1\runs\cfg-780a06ff\smoke_bar\t0\wire.png
wrote bench\campaigns\advisor-batch-1-s1\runs\cfg-7f85e9cd\cantilever\t0\wire.png
wrote bench\campaigns\advisor-batch-1-s1\runs\cfg-7f85e9cd\cylinder\t0\wire.png
wrote bench\campaigns\advisor-batch-1-s1\runs\cfg-7f85e9cd\plate_hole\t0\wire.png
wrote bench\campaigns\advisor-batch-1-s1\runs\cfg-7f85e9cd\smoke_bar\t0\wire.png
wrote bench\campaigns\advisor-batch-1-s1\runs\cfg-82b654a8\cantilever\t0\wire.png
wrote bench\campaigns\advisor-batch-1-s1\runs\cfg-82b654a8\cylinder\t0\wire.png
wrote bench\campaigns\advisor-batch-1-s1\runs\cfg-82b654a8\icecream_cone\t0\wire.png
wrote bench\campaigns\advisor-batch-1-s1\runs\cfg-82b654a8\plate_hole\t0\wire.png
wrote bench\campaigns\advisor-batch-1-s1\runs\cfg-82b654a8\smoke_bar\t0\wire.png
wrote bench\campaigns\advisor-batch-1-s1\runs\cfg-82b654a8\sphere\t0\wire.png
wrote bench\campaigns\advisor-batch-1-s1\runs\cfg-855544d0\cantilever\t0\wire.png
wrote bench\campaigns\advisor-batch-1-s1\runs\cfg-855544d0\cylinder\t0\wire.png
wrote bench\campaigns\advisor-batch-1-s1\runs\cfg-855544d0\icecream_cone\t0\wire.png
wrote bench\campaigns\advisor-batch-1-s1\runs\cfg-855544d0\plate_hole\t0\wire.png
wrote bench\campaigns\advisor-batch-1-s1\runs\cfg-855544d0\smoke_bar\t0\wire.png
wrote bench\campaigns\advisor-batch-1-s1\runs\cfg-855544d0\sphere\t0\wire.png
wrote bench\campaigns\advisor-batch-1-s1\runs\cfg-8a6dbaac\cantilever\t0\wire.png
wrote bench\campaigns\advisor-batch-1-s1\runs\cfg-8a6dbaac\cylinder\t0\wire.png
wrote bench\campaigns\advisor-batch-1-s1\runs\cfg-8a6dbaac\plate_hole\t0\wire.png
wrote bench\campaigns\advisor-batch-1-s1\runs\cfg-8a6dbaac\smoke_bar\t0\wire.png
wrote bench\campaigns\advisor-batch-1-s1\runs\cfg-8a6dbaac\sphere\t0\wire.png
wrote bench\campaigns\advisor-batch-1-s1\runs\cfg-8ca3a281\cantilever\t0\wire.png
wrote bench\campaigns\advisor-batch-1-s1\runs\cfg-8ca3a281\cylinder\t0\wire.png
wrote bench\campaigns\advisor-batch-1-s1\runs\cfg-8ca3a281\plate_hole\t0\wire.png
wrote bench\campaigns\advisor-batch-1-s1\runs\cfg-8ca3a281\smoke_bar\t0\wire.png
wrote bench\campaigns\advisor-batch-1-s1\runs\cfg-8ca3a281\sphere\t0\wire.png
wrote bench\campaigns\advisor-batch-1-s1\runs\cfg-8d06af20\cantilever\t0\wire.png
wrote bench\campaigns\advisor-batch-1-s1\runs\cfg-8d06af20\cylinder\t0\wire.png
wrote bench\campaigns\advisor-batch-1-s1\runs\cfg-8d06af20\plate_hole\t0\wire.png
wrote bench\campaigns\advisor-batch-1-s1\runs\cfg-8d06af20\smoke_bar\t0\wire.png
wrote bench\campaigns\advisor-batch-1-s1\runs\cfg-8d06af20\sphere\t0\wire.png
wrote bench\campaigns\advisor-batch-1-s1\runs\cfg-8db857d0\cantilever\t0\wire.png
wrote bench\campaigns\advisor-batch-1-s1\runs\cfg-8db857d0\cylinder\t0\wire.png
wrote bench\campaigns\advisor-batch-1-s1\runs\cfg-8db857d0\plate_hole\t0\wire.png
wrote bench\campaigns\advisor-batch-1-s1\runs\cfg-8db857d0\smoke_bar\t0\wire.png
wrote bench\campaigns\advisor-batch-1-s1\runs\cfg-8db857d0\sphere\t0\wire.png
wrote bench\campaigns\advisor-batch-1-s1\runs\cfg-91741cf5\cantilever\t0\wire.png
wrote bench\campaigns\advisor-batch-1-s1\runs\cfg-91741cf5\cylinder\t0\wire.png
wrote bench\campaigns\advisor-batch-1-s1\runs\cfg-91741cf5\plate_hole\t0\wire.png
wrote bench\campaigns\advisor-batch-1-s1\runs\cfg-91741cf5\smoke_bar\t0\wire.png
wrote bench\campaigns\advisor-batch-1-s1\runs\cfg-91741cf5\sphere\t0\wire.png
wrote bench\campaigns\advisor-batch-1-s1\runs\cfg-97aa9e3d\cantilever\t0\wire.png
wrote bench\campaigns\advisor-batch-1-s1\runs\cfg-97aa9e3d\cylinder\t0\wire.png
wrote bench\campaigns\advisor-batch-1-s1\runs\cfg-97aa9e3d\plate_hole\t0\wire.png
wrote bench\campaigns\advisor-batch-1-s1\runs\cfg-97aa9e3d\smoke_bar\t0\wire.png
wrote bench\campaigns\advisor-batch-1-s1\runs\cfg-97aa9e3d\sphere\t0\wire.png
wrote bench\campaigns\advisor-batch-1-s1\runs\cfg-98a49495\cantilever\t0\wire.png
wrote bench\campaigns\advisor-batch-1-s1\runs\cfg-98a49495\cylinder\t0\wire.png
wrote bench\campaigns\advisor-batch-1-s1\runs\cfg-98a49495\plate_hole\t0\wire.png
wrote bench\campaigns\advisor-batch-1-s1\runs\cfg-98a49495\smoke_bar\t0\wire.png
wrote bench\campaigns\advisor-batch-1-s1\runs\cfg-98a49495\sphere\t0\wire.png
wrote bench\campaigns\advisor-batch-1-s1\runs\cfg-9a7172c4\cantilever\t0\wire.png
wrote bench\campaigns\advisor-batch-1-s1\runs\cfg-9a7172c4\cylinder\t0\wire.png
wrote bench\campaigns\advisor-batch-1-s1\runs\cfg-9a7172c4\plate_hole\t0\wire.png
wrote bench\campaigns\advisor-batch-1-s1\runs\cfg-9a7172c4\smoke_bar\t0\wire.png
wrote bench\campaigns\advisor-batch-1-s1\runs\cfg-9a7172c4\sphere\t0\wire.png
wrote bench\campaigns\advisor-batch-1-s1\runs\cfg-9cf657a9\cantilever\t0\wire.png
wrote bench\campaigns\advisor-batch-1-s1\runs\cfg-9cf657a9\cylinder\t0\wire.png
wrote bench\campaigns\advisor-batch-1-s1\runs\cfg-9cf657a9\plate_hole\t0\wire.png
wrote bench\campaigns\advisor-batch-1-s1\runs\cfg-9cf657a9\smoke_bar\t0\wire.png
wrote bench\campaigns\advisor-batch-1-s1\runs\cfg-9cf657a9\sphere\t0\wire.png
wrote bench\campaigns\advisor-batch-1-s1\runs\cfg-9e0d95a8\cantilever\t0\wire.png
wrote bench\campaigns\advisor-batch-1-s1\runs\cfg-9e0d95a8\cylinder\t0\wire.png
wrote bench\campaigns\advisor-batch-1-s1\runs\cfg-9e0d95a8\icecream_cone\t0\wire.png
wrote bench\campaigns\advisor-batch-1-s1\runs\cfg-9e0d95a8\plate_hole\t0\wire.png
wrote bench\campaigns\advisor-batch-1-s1\runs\cfg-9e0d95a8\smoke_bar\t0\wire.png
wrote bench\campaigns\advisor-batch-1-s1\runs\cfg-9e0d95a8\sphere\t0\wire.png
wrote bench\campaigns\advisor-batch-1-s1\runs\cfg-a1189557\cantilever\t0\wire.png
wrote bench\campaigns\advisor-batch-1-s1\runs\cfg-a1189557\cylinder\t0\wire.png
wrote bench\campaigns\advisor-batch-1-s1\runs\cfg-a1189557\smoke_bar\t0\wire.png
wrote bench\campaigns\advisor-batch-1-s1\runs\cfg-a1189557\sphere\t0\wire.png
wrote bench\campaigns\advisor-batch-1-s1\runs\cfg-a73acdf4\cantilever\t0\wire.png
wrote bench\campaigns\advisor-batch-1-s1\runs\cfg-a73acdf4\cylinder\t0\wire.png
wrote bench\campaigns\advisor-batch-1-s1\runs\cfg-a73acdf4\plate_hole\t0\wire.png
wrote bench\campaigns\advisor-batch-1-s1\runs\cfg-a73acdf4\smoke_bar\t0\wire.png
wrote bench\campaigns\advisor-batch-1-s1\runs\cfg-a73acdf4\sphere\t0\wire.png
wrote bench\campaigns\advisor-batch-1-s1\runs\cfg-a73b6cbe\cantilever\t0\wire.png
wrote bench\campaigns\advisor-batch-1-s1\runs\cfg-a73b6cbe\cylinder\t0\wire.png
wrote bench\campaigns\advisor-batch-1-s1\runs\cfg-a73b6cbe\plate_hole\t0\wire.png
wrote bench\campaigns\advisor-batch-1-s1\runs\cfg-a73b6cbe\smoke_bar\t0\wire.png
wrote bench\campaigns\advisor-batch-1-s1\runs\cfg-a77106d9\cantilever\t0\wire.png
wrote bench\campaigns\advisor-batch-1-s1\runs\cfg-a77106d9\cylinder\t0\wire.png
wrote bench\campaigns\advisor-batch-1-s1\runs\cfg-a77106d9\plate_hole\t0\wire.png
wrote bench\campaigns\advisor-batch-1-s1\runs\cfg-a77106d9\smoke_bar\t0\wire.png
wrote bench\campaigns\advisor-batch-1-s1\runs\cfg-aad27433\cantilever\t0\wire.png
wrote bench\campaigns\advisor-batch-1-s1\runs\cfg-aad27433\cylinder\t0\wire.png
wrote bench\campaigns\advisor-batch-1-s1\runs\cfg-aad27433\plate_hole\t0\wire.png
wrote bench\campaigns\advisor-batch-1-s1\runs\cfg-aad27433\smoke_bar\t0\wire.png
wrote bench\campaigns\advisor-batch-1-s1\runs\cfg-ab90fdf8\cantilever\t0\wire.png
wrote bench\campaigns\advisor-batch-1-s1\runs\cfg-ab90fdf8\cylinder\t0\wire.png
wrote bench\campaigns\advisor-batch-1-s1\runs\cfg-ab90fdf8\plate_hole\t0\wire.png
wrote bench\campaigns\advisor-batch-1-s1\runs\cfg-ab90fdf8\smoke_bar\t0\wire.png
wrote bench\campaigns\advisor-batch-1-s1\runs\cfg-ab90fdf8\sphere\t0\wire.png
wrote bench\campaigns\advisor-batch-1-s1\runs\cfg-acfdfa82\cantilever\t0\wire.png
wrote bench\campaigns\advisor-batch-1-s1\runs\cfg-acfdfa82\cylinder\t0\wire.png
wrote bench\campaigns\advisor-batch-1-s1\runs\cfg-acfdfa82\plate_hole\t0\wire.png
wrote bench\campaigns\advisor-batch-1-s1\runs\cfg-acfdfa82\smoke_bar\t0\wire.png
wrote bench\campaigns\advisor-batch-1-s1\runs\cfg-adb1886f\cantilever\t0\wire.png
wrote bench\campaigns\advisor-batch-1-s1\runs\cfg-adb1886f\cylinder\t0\wire.png
wrote bench\campaigns\advisor-batch-1-s1\runs\cfg-adb1886f\plate_hole\t0\wire.png
wrote bench\campaigns\advisor-batch-1-s1\runs\cfg-adb1886f\smoke_bar\t0\wire.png
wrote bench\campaigns\advisor-batch-1-s1\runs\cfg-adb1886f\sphere\t0\wire.png
wrote bench\campaigns\advisor-batch-1-s1\runs\cfg-c4d6504e\cantilever\t0\wire.png
wrote bench\campaigns\advisor-batch-1-s1\runs\cfg-c4d6504e\cylinder\t0\wire.png
wrote bench\campaigns\advisor-batch-1-s1\runs\cfg-c4d6504e\plate_hole\t0\wire.png
wrote bench\campaigns\advisor-batch-1-s1\runs\cfg-c4d6504e\smoke_bar\t0\wire.png
wrote bench\campaigns\advisor-batch-1-s1\runs\cfg-ccbe0205\cantilever\t0\wire.png
wrote bench\campaigns\advisor-batch-1-s1\runs\cfg-ccbe0205\cylinder\t0\wire.png
wrote bench\campaigns\advisor-batch-1-s1\runs\cfg-ccbe0205\icecream_cone\t0\wire.png
wrote bench\campaigns\advisor-batch-1-s1\runs\cfg-ccbe0205\plate_hole\t0\wire.png
wrote bench\campaigns\advisor-batch-1-s1\runs\cfg-ccbe0205\smoke_bar\t0\wire.png
wrote bench\campaigns\advisor-batch-1-s1\runs\cfg-ccbe0205\sphere\t0\wire.png
wrote bench\campaigns\advisor-batch-1-s1\runs\cfg-ccd99376\cantilever\t0\wire.png
wrote bench\campaigns\advisor-batch-1-s1\runs\cfg-ccd99376\cylinder\t0\wire.png
wrote bench\campaigns\advisor-batch-1-s1\runs\cfg-ccd99376\plate_hole\t0\wire.png
wrote bench\campaigns\advisor-batch-1-s1\runs\cfg-ccd99376\smoke_bar\t0\wire.png
wrote bench\campaigns\advisor-batch-1-s1\runs\cfg-ccd99376\sphere\t0\wire.png
wrote bench\campaigns\advisor-batch-1-s1\runs\cfg-cd3d3942\cantilever\t0\wire.png
wrote bench\campaigns\advisor-batch-1-s1\runs\cfg-cd3d3942\cylinder\t0\wire.png
wrote bench\campaigns\advisor-batch-1-s1\runs\cfg-cd3d3942\plate_hole\t0\wire.png
wrote bench\campaigns\advisor-batch-1-s1\runs\cfg-cd3d3942\smoke_bar\t0\wire.png
wrote bench\campaigns\advisor-batch-1-s1\runs\cfg-d066ccea\cantilever\t0\wire.png
wrote bench\campaigns\advisor-batch-1-s1\runs\cfg-d066ccea\cylinder\t0\wire.png
wrote bench\campaigns\advisor-batch-1-s1\runs\cfg-d066ccea\smoke_bar\t0\wire.png
wrote bench\campaigns\advisor-batch-1-s1\runs\cfg-d0e1553f\cantilever\t0\wire.png
wrote bench\campaigns\advisor-batch-1-s1\runs\cfg-d0e1553f\cylinder\t0\wire.png
wrote bench\campaigns\advisor-batch-1-s1\runs\cfg-d0e1553f\plate_hole\t0\wire.png
wrote bench\campaigns\advisor-batch-1-s1\runs\cfg-d0e1553f\smoke_bar\t0\wire.png
wrote bench\campaigns\advisor-batch-1-s1\runs\cfg-d121ac75\cantilever\t0\wire.png
wrote bench\campaigns\advisor-batch-1-s1\runs\cfg-d121ac75\cylinder\t0\wire.png
wrote bench\campaigns\advisor-batch-1-s1\runs\cfg-d121ac75\plate_hole\t0\wire.png
wrote bench\campaigns\advisor-batch-1-s1\runs\cfg-d121ac75\smoke_bar\t0\wire.png
wrote bench\campaigns\advisor-batch-1-s1\runs\cfg-d121ac75\sphere\t0\wire.png
wrote bench\campaigns\advisor-batch-1-s1\runs\cfg-d12d2f4e\cantilever\t0\wire.png
wrote bench\campaigns\advisor-batch-1-s1\runs\cfg-d12d2f4e\cylinder\t0\wire.png
wrote bench\campaigns\advisor-batch-1-s1\runs\cfg-d12d2f4e\smoke_bar\t0\wire.png
wrote bench\campaigns\advisor-batch-1-s1\runs\cfg-d12d2f4e\sphere\t0\wire.png
wrote bench\campaigns\advisor-batch-1-s1\runs\cfg-d472fcd3\cantilever\t0\wire.png
wrote bench\campaigns\advisor-batch-1-s1\runs\cfg-d472fcd3\cylinder\t0\wire.png
wrote bench\campaigns\advisor-batch-1-s1\runs\cfg-d472fcd3\smoke_bar\t0\wire.png
wrote bench\campaigns\advisor-batch-1-s1\runs\cfg-d472fcd3\sphere\t0\wire.png
wrote bench\campaigns\advisor-batch-1-s1\runs\cfg-d51075cd\cantilever\t0\wire.png
wrote bench\campaigns\advisor-batch-1-s1\runs\cfg-d51075cd\cylinder\t0\wire.png
wrote bench\campaigns\advisor-batch-1-s1\runs\cfg-d51075cd\plate_hole\t0\wire.png
wrote bench\campaigns\advisor-batch-1-s1\runs\cfg-d51075cd\smoke_bar\t0\wire.png
wrote bench\campaigns\advisor-batch-1-s1\runs\cfg-d51075cd\sphere\t0\wire.png
wrote bench\campaigns\advisor-batch-1-s1\runs\cfg-d9231bff\cantilever\t0\wire.png
wrote bench\campaigns\advisor-batch-1-s1\runs\cfg-d9231bff\cylinder\t0\wire.png
wrote bench\campaigns\advisor-batch-1-s1\runs\cfg-d9231bff\plate_hole\t0\wire.png
wrote bench\campaigns\advisor-batch-1-s1\runs\cfg-d9231bff\smoke_bar\t0\wire.png
wrote bench\campaigns\advisor-batch-1-s1\runs\cfg-d9231bff\sphere\t0\wire.png
wrote bench\campaigns\advisor-batch-1-s1\runs\cfg-dd7388cd\cantilever\t0\wire.png
wrote bench\campaigns\advisor-batch-1-s1\runs\cfg-dd7388cd\cylinder\t0\wire.png
wrote bench\campaigns\advisor-batch-1-s1\runs\cfg-dd7388cd\plate_hole\t0\wire.png
wrote bench\campaigns\advisor-batch-1-s1\runs\cfg-dd7388cd\smoke_bar\t0\wire.png
wrote bench\campaigns\advisor-batch-1-s1\runs\cfg-dd7388cd\sphere\t0\wire.png
wrote bench\campaigns\advisor-batch-1-s1\runs\cfg-e2ac80d2\cantilever\t0\wire.png
wrote bench\campaigns\advisor-batch-1-s1\runs\cfg-e2ac80d2\cylinder\t0\wire.png
wrote bench\campaigns\advisor-batch-1-s1\runs\cfg-e2ac80d2\smoke_bar\t0\wire.png
wrote bench\campaigns\advisor-batch-1-s1\runs\cfg-e2ac80d2\sphere\t0\wire.png
wrote bench\campaigns\advisor-batch-1-s1\runs\cfg-e579faff\cantilever\t0\wire.png
wrote bench\campaigns\advisor-batch-1-s1\runs\cfg-e579faff\cylinder\t0\wire.png
wrote bench\campaigns\advisor-batch-1-s1\runs\cfg-e579faff\icecream_cone\t0\wire.png
wrote bench\campaigns\advisor-batch-1-s1\runs\cfg-e579faff\plate_hole\t0\wire.png
wrote bench\campaigns\advisor-batch-1-s1\runs\cfg-e579faff\smoke_bar\t0\wire.png
wrote bench\campaigns\advisor-batch-1-s1\runs\cfg-e579faff\sphere\t0\wire.png
wrote bench\campaigns\advisor-batch-1-s1\runs\cfg-e6ffa4b8\cantilever\t0\wire.png
wrote bench\campaigns\advisor-batch-1-s1\runs\cfg-e6ffa4b8\cylinder\t0\wire.png
wrote bench\campaigns\advisor-batch-1-s1\runs\cfg-e6ffa4b8\plate_hole\t0\wire.png
wrote bench\campaigns\advisor-batch-1-s1\runs\cfg-e6ffa4b8\smoke_bar\t0\wire.png
wrote bench\campaigns\advisor-batch-1-s1\runs\cfg-e6ffa4b8\sphere\t0\wire.png
wrote bench\campaigns\advisor-batch-1-s1\runs\cfg-e825d824\cantilever\t0\wire.png
wrote bench\campaigns\advisor-batch-1-s1\runs\cfg-e825d824\cylinder\t0\wire.png
wrote bench\campaigns\advisor-batch-1-s1\runs\cfg-e825d824\icecream_cone\t0\wire.png
wrote bench\campaigns\advisor-batch-1-s1\runs\cfg-e825d824\plate_hole\t0\wire.png
wrote bench\campaigns\advisor-batch-1-s1\runs\cfg-e825d824\smoke_bar\t0\wire.png
wrote bench\campaigns\advisor-batch-1-s1\runs\cfg-e825d824\sphere\t0\wire.png
wrote bench\campaigns\advisor-batch-1-s1\runs\cfg-ea32b132\cantilever\t0\wire.png
wrote bench\campaigns\advisor-batch-1-s1\runs\cfg-ea32b132\cylinder\t0\wire.png
wrote bench\campaigns\advisor-batch-1-s1\runs\cfg-ea32b132\plate_hole\t0\wire.png
wrote bench\campaigns\advisor-batch-1-s1\runs\cfg-ea32b132\smoke_bar\t0\wire.png
wrote bench\campaigns\advisor-batch-1-s1\runs\cfg-ea32b132\sphere\t0\wire.png
wrote bench\campaigns\advisor-batch-1-s1\runs\cfg-ea7c28dd\cantilever\t0\wire.png
wrote bench\campaigns\advisor-batch-1-s1\runs\cfg-ea7c28dd\cylinder\t0\wire.png
wrote bench\campaigns\advisor-batch-1-s1\runs\cfg-ea7c28dd\plate_hole\t0\wire.png
wrote bench\campaigns\advisor-batch-1-s1\runs\cfg-ea7c28dd\smoke_bar\t0\wire.png
wrote bench\campaigns\advisor-batch-1-s1\runs\cfg-f1652adf\cantilever\t0\wire.png
wrote bench\campaigns\advisor-batch-1-s1\runs\cfg-f1652adf\cylinder\t0\wire.png
wrote bench\campaigns\advisor-batch-1-s1\runs\cfg-f1652adf\plate_hole\t0\wire.png
wrote bench\campaigns\advisor-batch-1-s1\runs\cfg-f1652adf\smoke_bar\t0\wire.png
wrote bench\campaigns\advisor-batch-1-s1\runs\cfg-f1652adf\sphere\t0\wire.png
wrote bench\campaigns\advisor-batch-1-s1\runs\cfg-f1f29836\cantilever\t0\wire.png
wrote bench\campaigns\advisor-batch-1-s1\runs\cfg-f1f29836\cylinder\t0\wire.png
wrote bench\campaigns\advisor-batch-1-s1\runs\cfg-f1f29836\plate_hole\t0\wire.png
wrote bench\campaigns\advisor-batch-1-s1\runs\cfg-f1f29836\smoke_bar\t0\wire.png
wrote bench\campaigns\advisor-batch-1-s1\runs\cfg-f1f29836\sphere\t0\wire.png
wrote bench\campaigns\advisor-batch-1-s1\runs\cfg-f43106e2\cantilever\t0\wire.png
wrote bench\campaigns\advisor-batch-1-s1\runs\cfg-f43106e2\cylinder\t0\wire.png
wrote bench\campaigns\advisor-batch-1-s1\runs\cfg-f43106e2\plate_hole\t0\wire.png
wrote bench\campaigns\advisor-batch-1-s1\runs\cfg-f43106e2\smoke_bar\t0\wire.png
wrote bench\campaigns\advisor-batch-1-s1\runs\cfg-f43106e2\sphere\t0\wire.png
wrote bench\campaigns\advisor-batch-1-s1\runs\cfg-fc9c396f\cantilever\t0\wire.png
wrote bench\campaigns\advisor-batch-1-s1\runs\cfg-fc9c396f\cylinder\t0\wire.png
wrote bench\campaigns\advisor-batch-1-s1\runs\cfg-fc9c396f\smoke_bar\t0\wire.png
wrote bench\campaigns\advisor-batch-1-s1\runs\cfg-fc9c396f\sphere\t0\wire.png
warehouse_shots: 339 rendered, 0 skipped (exists), 0 failed (339 mesh.vtu total)
finished: 432 runs → C:\Users\Yakub\Desktop\Polyhedral-FEA\bench\campaigns\advisor-batch-1-s1\results.jsonl
=== exit 0 after 868.3s
