Cases loaded: 78 (tests/fixtures/parts=6, bench/geometries/corpus/primitives=72)
Rows in: 2500 unique (4844 records scanned, 2344 duplicates)
Rows kept: 2500
Truth campaigns skipped (advisor-truth-*): advisor-truth-0, advisor-truth-0-s0, advisor-truth-0-s1, advisor-truth-0-s2, advisor-truth-0-s3, advisor-truth-ch, advisor-truth-lb  [their rel_err is ~0 by construction; promote_truth.py defines truth from them]
Rows retained for the failure head: 146 (health_not_ok=146, accuracy_untrusted=146)
Schemas: advisor-row-v3=2304, legacy=196
Wrote: bench\advisor\dataset.csv
Wrote: bench\advisor\dataset_schema.json
cfg_id mirror verified against 1966 recorded row(s)
truth gate: advisor-truth-0 has 216/216 pairs over 4 results.jsonl (advisor-truth-0-s0, advisor-truth-0-s1, advisor-truth-0-s2, advisor-truth-0-s3), 0 config(s) incomplete
template:   bench/campaigns/advisor-batch-2-template/campaign.json
parts:      72 from template parts
configs:    32 (full-factorial grid expansion)
pairs:      2304 total (part x cfg_id)
dedup scan: 10 results.jsonl under bench/campaigns/advisor-*, 1770 completed pairs on record
dedup hits: 1536
to run:     768 pairs across 4 campaign dir(s), 4 shard(s) x OMP_NUM_THREADS=3
  shard 0: advisor-batch-2-s0/campaign.json (8 configs x 24 parts = 192 pairs)
  shard 1: advisor-batch-2-s1/campaign.json (8 configs x 24 parts = 192 pairs)
  shard 2: advisor-batch-2-s2/campaign.json (8 configs x 24 parts = 192 pairs)
  shard 3: advisor-batch-2-s3/campaign.json (8 configs x 24 parts = 192 pairs)
rebuilding bench/advisor/dataset.csv ...
batch 2: 768 new rows in 19.7 min (0.6502 rows/s), dedup_hits=1536, mesh_ms_frac=0.5551 over 768 row(s) -> mesh cache recommended
