
=== 2026-08-18T02:17:43Z OMP_NUM_THREADS=2 :: /home/hunter/Desktop/Polyhedral-FEA/build/apps/testlab/polymesh_testlab resume /home/hunter/Desktop/Polyhedral-FEA/bench/campaigns/advisor-batch-1-s0-hunter-pc
campaign advisor-batch-1-s0-hunter-pc: 288 configs, 6 parts, 1 tiers
  max_run_wall_s=45 (override all tiers)
  max_pack_wall_s=86400
tier 0: h_scale=1 keep_frac=1 survivors=48 max_run_wall_s=45
  run cfg-5a495f0a part=smoke_bar tier=0 ...
  run cfg-5a495f0a part=plate_hole tier=0 ...
  run cfg-5a495f0a part=cantilever tier=0 ...
  run cfg-5a495f0a part=cylinder tier=0 ...
  run cfg-5a495f0a part=sphere tier=0 ...
  run cfg-5a495f0a part=icecream_cone tier=0 ...
  run cfg-acb9e0a6 part=smoke_bar tier=0 ...
  run cfg-acb9e0a6 part=plate_hole tier=0 ...
  run cfg-acb9e0a6 part=cantilever tier=0 ...
  run cfg-acb9e0a6 part=cylinder tier=0 ...
  run cfg-acb9e0a6 part=sphere tier=0 ...
  run cfg-acb9e0a6 part=icecream_cone tier=0 ...
  run cfg-e61ac021 part=smoke_bar tier=0 ...
  run cfg-e61ac021 part=plate_hole tier=0 ...
  run cfg-e61ac021 part=cantilever tier=0 ...
  run cfg-e61ac021 part=cylinder tier=0 ...
  run cfg-e61ac021 part=sphere tier=0 ...
  run cfg-e61ac021 part=icecream_cone tier=0 ...
  run cfg-433e08ef part=smoke_bar tier=0 ...
  run cfg-433e08ef part=plate_hole tier=0 ...
  run cfg-433e08ef part=cantilever tier=0 ...
  run cfg-433e08ef part=cylinder tier=0 ...
  run cfg-433e08ef part=sphere tier=0 ...
  run cfg-433e08ef part=icecream_cone tier=0 ...
  run cfg-f330c8e5 part=smoke_bar tier=0 ...
  run cfg-f330c8e5 part=plate_hole tier=0 ...
  run cfg-f330c8e5 part=cantilever tier=0 ...
  run cfg-f330c8e5 part=cylinder tier=0 ...
  run cfg-f330c8e5 part=sphere tier=0 ...
  run cfg-f330c8e5 part=icecream_cone tier=0 ...
  run cfg-31eab50d part=smoke_bar tier=0 ...
  run cfg-31eab50d part=plate_hole tier=0 ...
  run cfg-31eab50d part=cantilever tier=0 ...
  run cfg-31eab50d part=cylinder tier=0 ...
  run cfg-31eab50d part=sphere tier=0 ...
  run cfg-31eab50d part=icecream_cone tier=0 ...
  run cfg-e06f2012 part=smoke_bar tier=0 ...
  run cfg-e06f2012 part=plate_hole tier=0 ...
  run cfg-e06f2012 part=cantilever tier=0 ...
  run cfg-e06f2012 part=cylinder tier=0 ...
  run cfg-e06f2012 part=sphere tier=0 ...
  run cfg-e06f2012 part=icecream_cone tier=0 ...
  run cfg-b3a8f358 part=smoke_bar tier=0 ...
  run cfg-b3a8f358 part=plate_hole tier=0 ...
  run cfg-b3a8f358 part=cantilever tier=0 ...
  run cfg-b3a8f358 part=cylinder tier=0 ...
  run cfg-b3a8f358 part=sphere tier=0 ...
  run cfg-b3a8f358 part=icecream_cone tier=0 ...
  run cfg-10617741 part=smoke_bar tier=0 ...
  run cfg-10617741 part=plate_hole tier=0 ...
  run cfg-10617741 part=cantilever tier=0 ...
  run cfg-10617741 part=cylinder tier=0 ...
  run cfg-10617741 part=sphere tier=0 ...
  run cfg-10617741 part=icecream_cone tier=0 ...
  run cfg-f11ec541 part=smoke_bar tier=0 ...
  run cfg-f11ec541 part=plate_hole tier=0 ...
  run cfg-f11ec541 part=cantilever tier=0 ...
  run cfg-f11ec541 part=cylinder tier=0 ...
  run cfg-f11ec541 part=sphere tier=0 ...
  run cfg-f11ec541 part=icecream_cone tier=0 ...
  run cfg-289ed88e part=smoke_bar tier=0 ...
  run cfg-289ed88e part=plate_hole tier=0 ...
  run cfg-289ed88e part=cantilever tier=0 ...
  run cfg-289ed88e part=cylinder tier=0 ...
  run cfg-289ed88e part=sphere tier=0 ...
  run cfg-289ed88e part=icecream_cone tier=0 ...
  run cfg-904b4dc4 part=smoke_bar tier=0 ...
  run cfg-904b4dc4 part=plate_hole tier=0 ...
  run cfg-904b4dc4 part=cantilever tier=0 ...
  run cfg-904b4dc4 part=cylinder tier=0 ...
  run cfg-904b4dc4 part=sphere tier=0 ...
  run cfg-904b4dc4 part=icecream_cone tier=0 ...
  run cfg-e1d83414 part=smoke_bar tier=0 ...
  run cfg-e1d83414 part=plate_hole tier=0 ...
  run cfg-e1d83414 part=cantilever tier=0 ...
  run cfg-e1d83414 part=cylinder tier=0 ...
  run cfg-e1d83414 part=sphere tier=0 ...
  run cfg-e1d83414 part=icecream_cone tier=0 ...
  run cfg-0ef3c388 part=smoke_bar tier=0 ...
  run cfg-0ef3c388 part=plate_hole tier=0 ...
  run cfg-0ef3c388 part=cantilever tier=0 ...
  run cfg-0ef3c388 part=cylinder tier=0 ...
  run cfg-0ef3c388 part=sphere tier=0 ...
  run cfg-0ef3c388 part=icecream_cone tier=0 ...
  run cfg-480c3d87 part=smoke_bar tier=0 ...
  run cfg-480c3d87 part=plate_hole tier=0 ...
  run cfg-480c3d87 part=cantilever tier=0 ...
  run cfg-480c3d87 part=cylinder tier=0 ...
  run cfg-480c3d87 part=sphere tier=0 ...
  run cfg-480c3d87 part=icecream_cone tier=0 ...
  run cfg-dfe61061 part=smoke_bar tier=0 ...
  run cfg-dfe61061 part=plate_hole tier=0 ...
  run cfg-dfe61061 part=cantilever tier=0 ...
  run cfg-dfe61061 part=cylinder tier=0 ...
  run cfg-dfe61061 part=sphere tier=0 ...
  run cfg-dfe61061 part=icecream_cone tier=0 ...
  run cfg-aea03c41 part=smoke_bar tier=0 ...
  run cfg-aea03c41 part=plate_hole tier=0 ...
  run cfg-aea03c41 part=cantilever tier=0 ...
  run cfg-aea03c41 part=cylinder tier=0 ...
  run cfg-aea03c41 part=sphere tier=0 ...
  run cfg-aea03c41 part=icecream_cone tier=0 ...
  run cfg-8f5d8a41 part=smoke_bar tier=0 ...
  run cfg-8f5d8a41 part=plate_hole tier=0 ...
  run cfg-8f5d8a41 part=cantilever tier=0 ...
  run cfg-8f5d8a41 part=cylinder tier=0 ...
  run cfg-8f5d8a41 part=sphere tier=0 ...
  run cfg-8f5d8a41 part=icecream_cone tier=0 ...
  run cfg-203bc58e part=smoke_bar tier=0 ...
  run cfg-203bc58e part=plate_hole tier=0 ...
  run cfg-203bc58e part=cantilever tier=0 ...
  run cfg-203bc58e part=cylinder tier=0 ...
  run cfg-203bc58e part=sphere tier=0 ...
  run cfg-203bc58e part=icecream_cone tier=0 ...
  run cfg-2e8a12c4 part=smoke_bar tier=0 ...
  run cfg-2e8a12c4 part=plate_hole tier=0 ...
  run cfg-2e8a12c4 part=cantilever tier=0 ...
  run cfg-2e8a12c4 part=cylinder tier=0 ...
  run cfg-2e8a12c4 part=sphere tier=0 ...
  run cfg-2e8a12c4 part=icecream_cone tier=0 ...
  run cfg-c680f314 part=smoke_bar tier=0 ...
  run cfg-c680f314 part=plate_hole tier=0 ...
  run cfg-c680f314 part=cantilever tier=0 ...
  run cfg-c680f314 part=cylinder tier=0 ...
  run cfg-c680f314 part=sphere tier=0 ...
  run cfg-c680f314 part=icecream_cone tier=0 ...
  run cfg-f39c8288 part=smoke_bar tier=0 ...
  run cfg-f39c8288 part=plate_hole tier=0 ...
  run cfg-f39c8288 part=cantilever tier=0 ...
  run cfg-f39c8288 part=cylinder tier=0 ...
  run cfg-f39c8288 part=sphere tier=0 ...
  run cfg-f39c8288 part=icecream_cone tier=0 ...
  run cfg-07b2f487 part=smoke_bar tier=0 ...
  run cfg-07b2f487 part=plate_hole tier=0 ...
  run cfg-07b2f487 part=cantilever tier=0 ...
  run cfg-07b2f487 part=cylinder tier=0 ...
  run cfg-07b2f487 part=sphere tier=0 ...
  run cfg-07b2f487 part=icecream_cone tier=0 ...
  run cfg-c48ecf61 part=smoke_bar tier=0 ...
  run cfg-c48ecf61 part=plate_hole tier=0 ...
  run cfg-c48ecf61 part=cantilever tier=0 ...
  run cfg-c48ecf61 part=cylinder tier=0 ...
  run cfg-c48ecf61 part=sphere tier=0 ...
  run cfg-c48ecf61 part=icecream_cone tier=0 ...
  run cfg-2df65cb1 part=smoke_bar tier=0 ...
  run cfg-2df65cb1 part=plate_hole tier=0 ...
  run cfg-2df65cb1 part=cantilever tier=0 ...
  run cfg-2df65cb1 part=cylinder tier=0 ...
  run cfg-2df65cb1 part=sphere tier=0 ...
  run cfg-2df65cb1 part=icecream_cone tier=0 ...
  run cfg-7ef81b71 part=smoke_bar tier=0 ...
  run cfg-7ef81b71 part=plate_hole tier=0 ...
  run cfg-7ef81b71 part=cantilever tier=0 ...
  run cfg-7ef81b71 part=cylinder tier=0 ...
  run cfg-7ef81b71 part=sphere tier=0 ...
  run cfg-7ef81b71 part=icecream_cone tier=0 ...
  run cfg-309a6f7e part=smoke_bar tier=0 ...
  run cfg-309a6f7e part=plate_hole tier=0 ...
  run cfg-309a6f7e part=cantilever tier=0 ...
  run cfg-309a6f7e part=cylinder tier=0 ...
  run cfg-309a6f7e part=sphere tier=0 ...
  run cfg-309a6f7e part=icecream_cone tier=0 ...
  run cfg-3f6e0d74 part=smoke_bar tier=0 ...
  run cfg-3f6e0d74 part=plate_hole tier=0 ...
  run cfg-3f6e0d74 part=cantilever tier=0 ...
  run cfg-3f6e0d74 part=cylinder tier=0 ...
  run cfg-3f6e0d74 part=sphere tier=0 ...
  run cfg-3f6e0d74 part=icecream_cone tier=0 ...
  run cfg-a8be2964 part=smoke_bar tier=0 ...
  run cfg-a8be2964 part=plate_hole tier=0 ...
  run cfg-a8be2964 part=cantilever tier=0 ...
  run cfg-a8be2964 part=cylinder tier=0 ...
  run cfg-a8be2964 part=sphere tier=0 ...
  run cfg-a8be2964 part=icecream_cone tier=0 ...
  run cfg-5960ba58 part=smoke_bar tier=0 ...
  run cfg-5960ba58 part=plate_hole tier=0 ...
  run cfg-5960ba58 part=cantilever tier=0 ...
  run cfg-5960ba58 part=cylinder tier=0 ...
  run cfg-5960ba58 part=sphere tier=0 ...
  run cfg-5960ba58 part=icecream_cone tier=0 ...
  run cfg-0b140b57 part=smoke_bar tier=0 ...
  run cfg-0b140b57 part=plate_hole tier=0 ...
  run cfg-0b140b57 part=cantilever tier=0 ...
  run cfg-0b140b57 part=cylinder tier=0 ...
  run cfg-0b140b57 part=sphere tier=0 ...
  run cfg-0b140b57 part=icecream_cone tier=0 ...
  run cfg-e30475f1 part=smoke_bar tier=0 ...
  run cfg-e30475f1 part=plate_hole tier=0 ...
  run cfg-e30475f1 part=cantilever tier=0 ...
  run cfg-e30475f1 part=cylinder tier=0 ...
  run cfg-e30475f1 part=sphere tier=0 ...
  run cfg-e30475f1 part=icecream_cone tier=0 ...
  run cfg-b670f9a6 part=smoke_bar tier=0 ...
  run cfg-b670f9a6 part=plate_hole tier=0 ...
  run cfg-b670f9a6 part=cantilever tier=0 ...
  run cfg-b670f9a6 part=cylinder tier=0 ...
  run cfg-b670f9a6 part=sphere tier=0 ...
  run cfg-b670f9a6 part=icecream_cone tier=0 ...
  run cfg-314eb82a part=smoke_bar tier=0 ...
  run cfg-314eb82a part=plate_hole tier=0 ...
  run cfg-314eb82a part=cantilever tier=0 ...
  run cfg-314eb82a part=cylinder tier=0 ...
  run cfg-314eb82a part=sphere tier=0 ...
  run cfg-314eb82a part=icecream_cone tier=0 ...
  run cfg-feb7e91d part=smoke_bar tier=0 ...
  run cfg-feb7e91d part=plate_hole tier=0 ...
  run cfg-feb7e91d part=cantilever tier=0 ...
  run cfg-feb7e91d part=cylinder tier=0 ...
  run cfg-feb7e91d part=sphere tier=0 ...
  run cfg-feb7e91d part=icecream_cone tier=0 ...
  run cfg-b8ac635b part=smoke_bar tier=0 ...
  run cfg-b8ac635b part=plate_hole tier=0 ...
  run cfg-b8ac635b part=cantilever tier=0 ...
  run cfg-b8ac635b part=cylinder tier=0 ...
  run cfg-b8ac635b part=sphere tier=0 ...
  run cfg-b8ac635b part=icecream_cone tier=0 ...
  run cfg-f99c4239 part=smoke_bar tier=0 ...
  run cfg-f99c4239 part=plate_hole tier=0 ...
  run cfg-f99c4239 part=cantilever tier=0 ...
  run cfg-f99c4239 part=cylinder tier=0 ...
  run cfg-f99c4239 part=sphere tier=0 ...
  run cfg-f99c4239 part=icecream_cone tier=0 ...
  run cfg-b93f2819 part=smoke_bar tier=0 ...
  run cfg-b93f2819 part=plate_hole tier=0 ...
  run cfg-b93f2819 part=cantilever tier=0 ...
  run cfg-b93f2819 part=cylinder tier=0 ...
  run cfg-b93f2819 part=sphere tier=0 ...
  run cfg-b93f2819 part=icecream_cone tier=0 ...
  run cfg-bd49c936 part=smoke_bar tier=0 ...
  run cfg-bd49c936 part=plate_hole tier=0 ...
  run cfg-bd49c936 part=cantilever tier=0 ...
  run cfg-bd49c936 part=cylinder tier=0 ...
  run cfg-bd49c936 part=sphere tier=0 ...
  run cfg-bd49c936 part=icecream_cone tier=0 ...
  run cfg-9c14b37c part=smoke_bar tier=0 ...
  run cfg-9c14b37c part=plate_hole tier=0 ...
  run cfg-9c14b37c part=cantilever tier=0 ...
  run cfg-9c14b37c part=cylinder tier=0 ...
  run cfg-9c14b37c part=sphere tier=0 ...
  run cfg-9c14b37c part=icecream_cone tier=0 ...
  run cfg-3e538a98 part=smoke_bar tier=0 ...
  run cfg-3e538a98 part=plate_hole tier=0 ...
  run cfg-3e538a98 part=cantilever tier=0 ...
  run cfg-3e538a98 part=cylinder tier=0 ...
  run cfg-3e538a98 part=sphere tier=0 ...
  run cfg-3e538a98 part=icecream_cone tier=0 ...
  run cfg-d4266a14 part=smoke_bar tier=0 ...
  run cfg-d4266a14 part=plate_hole tier=0 ...
  run cfg-d4266a14 part=cantilever tier=0 ...
  run cfg-d4266a14 part=cylinder tier=0 ...
  run cfg-d4266a14 part=sphere tier=0 ...
  run cfg-d4266a14 part=icecream_cone tier=0 ...
  run cfg-e25e61bb part=smoke_bar tier=0 ...
  run cfg-e25e61bb part=plate_hole tier=0 ...
  run cfg-e25e61bb part=cantilever tier=0 ...
  run cfg-e25e61bb part=cylinder tier=0 ...
  run cfg-e25e61bb part=sphere tier=0 ...
  run cfg-e25e61bb part=icecream_cone tier=0 ...
  run cfg-3e5968b5 part=smoke_bar tier=0 ...
  run cfg-3e5968b5 part=plate_hole tier=0 ...
  run cfg-3e5968b5 part=cantilever tier=0 ...
  run cfg-3e5968b5 part=cylinder tier=0 ...
  run cfg-3e5968b5 part=sphere tier=0 ...
  run cfg-3e5968b5 part=icecream_cone tier=0 ...
  run cfg-25cae84b part=smoke_bar tier=0 ...
  run cfg-25cae84b part=plate_hole tier=0 ...
  run cfg-25cae84b part=cantilever tier=0 ...
  run cfg-25cae84b part=cylinder tier=0 ...
  run cfg-25cae84b part=sphere tier=0 ...
  run cfg-25cae84b part=icecream_cone tier=0 ...
  run cfg-e8fb408b part=smoke_bar tier=0 ...
  run cfg-e8fb408b part=plate_hole tier=0 ...
  run cfg-e8fb408b part=cantilever tier=0 ...
  run cfg-e8fb408b part=cylinder tier=0 ...
  run cfg-e8fb408b part=sphere tier=0 ...
  run cfg-e8fb408b part=icecream_cone tier=0 ...
  run cfg-b7207d3c part=smoke_bar tier=0 ...
  run cfg-b7207d3c part=plate_hole tier=0 ...
  run cfg-b7207d3c part=cantilever tier=0 ...
  run cfg-b7207d3c part=cylinder tier=0 ...
  run cfg-b7207d3c part=sphere tier=0 ...
  run cfg-b7207d3c part=icecream_cone tier=0 ...
  run cfg-b32107c6 part=smoke_bar tier=0 ...
  run cfg-b32107c6 part=plate_hole tier=0 ...
  run cfg-b32107c6 part=cantilever tier=0 ...
  run cfg-b32107c6 part=cylinder tier=0 ...
  run cfg-b32107c6 part=sphere tier=0 ...
  run cfg-b32107c6 part=icecream_cone tier=0 ...
wrote bench/campaigns/advisor-batch-1-s0-hunter-pc/runs/cfg-07b2f487/cantilever/t0/wire.png
wrote bench/campaigns/advisor-batch-1-s0-hunter-pc/runs/cfg-07b2f487/cylinder/t0/wire.png
wrote bench/campaigns/advisor-batch-1-s0-hunter-pc/runs/cfg-07b2f487/icecream_cone/t0/wire.png
wrote bench/campaigns/advisor-batch-1-s0-hunter-pc/runs/cfg-07b2f487/plate_hole/t0/wire.png
wrote bench/campaigns/advisor-batch-1-s0-hunter-pc/runs/cfg-07b2f487/smoke_bar/t0/wire.png
wrote bench/campaigns/advisor-batch-1-s0-hunter-pc/runs/cfg-07b2f487/sphere/t0/wire.png
wrote bench/campaigns/advisor-batch-1-s0-hunter-pc/runs/cfg-0b140b57/cantilever/t0/wire.png
wrote bench/campaigns/advisor-batch-1-s0-hunter-pc/runs/cfg-0b140b57/cylinder/t0/wire.png
wrote bench/campaigns/advisor-batch-1-s0-hunter-pc/runs/cfg-0b140b57/smoke_bar/t0/wire.png
wrote bench/campaigns/advisor-batch-1-s0-hunter-pc/runs/cfg-0b140b57/sphere/t0/wire.png
wrote bench/campaigns/advisor-batch-1-s0-hunter-pc/runs/cfg-0ef3c388/cantilever/t0/wire.png
wrote bench/campaigns/advisor-batch-1-s0-hunter-pc/runs/cfg-0ef3c388/cylinder/t0/wire.png
wrote bench/campaigns/advisor-batch-1-s0-hunter-pc/runs/cfg-0ef3c388/icecream_cone/t0/wire.png
wrote bench/campaigns/advisor-batch-1-s0-hunter-pc/runs/cfg-0ef3c388/smoke_bar/t0/wire.png
wrote bench/campaigns/advisor-batch-1-s0-hunter-pc/runs/cfg-0ef3c388/sphere/t0/wire.png
wrote bench/campaigns/advisor-batch-1-s0-hunter-pc/runs/cfg-10617741/cantilever/t0/wire.png
wrote bench/campaigns/advisor-batch-1-s0-hunter-pc/runs/cfg-10617741/cylinder/t0/wire.png
wrote bench/campaigns/advisor-batch-1-s0-hunter-pc/runs/cfg-10617741/icecream_cone/t0/wire.png
wrote bench/campaigns/advisor-batch-1-s0-hunter-pc/runs/cfg-10617741/smoke_bar/t0/wire.png
wrote bench/campaigns/advisor-batch-1-s0-hunter-pc/runs/cfg-10617741/sphere/t0/wire.png
wrote bench/campaigns/advisor-batch-1-s0-hunter-pc/runs/cfg-203bc58e/cantilever/t0/wire.png
wrote bench/campaigns/advisor-batch-1-s0-hunter-pc/runs/cfg-203bc58e/cylinder/t0/wire.png
wrote bench/campaigns/advisor-batch-1-s0-hunter-pc/runs/cfg-203bc58e/icecream_cone/t0/wire.png
wrote bench/campaigns/advisor-batch-1-s0-hunter-pc/runs/cfg-203bc58e/plate_hole/t0/wire.png
wrote bench/campaigns/advisor-batch-1-s0-hunter-pc/runs/cfg-203bc58e/smoke_bar/t0/wire.png
wrote bench/campaigns/advisor-batch-1-s0-hunter-pc/runs/cfg-203bc58e/sphere/t0/wire.png
wrote bench/campaigns/advisor-batch-1-s0-hunter-pc/runs/cfg-25cae84b/cantilever/t0/wire.png
wrote bench/campaigns/advisor-batch-1-s0-hunter-pc/runs/cfg-25cae84b/cylinder/t0/wire.png
wrote bench/campaigns/advisor-batch-1-s0-hunter-pc/runs/cfg-25cae84b/smoke_bar/t0/wire.png
wrote bench/campaigns/advisor-batch-1-s0-hunter-pc/runs/cfg-289ed88e/cantilever/t0/wire.png
wrote bench/campaigns/advisor-batch-1-s0-hunter-pc/runs/cfg-289ed88e/cylinder/t0/wire.png
wrote bench/campaigns/advisor-batch-1-s0-hunter-pc/runs/cfg-289ed88e/smoke_bar/t0/wire.png
wrote bench/campaigns/advisor-batch-1-s0-hunter-pc/runs/cfg-289ed88e/sphere/t0/wire.png
wrote bench/campaigns/advisor-batch-1-s0-hunter-pc/runs/cfg-2df65cb1/cantilever/t0/wire.png
wrote bench/campaigns/advisor-batch-1-s0-hunter-pc/runs/cfg-2df65cb1/cylinder/t0/wire.png
wrote bench/campaigns/advisor-batch-1-s0-hunter-pc/runs/cfg-2df65cb1/smoke_bar/t0/wire.png
wrote bench/campaigns/advisor-batch-1-s0-hunter-pc/runs/cfg-2e8a12c4/cantilever/t0/wire.png
wrote bench/campaigns/advisor-batch-1-s0-hunter-pc/runs/cfg-2e8a12c4/cylinder/t0/wire.png
wrote bench/campaigns/advisor-batch-1-s0-hunter-pc/runs/cfg-2e8a12c4/icecream_cone/t0/wire.png
wrote bench/campaigns/advisor-batch-1-s0-hunter-pc/runs/cfg-2e8a12c4/plate_hole/t0/wire.png
wrote bench/campaigns/advisor-batch-1-s0-hunter-pc/runs/cfg-2e8a12c4/smoke_bar/t0/wire.png
wrote bench/campaigns/advisor-batch-1-s0-hunter-pc/runs/cfg-2e8a12c4/sphere/t0/wire.png
wrote bench/campaigns/advisor-batch-1-s0-hunter-pc/runs/cfg-309a6f7e/cantilever/t0/wire.png
wrote bench/campaigns/advisor-batch-1-s0-hunter-pc/runs/cfg-309a6f7e/cylinder/t0/wire.png
wrote bench/campaigns/advisor-batch-1-s0-hunter-pc/runs/cfg-309a6f7e/smoke_bar/t0/wire.png
wrote bench/campaigns/advisor-batch-1-s0-hunter-pc/runs/cfg-309a6f7e/sphere/t0/wire.png
wrote bench/campaigns/advisor-batch-1-s0-hunter-pc/runs/cfg-314eb82a/cantilever/t0/wire.png
wrote bench/campaigns/advisor-batch-1-s0-hunter-pc/runs/cfg-314eb82a/cylinder/t0/wire.png
wrote bench/campaigns/advisor-batch-1-s0-hunter-pc/runs/cfg-314eb82a/icecream_cone/t0/wire.png
wrote bench/campaigns/advisor-batch-1-s0-hunter-pc/runs/cfg-314eb82a/smoke_bar/t0/wire.png
wrote bench/campaigns/advisor-batch-1-s0-hunter-pc/runs/cfg-314eb82a/sphere/t0/wire.png
wrote bench/campaigns/advisor-batch-1-s0-hunter-pc/runs/cfg-31eab50d/cantilever/t0/wire.png
wrote bench/campaigns/advisor-batch-1-s0-hunter-pc/runs/cfg-31eab50d/cylinder/t0/wire.png
wrote bench/campaigns/advisor-batch-1-s0-hunter-pc/runs/cfg-31eab50d/smoke_bar/t0/wire.png
wrote bench/campaigns/advisor-batch-1-s0-hunter-pc/runs/cfg-3e538a98/cantilever/t0/wire.png
wrote bench/campaigns/advisor-batch-1-s0-hunter-pc/runs/cfg-3e538a98/cylinder/t0/wire.png
wrote bench/campaigns/advisor-batch-1-s0-hunter-pc/runs/cfg-3e538a98/icecream_cone/t0/wire.png
wrote bench/campaigns/advisor-batch-1-s0-hunter-pc/runs/cfg-3e538a98/smoke_bar/t0/wire.png
wrote bench/campaigns/advisor-batch-1-s0-hunter-pc/runs/cfg-3e538a98/sphere/t0/wire.png
wrote bench/campaigns/advisor-batch-1-s0-hunter-pc/runs/cfg-3e5968b5/cantilever/t0/wire.png
wrote bench/campaigns/advisor-batch-1-s0-hunter-pc/runs/cfg-3e5968b5/cylinder/t0/wire.png
wrote bench/campaigns/advisor-batch-1-s0-hunter-pc/runs/cfg-3e5968b5/icecream_cone/t0/wire.png
wrote bench/campaigns/advisor-batch-1-s0-hunter-pc/runs/cfg-3e5968b5/plate_hole/t0/wire.png
wrote bench/campaigns/advisor-batch-1-s0-hunter-pc/runs/cfg-3e5968b5/smoke_bar/t0/wire.png
wrote bench/campaigns/advisor-batch-1-s0-hunter-pc/runs/cfg-3e5968b5/sphere/t0/wire.png
wrote bench/campaigns/advisor-batch-1-s0-hunter-pc/runs/cfg-3f6e0d74/cantilever/t0/wire.png
wrote bench/campaigns/advisor-batch-1-s0-hunter-pc/runs/cfg-3f6e0d74/cylinder/t0/wire.png
wrote bench/campaigns/advisor-batch-1-s0-hunter-pc/runs/cfg-3f6e0d74/plate_hole/t0/wire.png
wrote bench/campaigns/advisor-batch-1-s0-hunter-pc/runs/cfg-3f6e0d74/smoke_bar/t0/wire.png
wrote bench/campaigns/advisor-batch-1-s0-hunter-pc/runs/cfg-3f6e0d74/sphere/t0/wire.png
wrote bench/campaigns/advisor-batch-1-s0-hunter-pc/runs/cfg-433e08ef/cantilever/t0/wire.png
wrote bench/campaigns/advisor-batch-1-s0-hunter-pc/runs/cfg-433e08ef/cylinder/t0/wire.png
wrote bench/campaigns/advisor-batch-1-s0-hunter-pc/runs/cfg-433e08ef/plate_hole/t0/wire.png
wrote bench/campaigns/advisor-batch-1-s0-hunter-pc/runs/cfg-433e08ef/smoke_bar/t0/wire.png
wrote bench/campaigns/advisor-batch-1-s0-hunter-pc/runs/cfg-433e08ef/sphere/t0/wire.png
wrote bench/campaigns/advisor-batch-1-s0-hunter-pc/runs/cfg-480c3d87/cantilever/t0/wire.png
wrote bench/campaigns/advisor-batch-1-s0-hunter-pc/runs/cfg-480c3d87/cylinder/t0/wire.png
wrote bench/campaigns/advisor-batch-1-s0-hunter-pc/runs/cfg-480c3d87/smoke_bar/t0/wire.png
wrote bench/campaigns/advisor-batch-1-s0-hunter-pc/runs/cfg-480c3d87/sphere/t0/wire.png
wrote bench/campaigns/advisor-batch-1-s0-hunter-pc/runs/cfg-5960ba58/cantilever/t0/wire.png
wrote bench/campaigns/advisor-batch-1-s0-hunter-pc/runs/cfg-5960ba58/cylinder/t0/wire.png
wrote bench/campaigns/advisor-batch-1-s0-hunter-pc/runs/cfg-5960ba58/smoke_bar/t0/wire.png
wrote bench/campaigns/advisor-batch-1-s0-hunter-pc/runs/cfg-5a495f0a/cantilever/t0/wire.png
wrote bench/campaigns/advisor-batch-1-s0-hunter-pc/runs/cfg-5a495f0a/cylinder/t0/wire.png
wrote bench/campaigns/advisor-batch-1-s0-hunter-pc/runs/cfg-5a495f0a/smoke_bar/t0/wire.png
wrote bench/campaigns/advisor-batch-1-s0-hunter-pc/runs/cfg-7ef81b71/cantilever/t0/wire.png
wrote bench/campaigns/advisor-batch-1-s0-hunter-pc/runs/cfg-7ef81b71/cylinder/t0/wire.png
wrote bench/campaigns/advisor-batch-1-s0-hunter-pc/runs/cfg-7ef81b71/smoke_bar/t0/wire.png
wrote bench/campaigns/advisor-batch-1-s0-hunter-pc/runs/cfg-8f5d8a41/cantilever/t0/wire.png
wrote bench/campaigns/advisor-batch-1-s0-hunter-pc/runs/cfg-8f5d8a41/cylinder/t0/wire.png
wrote bench/campaigns/advisor-batch-1-s0-hunter-pc/runs/cfg-8f5d8a41/icecream_cone/t0/wire.png
wrote bench/campaigns/advisor-batch-1-s0-hunter-pc/runs/cfg-8f5d8a41/smoke_bar/t0/wire.png
wrote bench/campaigns/advisor-batch-1-s0-hunter-pc/runs/cfg-8f5d8a41/sphere/t0/wire.png
wrote bench/campaigns/advisor-batch-1-s0-hunter-pc/runs/cfg-904b4dc4/cantilever/t0/wire.png
wrote bench/campaigns/advisor-batch-1-s0-hunter-pc/runs/cfg-904b4dc4/cylinder/t0/wire.png
wrote bench/campaigns/advisor-batch-1-s0-hunter-pc/runs/cfg-904b4dc4/icecream_cone/t0/wire.png
wrote bench/campaigns/advisor-batch-1-s0-hunter-pc/runs/cfg-904b4dc4/plate_hole/t0/wire.png
wrote bench/campaigns/advisor-batch-1-s0-hunter-pc/runs/cfg-904b4dc4/smoke_bar/t0/wire.png
wrote bench/campaigns/advisor-batch-1-s0-hunter-pc/runs/cfg-904b4dc4/sphere/t0/wire.png
wrote bench/campaigns/advisor-batch-1-s0-hunter-pc/runs/cfg-9c14b37c/cantilever/t0/wire.png
wrote bench/campaigns/advisor-batch-1-s0-hunter-pc/runs/cfg-9c14b37c/cylinder/t0/wire.png
wrote bench/campaigns/advisor-batch-1-s0-hunter-pc/runs/cfg-9c14b37c/icecream_cone/t0/wire.png
wrote bench/campaigns/advisor-batch-1-s0-hunter-pc/runs/cfg-9c14b37c/plate_hole/t0/wire.png
wrote bench/campaigns/advisor-batch-1-s0-hunter-pc/runs/cfg-9c14b37c/smoke_bar/t0/wire.png
wrote bench/campaigns/advisor-batch-1-s0-hunter-pc/runs/cfg-9c14b37c/sphere/t0/wire.png
wrote bench/campaigns/advisor-batch-1-s0-hunter-pc/runs/cfg-a8be2964/cantilever/t0/wire.png
wrote bench/campaigns/advisor-batch-1-s0-hunter-pc/runs/cfg-a8be2964/cylinder/t0/wire.png
wrote bench/campaigns/advisor-batch-1-s0-hunter-pc/runs/cfg-a8be2964/smoke_bar/t0/wire.png
wrote bench/campaigns/advisor-batch-1-s0-hunter-pc/runs/cfg-acb9e0a6/cantilever/t0/wire.png
wrote bench/campaigns/advisor-batch-1-s0-hunter-pc/runs/cfg-acb9e0a6/cylinder/t0/wire.png
wrote bench/campaigns/advisor-batch-1-s0-hunter-pc/runs/cfg-acb9e0a6/smoke_bar/t0/wire.png
wrote bench/campaigns/advisor-batch-1-s0-hunter-pc/runs/cfg-aea03c41/cantilever/t0/wire.png
wrote bench/campaigns/advisor-batch-1-s0-hunter-pc/runs/cfg-aea03c41/cylinder/t0/wire.png
wrote bench/campaigns/advisor-batch-1-s0-hunter-pc/runs/cfg-aea03c41/icecream_cone/t0/wire.png
wrote bench/campaigns/advisor-batch-1-s0-hunter-pc/runs/cfg-aea03c41/smoke_bar/t0/wire.png
wrote bench/campaigns/advisor-batch-1-s0-hunter-pc/runs/cfg-aea03c41/sphere/t0/wire.png
wrote bench/campaigns/advisor-batch-1-s0-hunter-pc/runs/cfg-b32107c6/cantilever/t0/wire.png
wrote bench/campaigns/advisor-batch-1-s0-hunter-pc/runs/cfg-b32107c6/cylinder/t0/wire.png
wrote bench/campaigns/advisor-batch-1-s0-hunter-pc/runs/cfg-b32107c6/icecream_cone/t0/wire.png
wrote bench/campaigns/advisor-batch-1-s0-hunter-pc/runs/cfg-b32107c6/plate_hole/t0/wire.png
wrote bench/campaigns/advisor-batch-1-s0-hunter-pc/runs/cfg-b32107c6/smoke_bar/t0/wire.png
wrote bench/campaigns/advisor-batch-1-s0-hunter-pc/runs/cfg-b32107c6/sphere/t0/wire.png
wrote bench/campaigns/advisor-batch-1-s0-hunter-pc/runs/cfg-b3a8f358/cantilever/t0/wire.png
wrote bench/campaigns/advisor-batch-1-s0-hunter-pc/runs/cfg-b3a8f358/cylinder/t0/wire.png
wrote bench/campaigns/advisor-batch-1-s0-hunter-pc/runs/cfg-b3a8f358/plate_hole/t0/wire.png
wrote bench/campaigns/advisor-batch-1-s0-hunter-pc/runs/cfg-b3a8f358/smoke_bar/t0/wire.png
wrote bench/campaigns/advisor-batch-1-s0-hunter-pc/runs/cfg-b3a8f358/sphere/t0/wire.png
wrote bench/campaigns/advisor-batch-1-s0-hunter-pc/runs/cfg-b670f9a6/cantilever/t0/wire.png
wrote bench/campaigns/advisor-batch-1-s0-hunter-pc/runs/cfg-b670f9a6/cylinder/t0/wire.png
wrote bench/campaigns/advisor-batch-1-s0-hunter-pc/runs/cfg-b670f9a6/icecream_cone/t0/wire.png
wrote bench/campaigns/advisor-batch-1-s0-hunter-pc/runs/cfg-b670f9a6/smoke_bar/t0/wire.png
wrote bench/campaigns/advisor-batch-1-s0-hunter-pc/runs/cfg-b670f9a6/sphere/t0/wire.png
wrote bench/campaigns/advisor-batch-1-s0-hunter-pc/runs/cfg-b7207d3c/cantilever/t0/wire.png
wrote bench/campaigns/advisor-batch-1-s0-hunter-pc/runs/cfg-b7207d3c/cylinder/t0/wire.png
wrote bench/campaigns/advisor-batch-1-s0-hunter-pc/runs/cfg-b7207d3c/icecream_cone/t0/wire.png
wrote bench/campaigns/advisor-batch-1-s0-hunter-pc/runs/cfg-b7207d3c/smoke_bar/t0/wire.png
wrote bench/campaigns/advisor-batch-1-s0-hunter-pc/runs/cfg-b7207d3c/sphere/t0/wire.png
wrote bench/campaigns/advisor-batch-1-s0-hunter-pc/runs/cfg-b8ac635b/cantilever/t0/wire.png
wrote bench/campaigns/advisor-batch-1-s0-hunter-pc/runs/cfg-b8ac635b/cylinder/t0/wire.png
wrote bench/campaigns/advisor-batch-1-s0-hunter-pc/runs/cfg-b8ac635b/icecream_cone/t0/wire.png
wrote bench/campaigns/advisor-batch-1-s0-hunter-pc/runs/cfg-b8ac635b/plate_hole/t0/wire.png
wrote bench/campaigns/advisor-batch-1-s0-hunter-pc/runs/cfg-b8ac635b/smoke_bar/t0/wire.png
wrote bench/campaigns/advisor-batch-1-s0-hunter-pc/runs/cfg-b8ac635b/sphere/t0/wire.png
wrote bench/campaigns/advisor-batch-1-s0-hunter-pc/runs/cfg-b93f2819/cantilever/t0/wire.png
wrote bench/campaigns/advisor-batch-1-s0-hunter-pc/runs/cfg-b93f2819/cylinder/t0/wire.png
wrote bench/campaigns/advisor-batch-1-s0-hunter-pc/runs/cfg-b93f2819/smoke_bar/t0/wire.png
wrote bench/campaigns/advisor-batch-1-s0-hunter-pc/runs/cfg-bd49c936/cantilever/t0/wire.png
wrote bench/campaigns/advisor-batch-1-s0-hunter-pc/runs/cfg-bd49c936/cylinder/t0/wire.png
wrote bench/campaigns/advisor-batch-1-s0-hunter-pc/runs/cfg-bd49c936/smoke_bar/t0/wire.png
wrote bench/campaigns/advisor-batch-1-s0-hunter-pc/runs/cfg-bd49c936/sphere/t0/wire.png
wrote bench/campaigns/advisor-batch-1-s0-hunter-pc/runs/cfg-c48ecf61/cantilever/t0/wire.png
wrote bench/campaigns/advisor-batch-1-s0-hunter-pc/runs/cfg-c48ecf61/cylinder/t0/wire.png
wrote bench/campaigns/advisor-batch-1-s0-hunter-pc/runs/cfg-c48ecf61/icecream_cone/t0/wire.png
wrote bench/campaigns/advisor-batch-1-s0-hunter-pc/runs/cfg-c48ecf61/plate_hole/t0/wire.png
wrote bench/campaigns/advisor-batch-1-s0-hunter-pc/runs/cfg-c48ecf61/smoke_bar/t0/wire.png
wrote bench/campaigns/advisor-batch-1-s0-hunter-pc/runs/cfg-c48ecf61/sphere/t0/wire.png
wrote bench/campaigns/advisor-batch-1-s0-hunter-pc/runs/cfg-c680f314/cantilever/t0/wire.png
wrote bench/campaigns/advisor-batch-1-s0-hunter-pc/runs/cfg-c680f314/cylinder/t0/wire.png
wrote bench/campaigns/advisor-batch-1-s0-hunter-pc/runs/cfg-c680f314/icecream_cone/t0/wire.png
wrote bench/campaigns/advisor-batch-1-s0-hunter-pc/runs/cfg-c680f314/smoke_bar/t0/wire.png
wrote bench/campaigns/advisor-batch-1-s0-hunter-pc/runs/cfg-c680f314/sphere/t0/wire.png
wrote bench/campaigns/advisor-batch-1-s0-hunter-pc/runs/cfg-d4266a14/cantilever/t0/wire.png
wrote bench/campaigns/advisor-batch-1-s0-hunter-pc/runs/cfg-d4266a14/cylinder/t0/wire.png
wrote bench/campaigns/advisor-batch-1-s0-hunter-pc/runs/cfg-d4266a14/icecream_cone/t0/wire.png
wrote bench/campaigns/advisor-batch-1-s0-hunter-pc/runs/cfg-d4266a14/smoke_bar/t0/wire.png
wrote bench/campaigns/advisor-batch-1-s0-hunter-pc/runs/cfg-d4266a14/sphere/t0/wire.png
wrote bench/campaigns/advisor-batch-1-s0-hunter-pc/runs/cfg-dfe61061/cantilever/t0/wire.png
wrote bench/campaigns/advisor-batch-1-s0-hunter-pc/runs/cfg-dfe61061/cylinder/t0/wire.png
wrote bench/campaigns/advisor-batch-1-s0-hunter-pc/runs/cfg-dfe61061/icecream_cone/t0/wire.png
wrote bench/campaigns/advisor-batch-1-s0-hunter-pc/runs/cfg-dfe61061/plate_hole/t0/wire.png
wrote bench/campaigns/advisor-batch-1-s0-hunter-pc/runs/cfg-dfe61061/smoke_bar/t0/wire.png
wrote bench/campaigns/advisor-batch-1-s0-hunter-pc/runs/cfg-dfe61061/sphere/t0/wire.png
wrote bench/campaigns/advisor-batch-1-s0-hunter-pc/runs/cfg-e06f2012/cantilever/t0/wire.png
wrote bench/campaigns/advisor-batch-1-s0-hunter-pc/runs/cfg-e06f2012/cylinder/t0/wire.png
wrote bench/campaigns/advisor-batch-1-s0-hunter-pc/runs/cfg-e06f2012/smoke_bar/t0/wire.png
wrote bench/campaigns/advisor-batch-1-s0-hunter-pc/runs/cfg-e06f2012/sphere/t0/wire.png
wrote bench/campaigns/advisor-batch-1-s0-hunter-pc/runs/cfg-e1d83414/cantilever/t0/wire.png
wrote bench/campaigns/advisor-batch-1-s0-hunter-pc/runs/cfg-e1d83414/cylinder/t0/wire.png
wrote bench/campaigns/advisor-batch-1-s0-hunter-pc/runs/cfg-e1d83414/icecream_cone/t0/wire.png
wrote bench/campaigns/advisor-batch-1-s0-hunter-pc/runs/cfg-e1d83414/smoke_bar/t0/wire.png
wrote bench/campaigns/advisor-batch-1-s0-hunter-pc/runs/cfg-e1d83414/sphere/t0/wire.png
wrote bench/campaigns/advisor-batch-1-s0-hunter-pc/runs/cfg-e25e61bb/cantilever/t0/wire.png
wrote bench/campaigns/advisor-batch-1-s0-hunter-pc/runs/cfg-e25e61bb/cylinder/t0/wire.png
wrote bench/campaigns/advisor-batch-1-s0-hunter-pc/runs/cfg-e25e61bb/icecream_cone/t0/wire.png
wrote bench/campaigns/advisor-batch-1-s0-hunter-pc/runs/cfg-e25e61bb/plate_hole/t0/wire.png
wrote bench/campaigns/advisor-batch-1-s0-hunter-pc/runs/cfg-e25e61bb/smoke_bar/t0/wire.png
wrote bench/campaigns/advisor-batch-1-s0-hunter-pc/runs/cfg-e25e61bb/sphere/t0/wire.png
wrote bench/campaigns/advisor-batch-1-s0-hunter-pc/runs/cfg-e30475f1/cantilever/t0/wire.png
wrote bench/campaigns/advisor-batch-1-s0-hunter-pc/runs/cfg-e30475f1/cylinder/t0/wire.png
wrote bench/campaigns/advisor-batch-1-s0-hunter-pc/runs/cfg-e30475f1/plate_hole/t0/wire.png
wrote bench/campaigns/advisor-batch-1-s0-hunter-pc/runs/cfg-e30475f1/smoke_bar/t0/wire.png
wrote bench/campaigns/advisor-batch-1-s0-hunter-pc/runs/cfg-e30475f1/sphere/t0/wire.png
wrote bench/campaigns/advisor-batch-1-s0-hunter-pc/runs/cfg-e61ac021/cantilever/t0/wire.png
wrote bench/campaigns/advisor-batch-1-s0-hunter-pc/runs/cfg-e61ac021/cylinder/t0/wire.png
wrote bench/campaigns/advisor-batch-1-s0-hunter-pc/runs/cfg-e61ac021/smoke_bar/t0/wire.png
wrote bench/campaigns/advisor-batch-1-s0-hunter-pc/runs/cfg-e61ac021/sphere/t0/wire.png
wrote bench/campaigns/advisor-batch-1-s0-hunter-pc/runs/cfg-e8fb408b/cantilever/t0/wire.png
wrote bench/campaigns/advisor-batch-1-s0-hunter-pc/runs/cfg-e8fb408b/cylinder/t0/wire.png
wrote bench/campaigns/advisor-batch-1-s0-hunter-pc/runs/cfg-e8fb408b/smoke_bar/t0/wire.png
wrote bench/campaigns/advisor-batch-1-s0-hunter-pc/runs/cfg-f11ec541/cantilever/t0/wire.png
wrote bench/campaigns/advisor-batch-1-s0-hunter-pc/runs/cfg-f11ec541/cylinder/t0/wire.png
wrote bench/campaigns/advisor-batch-1-s0-hunter-pc/runs/cfg-f11ec541/icecream_cone/t0/wire.png
wrote bench/campaigns/advisor-batch-1-s0-hunter-pc/runs/cfg-f11ec541/smoke_bar/t0/wire.png
wrote bench/campaigns/advisor-batch-1-s0-hunter-pc/runs/cfg-f11ec541/sphere/t0/wire.png
wrote bench/campaigns/advisor-batch-1-s0-hunter-pc/runs/cfg-f330c8e5/cantilever/t0/wire.png
wrote bench/campaigns/advisor-batch-1-s0-hunter-pc/runs/cfg-f330c8e5/cylinder/t0/wire.png
wrote bench/campaigns/advisor-batch-1-s0-hunter-pc/runs/cfg-f330c8e5/smoke_bar/t0/wire.png
wrote bench/campaigns/advisor-batch-1-s0-hunter-pc/runs/cfg-f39c8288/cantilever/t0/wire.png
wrote bench/campaigns/advisor-batch-1-s0-hunter-pc/runs/cfg-f39c8288/cylinder/t0/wire.png
wrote bench/campaigns/advisor-batch-1-s0-hunter-pc/runs/cfg-f39c8288/icecream_cone/t0/wire.png
wrote bench/campaigns/advisor-batch-1-s0-hunter-pc/runs/cfg-f39c8288/smoke_bar/t0/wire.png
wrote bench/campaigns/advisor-batch-1-s0-hunter-pc/runs/cfg-f39c8288/sphere/t0/wire.png
wrote bench/campaigns/advisor-batch-1-s0-hunter-pc/runs/cfg-f99c4239/cantilever/t0/wire.png
wrote bench/campaigns/advisor-batch-1-s0-hunter-pc/runs/cfg-f99c4239/cylinder/t0/wire.png
wrote bench/campaigns/advisor-batch-1-s0-hunter-pc/runs/cfg-f99c4239/smoke_bar/t0/wire.png
wrote bench/campaigns/advisor-batch-1-s0-hunter-pc/runs/cfg-feb7e91d/cantilever/t0/wire.png
wrote bench/campaigns/advisor-batch-1-s0-hunter-pc/runs/cfg-feb7e91d/cylinder/t0/wire.png
wrote bench/campaigns/advisor-batch-1-s0-hunter-pc/runs/cfg-feb7e91d/smoke_bar/t0/wire.png
wrote bench/campaigns/advisor-batch-1-s0-hunter-pc/runs/cfg-feb7e91d/sphere/t0/wire.png
warehouse_shots: 219 rendered, 0 skipped (exists), 0 failed (219 mesh.vtu total)
finished: 288 runs → /home/hunter/Desktop/Polyhedral-FEA/bench/campaigns/advisor-batch-1-s0-hunter-pc/results.jsonl
=== exit 0 after 311.6s
