
=== 2026-08-14T11:20:30Z OMP_NUM_THREADS=2 :: C:\Users\Yakub\Desktop\Polyhedral-FEA\build\apps\testlab\polymesh_testlab.exe resume C:\Users\Yakub\Desktop\Polyhedral-FEA\bench\campaigns\advisor-batch-3-s1
campaign advisor-batch-3-s1: 16 configs, 36 parts, 1 tiers
  max_run_wall_s=180 (override all tiers)
  max_pack_wall_s=21600
tier 0: h_scale=1 keep_frac=1 survivors=4 max_run_wall_s=180
  run cfg-f3a1c5e1 part=box_hole_s0_c0 tier=0 ...
  run cfg-f3a1c5e1 part=box_hole_s0_c1 tier=0 ...
  run cfg-f3a1c5e1 part=box_hole_s0_c2 tier=0 ...
  run cfg-f3a1c5e1 part=box_hole_s2_c0 tier=0 ...
  run cfg-f3a1c5e1 part=box_hole_s2_c1 tier=0 ...
  run cfg-f3a1c5e1 part=box_hole_s2_c2 tier=0 ...
  run cfg-f3a1c5e1 part=channel_s0_c0 tier=0 ...
  run cfg-f3a1c5e1 part=channel_s0_c1 tier=0 ...
  run cfg-f3a1c5e1 part=channel_s0_c2 tier=0 ...
  run cfg-f3a1c5e1 part=channel_s2_c0 tier=0 ...
  run cfg-f3a1c5e1 part=channel_s2_c1 tier=0 ...
  run cfg-f3a1c5e1 part=channel_s2_c2 tier=0 ...
  run cfg-f3a1c5e1 part=l_bracket_s0_c0 tier=0 ...
  run cfg-f3a1c5e1 part=l_bracket_s0_c1 tier=0 ...
  run cfg-f3a1c5e1 part=l_bracket_s0_c2 tier=0 ...
  run cfg-f3a1c5e1 part=l_bracket_s2_c0 tier=0 ...
  run cfg-f3a1c5e1 part=l_bracket_s2_c1 tier=0 ...
  run cfg-f3a1c5e1 part=l_bracket_s2_c2 tier=0 ...
  run cfg-f3a1c5e1 part=plate_notch_s0_c0 tier=0 ...
  run cfg-f3a1c5e1 part=plate_notch_s0_c1 tier=0 ...
  run cfg-f3a1c5e1 part=plate_notch_s0_c2 tier=0 ...
  run cfg-f3a1c5e1 part=plate_notch_s2_c0 tier=0 ...
  run cfg-f3a1c5e1 part=plate_notch_s2_c1 tier=0 ...
  run cfg-f3a1c5e1 part=plate_notch_s2_c2 tier=0 ...
  run cfg-f3a1c5e1 part=sphere_box_s0_c0 tier=0 ...
  run cfg-f3a1c5e1 part=sphere_box_s0_c1 tier=0 ...
  run cfg-f3a1c5e1 part=sphere_box_s0_c2 tier=0 ...
  run cfg-f3a1c5e1 part=sphere_box_s2_c0 tier=0 ...
  run cfg-f3a1c5e1 part=sphere_box_s2_c1 tier=0 ...
  run cfg-f3a1c5e1 part=sphere_box_s2_c2 tier=0 ...
  run cfg-f3a1c5e1 part=stepped_shaft_s0_c0 tier=0 ...
  run cfg-f3a1c5e1 part=stepped_shaft_s0_c1 tier=0 ...
  run cfg-f3a1c5e1 part=stepped_shaft_s0_c2 tier=0 ...
  run cfg-f3a1c5e1 part=stepped_shaft_s2_c0 tier=0 ...
  run cfg-f3a1c5e1 part=stepped_shaft_s2_c1 tier=0 ...
  run cfg-f3a1c5e1 part=stepped_shaft_s2_c2 tier=0 ...
  run cfg-d91fb0f4 part=box_hole_s0_c0 tier=0 ...
  run cfg-d91fb0f4 part=box_hole_s0_c1 tier=0 ...
  run cfg-d91fb0f4 part=box_hole_s0_c2 tier=0 ...
  run cfg-d91fb0f4 part=box_hole_s2_c0 tier=0 ...
  run cfg-d91fb0f4 part=box_hole_s2_c1 tier=0 ...
  run cfg-d91fb0f4 part=box_hole_s2_c2 tier=0 ...
  run cfg-d91fb0f4 part=channel_s0_c0 tier=0 ...
  run cfg-d91fb0f4 part=channel_s0_c1 tier=0 ...
  run cfg-d91fb0f4 part=channel_s0_c2 tier=0 ...
  run cfg-d91fb0f4 part=channel_s2_c0 tier=0 ...
  run cfg-d91fb0f4 part=channel_s2_c1 tier=0 ...
  run cfg-d91fb0f4 part=channel_s2_c2 tier=0 ...
  run cfg-d91fb0f4 part=l_bracket_s0_c0 tier=0 ...
  run cfg-d91fb0f4 part=l_bracket_s0_c1 tier=0 ...
  run cfg-d91fb0f4 part=l_bracket_s0_c2 tier=0 ...
  run cfg-d91fb0f4 part=l_bracket_s2_c0 tier=0 ...
  run cfg-d91fb0f4 part=l_bracket_s2_c1 tier=0 ...
  run cfg-d91fb0f4 part=l_bracket_s2_c2 tier=0 ...
  run cfg-d91fb0f4 part=plate_notch_s0_c0 tier=0 ...
  run cfg-d91fb0f4 part=plate_notch_s0_c1 tier=0 ...
  run cfg-d91fb0f4 part=plate_notch_s0_c2 tier=0 ...
  run cfg-d91fb0f4 part=plate_notch_s2_c0 tier=0 ...
  run cfg-d91fb0f4 part=plate_notch_s2_c1 tier=0 ...
  run cfg-d91fb0f4 part=plate_notch_s2_c2 tier=0 ...
  run cfg-d91fb0f4 part=sphere_box_s0_c0 tier=0 ...
  run cfg-d91fb0f4 part=sphere_box_s0_c1 tier=0 ...
  run cfg-d91fb0f4 part=sphere_box_s0_c2 tier=0 ...
  run cfg-d91fb0f4 part=sphere_box_s2_c0 tier=0 ...
  run cfg-d91fb0f4 part=sphere_box_s2_c1 tier=0 ...
  run cfg-d91fb0f4 part=sphere_box_s2_c2 tier=0 ...
  run cfg-d91fb0f4 part=stepped_shaft_s0_c0 tier=0 ...
  run cfg-d91fb0f4 part=stepped_shaft_s0_c1 tier=0 ...
  run cfg-d91fb0f4 part=stepped_shaft_s0_c2 tier=0 ...
  run cfg-d91fb0f4 part=stepped_shaft_s2_c0 tier=0 ...
  run cfg-d91fb0f4 part=stepped_shaft_s2_c1 tier=0 ...
  run cfg-d91fb0f4 part=stepped_shaft_s2_c2 tier=0 ...
  run cfg-e8bbec46 part=box_hole_s0_c0 tier=0 ...
  run cfg-e8bbec46 part=box_hole_s0_c1 tier=0 ...
  run cfg-e8bbec46 part=box_hole_s0_c2 tier=0 ...
  run cfg-e8bbec46 part=box_hole_s2_c0 tier=0 ...
  run cfg-e8bbec46 part=box_hole_s2_c1 tier=0 ...
  run cfg-e8bbec46 part=box_hole_s2_c2 tier=0 ...
  run cfg-e8bbec46 part=channel_s0_c0 tier=0 ...
  run cfg-e8bbec46 part=channel_s0_c1 tier=0 ...
  run cfg-e8bbec46 part=channel_s0_c2 tier=0 ...
  run cfg-e8bbec46 part=channel_s2_c0 tier=0 ...
  run cfg-e8bbec46 part=channel_s2_c1 tier=0 ...
  run cfg-e8bbec46 part=channel_s2_c2 tier=0 ...
  run cfg-e8bbec46 part=l_bracket_s0_c0 tier=0 ...
  run cfg-e8bbec46 part=l_bracket_s0_c1 tier=0 ...
  run cfg-e8bbec46 part=l_bracket_s0_c2 tier=0 ...
  run cfg-e8bbec46 part=l_bracket_s2_c0 tier=0 ...
  run cfg-e8bbec46 part=l_bracket_s2_c1 tier=0 ...
  run cfg-e8bbec46 part=l_bracket_s2_c2 tier=0 ...
  run cfg-e8bbec46 part=plate_notch_s0_c0 tier=0 ...
  run cfg-e8bbec46 part=plate_notch_s0_c1 tier=0 ...
  run cfg-e8bbec46 part=plate_notch_s0_c2 tier=0 ...
  run cfg-e8bbec46 part=plate_notch_s2_c0 tier=0 ...
  run cfg-e8bbec46 part=plate_notch_s2_c1 tier=0 ...
  run cfg-e8bbec46 part=plate_notch_s2_c2 tier=0 ...
  run cfg-e8bbec46 part=sphere_box_s0_c0 tier=0 ...
  run cfg-e8bbec46 part=sphere_box_s0_c1 tier=0 ...
  run cfg-e8bbec46 part=sphere_box_s0_c2 tier=0 ...
  run cfg-e8bbec46 part=sphere_box_s2_c0 tier=0 ...
  run cfg-e8bbec46 part=sphere_box_s2_c1 tier=0 ...
  run cfg-e8bbec46 part=sphere_box_s2_c2 tier=0 ...
  run cfg-e8bbec46 part=stepped_shaft_s0_c0 tier=0 ...
  run cfg-e8bbec46 part=stepped_shaft_s0_c1 tier=0 ...
  run cfg-e8bbec46 part=stepped_shaft_s0_c2 tier=0 ...
  run cfg-e8bbec46 part=stepped_shaft_s2_c0 tier=0 ...
  run cfg-e8bbec46 part=stepped_shaft_s2_c1 tier=0 ...
  run cfg-e8bbec46 part=stepped_shaft_s2_c2 tier=0 ...
  run cfg-a35f86df part=box_hole_s0_c0 tier=0 ...
  run cfg-a35f86df part=box_hole_s0_c1 tier=0 ...
  run cfg-a35f86df part=box_hole_s0_c2 tier=0 ...
  run cfg-a35f86df part=box_hole_s2_c0 tier=0 ...
  run cfg-a35f86df part=box_hole_s2_c1 tier=0 ...
  run cfg-a35f86df part=box_hole_s2_c2 tier=0 ...
  run cfg-a35f86df part=channel_s0_c0 tier=0 ...
  run cfg-a35f86df part=channel_s0_c1 tier=0 ...
  run cfg-a35f86df part=channel_s0_c2 tier=0 ...
  run cfg-a35f86df part=channel_s2_c0 tier=0 ...
  run cfg-a35f86df part=channel_s2_c1 tier=0 ...
  run cfg-a35f86df part=channel_s2_c2 tier=0 ...
  run cfg-a35f86df part=l_bracket_s0_c0 tier=0 ...
  run cfg-a35f86df part=l_bracket_s0_c1 tier=0 ...
  run cfg-a35f86df part=l_bracket_s0_c2 tier=0 ...
  run cfg-a35f86df part=l_bracket_s2_c0 tier=0 ...
  run cfg-a35f86df part=l_bracket_s2_c1 tier=0 ...
  run cfg-a35f86df part=l_bracket_s2_c2 tier=0 ...
  run cfg-a35f86df part=plate_notch_s0_c0 tier=0 ...
  run cfg-a35f86df part=plate_notch_s0_c1 tier=0 ...
  run cfg-a35f86df part=plate_notch_s0_c2 tier=0 ...
  run cfg-a35f86df part=plate_notch_s2_c0 tier=0 ...
  run cfg-a35f86df part=plate_notch_s2_c1 tier=0 ...
  run cfg-a35f86df part=plate_notch_s2_c2 tier=0 ...
  run cfg-a35f86df part=sphere_box_s0_c0 tier=0 ...
  run cfg-a35f86df part=sphere_box_s0_c1 tier=0 ...
  run cfg-a35f86df part=sphere_box_s0_c2 tier=0 ...
  run cfg-a35f86df part=sphere_box_s2_c0 tier=0 ...
  run cfg-a35f86df part=sphere_box_s2_c1 tier=0 ...
  run cfg-a35f86df part=sphere_box_s2_c2 tier=0 ...
  run cfg-a35f86df part=stepped_shaft_s0_c0 tier=0 ...
  run cfg-a35f86df part=stepped_shaft_s0_c1 tier=0 ...
  run cfg-a35f86df part=stepped_shaft_s0_c2 tier=0 ...
  run cfg-a35f86df part=stepped_shaft_s2_c0 tier=0 ...
  run cfg-a35f86df part=stepped_shaft_s2_c1 tier=0 ...
  run cfg-a35f86df part=stepped_shaft_s2_c2 tier=0 ...
wrote bench\campaigns\advisor-batch-3-s1\runs\cfg-a35f86df\box_hole_s0_c0\t0\wire.png
wrote bench\campaigns\advisor-batch-3-s1\runs\cfg-a35f86df\box_hole_s0_c1\t0\wire.png
wrote bench\campaigns\advisor-batch-3-s1\runs\cfg-a35f86df\box_hole_s0_c2\t0\wire.png
wrote bench\campaigns\advisor-batch-3-s1\runs\cfg-a35f86df\channel_s0_c0\t0\wire.png
wrote bench\campaigns\advisor-batch-3-s1\runs\cfg-a35f86df\channel_s0_c1\t0\wire.png
wrote bench\campaigns\advisor-batch-3-s1\runs\cfg-a35f86df\channel_s0_c2\t0\wire.png
wrote bench\campaigns\advisor-batch-3-s1\runs\cfg-a35f86df\l_bracket_s0_c0\t0\wire.png
wrote bench\campaigns\advisor-batch-3-s1\runs\cfg-a35f86df\l_bracket_s0_c1\t0\wire.png
wrote bench\campaigns\advisor-batch-3-s1\runs\cfg-a35f86df\l_bracket_s0_c2\t0\wire.png
wrote bench\campaigns\advisor-batch-3-s1\runs\cfg-a35f86df\l_bracket_s2_c0\t0\wire.png
wrote bench\campaigns\advisor-batch-3-s1\runs\cfg-a35f86df\l_bracket_s2_c1\t0\wire.png
wrote bench\campaigns\advisor-batch-3-s1\runs\cfg-a35f86df\l_bracket_s2_c2\t0\wire.png
wrote bench\campaigns\advisor-batch-3-s1\runs\cfg-a35f86df\plate_notch_s0_c0\t0\wire.png
wrote bench\campaigns\advisor-batch-3-s1\runs\cfg-a35f86df\plate_notch_s0_c1\t0\wire.png
wrote bench\campaigns\advisor-batch-3-s1\runs\cfg-a35f86df\plate_notch_s0_c2\t0\wire.png
wrote bench\campaigns\advisor-batch-3-s1\runs\cfg-a35f86df\plate_notch_s2_c0\t0\wire.png
wrote bench\campaigns\advisor-batch-3-s1\runs\cfg-a35f86df\plate_notch_s2_c1\t0\wire.png
wrote bench\campaigns\advisor-batch-3-s1\runs\cfg-a35f86df\plate_notch_s2_c2\t0\wire.png
wrote bench\campaigns\advisor-batch-3-s1\runs\cfg-d91fb0f4\box_hole_s0_c0\t0\wire.png
wrote bench\campaigns\advisor-batch-3-s1\runs\cfg-d91fb0f4\box_hole_s0_c1\t0\wire.png
wrote bench\campaigns\advisor-batch-3-s1\runs\cfg-d91fb0f4\box_hole_s0_c2\t0\wire.png
wrote bench\campaigns\advisor-batch-3-s1\runs\cfg-d91fb0f4\channel_s0_c0\t0\wire.png
wrote bench\campaigns\advisor-batch-3-s1\runs\cfg-d91fb0f4\channel_s0_c1\t0\wire.png
wrote bench\campaigns\advisor-batch-3-s1\runs\cfg-d91fb0f4\channel_s0_c2\t0\wire.png
wrote bench\campaigns\advisor-batch-3-s1\runs\cfg-d91fb0f4\l_bracket_s0_c0\t0\wire.png
wrote bench\campaigns\advisor-batch-3-s1\runs\cfg-d91fb0f4\l_bracket_s0_c1\t0\wire.png
wrote bench\campaigns\advisor-batch-3-s1\runs\cfg-d91fb0f4\l_bracket_s0_c2\t0\wire.png
wrote bench\campaigns\advisor-batch-3-s1\runs\cfg-d91fb0f4\l_bracket_s2_c0\t0\wire.png
wrote bench\campaigns\advisor-batch-3-s1\runs\cfg-d91fb0f4\l_bracket_s2_c1\t0\wire.png
wrote bench\campaigns\advisor-batch-3-s1\runs\cfg-d91fb0f4\l_bracket_s2_c2\t0\wire.png
wrote bench\campaigns\advisor-batch-3-s1\runs\cfg-d91fb0f4\plate_notch_s0_c0\t0\wire.png
wrote bench\campaigns\advisor-batch-3-s1\runs\cfg-d91fb0f4\plate_notch_s0_c1\t0\wire.png
wrote bench\campaigns\advisor-batch-3-s1\runs\cfg-d91fb0f4\plate_notch_s0_c2\t0\wire.png
wrote bench\campaigns\advisor-batch-3-s1\runs\cfg-d91fb0f4\plate_notch_s2_c0\t0\wire.png
wrote bench\campaigns\advisor-batch-3-s1\runs\cfg-d91fb0f4\plate_notch_s2_c1\t0\wire.png
wrote bench\campaigns\advisor-batch-3-s1\runs\cfg-d91fb0f4\plate_notch_s2_c2\t0\wire.png
wrote bench\campaigns\advisor-batch-3-s1\runs\cfg-e8bbec46\box_hole_s0_c0\t0\wire.png
wrote bench\campaigns\advisor-batch-3-s1\runs\cfg-e8bbec46\box_hole_s0_c1\t0\wire.png
wrote bench\campaigns\advisor-batch-3-s1\runs\cfg-e8bbec46\box_hole_s0_c2\t0\wire.png
wrote bench\campaigns\advisor-batch-3-s1\runs\cfg-e8bbec46\channel_s0_c0\t0\wire.png
wrote bench\campaigns\advisor-batch-3-s1\runs\cfg-e8bbec46\channel_s0_c1\t0\wire.png
wrote bench\campaigns\advisor-batch-3-s1\runs\cfg-e8bbec46\channel_s0_c2\t0\wire.png
wrote bench\campaigns\advisor-batch-3-s1\runs\cfg-e8bbec46\l_bracket_s0_c0\t0\wire.png
wrote bench\campaigns\advisor-batch-3-s1\runs\cfg-e8bbec46\l_bracket_s0_c1\t0\wire.png
wrote bench\campaigns\advisor-batch-3-s1\runs\cfg-e8bbec46\l_bracket_s0_c2\t0\wire.png
wrote bench\campaigns\advisor-batch-3-s1\runs\cfg-e8bbec46\l_bracket_s2_c0\t0\wire.png
wrote bench\campaigns\advisor-batch-3-s1\runs\cfg-e8bbec46\l_bracket_s2_c1\t0\wire.png
wrote bench\campaigns\advisor-batch-3-s1\runs\cfg-e8bbec46\l_bracket_s2_c2\t0\wire.png
wrote bench\campaigns\advisor-batch-3-s1\runs\cfg-e8bbec46\plate_notch_s0_c0\t0\wire.png
wrote bench\campaigns\advisor-batch-3-s1\runs\cfg-e8bbec46\plate_notch_s0_c1\t0\wire.png
wrote bench\campaigns\advisor-batch-3-s1\runs\cfg-e8bbec46\plate_notch_s0_c2\t0\wire.png
wrote bench\campaigns\advisor-batch-3-s1\runs\cfg-e8bbec46\plate_notch_s2_c0\t0\wire.png
wrote bench\campaigns\advisor-batch-3-s1\runs\cfg-e8bbec46\plate_notch_s2_c1\t0\wire.png
wrote bench\campaigns\advisor-batch-3-s1\runs\cfg-e8bbec46\plate_notch_s2_c2\t0\wire.png
wrote bench\campaigns\advisor-batch-3-s1\runs\cfg-f3a1c5e1\box_hole_s0_c0\t0\wire.png
wrote bench\campaigns\advisor-batch-3-s1\runs\cfg-f3a1c5e1\box_hole_s0_c1\t0\wire.png
wrote bench\campaigns\advisor-batch-3-s1\runs\cfg-f3a1c5e1\box_hole_s0_c2\t0\wire.png
wrote bench\campaigns\advisor-batch-3-s1\runs\cfg-f3a1c5e1\channel_s0_c0\t0\wire.png
wrote bench\campaigns\advisor-batch-3-s1\runs\cfg-f3a1c5e1\channel_s0_c1\t0\wire.png
wrote bench\campaigns\advisor-batch-3-s1\runs\cfg-f3a1c5e1\channel_s0_c2\t0\wire.png
wrote bench\campaigns\advisor-batch-3-s1\runs\cfg-f3a1c5e1\l_bracket_s0_c0\t0\wire.png
wrote bench\campaigns\advisor-batch-3-s1\runs\cfg-f3a1c5e1\l_bracket_s0_c1\t0\wire.png
wrote bench\campaigns\advisor-batch-3-s1\runs\cfg-f3a1c5e1\l_bracket_s0_c2\t0\wire.png
wrote bench\campaigns\advisor-batch-3-s1\runs\cfg-f3a1c5e1\l_bracket_s2_c0\t0\wire.png
wrote bench\campaigns\advisor-batch-3-s1\runs\cfg-f3a1c5e1\l_bracket_s2_c1\t0\wire.png
wrote bench\campaigns\advisor-batch-3-s1\runs\cfg-f3a1c5e1\l_bracket_s2_c2\t0\wire.png
wrote bench\campaigns\advisor-batch-3-s1\runs\cfg-f3a1c5e1\plate_notch_s0_c0\t0\wire.png
wrote bench\campaigns\advisor-batch-3-s1\runs\cfg-f3a1c5e1\plate_notch_s0_c1\t0\wire.png
wrote bench\campaigns\advisor-batch-3-s1\runs\cfg-f3a1c5e1\plate_notch_s0_c2\t0\wire.png
wrote bench\campaigns\advisor-batch-3-s1\runs\cfg-f3a1c5e1\plate_notch_s2_c0\t0\wire.png
wrote bench\campaigns\advisor-batch-3-s1\runs\cfg-f3a1c5e1\plate_notch_s2_c1\t0\wire.png
wrote bench\campaigns\advisor-batch-3-s1\runs\cfg-f3a1c5e1\plate_notch_s2_c2\t0\wire.png
warehouse_shots: 72 rendered, 0 skipped (exists), 0 failed (72 mesh.vtu total)
finished: 144 runs → C:\Users\Yakub\Desktop\Polyhedral-FEA\bench\campaigns\advisor-batch-3-s1\results.jsonl
=== exit 0 after 5521.9s
