
=== 2026-08-17T18:39:08Z OMP_NUM_THREADS=2 :: /home/hunter/Desktop/Polyhedral-FEA/build/apps/testlab/polymesh_testlab resume /home/hunter/Desktop/Polyhedral-FEA/bench/campaigns/advisor-batch-4-s0-hunter-pc
campaign advisor-batch-4-s0-hunter-pc: 2 configs, 36 parts, 1 tiers
  max_run_wall_s=180 (override all tiers)
  max_pack_wall_s=21600
tier 0: h_scale=1 keep_frac=1 survivors=1 max_run_wall_s=180
  run cfg-99ed644e part=box_hole_s0_c0 tier=0 ...
  run cfg-99ed644e part=box_hole_s0_c1 tier=0 ...
  run cfg-99ed644e part=box_hole_s0_c2 tier=0 ...
  run cfg-99ed644e part=box_hole_s2_c0 tier=0 ...
  run cfg-99ed644e part=box_hole_s2_c1 tier=0 ...
  run cfg-99ed644e part=box_hole_s2_c2 tier=0 ...
  run cfg-99ed644e part=channel_s0_c0 tier=0 ...
  run cfg-99ed644e part=channel_s0_c1 tier=0 ...
  run cfg-99ed644e part=channel_s0_c2 tier=0 ...
  run cfg-99ed644e part=channel_s2_c0 tier=0 ...
  run cfg-99ed644e part=channel_s2_c1 tier=0 ...
  run cfg-99ed644e part=channel_s2_c2 tier=0 ...
  run cfg-99ed644e part=l_bracket_s0_c0 tier=0 ...
  run cfg-99ed644e part=l_bracket_s0_c1 tier=0 ...
  run cfg-99ed644e part=l_bracket_s0_c2 tier=0 ...
  run cfg-99ed644e part=l_bracket_s2_c0 tier=0 ...
  run cfg-99ed644e part=l_bracket_s2_c1 tier=0 ...
  run cfg-99ed644e part=l_bracket_s2_c2 tier=0 ...
  run cfg-99ed644e part=plate_notch_s0_c0 tier=0 ...
  run cfg-99ed644e part=plate_notch_s0_c1 tier=0 ...
  run cfg-99ed644e part=plate_notch_s0_c2 tier=0 ...
  run cfg-99ed644e part=plate_notch_s2_c0 tier=0 ...
  run cfg-99ed644e part=plate_notch_s2_c1 tier=0 ...
  run cfg-99ed644e part=plate_notch_s2_c2 tier=0 ...
  run cfg-99ed644e part=sphere_box_s0_c0 tier=0 ...
  run cfg-99ed644e part=sphere_box_s0_c1 tier=0 ...
  run cfg-99ed644e part=sphere_box_s0_c2 tier=0 ...
  run cfg-99ed644e part=sphere_box_s2_c0 tier=0 ...
  run cfg-99ed644e part=sphere_box_s2_c1 tier=0 ...
  run cfg-99ed644e part=sphere_box_s2_c2 tier=0 ...
  run cfg-99ed644e part=stepped_shaft_s0_c0 tier=0 ...
  run cfg-99ed644e part=stepped_shaft_s0_c1 tier=0 ...
  run cfg-99ed644e part=stepped_shaft_s0_c2 tier=0 ...
  run cfg-99ed644e part=stepped_shaft_s2_c0 tier=0 ...
  run cfg-99ed644e part=stepped_shaft_s2_c1 tier=0 ...
  run cfg-99ed644e part=stepped_shaft_s2_c2 tier=0 ...
wrote bench/campaigns/advisor-batch-4-s0-hunter-pc/runs/cfg-99ed644e/box_hole_s0_c0/t0/wire.png
wrote bench/campaigns/advisor-batch-4-s0-hunter-pc/runs/cfg-99ed644e/box_hole_s0_c1/t0/wire.png
wrote bench/campaigns/advisor-batch-4-s0-hunter-pc/runs/cfg-99ed644e/box_hole_s0_c2/t0/wire.png
wrote bench/campaigns/advisor-batch-4-s0-hunter-pc/runs/cfg-99ed644e/box_hole_s2_c0/t0/wire.png
wrote bench/campaigns/advisor-batch-4-s0-hunter-pc/runs/cfg-99ed644e/box_hole_s2_c1/t0/wire.png
wrote bench/campaigns/advisor-batch-4-s0-hunter-pc/runs/cfg-99ed644e/box_hole_s2_c2/t0/wire.png
wrote bench/campaigns/advisor-batch-4-s0-hunter-pc/runs/cfg-99ed644e/channel_s0_c0/t0/wire.png
wrote bench/campaigns/advisor-batch-4-s0-hunter-pc/runs/cfg-99ed644e/channel_s0_c1/t0/wire.png
wrote bench/campaigns/advisor-batch-4-s0-hunter-pc/runs/cfg-99ed644e/channel_s0_c2/t0/wire.png
wrote bench/campaigns/advisor-batch-4-s0-hunter-pc/runs/cfg-99ed644e/channel_s2_c0/t0/wire.png
wrote bench/campaigns/advisor-batch-4-s0-hunter-pc/runs/cfg-99ed644e/channel_s2_c1/t0/wire.png
wrote bench/campaigns/advisor-batch-4-s0-hunter-pc/runs/cfg-99ed644e/channel_s2_c2/t0/wire.png
wrote bench/campaigns/advisor-batch-4-s0-hunter-pc/runs/cfg-99ed644e/l_bracket_s0_c0/t0/wire.png
wrote bench/campaigns/advisor-batch-4-s0-hunter-pc/runs/cfg-99ed644e/l_bracket_s0_c1/t0/wire.png
wrote bench/campaigns/advisor-batch-4-s0-hunter-pc/runs/cfg-99ed644e/l_bracket_s0_c2/t0/wire.png
wrote bench/campaigns/advisor-batch-4-s0-hunter-pc/runs/cfg-99ed644e/l_bracket_s2_c0/t0/wire.png
wrote bench/campaigns/advisor-batch-4-s0-hunter-pc/runs/cfg-99ed644e/l_bracket_s2_c1/t0/wire.png
wrote bench/campaigns/advisor-batch-4-s0-hunter-pc/runs/cfg-99ed644e/l_bracket_s2_c2/t0/wire.png
wrote bench/campaigns/advisor-batch-4-s0-hunter-pc/runs/cfg-99ed644e/plate_notch_s0_c0/t0/wire.png
wrote bench/campaigns/advisor-batch-4-s0-hunter-pc/runs/cfg-99ed644e/plate_notch_s0_c1/t0/wire.png
wrote bench/campaigns/advisor-batch-4-s0-hunter-pc/runs/cfg-99ed644e/plate_notch_s0_c2/t0/wire.png
wrote bench/campaigns/advisor-batch-4-s0-hunter-pc/runs/cfg-99ed644e/plate_notch_s2_c0/t0/wire.png
wrote bench/campaigns/advisor-batch-4-s0-hunter-pc/runs/cfg-99ed644e/plate_notch_s2_c1/t0/wire.png
wrote bench/campaigns/advisor-batch-4-s0-hunter-pc/runs/cfg-99ed644e/plate_notch_s2_c2/t0/wire.png
wrote bench/campaigns/advisor-batch-4-s0-hunter-pc/runs/cfg-99ed644e/sphere_box_s0_c0/t0/wire.png
wrote bench/campaigns/advisor-batch-4-s0-hunter-pc/runs/cfg-99ed644e/sphere_box_s0_c1/t0/wire.png
wrote bench/campaigns/advisor-batch-4-s0-hunter-pc/runs/cfg-99ed644e/sphere_box_s0_c2/t0/wire.png
wrote bench/campaigns/advisor-batch-4-s0-hunter-pc/runs/cfg-99ed644e/sphere_box_s2_c0/t0/wire.png
wrote bench/campaigns/advisor-batch-4-s0-hunter-pc/runs/cfg-99ed644e/sphere_box_s2_c1/t0/wire.png
wrote bench/campaigns/advisor-batch-4-s0-hunter-pc/runs/cfg-99ed644e/sphere_box_s2_c2/t0/wire.png
wrote bench/campaigns/advisor-batch-4-s0-hunter-pc/runs/cfg-99ed644e/stepped_shaft_s0_c0/t0/wire.png
wrote bench/campaigns/advisor-batch-4-s0-hunter-pc/runs/cfg-99ed644e/stepped_shaft_s0_c1/t0/wire.png
wrote bench/campaigns/advisor-batch-4-s0-hunter-pc/runs/cfg-99ed644e/stepped_shaft_s0_c2/t0/wire.png
wrote bench/campaigns/advisor-batch-4-s0-hunter-pc/runs/cfg-99ed644e/stepped_shaft_s2_c0/t0/wire.png
wrote bench/campaigns/advisor-batch-4-s0-hunter-pc/runs/cfg-99ed644e/stepped_shaft_s2_c1/t0/wire.png
wrote bench/campaigns/advisor-batch-4-s0-hunter-pc/runs/cfg-99ed644e/stepped_shaft_s2_c2/t0/wire.png
warehouse_shots: 36 rendered, 0 skipped (exists), 0 failed (36 mesh.vtu total)
finished: 36 runs → /home/hunter/Desktop/Polyhedral-FEA/bench/campaigns/advisor-batch-4-s0-hunter-pc/results.jsonl
=== exit 0 after 229.5s
