
=== 2026-08-17T17:27:00Z OMP_NUM_THREADS=2 :: /home/hunter/Desktop/Polyhedral-FEA/build/apps/testlab/polymesh_testlab resume /home/hunter/Desktop/Polyhedral-FEA/bench/campaigns/advisor-batch-1-s5-hunter-pc
campaign advisor-batch-1-s5-hunter-pc: 288 configs, 6 parts, 1 tiers
  max_run_wall_s=45 (override all tiers)
  max_pack_wall_s=86400
tier 0: h_scale=1 keep_frac=1 survivors=48 max_run_wall_s=45
  run cfg-aad27433 part=smoke_bar tier=0 ...
  run cfg-aad27433 part=plate_hole tier=0 ...
  run cfg-aad27433 part=cantilever tier=0 ...
  run cfg-aad27433 part=cylinder tier=0 ...
  run cfg-aad27433 part=sphere tier=0 ...
  run cfg-aad27433 part=icecream_cone tier=0 ...
  run cfg-35a29fd4 part=smoke_bar tier=0 ...
  run cfg-35a29fd4 part=plate_hole tier=0 ...
  run cfg-35a29fd4 part=cantilever tier=0 ...
  run cfg-35a29fd4 part=cylinder tier=0 ...
  run cfg-35a29fd4 part=sphere tier=0 ...
  run cfg-35a29fd4 part=icecream_cone tier=0 ...
  run cfg-f1f29836 part=smoke_bar tier=0 ...
  run cfg-f1f29836 part=plate_hole tier=0 ...
  run cfg-f1f29836 part=cantilever tier=0 ...
  run cfg-f1f29836 part=cylinder tier=0 ...
  run cfg-f1f29836 part=sphere tier=0 ...
  run cfg-f1f29836 part=icecream_cone tier=0 ...
  run cfg-6018417e part=smoke_bar tier=0 ...
  run cfg-6018417e part=plate_hole tier=0 ...
  run cfg-6018417e part=cantilever tier=0 ...
  run cfg-6018417e part=cylinder tier=0 ...
  run cfg-6018417e part=sphere tier=0 ...
  run cfg-6018417e part=icecream_cone tier=0 ...
  run cfg-cd3d3942 part=smoke_bar tier=0 ...
  run cfg-cd3d3942 part=plate_hole tier=0 ...
  run cfg-cd3d3942 part=cantilever tier=0 ...
  run cfg-cd3d3942 part=cylinder tier=0 ...
  run cfg-cd3d3942 part=sphere tier=0 ...
  run cfg-cd3d3942 part=icecream_cone tier=0 ...
  run cfg-f2a74691 part=smoke_bar tier=0 ...
  run cfg-f2a74691 part=plate_hole tier=0 ...
  run cfg-f2a74691 part=cantilever tier=0 ...
  run cfg-f2a74691 part=cylinder tier=0 ...
  run cfg-f2a74691 part=sphere tier=0 ...
  run cfg-f2a74691 part=icecream_cone tier=0 ...
  run cfg-9cf657a9 part=smoke_bar tier=0 ...
  run cfg-9cf657a9 part=plate_hole tier=0 ...
  run cfg-9cf657a9 part=cantilever tier=0 ...
  run cfg-9cf657a9 part=cylinder tier=0 ...
  run cfg-9cf657a9 part=sphere tier=0 ...
  run cfg-9cf657a9 part=icecream_cone tier=0 ...
  run cfg-e815d595 part=smoke_bar tier=0 ...
  run cfg-e815d595 part=plate_hole tier=0 ...
  run cfg-e815d595 part=cantilever tier=0 ...
  run cfg-e815d595 part=cylinder tier=0 ...
  run cfg-e815d595 part=sphere tier=0 ...
  run cfg-e815d595 part=icecream_cone tier=0 ...
  run cfg-c4d6504e part=smoke_bar tier=0 ...
  run cfg-c4d6504e part=plate_hole tier=0 ...
  run cfg-c4d6504e part=cantilever tier=0 ...
  run cfg-c4d6504e part=cylinder tier=0 ...
  run cfg-c4d6504e part=sphere tier=0 ...
  run cfg-c4d6504e part=icecream_cone tier=0 ...
  run cfg-39fd557d part=smoke_bar tier=0 ...
  run cfg-39fd557d part=plate_hole tier=0 ...
  run cfg-39fd557d part=cantilever tier=0 ...
  run cfg-39fd557d part=cylinder tier=0 ...
  run cfg-39fd557d part=sphere tier=0 ...
  run cfg-39fd557d part=icecream_cone tier=0 ...
  run cfg-2e7f3d05 part=smoke_bar tier=0 ...
  run cfg-2e7f3d05 part=plate_hole tier=0 ...
  run cfg-2e7f3d05 part=cantilever tier=0 ...
  run cfg-2e7f3d05 part=cylinder tier=0 ...
  run cfg-2e7f3d05 part=sphere tier=0 ...
  run cfg-2e7f3d05 part=icecream_cone tier=0 ...
  run cfg-ba3fd679 part=smoke_bar tier=0 ...
  run cfg-ba3fd679 part=plate_hole tier=0 ...
  run cfg-ba3fd679 part=cantilever tier=0 ...
  run cfg-ba3fd679 part=cylinder tier=0 ...
  run cfg-ba3fd679 part=sphere tier=0 ...
  run cfg-ba3fd679 part=icecream_cone tier=0 ...
  run cfg-7f85e9cd part=smoke_bar tier=0 ...
  run cfg-7f85e9cd part=plate_hole tier=0 ...
  run cfg-7f85e9cd part=cantilever tier=0 ...
  run cfg-7f85e9cd part=cylinder tier=0 ...
  run cfg-7f85e9cd part=sphere tier=0 ...
  run cfg-7f85e9cd part=icecream_cone tier=0 ...
  run cfg-144abf7e part=smoke_bar tier=0 ...
  run cfg-144abf7e part=plate_hole tier=0 ...
  run cfg-144abf7e part=cantilever tier=0 ...
  run cfg-144abf7e part=cylinder tier=0 ...
  run cfg-144abf7e part=sphere tier=0 ...
  run cfg-144abf7e part=icecream_cone tier=0 ...
  run cfg-9e0d95a8 part=smoke_bar tier=0 ...
  run cfg-9e0d95a8 part=plate_hole tier=0 ...
  run cfg-9e0d95a8 part=cantilever tier=0 ...
  run cfg-9e0d95a8 part=cylinder tier=0 ...
  run cfg-9e0d95a8 part=sphere tier=0 ...
  run cfg-9e0d95a8 part=icecream_cone tier=0 ...
  run cfg-d2cbe1c8 part=smoke_bar tier=0 ...
  run cfg-d2cbe1c8 part=plate_hole tier=0 ...
  run cfg-d2cbe1c8 part=cantilever tier=0 ...
  run cfg-d2cbe1c8 part=cylinder tier=0 ...
  run cfg-d2cbe1c8 part=sphere tier=0 ...
  run cfg-d2cbe1c8 part=icecream_cone tier=0 ...
  run cfg-d12d2f4e part=smoke_bar tier=0 ...
  run cfg-d12d2f4e part=plate_hole tier=0 ...
  run cfg-d12d2f4e part=cantilever tier=0 ...
  run cfg-d12d2f4e part=cylinder tier=0 ...
  run cfg-d12d2f4e part=sphere tier=0 ...
  run cfg-d12d2f4e part=icecream_cone tier=0 ...
  run cfg-1ea6147d part=smoke_bar tier=0 ...
  run cfg-1ea6147d part=plate_hole tier=0 ...
  run cfg-1ea6147d part=cantilever tier=0 ...
  run cfg-1ea6147d part=cylinder tier=0 ...
  run cfg-1ea6147d part=sphere tier=0 ...
  run cfg-1ea6147d part=icecream_cone tier=0 ...
  run cfg-ccbe0205 part=smoke_bar tier=0 ...
  run cfg-ccbe0205 part=plate_hole tier=0 ...
  run cfg-ccbe0205 part=cantilever tier=0 ...
  run cfg-ccbe0205 part=cylinder tier=0 ...
  run cfg-ccbe0205 part=sphere tier=0 ...
  run cfg-ccbe0205 part=icecream_cone tier=0 ...
  run cfg-587e9b79 part=smoke_bar tier=0 ...
  run cfg-587e9b79 part=plate_hole tier=0 ...
  run cfg-587e9b79 part=cantilever tier=0 ...
  run cfg-587e9b79 part=cylinder tier=0 ...
  run cfg-587e9b79 part=sphere tier=0 ...
  run cfg-587e9b79 part=icecream_cone tier=0 ...
  run cfg-7722d6cd part=smoke_bar tier=0 ...
  run cfg-7722d6cd part=plate_hole tier=0 ...
  run cfg-7722d6cd part=cantilever tier=0 ...
  run cfg-7722d6cd part=cylinder tier=0 ...
  run cfg-7722d6cd part=sphere tier=0 ...
  run cfg-7722d6cd part=icecream_cone tier=0 ...
  run cfg-9f074c7e part=smoke_bar tier=0 ...
  run cfg-9f074c7e part=plate_hole tier=0 ...
  run cfg-9f074c7e part=cantilever tier=0 ...
  run cfg-9f074c7e part=cylinder tier=0 ...
  run cfg-9f074c7e part=sphere tier=0 ...
  run cfg-9f074c7e part=icecream_cone tier=0 ...
  run cfg-82b654a8 part=smoke_bar tier=0 ...
  run cfg-82b654a8 part=plate_hole tier=0 ...
  run cfg-82b654a8 part=cantilever tier=0 ...
  run cfg-82b654a8 part=cylinder tier=0 ...
  run cfg-82b654a8 part=sphere tier=0 ...
  run cfg-82b654a8 part=icecream_cone tier=0 ...
  run cfg-b774a0c8 part=smoke_bar tier=0 ...
  run cfg-b774a0c8 part=plate_hole tier=0 ...
  run cfg-b774a0c8 part=cantilever tier=0 ...
  run cfg-b774a0c8 part=cylinder tier=0 ...
  run cfg-b774a0c8 part=sphere tier=0 ...
  run cfg-b774a0c8 part=icecream_cone tier=0 ...
  run cfg-a73b6cbe part=smoke_bar tier=0 ...
  run cfg-a73b6cbe part=plate_hole tier=0 ...
  run cfg-a73b6cbe part=cantilever tier=0 ...
  run cfg-a73b6cbe part=cylinder tier=0 ...
  run cfg-a73b6cbe part=sphere tier=0 ...
  run cfg-a73b6cbe part=icecream_cone tier=0 ...
  run cfg-cbac5fad part=smoke_bar tier=0 ...
  run cfg-cbac5fad part=plate_hole tier=0 ...
  run cfg-cbac5fad part=cantilever tier=0 ...
  run cfg-cbac5fad part=cylinder tier=0 ...
  run cfg-cbac5fad part=sphere tier=0 ...
  run cfg-cbac5fad part=icecream_cone tier=0 ...
  run cfg-d121ac75 part=smoke_bar tier=0 ...
  run cfg-d121ac75 part=plate_hole tier=0 ...
  run cfg-d121ac75 part=cantilever tier=0 ...
  run cfg-d121ac75 part=cylinder tier=0 ...
  run cfg-d121ac75 part=sphere tier=0 ...
  run cfg-d121ac75 part=icecream_cone tier=0 ...
  run cfg-7beff229 part=smoke_bar tier=0 ...
  run cfg-7beff229 part=plate_hole tier=0 ...
  run cfg-7beff229 part=cantilever tier=0 ...
  run cfg-7beff229 part=cylinder tier=0 ...
  run cfg-7beff229 part=sphere tier=0 ...
  run cfg-7beff229 part=icecream_cone tier=0 ...
  run cfg-ea7c28dd part=smoke_bar tier=0 ...
  run cfg-ea7c28dd part=plate_hole tier=0 ...
  run cfg-ea7c28dd part=cantilever tier=0 ...
  run cfg-ea7c28dd part=cylinder tier=0 ...
  run cfg-ea7c28dd part=sphere tier=0 ...
  run cfg-ea7c28dd part=icecream_cone tier=0 ...
  run cfg-069049ce part=smoke_bar tier=0 ...
  run cfg-069049ce part=plate_hole tier=0 ...
  run cfg-069049ce part=cantilever tier=0 ...
  run cfg-069049ce part=cylinder tier=0 ...
  run cfg-069049ce part=sphere tier=0 ...
  run cfg-069049ce part=icecream_cone tier=0 ...
  run cfg-e6ffa4b8 part=smoke_bar tier=0 ...
  run cfg-e6ffa4b8 part=plate_hole tier=0 ...
  run cfg-e6ffa4b8 part=cantilever tier=0 ...
  run cfg-e6ffa4b8 part=cylinder tier=0 ...
  run cfg-e6ffa4b8 part=sphere tier=0 ...
  run cfg-e6ffa4b8 part=icecream_cone tier=0 ...
  run cfg-ca217858 part=smoke_bar tier=0 ...
  run cfg-ca217858 part=plate_hole tier=0 ...
  run cfg-ca217858 part=cantilever tier=0 ...
  run cfg-ca217858 part=cylinder tier=0 ...
  run cfg-ca217858 part=sphere tier=0 ...
  run cfg-ca217858 part=icecream_cone tier=0 ...
  run cfg-780a06ff part=smoke_bar tier=0 ...
  run cfg-780a06ff part=plate_hole tier=0 ...
  run cfg-780a06ff part=cantilever tier=0 ...
  run cfg-780a06ff part=cylinder tier=0 ...
  run cfg-780a06ff part=sphere tier=0 ...
  run cfg-780a06ff part=icecream_cone tier=0 ...
  run cfg-232875d0 part=smoke_bar tier=0 ...
  run cfg-232875d0 part=plate_hole tier=0 ...
  run cfg-232875d0 part=cantilever tier=0 ...
  run cfg-232875d0 part=cylinder tier=0 ...
  run cfg-232875d0 part=sphere tier=0 ...
  run cfg-232875d0 part=icecream_cone tier=0 ...
  run cfg-51bec4d2 part=smoke_bar tier=0 ...
  run cfg-51bec4d2 part=plate_hole tier=0 ...
  run cfg-51bec4d2 part=cantilever tier=0 ...
  run cfg-51bec4d2 part=cylinder tier=0 ...
  run cfg-51bec4d2 part=sphere tier=0 ...
  run cfg-51bec4d2 part=icecream_cone tier=0 ...
  run cfg-327c12d2 part=smoke_bar tier=0 ...
  run cfg-327c12d2 part=plate_hole tier=0 ...
  run cfg-327c12d2 part=cantilever tier=0 ...
  run cfg-327c12d2 part=cylinder tier=0 ...
  run cfg-327c12d2 part=sphere tier=0 ...
  run cfg-327c12d2 part=icecream_cone tier=0 ...
  run cfg-3ee4a066 part=smoke_bar tier=0 ...
  run cfg-3ee4a066 part=plate_hole tier=0 ...
  run cfg-3ee4a066 part=cantilever tier=0 ...
  run cfg-3ee4a066 part=cylinder tier=0 ...
  run cfg-3ee4a066 part=sphere tier=0 ...
  run cfg-3ee4a066 part=icecream_cone tier=0 ...
  run cfg-cf777405 part=smoke_bar tier=0 ...
  run cfg-cf777405 part=plate_hole tier=0 ...
  run cfg-cf777405 part=cantilever tier=0 ...
  run cfg-cf777405 part=cylinder tier=0 ...
  run cfg-cf777405 part=sphere tier=0 ...
  run cfg-cf777405 part=icecream_cone tier=0 ...
  run cfg-75c1199d part=smoke_bar tier=0 ...
  run cfg-75c1199d part=plate_hole tier=0 ...
  run cfg-75c1199d part=cantilever tier=0 ...
  run cfg-75c1199d part=cylinder tier=0 ...
  run cfg-75c1199d part=sphere tier=0 ...
  run cfg-75c1199d part=icecream_cone tier=0 ...
  run cfg-7c8ea4d1 part=smoke_bar tier=0 ...
  run cfg-7c8ea4d1 part=plate_hole tier=0 ...
  run cfg-7c8ea4d1 part=cantilever tier=0 ...
  run cfg-7c8ea4d1 part=cylinder tier=0 ...
  run cfg-7c8ea4d1 part=sphere tier=0 ...
  run cfg-7c8ea4d1 part=icecream_cone tier=0 ...
  run cfg-4be9fc41 part=smoke_bar tier=0 ...
  run cfg-4be9fc41 part=plate_hole tier=0 ...
  run cfg-4be9fc41 part=cantilever tier=0 ...
  run cfg-4be9fc41 part=cylinder tier=0 ...
  run cfg-4be9fc41 part=sphere tier=0 ...
  run cfg-4be9fc41 part=icecream_cone tier=0 ...
  run cfg-805bf602 part=smoke_bar tier=0 ...
  run cfg-805bf602 part=plate_hole tier=0 ...
  run cfg-805bf602 part=cantilever tier=0 ...
  run cfg-805bf602 part=cylinder tier=0 ...
  run cfg-805bf602 part=sphere tier=0 ...
  run cfg-805bf602 part=icecream_cone tier=0 ...
  run cfg-1c2e438c part=smoke_bar tier=0 ...
  run cfg-1c2e438c part=plate_hole tier=0 ...
  run cfg-1c2e438c part=cantilever tier=0 ...
  run cfg-1c2e438c part=cylinder tier=0 ...
  run cfg-1c2e438c part=sphere tier=0 ...
  run cfg-1c2e438c part=icecream_cone tier=0 ...
  run cfg-e3804a44 part=smoke_bar tier=0 ...
  run cfg-e3804a44 part=plate_hole tier=0 ...
  run cfg-e3804a44 part=cantilever tier=0 ...
  run cfg-e3804a44 part=cylinder tier=0 ...
  run cfg-e3804a44 part=sphere tier=0 ...
  run cfg-e3804a44 part=icecream_cone tier=0 ...
  run cfg-77d5d498 part=smoke_bar tier=0 ...
  run cfg-77d5d498 part=plate_hole tier=0 ...
  run cfg-77d5d498 part=cantilever tier=0 ...
  run cfg-77d5d498 part=cylinder tier=0 ...
  run cfg-77d5d498 part=sphere tier=0 ...
  run cfg-77d5d498 part=icecream_cone tier=0 ...
  run cfg-bb5d3077 part=smoke_bar tier=0 ...
  run cfg-bb5d3077 part=plate_hole tier=0 ...
  run cfg-bb5d3077 part=cantilever tier=0 ...
  run cfg-bb5d3077 part=cylinder tier=0 ...
  run cfg-bb5d3077 part=sphere tier=0 ...
  run cfg-bb5d3077 part=icecream_cone tier=0 ...
  run cfg-4abefc17 part=smoke_bar tier=0 ...
  run cfg-4abefc17 part=plate_hole tier=0 ...
  run cfg-4abefc17 part=cantilever tier=0 ...
  run cfg-4abefc17 part=cylinder tier=0 ...
  run cfg-4abefc17 part=sphere tier=0 ...
  run cfg-4abefc17 part=icecream_cone tier=0 ...
  run cfg-9cfc220b part=smoke_bar tier=0 ...
  run cfg-9cfc220b part=plate_hole tier=0 ...
  run cfg-9cfc220b part=cantilever tier=0 ...
  run cfg-9cfc220b part=cylinder tier=0 ...
  run cfg-9cfc220b part=sphere tier=0 ...
  run cfg-9cfc220b part=icecream_cone tier=0 ...
wrote bench/campaigns/advisor-batch-1-s5-hunter-pc/runs/cfg-069049ce/cantilever/t0/wire.png
wrote bench/campaigns/advisor-batch-1-s5-hunter-pc/runs/cfg-069049ce/cylinder/t0/wire.png
wrote bench/campaigns/advisor-batch-1-s5-hunter-pc/runs/cfg-069049ce/smoke_bar/t0/wire.png
wrote bench/campaigns/advisor-batch-1-s5-hunter-pc/runs/cfg-069049ce/sphere/t0/wire.png
wrote bench/campaigns/advisor-batch-1-s5-hunter-pc/runs/cfg-144abf7e/cantilever/t0/wire.png
wrote bench/campaigns/advisor-batch-1-s5-hunter-pc/runs/cfg-144abf7e/cylinder/t0/wire.png
wrote bench/campaigns/advisor-batch-1-s5-hunter-pc/runs/cfg-144abf7e/icecream_cone/t0/wire.png
wrote bench/campaigns/advisor-batch-1-s5-hunter-pc/runs/cfg-144abf7e/plate_hole/t0/wire.png
wrote bench/campaigns/advisor-batch-1-s5-hunter-pc/runs/cfg-144abf7e/smoke_bar/t0/wire.png
wrote bench/campaigns/advisor-batch-1-s5-hunter-pc/runs/cfg-144abf7e/sphere/t0/wire.png
wrote bench/campaigns/advisor-batch-1-s5-hunter-pc/runs/cfg-1c2e438c/cantilever/t0/wire.png
wrote bench/campaigns/advisor-batch-1-s5-hunter-pc/runs/cfg-1c2e438c/cylinder/t0/wire.png
wrote bench/campaigns/advisor-batch-1-s5-hunter-pc/runs/cfg-1c2e438c/icecream_cone/t0/wire.png
wrote bench/campaigns/advisor-batch-1-s5-hunter-pc/runs/cfg-1c2e438c/plate_hole/t0/wire.png
wrote bench/campaigns/advisor-batch-1-s5-hunter-pc/runs/cfg-1c2e438c/smoke_bar/t0/wire.png
wrote bench/campaigns/advisor-batch-1-s5-hunter-pc/runs/cfg-1c2e438c/sphere/t0/wire.png
wrote bench/campaigns/advisor-batch-1-s5-hunter-pc/runs/cfg-1ea6147d/cantilever/t0/wire.png
wrote bench/campaigns/advisor-batch-1-s5-hunter-pc/runs/cfg-1ea6147d/cylinder/t0/wire.png
wrote bench/campaigns/advisor-batch-1-s5-hunter-pc/runs/cfg-1ea6147d/plate_hole/t0/wire.png
wrote bench/campaigns/advisor-batch-1-s5-hunter-pc/runs/cfg-1ea6147d/smoke_bar/t0/wire.png
wrote bench/campaigns/advisor-batch-1-s5-hunter-pc/runs/cfg-1ea6147d/sphere/t0/wire.png
wrote bench/campaigns/advisor-batch-1-s5-hunter-pc/runs/cfg-232875d0/cantilever/t0/wire.png
wrote bench/campaigns/advisor-batch-1-s5-hunter-pc/runs/cfg-232875d0/cylinder/t0/wire.png
wrote bench/campaigns/advisor-batch-1-s5-hunter-pc/runs/cfg-232875d0/icecream_cone/t0/wire.png
wrote bench/campaigns/advisor-batch-1-s5-hunter-pc/runs/cfg-232875d0/smoke_bar/t0/wire.png
wrote bench/campaigns/advisor-batch-1-s5-hunter-pc/runs/cfg-232875d0/sphere/t0/wire.png
wrote bench/campaigns/advisor-batch-1-s5-hunter-pc/runs/cfg-2e7f3d05/cantilever/t0/wire.png
wrote bench/campaigns/advisor-batch-1-s5-hunter-pc/runs/cfg-2e7f3d05/cylinder/t0/wire.png
wrote bench/campaigns/advisor-batch-1-s5-hunter-pc/runs/cfg-2e7f3d05/icecream_cone/t0/wire.png
wrote bench/campaigns/advisor-batch-1-s5-hunter-pc/runs/cfg-2e7f3d05/plate_hole/t0/wire.png
wrote bench/campaigns/advisor-batch-1-s5-hunter-pc/runs/cfg-2e7f3d05/smoke_bar/t0/wire.png
wrote bench/campaigns/advisor-batch-1-s5-hunter-pc/runs/cfg-2e7f3d05/sphere/t0/wire.png
wrote bench/campaigns/advisor-batch-1-s5-hunter-pc/runs/cfg-327c12d2/cantilever/t0/wire.png
wrote bench/campaigns/advisor-batch-1-s5-hunter-pc/runs/cfg-327c12d2/cylinder/t0/wire.png
wrote bench/campaigns/advisor-batch-1-s5-hunter-pc/runs/cfg-327c12d2/icecream_cone/t0/wire.png
wrote bench/campaigns/advisor-batch-1-s5-hunter-pc/runs/cfg-327c12d2/plate_hole/t0/wire.png
wrote bench/campaigns/advisor-batch-1-s5-hunter-pc/runs/cfg-327c12d2/smoke_bar/t0/wire.png
wrote bench/campaigns/advisor-batch-1-s5-hunter-pc/runs/cfg-327c12d2/sphere/t0/wire.png
wrote bench/campaigns/advisor-batch-1-s5-hunter-pc/runs/cfg-35a29fd4/cantilever/t0/wire.png
wrote bench/campaigns/advisor-batch-1-s5-hunter-pc/runs/cfg-35a29fd4/cylinder/t0/wire.png
wrote bench/campaigns/advisor-batch-1-s5-hunter-pc/runs/cfg-35a29fd4/smoke_bar/t0/wire.png
wrote bench/campaigns/advisor-batch-1-s5-hunter-pc/runs/cfg-35a29fd4/sphere/t0/wire.png
wrote bench/campaigns/advisor-batch-1-s5-hunter-pc/runs/cfg-39fd557d/cantilever/t0/wire.png
wrote bench/campaigns/advisor-batch-1-s5-hunter-pc/runs/cfg-39fd557d/cylinder/t0/wire.png
wrote bench/campaigns/advisor-batch-1-s5-hunter-pc/runs/cfg-39fd557d/icecream_cone/t0/wire.png
wrote bench/campaigns/advisor-batch-1-s5-hunter-pc/runs/cfg-39fd557d/smoke_bar/t0/wire.png
wrote bench/campaigns/advisor-batch-1-s5-hunter-pc/runs/cfg-39fd557d/sphere/t0/wire.png
wrote bench/campaigns/advisor-batch-1-s5-hunter-pc/runs/cfg-3ee4a066/cantilever/t0/wire.png
wrote bench/campaigns/advisor-batch-1-s5-hunter-pc/runs/cfg-3ee4a066/cylinder/t0/wire.png
wrote bench/campaigns/advisor-batch-1-s5-hunter-pc/runs/cfg-3ee4a066/smoke_bar/t0/wire.png
wrote bench/campaigns/advisor-batch-1-s5-hunter-pc/runs/cfg-4abefc17/cantilever/t0/wire.png
wrote bench/campaigns/advisor-batch-1-s5-hunter-pc/runs/cfg-4abefc17/cylinder/t0/wire.png
wrote bench/campaigns/advisor-batch-1-s5-hunter-pc/runs/cfg-4abefc17/plate_hole/t0/wire.png
wrote bench/campaigns/advisor-batch-1-s5-hunter-pc/runs/cfg-4abefc17/smoke_bar/t0/wire.png
wrote bench/campaigns/advisor-batch-1-s5-hunter-pc/runs/cfg-4abefc17/sphere/t0/wire.png
wrote bench/campaigns/advisor-batch-1-s5-hunter-pc/runs/cfg-4be9fc41/cantilever/t0/wire.png
wrote bench/campaigns/advisor-batch-1-s5-hunter-pc/runs/cfg-4be9fc41/cylinder/t0/wire.png
wrote bench/campaigns/advisor-batch-1-s5-hunter-pc/runs/cfg-4be9fc41/smoke_bar/t0/wire.png
wrote bench/campaigns/advisor-batch-1-s5-hunter-pc/runs/cfg-4be9fc41/sphere/t0/wire.png
wrote bench/campaigns/advisor-batch-1-s5-hunter-pc/runs/cfg-51bec4d2/cantilever/t0/wire.png
wrote bench/campaigns/advisor-batch-1-s5-hunter-pc/runs/cfg-51bec4d2/cylinder/t0/wire.png
wrote bench/campaigns/advisor-batch-1-s5-hunter-pc/runs/cfg-51bec4d2/icecream_cone/t0/wire.png
wrote bench/campaigns/advisor-batch-1-s5-hunter-pc/runs/cfg-51bec4d2/plate_hole/t0/wire.png
wrote bench/campaigns/advisor-batch-1-s5-hunter-pc/runs/cfg-51bec4d2/smoke_bar/t0/wire.png
wrote bench/campaigns/advisor-batch-1-s5-hunter-pc/runs/cfg-51bec4d2/sphere/t0/wire.png
wrote bench/campaigns/advisor-batch-1-s5-hunter-pc/runs/cfg-587e9b79/cantilever/t0/wire.png
wrote bench/campaigns/advisor-batch-1-s5-hunter-pc/runs/cfg-587e9b79/cylinder/t0/wire.png
wrote bench/campaigns/advisor-batch-1-s5-hunter-pc/runs/cfg-587e9b79/icecream_cone/t0/wire.png
wrote bench/campaigns/advisor-batch-1-s5-hunter-pc/runs/cfg-587e9b79/plate_hole/t0/wire.png
wrote bench/campaigns/advisor-batch-1-s5-hunter-pc/runs/cfg-587e9b79/smoke_bar/t0/wire.png
wrote bench/campaigns/advisor-batch-1-s5-hunter-pc/runs/cfg-587e9b79/sphere/t0/wire.png
wrote bench/campaigns/advisor-batch-1-s5-hunter-pc/runs/cfg-6018417e/cantilever/t0/wire.png
wrote bench/campaigns/advisor-batch-1-s5-hunter-pc/runs/cfg-6018417e/cylinder/t0/wire.png
wrote bench/campaigns/advisor-batch-1-s5-hunter-pc/runs/cfg-6018417e/plate_hole/t0/wire.png
wrote bench/campaigns/advisor-batch-1-s5-hunter-pc/runs/cfg-6018417e/smoke_bar/t0/wire.png
wrote bench/campaigns/advisor-batch-1-s5-hunter-pc/runs/cfg-6018417e/sphere/t0/wire.png
wrote bench/campaigns/advisor-batch-1-s5-hunter-pc/runs/cfg-75c1199d/cantilever/t0/wire.png
wrote bench/campaigns/advisor-batch-1-s5-hunter-pc/runs/cfg-75c1199d/cylinder/t0/wire.png
wrote bench/campaigns/advisor-batch-1-s5-hunter-pc/runs/cfg-75c1199d/plate_hole/t0/wire.png
wrote bench/campaigns/advisor-batch-1-s5-hunter-pc/runs/cfg-75c1199d/smoke_bar/t0/wire.png
wrote bench/campaigns/advisor-batch-1-s5-hunter-pc/runs/cfg-75c1199d/sphere/t0/wire.png
wrote bench/campaigns/advisor-batch-1-s5-hunter-pc/runs/cfg-7722d6cd/cantilever/t0/wire.png
wrote bench/campaigns/advisor-batch-1-s5-hunter-pc/runs/cfg-7722d6cd/cylinder/t0/wire.png
wrote bench/campaigns/advisor-batch-1-s5-hunter-pc/runs/cfg-7722d6cd/smoke_bar/t0/wire.png
wrote bench/campaigns/advisor-batch-1-s5-hunter-pc/runs/cfg-7722d6cd/sphere/t0/wire.png
wrote bench/campaigns/advisor-batch-1-s5-hunter-pc/runs/cfg-77d5d498/cantilever/t0/wire.png
wrote bench/campaigns/advisor-batch-1-s5-hunter-pc/runs/cfg-77d5d498/cylinder/t0/wire.png
wrote bench/campaigns/advisor-batch-1-s5-hunter-pc/runs/cfg-77d5d498/smoke_bar/t0/wire.png
wrote bench/campaigns/advisor-batch-1-s5-hunter-pc/runs/cfg-780a06ff/cantilever/t0/wire.png
wrote bench/campaigns/advisor-batch-1-s5-hunter-pc/runs/cfg-780a06ff/cylinder/t0/wire.png
wrote bench/campaigns/advisor-batch-1-s5-hunter-pc/runs/cfg-780a06ff/smoke_bar/t0/wire.png
wrote bench/campaigns/advisor-batch-1-s5-hunter-pc/runs/cfg-7beff229/cantilever/t0/wire.png
wrote bench/campaigns/advisor-batch-1-s5-hunter-pc/runs/cfg-7beff229/cylinder/t0/wire.png
wrote bench/campaigns/advisor-batch-1-s5-hunter-pc/runs/cfg-7beff229/plate_hole/t0/wire.png
wrote bench/campaigns/advisor-batch-1-s5-hunter-pc/runs/cfg-7beff229/smoke_bar/t0/wire.png
wrote bench/campaigns/advisor-batch-1-s5-hunter-pc/runs/cfg-7beff229/sphere/t0/wire.png
wrote bench/campaigns/advisor-batch-1-s5-hunter-pc/runs/cfg-7c8ea4d1/cantilever/t0/wire.png
wrote bench/campaigns/advisor-batch-1-s5-hunter-pc/runs/cfg-7c8ea4d1/cylinder/t0/wire.png
wrote bench/campaigns/advisor-batch-1-s5-hunter-pc/runs/cfg-7c8ea4d1/plate_hole/t0/wire.png
wrote bench/campaigns/advisor-batch-1-s5-hunter-pc/runs/cfg-7c8ea4d1/smoke_bar/t0/wire.png
wrote bench/campaigns/advisor-batch-1-s5-hunter-pc/runs/cfg-7c8ea4d1/sphere/t0/wire.png
wrote bench/campaigns/advisor-batch-1-s5-hunter-pc/runs/cfg-7f85e9cd/cantilever/t0/wire.png
wrote bench/campaigns/advisor-batch-1-s5-hunter-pc/runs/cfg-7f85e9cd/cylinder/t0/wire.png
wrote bench/campaigns/advisor-batch-1-s5-hunter-pc/runs/cfg-7f85e9cd/smoke_bar/t0/wire.png
wrote bench/campaigns/advisor-batch-1-s5-hunter-pc/runs/cfg-805bf602/cantilever/t0/wire.png
wrote bench/campaigns/advisor-batch-1-s5-hunter-pc/runs/cfg-805bf602/cylinder/t0/wire.png
wrote bench/campaigns/advisor-batch-1-s5-hunter-pc/runs/cfg-805bf602/plate_hole/t0/wire.png
wrote bench/campaigns/advisor-batch-1-s5-hunter-pc/runs/cfg-805bf602/smoke_bar/t0/wire.png
wrote bench/campaigns/advisor-batch-1-s5-hunter-pc/runs/cfg-805bf602/sphere/t0/wire.png
wrote bench/campaigns/advisor-batch-1-s5-hunter-pc/runs/cfg-82b654a8/cantilever/t0/wire.png
wrote bench/campaigns/advisor-batch-1-s5-hunter-pc/runs/cfg-82b654a8/cylinder/t0/wire.png
wrote bench/campaigns/advisor-batch-1-s5-hunter-pc/runs/cfg-82b654a8/icecream_cone/t0/wire.png
wrote bench/campaigns/advisor-batch-1-s5-hunter-pc/runs/cfg-82b654a8/plate_hole/t0/wire.png
wrote bench/campaigns/advisor-batch-1-s5-hunter-pc/runs/cfg-82b654a8/smoke_bar/t0/wire.png
wrote bench/campaigns/advisor-batch-1-s5-hunter-pc/runs/cfg-82b654a8/sphere/t0/wire.png
wrote bench/campaigns/advisor-batch-1-s5-hunter-pc/runs/cfg-9cf657a9/cantilever/t0/wire.png
wrote bench/campaigns/advisor-batch-1-s5-hunter-pc/runs/cfg-9cf657a9/cylinder/t0/wire.png
wrote bench/campaigns/advisor-batch-1-s5-hunter-pc/runs/cfg-9cf657a9/plate_hole/t0/wire.png
wrote bench/campaigns/advisor-batch-1-s5-hunter-pc/runs/cfg-9cf657a9/smoke_bar/t0/wire.png
wrote bench/campaigns/advisor-batch-1-s5-hunter-pc/runs/cfg-9cf657a9/sphere/t0/wire.png
wrote bench/campaigns/advisor-batch-1-s5-hunter-pc/runs/cfg-9cfc220b/cantilever/t0/wire.png
wrote bench/campaigns/advisor-batch-1-s5-hunter-pc/runs/cfg-9cfc220b/cylinder/t0/wire.png
wrote bench/campaigns/advisor-batch-1-s5-hunter-pc/runs/cfg-9cfc220b/plate_hole/t0/wire.png
wrote bench/campaigns/advisor-batch-1-s5-hunter-pc/runs/cfg-9cfc220b/smoke_bar/t0/wire.png
wrote bench/campaigns/advisor-batch-1-s5-hunter-pc/runs/cfg-9cfc220b/sphere/t0/wire.png
wrote bench/campaigns/advisor-batch-1-s5-hunter-pc/runs/cfg-9e0d95a8/cantilever/t0/wire.png
wrote bench/campaigns/advisor-batch-1-s5-hunter-pc/runs/cfg-9e0d95a8/cylinder/t0/wire.png
wrote bench/campaigns/advisor-batch-1-s5-hunter-pc/runs/cfg-9e0d95a8/icecream_cone/t0/wire.png
wrote bench/campaigns/advisor-batch-1-s5-hunter-pc/runs/cfg-9e0d95a8/plate_hole/t0/wire.png
wrote bench/campaigns/advisor-batch-1-s5-hunter-pc/runs/cfg-9e0d95a8/smoke_bar/t0/wire.png
wrote bench/campaigns/advisor-batch-1-s5-hunter-pc/runs/cfg-9e0d95a8/sphere/t0/wire.png
wrote bench/campaigns/advisor-batch-1-s5-hunter-pc/runs/cfg-9f074c7e/cantilever/t0/wire.png
wrote bench/campaigns/advisor-batch-1-s5-hunter-pc/runs/cfg-9f074c7e/cylinder/t0/wire.png
wrote bench/campaigns/advisor-batch-1-s5-hunter-pc/runs/cfg-9f074c7e/plate_hole/t0/wire.png
wrote bench/campaigns/advisor-batch-1-s5-hunter-pc/runs/cfg-9f074c7e/smoke_bar/t0/wire.png
wrote bench/campaigns/advisor-batch-1-s5-hunter-pc/runs/cfg-9f074c7e/sphere/t0/wire.png
wrote bench/campaigns/advisor-batch-1-s5-hunter-pc/runs/cfg-a73b6cbe/cantilever/t0/wire.png
wrote bench/campaigns/advisor-batch-1-s5-hunter-pc/runs/cfg-a73b6cbe/cylinder/t0/wire.png
wrote bench/campaigns/advisor-batch-1-s5-hunter-pc/runs/cfg-a73b6cbe/smoke_bar/t0/wire.png
wrote bench/campaigns/advisor-batch-1-s5-hunter-pc/runs/cfg-aad27433/cantilever/t0/wire.png
wrote bench/campaigns/advisor-batch-1-s5-hunter-pc/runs/cfg-aad27433/cylinder/t0/wire.png
wrote bench/campaigns/advisor-batch-1-s5-hunter-pc/runs/cfg-aad27433/smoke_bar/t0/wire.png
wrote bench/campaigns/advisor-batch-1-s5-hunter-pc/runs/cfg-b774a0c8/cantilever/t0/wire.png
wrote bench/campaigns/advisor-batch-1-s5-hunter-pc/runs/cfg-b774a0c8/cylinder/t0/wire.png
wrote bench/campaigns/advisor-batch-1-s5-hunter-pc/runs/cfg-b774a0c8/icecream_cone/t0/wire.png
wrote bench/campaigns/advisor-batch-1-s5-hunter-pc/runs/cfg-b774a0c8/plate_hole/t0/wire.png
wrote bench/campaigns/advisor-batch-1-s5-hunter-pc/runs/cfg-b774a0c8/smoke_bar/t0/wire.png
wrote bench/campaigns/advisor-batch-1-s5-hunter-pc/runs/cfg-b774a0c8/sphere/t0/wire.png
wrote bench/campaigns/advisor-batch-1-s5-hunter-pc/runs/cfg-ba3fd679/cantilever/t0/wire.png
wrote bench/campaigns/advisor-batch-1-s5-hunter-pc/runs/cfg-ba3fd679/cylinder/t0/wire.png
wrote bench/campaigns/advisor-batch-1-s5-hunter-pc/runs/cfg-ba3fd679/icecream_cone/t0/wire.png
wrote bench/campaigns/advisor-batch-1-s5-hunter-pc/runs/cfg-ba3fd679/plate_hole/t0/wire.png
wrote bench/campaigns/advisor-batch-1-s5-hunter-pc/runs/cfg-ba3fd679/smoke_bar/t0/wire.png
wrote bench/campaigns/advisor-batch-1-s5-hunter-pc/runs/cfg-ba3fd679/sphere/t0/wire.png
wrote bench/campaigns/advisor-batch-1-s5-hunter-pc/runs/cfg-bb5d3077/cantilever/t0/wire.png
wrote bench/campaigns/advisor-batch-1-s5-hunter-pc/runs/cfg-bb5d3077/cylinder/t0/wire.png
wrote bench/campaigns/advisor-batch-1-s5-hunter-pc/runs/cfg-bb5d3077/smoke_bar/t0/wire.png
wrote bench/campaigns/advisor-batch-1-s5-hunter-pc/runs/cfg-bb5d3077/sphere/t0/wire.png
wrote bench/campaigns/advisor-batch-1-s5-hunter-pc/runs/cfg-c4d6504e/cantilever/t0/wire.png
wrote bench/campaigns/advisor-batch-1-s5-hunter-pc/runs/cfg-c4d6504e/cylinder/t0/wire.png
wrote bench/campaigns/advisor-batch-1-s5-hunter-pc/runs/cfg-c4d6504e/smoke_bar/t0/wire.png
wrote bench/campaigns/advisor-batch-1-s5-hunter-pc/runs/cfg-ca217858/cantilever/t0/wire.png
wrote bench/campaigns/advisor-batch-1-s5-hunter-pc/runs/cfg-ca217858/cylinder/t0/wire.png
wrote bench/campaigns/advisor-batch-1-s5-hunter-pc/runs/cfg-ca217858/plate_hole/t0/wire.png
wrote bench/campaigns/advisor-batch-1-s5-hunter-pc/runs/cfg-ca217858/smoke_bar/t0/wire.png
wrote bench/campaigns/advisor-batch-1-s5-hunter-pc/runs/cfg-ca217858/sphere/t0/wire.png
wrote bench/campaigns/advisor-batch-1-s5-hunter-pc/runs/cfg-cbac5fad/cantilever/t0/wire.png
wrote bench/campaigns/advisor-batch-1-s5-hunter-pc/runs/cfg-cbac5fad/cylinder/t0/wire.png
wrote bench/campaigns/advisor-batch-1-s5-hunter-pc/runs/cfg-cbac5fad/smoke_bar/t0/wire.png
wrote bench/campaigns/advisor-batch-1-s5-hunter-pc/runs/cfg-cbac5fad/sphere/t0/wire.png
wrote bench/campaigns/advisor-batch-1-s5-hunter-pc/runs/cfg-ccbe0205/cantilever/t0/wire.png
wrote bench/campaigns/advisor-batch-1-s5-hunter-pc/runs/cfg-ccbe0205/cylinder/t0/wire.png
wrote bench/campaigns/advisor-batch-1-s5-hunter-pc/runs/cfg-ccbe0205/icecream_cone/t0/wire.png
wrote bench/campaigns/advisor-batch-1-s5-hunter-pc/runs/cfg-ccbe0205/plate_hole/t0/wire.png
wrote bench/campaigns/advisor-batch-1-s5-hunter-pc/runs/cfg-ccbe0205/smoke_bar/t0/wire.png
wrote bench/campaigns/advisor-batch-1-s5-hunter-pc/runs/cfg-ccbe0205/sphere/t0/wire.png
wrote bench/campaigns/advisor-batch-1-s5-hunter-pc/runs/cfg-cd3d3942/cantilever/t0/wire.png
wrote bench/campaigns/advisor-batch-1-s5-hunter-pc/runs/cfg-cd3d3942/cylinder/t0/wire.png
wrote bench/campaigns/advisor-batch-1-s5-hunter-pc/runs/cfg-cd3d3942/smoke_bar/t0/wire.png
wrote bench/campaigns/advisor-batch-1-s5-hunter-pc/runs/cfg-cf777405/cantilever/t0/wire.png
wrote bench/campaigns/advisor-batch-1-s5-hunter-pc/runs/cfg-cf777405/cylinder/t0/wire.png
wrote bench/campaigns/advisor-batch-1-s5-hunter-pc/runs/cfg-cf777405/plate_hole/t0/wire.png
wrote bench/campaigns/advisor-batch-1-s5-hunter-pc/runs/cfg-cf777405/smoke_bar/t0/wire.png
wrote bench/campaigns/advisor-batch-1-s5-hunter-pc/runs/cfg-cf777405/sphere/t0/wire.png
wrote bench/campaigns/advisor-batch-1-s5-hunter-pc/runs/cfg-d121ac75/cantilever/t0/wire.png
wrote bench/campaigns/advisor-batch-1-s5-hunter-pc/runs/cfg-d121ac75/cylinder/t0/wire.png
wrote bench/campaigns/advisor-batch-1-s5-hunter-pc/runs/cfg-d121ac75/plate_hole/t0/wire.png
wrote bench/campaigns/advisor-batch-1-s5-hunter-pc/runs/cfg-d121ac75/smoke_bar/t0/wire.png
wrote bench/campaigns/advisor-batch-1-s5-hunter-pc/runs/cfg-d121ac75/sphere/t0/wire.png
wrote bench/campaigns/advisor-batch-1-s5-hunter-pc/runs/cfg-d12d2f4e/cantilever/t0/wire.png
wrote bench/campaigns/advisor-batch-1-s5-hunter-pc/runs/cfg-d12d2f4e/cylinder/t0/wire.png
wrote bench/campaigns/advisor-batch-1-s5-hunter-pc/runs/cfg-d12d2f4e/smoke_bar/t0/wire.png
wrote bench/campaigns/advisor-batch-1-s5-hunter-pc/runs/cfg-d12d2f4e/sphere/t0/wire.png
wrote bench/campaigns/advisor-batch-1-s5-hunter-pc/runs/cfg-d2cbe1c8/cantilever/t0/wire.png
wrote bench/campaigns/advisor-batch-1-s5-hunter-pc/runs/cfg-d2cbe1c8/cylinder/t0/wire.png
wrote bench/campaigns/advisor-batch-1-s5-hunter-pc/runs/cfg-d2cbe1c8/icecream_cone/t0/wire.png
wrote bench/campaigns/advisor-batch-1-s5-hunter-pc/runs/cfg-d2cbe1c8/plate_hole/t0/wire.png
wrote bench/campaigns/advisor-batch-1-s5-hunter-pc/runs/cfg-d2cbe1c8/smoke_bar/t0/wire.png
wrote bench/campaigns/advisor-batch-1-s5-hunter-pc/runs/cfg-d2cbe1c8/sphere/t0/wire.png
wrote bench/campaigns/advisor-batch-1-s5-hunter-pc/runs/cfg-e3804a44/cantilever/t0/wire.png
wrote bench/campaigns/advisor-batch-1-s5-hunter-pc/runs/cfg-e3804a44/cylinder/t0/wire.png
wrote bench/campaigns/advisor-batch-1-s5-hunter-pc/runs/cfg-e3804a44/icecream_cone/t0/wire.png
wrote bench/campaigns/advisor-batch-1-s5-hunter-pc/runs/cfg-e3804a44/plate_hole/t0/wire.png
wrote bench/campaigns/advisor-batch-1-s5-hunter-pc/runs/cfg-e3804a44/smoke_bar/t0/wire.png
wrote bench/campaigns/advisor-batch-1-s5-hunter-pc/runs/cfg-e3804a44/sphere/t0/wire.png
wrote bench/campaigns/advisor-batch-1-s5-hunter-pc/runs/cfg-e6ffa4b8/cantilever/t0/wire.png
wrote bench/campaigns/advisor-batch-1-s5-hunter-pc/runs/cfg-e6ffa4b8/cylinder/t0/wire.png
wrote bench/campaigns/advisor-batch-1-s5-hunter-pc/runs/cfg-e6ffa4b8/plate_hole/t0/wire.png
wrote bench/campaigns/advisor-batch-1-s5-hunter-pc/runs/cfg-e6ffa4b8/smoke_bar/t0/wire.png
wrote bench/campaigns/advisor-batch-1-s5-hunter-pc/runs/cfg-e6ffa4b8/sphere/t0/wire.png
wrote bench/campaigns/advisor-batch-1-s5-hunter-pc/runs/cfg-e815d595/cantilever/t0/wire.png
wrote bench/campaigns/advisor-batch-1-s5-hunter-pc/runs/cfg-e815d595/cylinder/t0/wire.png
wrote bench/campaigns/advisor-batch-1-s5-hunter-pc/runs/cfg-e815d595/plate_hole/t0/wire.png
wrote bench/campaigns/advisor-batch-1-s5-hunter-pc/runs/cfg-e815d595/smoke_bar/t0/wire.png
wrote bench/campaigns/advisor-batch-1-s5-hunter-pc/runs/cfg-e815d595/sphere/t0/wire.png
wrote bench/campaigns/advisor-batch-1-s5-hunter-pc/runs/cfg-ea7c28dd/cantilever/t0/wire.png
wrote bench/campaigns/advisor-batch-1-s5-hunter-pc/runs/cfg-ea7c28dd/cylinder/t0/wire.png
wrote bench/campaigns/advisor-batch-1-s5-hunter-pc/runs/cfg-ea7c28dd/smoke_bar/t0/wire.png
wrote bench/campaigns/advisor-batch-1-s5-hunter-pc/runs/cfg-f1f29836/cantilever/t0/wire.png
wrote bench/campaigns/advisor-batch-1-s5-hunter-pc/runs/cfg-f1f29836/cylinder/t0/wire.png
wrote bench/campaigns/advisor-batch-1-s5-hunter-pc/runs/cfg-f1f29836/plate_hole/t0/wire.png
wrote bench/campaigns/advisor-batch-1-s5-hunter-pc/runs/cfg-f1f29836/smoke_bar/t0/wire.png
wrote bench/campaigns/advisor-batch-1-s5-hunter-pc/runs/cfg-f1f29836/sphere/t0/wire.png
wrote bench/campaigns/advisor-batch-1-s5-hunter-pc/runs/cfg-f2a74691/cantilever/t0/wire.png
wrote bench/campaigns/advisor-batch-1-s5-hunter-pc/runs/cfg-f2a74691/cylinder/t0/wire.png
wrote bench/campaigns/advisor-batch-1-s5-hunter-pc/runs/cfg-f2a74691/smoke_bar/t0/wire.png
wrote bench/campaigns/advisor-batch-1-s5-hunter-pc/runs/cfg-f2a74691/sphere/t0/wire.png
warehouse_shots: 227 rendered, 0 skipped (exists), 0 failed (227 mesh.vtu total)
finished: 288 runs → /home/hunter/Desktop/Polyhedral-FEA/bench/campaigns/advisor-batch-1-s5-hunter-pc/results.jsonl
=== exit 0 after 945.9s
