
=== 2026-08-14T18:02:55Z OMP_NUM_THREADS=2 :: /home/liveuser/Polyhedral-FEA/build/apps/testlab/polymesh_testlab resume /home/liveuser/Polyhedral-FEA/bench/campaigns/advisor-batch-3-s2-livingroom-pc
campaign advisor-batch-3-s2-livingroom-pc: 16 configs, 6 parts, 1 tiers
  max_run_wall_s=180 (override all tiers)
  max_pack_wall_s=21600
tier 0: h_scale=1 keep_frac=1 survivors=4 max_run_wall_s=180
  run cfg-e04b39c3 part=plate_notch_s0_c0 tier=0 ...
  run cfg-e04b39c3 part=plate_notch_s0_c1 tier=0 ...
  run cfg-e04b39c3 part=plate_notch_s0_c2 tier=0 ...
  run cfg-e04b39c3 part=plate_notch_s2_c0 tier=0 ...
  run cfg-e04b39c3 part=plate_notch_s2_c1 tier=0 ...
  run cfg-e04b39c3 part=plate_notch_s2_c2 tier=0 ...
  run cfg-116b3958 part=plate_notch_s0_c0 tier=0 ...
  run cfg-116b3958 part=plate_notch_s0_c1 tier=0 ...
  run cfg-116b3958 part=plate_notch_s0_c2 tier=0 ...
  run cfg-116b3958 part=plate_notch_s2_c0 tier=0 ...
  run cfg-116b3958 part=plate_notch_s2_c1 tier=0 ...
  run cfg-116b3958 part=plate_notch_s2_c2 tier=0 ...
  run cfg-5ff72b2a part=plate_notch_s0_c0 tier=0 ...
  run cfg-5ff72b2a part=plate_notch_s0_c1 tier=0 ...
  run cfg-5ff72b2a part=plate_notch_s0_c2 tier=0 ...
  run cfg-5ff72b2a part=plate_notch_s2_c0 tier=0 ...
  run cfg-5ff72b2a part=plate_notch_s2_c1 tier=0 ...
  run cfg-5ff72b2a part=plate_notch_s2_c2 tier=0 ...
  run cfg-a1ad5ec9 part=plate_notch_s0_c0 tier=0 ...
  run cfg-a1ad5ec9 part=plate_notch_s0_c1 tier=0 ...
  run cfg-a1ad5ec9 part=plate_notch_s0_c2 tier=0 ...
  run cfg-a1ad5ec9 part=plate_notch_s2_c0 tier=0 ...
  run cfg-a1ad5ec9 part=plate_notch_s2_c1 tier=0 ...
  run cfg-a1ad5ec9 part=plate_notch_s2_c2 tier=0 ...
wrote bench/campaigns/advisor-batch-3-s2-livingroom-pc/runs/cfg-116b3958/plate_notch_s0_c0/t0/wire.png
wrote bench/campaigns/advisor-batch-3-s2-livingroom-pc/runs/cfg-116b3958/plate_notch_s0_c1/t0/wire.png
wrote bench/campaigns/advisor-batch-3-s2-livingroom-pc/runs/cfg-116b3958/plate_notch_s0_c2/t0/wire.png
wrote bench/campaigns/advisor-batch-3-s2-livingroom-pc/runs/cfg-116b3958/plate_notch_s2_c0/t0/wire.png
wrote bench/campaigns/advisor-batch-3-s2-livingroom-pc/runs/cfg-116b3958/plate_notch_s2_c1/t0/wire.png
wrote bench/campaigns/advisor-batch-3-s2-livingroom-pc/runs/cfg-116b3958/plate_notch_s2_c2/t0/wire.png
wrote bench/campaigns/advisor-batch-3-s2-livingroom-pc/runs/cfg-5ff72b2a/plate_notch_s0_c0/t0/wire.png
wrote bench/campaigns/advisor-batch-3-s2-livingroom-pc/runs/cfg-5ff72b2a/plate_notch_s0_c1/t0/wire.png
wrote bench/campaigns/advisor-batch-3-s2-livingroom-pc/runs/cfg-5ff72b2a/plate_notch_s0_c2/t0/wire.png
wrote bench/campaigns/advisor-batch-3-s2-livingroom-pc/runs/cfg-5ff72b2a/plate_notch_s2_c0/t0/wire.png
wrote bench/campaigns/advisor-batch-3-s2-livingroom-pc/runs/cfg-5ff72b2a/plate_notch_s2_c1/t0/wire.png
wrote bench/campaigns/advisor-batch-3-s2-livingroom-pc/runs/cfg-5ff72b2a/plate_notch_s2_c2/t0/wire.png
wrote bench/campaigns/advisor-batch-3-s2-livingroom-pc/runs/cfg-a1ad5ec9/plate_notch_s0_c0/t0/wire.png
wrote bench/campaigns/advisor-batch-3-s2-livingroom-pc/runs/cfg-a1ad5ec9/plate_notch_s0_c1/t0/wire.png
wrote bench/campaigns/advisor-batch-3-s2-livingroom-pc/runs/cfg-a1ad5ec9/plate_notch_s0_c2/t0/wire.png
wrote bench/campaigns/advisor-batch-3-s2-livingroom-pc/runs/cfg-a1ad5ec9/plate_notch_s2_c0/t0/wire.png
wrote bench/campaigns/advisor-batch-3-s2-livingroom-pc/runs/cfg-a1ad5ec9/plate_notch_s2_c1/t0/wire.png
wrote bench/campaigns/advisor-batch-3-s2-livingroom-pc/runs/cfg-a1ad5ec9/plate_notch_s2_c2/t0/wire.png
wrote bench/campaigns/advisor-batch-3-s2-livingroom-pc/runs/cfg-e04b39c3/plate_notch_s0_c0/t0/wire.png
wrote bench/campaigns/advisor-batch-3-s2-livingroom-pc/runs/cfg-e04b39c3/plate_notch_s0_c1/t0/wire.png
wrote bench/campaigns/advisor-batch-3-s2-livingroom-pc/runs/cfg-e04b39c3/plate_notch_s0_c2/t0/wire.png
wrote bench/campaigns/advisor-batch-3-s2-livingroom-pc/runs/cfg-e04b39c3/plate_notch_s2_c0/t0/wire.png
wrote bench/campaigns/advisor-batch-3-s2-livingroom-pc/runs/cfg-e04b39c3/plate_notch_s2_c1/t0/wire.png
wrote bench/campaigns/advisor-batch-3-s2-livingroom-pc/runs/cfg-e04b39c3/plate_notch_s2_c2/t0/wire.png
warehouse_shots: 24 rendered, 0 skipped (exists), 0 failed (24 mesh.vtu total)
finished: 24 runs → /home/liveuser/Polyhedral-FEA/bench/campaigns/advisor-batch-3-s2-livingroom-pc/results.jsonl
=== exit 0 after 111.9s

=== 2026-08-14T18:04:54Z OMP_NUM_THREADS=2 :: /home/liveuser/Polyhedral-FEA/build/apps/testlab/polymesh_testlab resume /home/liveuser/Polyhedral-FEA/bench/campaigns/advisor-batch-3-s2-livingroom-pc
campaign advisor-batch-3-s2-livingroom-pc: 16 configs, 6 parts, 1 tiers
  max_run_wall_s=180 (override all tiers)
  max_pack_wall_s=21600
tier 0: h_scale=1 keep_frac=1 survivors=1 max_run_wall_s=180
  run cfg-1ab25f2b part=plate_notch_s0_c0 tier=0 ...
  run cfg-1ab25f2b part=plate_notch_s0_c1 tier=0 ...
  run cfg-1ab25f2b part=plate_notch_s0_c2 tier=0 ...
  run cfg-1ab25f2b part=plate_notch_s2_c0 tier=0 ...
  run cfg-1ab25f2b part=plate_notch_s2_c1 tier=0 ...
  run cfg-1ab25f2b part=plate_notch_s2_c2 tier=0 ...
wrote bench/campaigns/advisor-batch-3-s2-livingroom-pc/runs/cfg-1ab25f2b/plate_notch_s0_c0/t0/wire.png
wrote bench/campaigns/advisor-batch-3-s2-livingroom-pc/runs/cfg-1ab25f2b/plate_notch_s0_c1/t0/wire.png
wrote bench/campaigns/advisor-batch-3-s2-livingroom-pc/runs/cfg-1ab25f2b/plate_notch_s0_c2/t0/wire.png
wrote bench/campaigns/advisor-batch-3-s2-livingroom-pc/runs/cfg-1ab25f2b/plate_notch_s2_c0/t0/wire.png
wrote bench/campaigns/advisor-batch-3-s2-livingroom-pc/runs/cfg-1ab25f2b/plate_notch_s2_c1/t0/wire.png
wrote bench/campaigns/advisor-batch-3-s2-livingroom-pc/runs/cfg-1ab25f2b/plate_notch_s2_c2/t0/wire.png
warehouse_shots: 6 rendered, 24 skipped (exists), 0 failed (30 mesh.vtu total)
finished: 6 runs → /home/liveuser/Polyhedral-FEA/bench/campaigns/advisor-batch-3-s2-livingroom-pc/results.jsonl
=== exit 0 after 72.9s

=== 2026-08-14T18:47:35Z OMP_NUM_THREADS=2 :: /home/liveuser/Polyhedral-FEA/build/apps/testlab/polymesh_testlab resume /home/liveuser/Polyhedral-FEA/bench/campaigns/advisor-batch-3-s2-livingroom-pc
campaign advisor-batch-3-s2-livingroom-pc: 16 configs, 6 parts, 1 tiers
  max_run_wall_s=180 (override all tiers)
  max_pack_wall_s=21600
tier 0: h_scale=1 keep_frac=1 survivors=4 max_run_wall_s=180
  run cfg-e04b39c3 part=sphere_box_s0_c0 tier=0 ...
  run cfg-e04b39c3 part=sphere_box_s0_c1 tier=0 ...
  run cfg-e04b39c3 part=sphere_box_s0_c2 tier=0 ...
  run cfg-e04b39c3 part=sphere_box_s2_c0 tier=0 ...
  run cfg-e04b39c3 part=sphere_box_s2_c1 tier=0 ...
  run cfg-e04b39c3 part=sphere_box_s2_c2 tier=0 ...
  run cfg-116b3958 part=sphere_box_s0_c0 tier=0 ...
  run cfg-116b3958 part=sphere_box_s0_c1 tier=0 ...
  run cfg-116b3958 part=sphere_box_s0_c2 tier=0 ...
  run cfg-116b3958 part=sphere_box_s2_c0 tier=0 ...
  run cfg-116b3958 part=sphere_box_s2_c1 tier=0 ...
  run cfg-116b3958 part=sphere_box_s2_c2 tier=0 ...
  run cfg-5ff72b2a part=sphere_box_s0_c0 tier=0 ...
  run cfg-5ff72b2a part=sphere_box_s0_c1 tier=0 ...
  run cfg-5ff72b2a part=sphere_box_s0_c2 tier=0 ...
  run cfg-5ff72b2a part=sphere_box_s2_c0 tier=0 ...
  run cfg-5ff72b2a part=sphere_box_s2_c1 tier=0 ...
  run cfg-5ff72b2a part=sphere_box_s2_c2 tier=0 ...
  run cfg-a1ad5ec9 part=sphere_box_s0_c0 tier=0 ...
  run cfg-a1ad5ec9 part=sphere_box_s0_c1 tier=0 ...
  run cfg-a1ad5ec9 part=sphere_box_s0_c2 tier=0 ...
  run cfg-a1ad5ec9 part=sphere_box_s2_c0 tier=0 ...
  run cfg-a1ad5ec9 part=sphere_box_s2_c1 tier=0 ...
  run cfg-a1ad5ec9 part=sphere_box_s2_c2 tier=0 ...
wrote bench/campaigns/advisor-batch-3-s2-livingroom-pc/runs/cfg-116b3958/sphere_box_s0_c0/t0/wire.png
wrote bench/campaigns/advisor-batch-3-s2-livingroom-pc/runs/cfg-116b3958/sphere_box_s0_c1/t0/wire.png
wrote bench/campaigns/advisor-batch-3-s2-livingroom-pc/runs/cfg-116b3958/sphere_box_s0_c2/t0/wire.png
wrote bench/campaigns/advisor-batch-3-s2-livingroom-pc/runs/cfg-116b3958/sphere_box_s2_c0/t0/wire.png
wrote bench/campaigns/advisor-batch-3-s2-livingroom-pc/runs/cfg-116b3958/sphere_box_s2_c1/t0/wire.png
wrote bench/campaigns/advisor-batch-3-s2-livingroom-pc/runs/cfg-116b3958/sphere_box_s2_c2/t0/wire.png
wrote bench/campaigns/advisor-batch-3-s2-livingroom-pc/runs/cfg-5ff72b2a/sphere_box_s0_c0/t0/wire.png
wrote bench/campaigns/advisor-batch-3-s2-livingroom-pc/runs/cfg-5ff72b2a/sphere_box_s0_c1/t0/wire.png
wrote bench/campaigns/advisor-batch-3-s2-livingroom-pc/runs/cfg-5ff72b2a/sphere_box_s0_c2/t0/wire.png
wrote bench/campaigns/advisor-batch-3-s2-livingroom-pc/runs/cfg-5ff72b2a/sphere_box_s2_c0/t0/wire.png
wrote bench/campaigns/advisor-batch-3-s2-livingroom-pc/runs/cfg-5ff72b2a/sphere_box_s2_c1/t0/wire.png
wrote bench/campaigns/advisor-batch-3-s2-livingroom-pc/runs/cfg-5ff72b2a/sphere_box_s2_c2/t0/wire.png
wrote bench/campaigns/advisor-batch-3-s2-livingroom-pc/runs/cfg-a1ad5ec9/sphere_box_s0_c0/t0/wire.png
wrote bench/campaigns/advisor-batch-3-s2-livingroom-pc/runs/cfg-a1ad5ec9/sphere_box_s0_c1/t0/wire.png
wrote bench/campaigns/advisor-batch-3-s2-livingroom-pc/runs/cfg-a1ad5ec9/sphere_box_s0_c2/t0/wire.png
wrote bench/campaigns/advisor-batch-3-s2-livingroom-pc/runs/cfg-a1ad5ec9/sphere_box_s2_c0/t0/wire.png
wrote bench/campaigns/advisor-batch-3-s2-livingroom-pc/runs/cfg-a1ad5ec9/sphere_box_s2_c1/t0/wire.png
wrote bench/campaigns/advisor-batch-3-s2-livingroom-pc/runs/cfg-a1ad5ec9/sphere_box_s2_c2/t0/wire.png
wrote bench/campaigns/advisor-batch-3-s2-livingroom-pc/runs/cfg-e04b39c3/sphere_box_s0_c0/t0/wire.png
wrote bench/campaigns/advisor-batch-3-s2-livingroom-pc/runs/cfg-e04b39c3/sphere_box_s0_c1/t0/wire.png
wrote bench/campaigns/advisor-batch-3-s2-livingroom-pc/runs/cfg-e04b39c3/sphere_box_s0_c2/t0/wire.png
wrote bench/campaigns/advisor-batch-3-s2-livingroom-pc/runs/cfg-e04b39c3/sphere_box_s2_c0/t0/wire.png
wrote bench/campaigns/advisor-batch-3-s2-livingroom-pc/runs/cfg-e04b39c3/sphere_box_s2_c1/t0/wire.png
wrote bench/campaigns/advisor-batch-3-s2-livingroom-pc/runs/cfg-e04b39c3/sphere_box_s2_c2/t0/wire.png
warehouse_shots: 24 rendered, 30 skipped (exists), 0 failed (54 mesh.vtu total)
finished: 24 runs → /home/liveuser/Polyhedral-FEA/bench/campaigns/advisor-batch-3-s2-livingroom-pc/results.jsonl
=== exit 0 after 634.7s

=== 2026-08-14T19:31:12Z OMP_NUM_THREADS=2 :: /home/liveuser/Polyhedral-FEA/build/apps/testlab/polymesh_testlab resume /home/liveuser/Polyhedral-FEA/bench/campaigns/advisor-batch-3-s2-livingroom-pc
campaign advisor-batch-3-s2-livingroom-pc: 16 configs, 6 parts, 1 tiers
  max_run_wall_s=180 (override all tiers)
  max_pack_wall_s=21600
tier 0: h_scale=1 keep_frac=1 survivors=4 max_run_wall_s=180
  run cfg-e04b39c3 part=stepped_shaft_s0_c0 tier=0 ...
  run cfg-e04b39c3 part=stepped_shaft_s0_c1 tier=0 ...
  run cfg-e04b39c3 part=stepped_shaft_s0_c2 tier=0 ...
  run cfg-e04b39c3 part=stepped_shaft_s2_c0 tier=0 ...
  run cfg-e04b39c3 part=stepped_shaft_s2_c1 tier=0 ...
  run cfg-e04b39c3 part=stepped_shaft_s2_c2 tier=0 ...
  run cfg-116b3958 part=stepped_shaft_s0_c0 tier=0 ...
  run cfg-116b3958 part=stepped_shaft_s0_c1 tier=0 ...
  run cfg-116b3958 part=stepped_shaft_s0_c2 tier=0 ...
  run cfg-116b3958 part=stepped_shaft_s2_c0 tier=0 ...
  run cfg-116b3958 part=stepped_shaft_s2_c1 tier=0 ...
  run cfg-116b3958 part=stepped_shaft_s2_c2 tier=0 ...
  run cfg-5ff72b2a part=stepped_shaft_s0_c0 tier=0 ...
  run cfg-5ff72b2a part=stepped_shaft_s0_c1 tier=0 ...
  run cfg-5ff72b2a part=stepped_shaft_s0_c2 tier=0 ...
  run cfg-5ff72b2a part=stepped_shaft_s2_c0 tier=0 ...
  run cfg-5ff72b2a part=stepped_shaft_s2_c1 tier=0 ...
  run cfg-5ff72b2a part=stepped_shaft_s2_c2 tier=0 ...
  run cfg-a1ad5ec9 part=stepped_shaft_s0_c0 tier=0 ...
  run cfg-a1ad5ec9 part=stepped_shaft_s0_c1 tier=0 ...
  run cfg-a1ad5ec9 part=stepped_shaft_s0_c2 tier=0 ...
  run cfg-a1ad5ec9 part=stepped_shaft_s2_c0 tier=0 ...
  run cfg-a1ad5ec9 part=stepped_shaft_s2_c1 tier=0 ...
  run cfg-a1ad5ec9 part=stepped_shaft_s2_c2 tier=0 ...
warehouse_shots: 0 rendered, 54 skipped (exists), 0 failed (54 mesh.vtu total)
finished: 24 runs → /home/liveuser/Polyhedral-FEA/bench/campaigns/advisor-batch-3-s2-livingroom-pc/results.jsonl
=== exit 0 after 3.6s
